FUZZ_INPUT @ 0x20000064
main address = 0x3498
Breakpoint address = 0x35b6
[2025-12-22T11:47:42Z INFO  libafl::events::launcher] spawning on cores: Cores { cmdline: "1", ids: [CoreId(1)] }
[2025-12-22T11:47:42Z INFO  libafl::events::launcher] child spawned with id 1 and bound to core CoreId(1)
[2025-12-22T11:47:42Z INFO  libafl::events::launcher] I am broker!!.
[2025-12-22T11:47:42Z INFO  libafl_bolts::llmp] Successfully setup signal handlers
[2025-12-22T11:47:42Z INFO  libafl::events::launcher] 1489103 PostFork
[2025-12-22T11:47:42Z INFO  libafl_bolts::llmp] Connected to port 1337
[2025-12-22T11:47:42Z INFO  libafl_bolts::llmp] New connection: 127.0.0.1:38752/127.0.0.1:38752
[2025-12-22T11:47:42Z INFO  libafl::events::llmp::restarting] Setting core affinity to CoreId(1)
[2025-12-22T11:47:42Z INFO  libafl::events::llmp::restarting] Spawning next client (id 0)
[2025-12-22T11:47:42Z INFO  libafl::events::llmp::restarting] First run. Let's set it all up
qemu_baremetal: warning: nic lan9118.0 has no peer
Devices = ["timer", "cpu_common", "cpu", "armv7m_nvic", "armv7m_systick", "armv7m", "or-irq", "cmsdk-apb-uart", "cmsdk-apb-uart", "cmsdk-apb-uart", "cmsdk-apb-uart", "cmsdk-apb-uart", "cmsdk-apb-timer", "cmsdk-apb-timer", "cmsdk-apb-dualtimer", "cmsdk-apb-watchdog", "led", "led", "led", "led", "led", "led", "led", "led", "mps2-scc", "led", "led", "mps2-fpgaio", "pl022_ssp", "or-irq", "pl022_ssp", "pl022_ssp", "or-irq", "pl022_ssp", "pl022_ssp", "i2c_bus", "i2c_bus", "i2c_bus", "i2c_bus", "lan9118-phy", "lan9118"]
qemu_baremetal: warning: icount sleep disabled and no active timers
[2025-12-22T11:47:43Z INFO  libafl_qemu::command::lqemu] Fuzzing starts @ PC 3498
[2025-12-22T11:47:43Z INFO  libafl::state] Loading file /home/zwz/Libafl/fuzzers/full_system/qemu_baremetal/corpus/golden_seed ...
Hello from FreeRTOS fuzz demo!
[TEST_CASE_COMPLETED]
[UserStats   #1]  (GLOBAL) run time: 0s, clients: 1, corpus: 0, objectives: 0, executions: 1, exec/sec: 0.000, edges: 100.000%
                  (CLIENT) corpus: 0, objectives: 0, executions: 1, exec/sec: 0.000, edges: 337/337 (100%)
[Testcase    #1]  (GLOBAL) run time: 0s, clients: 1, corpus: 1, objectives: 0, executions: 1, exec/sec: 0.000, edges: 100.000%
                  (CLIENT) corpus: 1, objectives: 0, executions: 1, exec/sec: 0.000, edges: 337/337 (100%)
We imported 1 inputs from disk.
Hello from FreeRTOS fuzz demo!
[TEST_CASE_COMPLETED]
Hello from FreeRTOS fuzz demo!
[UserStats   #1]  (GLOBAL) run time: 0s, clients: 1, corpus: 1, objectives: 0, executions: 2, exec/sec: 0.000, edges: 100.000%
                  (CLIENT) corpus: 1, objectives: 0, executions: 2, exec/sec: 0.000, edges: 339/339 (100%)
[TEST_CASE_COMPLETED]
[Testcase    #1]  (GLOBAL) run time: 0s, clients: 1, corpus: 2, objectives: 0, executions: 2, exec/sec: 0.000, edges: 100.000%
                  (CLIENT) corpus: 2, objectives: 0, executions: 2, exec/sec: 0.000, edges: 339/339 (100%)
Hello from FreeRTOS fuzz demo!
[TEST_CASE_COMPLETED]
Hello from FreeRTOS fuzz demo!
[TEST_CASE_COMPLETED]
Hello from FreeRTOS fuzz demo!
[TEST_CASE_COMPLETED]
Hello from FreeRTOS fuzz demo!
[TEST_CASE_COMPLETED]
[UserStats   #1]  (GLOBAL) run time: 0s, clients: 1, corpus: 2, objectives: 0, executions: 4, exec/sec: 0.000, edges: 100.000%
                  (CLIENT) corpus: 2, objectives: 0, executions: 4, exec/sec: 0.000, edges: 339/339 (100%)
[Testcase    #1]  (GLOBAL) run time: 0s, clients: 1, corpus: 3, objectives: 0, executions: 4, exec/sec: 0.000, edges: 100.000%
                  (CLIENT) corpus: 3, objectives: 0, executions: 4, exec/sec: 0.000, edges: 339/339 (100%)
Hello from FreeR[UserStats   #1]  (GLOBAL) run time: 0s, clients: 1, corpus: 3, objectives: 0, executions: 6, exec/sec: 0.000, edges: 100.000%
TOS                  (CLIENT) corpus: 3, objectives: 0, executions: 6, exec/sec: 0.000, edges: 339/339 (100%)
 fuzz demo!
[TEST_CASE_COMPLETED]
[Testcase    #1]  (GLOBAL) run time: 0s, clients: 1, corpus: 4, objectives: 0, executions: 6, exec/sec: 0.000, edges: 100.000%
                  (CLIENT) corpus: 4, objectives: 0, executions: 6, exec/sec: 0.000, edges: 339/339 (100%)
[UserStats   #1]  (GLOBAL) run time: 0s, clients: 1, corpus: 4, objectives: 0, executions: 7, exec/sec: 0.000, edges: 100.000%
                  (CLIENT) corpus: 4, objectives: 0, executions: 7, exec/sec: 0.000, edges: 339/339 (100%)
[Testcase    #1]  (GLOBAL) run time: 0s, clients: 1, corpus: 5, objectives: 0, executions: 7, exec/sec: 0.000, edges: 100.000%
                  (CLIENT) corpus: 5, objectives: 0, executions: 7, exec/sec: 0.000, edges: 339/339 (100%)
Hello from FreeRTOS fuzz demo!
[TEST_CASE_COMPLETED]
Hello from FreeRTOS fuzz demo!
[TEST_CASE_COMPLETED]
Hello from FreeRTOS fuzz demo!
[TEST_CASE_COMPLETED]
Hello from FreeRTOS fuzz demo!
[TEST_CASE_COMPLETED]
Hello from FreeRTOS fuzz demo!
[TEST_CASE_COMPLETED]
Hello from FreeRTOS fuzz demo!
[TEST_CASE_COMPLETED]
Hello from FreeRTOS fuzz demo!
[TEST_CASE_COMPLETED]
Hello from FreeRTOS fuzz demo!
[TEST_CASE_COMPLETED]
Hello from FreeRTOS fuzz demo!
[TEST_CASE_COMPLETED]
Hello from FreeRTOS fuzz demo!
[TEST_CASE_COMPLETED]
Hello from FreeRTOS fuzz demo!
[TEST_CASE_COMPLETED]
Hello from FreeRTOS fuzz demo!
[TEST_CASE_COMPLETED]
Hello from FreeRTOS fuzz demo!
[TEST_CASE_COMPLETED]
Hello from FreeRTOS fuzz demo!
[TEST_CASE_COMPLETED]
Hello from FreeRTOS fuzz demo!
[TEST_CASE_COMPLETED]
[UserStats   #1]  (GLOBAL) run time: 0s, clients: 1, corpus: 5, objectives: 0, executions: 19, exec/sec: 0.000, edges: 100.000%
                  (CLIENT) corpus: 5, objectives: 0, executions: 19, exec/sec: 0.000, edges: 339/339 (100%)
[Testcase    #1]  (GLOBAL) run time: 0s, clients: 1, corpus: 6, objectives: 0, executions: 19, exec/sec: 0.000, edges: 100.000%
                  (CLIENT) corpus: 6, objectives: 0, executions: 19, exec/sec: 0.000, edges: 339/339 (100%)
[UserStats   #1]  (GLOBAL) run time: 0s, clients: 1, corpus: 6, objectives: 0, executions: 20, exec/sec: 0.000, edges: 100.000%
                  (CLIENT) corpus: 6, objectives: 0, executions: 20, exec/sec: 0.000, edges: 339/339 (100%)
Hello from FreeRTOS fuzz demo!
[TEST_CASE_[Testcase    #1]  (GLOBAL) run time: 0s, clients: 1, corpus: 7, objectives: 0, executions: 20, exec/sec: 0.000, edges: 100.000%
CO                  (CLIENT) corpus: 7, objectives: 0, executions: 20, exec/sec: 0.000, edges: 339/339 (100%)
MPLETED]
[UserStats   #1]  (GLOBAL) run time: 0s, clients: 1, corpus: 7, objectives: 0, executions: 21, exec/sec: 0.000, edges: 100.000%
                  (CLIENT) corpus: 7, objectives: 0, executions: 21, exec/sec: 0.000, edges: 339/339 (100%)
[Testcase    #1]  (GLOBAL) run time: 0s, clients: 1, corpus: 8, objectives: 0, executions: 21, exec/sec: 0.000, edges: 100.000%
                  (CLIENT) corpus: 8, objectives: 0, executions: 21, exec/sec: 0.000, edges: 339/339 (100%)
Hello from FreeRTOS fuzz demo!
[TEST_CASE_COMPLETED]
Hello from FreeRTOS fuzz demo!
[TEST_CASE_COMPLETED]
Hello from FreeRTOS fuzz demo!
[TEST_CASE_COMPLETED]
Hello from FreeRTOS fuzz demo!
[TEST_CASE_COMPLETED]
Hello from FreeRTOS fuzz demo!
[TEST_CASE_COMPLETED]
Hello from FreeRTOS fuzz demo!
[TEST_CASE_COMPLETED]
Hello from FreeRTOS fuzz demo!
[TEST_CASE_COMPLETED]
Hello from FreeRTOS fuzz demo!
[TEST_CASE_COMPLETED]
Hello from FreeRTOS fuzz demo!
[TEST_CASE_COMPLETED]
Hello from FreeRTOS fuzz demo!
[TEST_CASE_COMPLETED]
Hello from FreeRTOS fuzz demo!
[TEST_CASE_COMPLETED]
Hello from FreeRTOS fuzz demo!
[TEST_CASE_COMPLETED]
Hello from FreeRTOS fuzz demo!
[TEST_CASE_COMPLETED]
Hello from FreeRTOS fuzz demo!
[TEST_CASE_COMPLETED]
Hello from FreeRTOS fuzz demo!
[TEST_CASE_COMPLETED]
Hello from FreeRTOS fuzz demo!
[TEST_CASE_COMPLETED]
Hello from FreeRTOS fuzz demo!
[TEST_CASE_COMPLETED]
Hello from FreeRTOS fuzz demo!
[TEST_CASE_COMPLETED]
Hello from FreeRTOS fuzz demo!
[TEST_CASE_COMPLE[UserStats   #1]  (GLOBAL) run time: 0s, clients: 1, corpus: 8, objectives: 0, executions: 40, exec/sec: 0.000, edges: 100.000%
TED                  (CLIENT) corpus: 8, objectives: 0, executions: 40, exec/sec: 0.000, edges: 339/339 (100%)
]
[Testcase    #1]  (GLOBAL) run time: 0s, clients: 1, corpus: 9, objectives: 0, executions: 40, exec/sec: 0.000, edges: 100.000%
                  (CLIENT) corpus: 9, objectives: 0, executions: 40, exec/sec: 0.000, edges: 339/339 (100%)
Hello from FreeRTOS fuzz demo!
[TEST_CASE_COMPLETED]
Hello from FreeRTOS fuzz demo!
[TEST_CASE_COMPLETED]
Hello from FreeRTOS fuzz demo!
[TEST_CASE_COMPLETED]
Hello from FreeRTOS fuzz demo!
[TEST_CASE_COMPLETED]
Hello from FreeRTOS fuzz demo!
[TEST_CASE_COMPLETED]
Hello from FreeRTOS fuzz demo!
[TEST_CASE_COMPLETED]
Hello from FreeRTOS fuzz demo!
[TEST_CASE_COMPLETED]
Hello from FreeRTOS fuzz demo!
[TEST_CASE_COMPLETED]
Hello from FreeRTOS fuzz demo!
[TEST_CASE_COMPLETED]
Hello from FreeRTOS fuzz demo!
[TEST_CASE_COMPLETED]
Hello from FreeRTOS fuzz demo!
[TEST_CASE_COMPLETED]
Hello from FreeRTOS fuzz demo!
[TEST_CASE_COMPLETED]
[UserStats   #1]  (GLOBAL) run time: 0s, clients: 1, corpus: 9, objectives: 0, executions: 50, exec/sec: 0.000, edges: 100.000%
                  (CLIENT) corpus: 9, objectives: 0, executions: 50, exec/sec: 0.000, edges: 340/340 (100%)
[Testcase    #1]  (GLOBAL) run time: 0s, clients: 1, corpus: 10, objectives: 0, executions: 50, exec/sec: 0.000, edges: 100.000%
                  (CLIENT) corpus: 10, objectives: 0, executions: 50, exec/sec: 0.000, edges: 340/340 (100%)
Hello from FreeRTOS fuzz demo!
[TEST_CASE_COMPLETED]
Hello from FreeRTOS fuzz demo!
[TEST_CASE_COMPLETED]
Hello from FreeRTOS fuzz demo!
[TEST_CASE_COMPLETED]
Hello from FreeRTOS fuzz demo!
[TEST_CASE_COMPLETED]
Hello from FreeRTOS fuzz demo!
[TEST_CASE_COMPLETED]
Hello from FreeRTOS fuzz demo!
[TEST_CASE_COMPLETED]
Hello from FreeRTOS fuzz demo!
[TEST_CASE_COMPLETED]
Hello from FreeRTOS fuzz demo!
[TEST_CASE_COMPLETED]
Hello from FreeRTOS fuzz demo!
[TEST_CASE_COMPLETED]
Hello from FreeRTOS fuzz demo!
[TEST_CASE_COMPLETED]
Hello from FreeRTOS fuzz demo!
[TEST_CASE_COMPLETED]
Hello from FreeRTOS fuzz demo!
[TEST_CASE_COMPLETED]
Hello from FreeRTOS fuzz demo!
[TEST_CASE_COMPLETED]
Hello from FreeRTOS fuzz demo!
[TEST_CASE_COMPLETED]
[UserStats   #1]  (GLOBAL) run time: 0s, clients: 1, corpus: 10, objectives: 0, executions: 67, exec/sec: 0.000, edges: 100.000%
                  (CLIENT) corpus: 10, objectives: 0, executions: 67, exec/sec: 0.000, edges: 340/340 (100%)
Hello from FreeRTOS fuzz demo!
[TEST_CASE_COMPLETED]
[Testcase    #1]  (GLOBAL) run time: 0s, clients: 1, corpus: 11, objectives: 0, executions: 67, exec/sec: 0.000, edges: 100.000%
                  (CLIENT) corpus: 11, objectives: 0, executions: 67, exec/sec: 0.000, edges: 340/340 (100%)
Hello from FreeRTOS fuzz demo!
[TEST_CASE_COMPLETED]
Hello from FreeRTOS fuzz demo!
[TEST_CASE_COMPLETED]
Hello from FreeRTOS fuzz demo!
[TEST_CASE_COMPLETED]
Hello from FreeRTOS fuzz demo!
[TEST_CASE_COMPLETED]
Hello from FreeRTOS fuzz demo!
[TEST_CASE_COMPLETED]
Hello from FreeRTOS fuzz demo!
[TEST_CASE_COMPLETED]
Hello from FreeRTOS fuzz demo!
[TEST_CASE_COMPLETED]
Hello from FreeRTOS fuzz demo!
[TEST_CASE_COMPLETED]
Hello from FreeRTOS fuzz demo!
[TEST_CASE_COMPLETED]
Hello from FreeRTOS fuzz demo!
[TEST_CASE_COMPLETED]
Hello from FreeRTOS fuzz demo!
[TEST_CASE_COMPLETED]
Hello from FreeRTOS fuzz demo!
[TEST_CASE_COMPLETED]
Hello from FreeRTOS fuzz demo!
[TEST_CASE_COMPLETED]
Hello from FreeRTOS fuzz demo!
[TEST_CASE_COMPLETED]
Hello from FreeRTOS fuzz demo!
[TEST_CASE_COMPLETED]
Hello from FreeRTOS fuzz demo!
[TEST_CASE_COMPLETED]
Hello from FreeRTOS fuzz demo!
[TEST_CASE_COMPLETED]
Hello from FreeRTOS fuzz demo!
[TEST_CASE_COMPLETED]
Hello from FreeRTOS fuzz demo!
[TEST_CASE_COMPLETED]
Hello from FreeRTOS fuzz demo!
[TEST_CASE_COMPLETED]
Hello from FreeRTOS fuzz demo!
[TEST_CASE_COMPLETED]
Hello from FreeRTOS fuzz demo!
[TEST_CASE_COMPLETED]
Hello from FreeRTOS fuzz demo!
[TEST_CASE_COMPLETED]
Hello from FreeRTOS fuzz demo!
[TEST_CASE_COMPLETED]
Hello from FreeRTOS fuzz demo!
[TEST_CASE_COMPLETED]
Hello from FreeRTOS fuzz demo!
[TEST_CASE_COMPLETED]
Hello from FreeRTOS fuzz demo!
[TEST_CASE_COMPLETED]
Hello from FreeRTOS fuzz demo!
[TEST_CASE_COMPLETED]
Hello from FreeRTOS fuzz demo!
[TEST_CASE_COMPLETED]
Hello from FreeRTOS fuzz demo!
[TEST_CASE_COMPLETED]
Hello from FreeRTOS fuzz demo!
[TEST_CASE_COMPLETED]
[UserStats   #1]  (GLOBAL) run time: 0s, clients: 1, corpus: 11, objectives: 0, executions: 97, exec/sec: 0.000, edges: 100.000%, stability: 100.000%
                  (CLIENT) corpus: 11, objectives: 0, executions: 97, exec/sec: 0.000, edges: 340/340 (100%), stability: 340/340 (100%)
Hello from FreeRTOS fuzz demo!
[TEST_CASE_COMPLETED]
Hello from FreeRTOS fuzz demo!
[TEST_CASE_COMPLETED]
Hello from FreeRTOS fuzz demo!
[TEST_CASE_COMPLETED]
Hello from FreeRTOS fuzz demo!
[TEST_CASE_COMPLETED]
Hello from FreeRTOS fuzz demo!
[TEST_CASE_COMPLETED]
Hello from FreeRTOS fuzz demo!
[TEST_CASE_COMPLETED]
Hello from FreeRTOS fuzz demo!
[TEST_CASE_COMPLETED]
Hello from FreeRTOS fuzz demo!
[TEST_CASE_COMPLETED]
Hello from FreeRTOS fuzz demo!
[TEST_CASE_COMPLETED]
Hello from FreeRTOS fuzz demo!
[TEST_CASE_COMPLETED]
Hello from FreeRTOS fuzz demo!
[TEST_CASE_COMPLETED]
Hello from FreeRTOS fuzz demo!
[TEST_CASE_COMPLETED]
Hello from FreeRTOS fuzz demo!
[TEST_CASE_COMPLETED]
Hello from FreeRTOS fuzz demo!
[TEST_CASE_COMPLETED]
Hello from FreeRTOS fuzz demo!
[TEST_CASE_COMPLETED]
Hello from FreeRTOS fuzz demo!
[TEST_CASE_COMPLETED]
Hello from FreeRTOS fuzz demo!
[TEST_CASE_COMPLETED]
Hello from FreeRTOS fuzz demo!
[TEST_CASE_COMPLETED]
Hello from FreeRTOS fuzz demo!
[TEST_CASE_COMPLETED]
Hello from FreeRTOS fuzz demo!
[TEST_CASE_COMPLETED]
Hello from FreeRTOS fuzz demo!
[TEST_CASE_COMPLETED]
Hello from FreeRTOS fuzz demo!
[TEST_CASE_COMPLETED]
Hello from FreeRTOS fuzz demo!
[TEST_CASE_COMPLETED]
Hello from FreeRTOS fuzz demo!
[TEST_CASE_COMPLETED]
Hello from FreeRTOS fuzz demo!
[TEST_CASE_COMPLETED]
Hello from FreeRTOS fuzz demo!
[TEST_CASE_COMPLETED]
Hello from FreeRTOS fuzz demo!
[TEST_CASE_COMPLETED]
Hello from FreeRTOS fuzz demo!
[TEST_CASE_COMPLETED]
Hello from FreeRTOS fuzz demo!
[TEST_CASE_COMPLETED]
Hello from FreeRTOS fuzz demo!
[TEST_CASE_COMPLETED]
Hello from FreeRTOS fuzz demo!
[TEST_CASE_COMPLETED]
Hello from FreeRTOS fuzz demo!
[TEST_CASE_COMPLETED]
Hello from FreeRTOS fuzz demo!
[TEST_CASE_COMPLETED]
Hello from FreeRTOS fuzz demo!
[TEST_CASE_COMPLETED]
Hello from FreeRTOS fuzz demo!
[TEST_CASE_COMPLETED]
Hello from FreeRTOS fuzz demo!
[TEST_CASE_COMPLETED]
Hello from FreeRTOS fuzz demo!
[TEST_CASE_COMPLETED]
Hello from FreeRTOS fuzz demo!
[TEST_CASE_COMPLETED]
Hello from FreeRTOS fuzz demo!
[TEST_CASE_COMPLETED]
Hello from FreeRTOS fuzz demo!
[TEST_CASE_COMPLETED]
Hello from FreeRTOS fuzz demo!
[TEST_CASE_COMPLETED]
Hello from FreeRTOS fuzz demo!
[TEST_CASE_COMPLETED]
Hello from FreeRTOS fuzz demo!
[TEST_CASE_COMPLETED]
Hello from FreeRTOS fuzz demo!
[TEST_CASE_COMPLETED]
Hello from FreeRTOS fuzz demo!
[TEST_CASE_COMPLETED]
Hello from FreeRTOS fuzz demo!
[TEST_CASE_COMPLETED]
Hello from FreeRTOS fuzz demo!
[TEST_CASE_COMPLETED]
Hello from FreeRTOS fuzz demo!
[TEST_CASE_COMPLETED]
Hello from FreeRTOS fuzz demo!
[TEST_CASE_COMPLETED]
Hello from FreeRTOS fuzz demo!
[TEST_CASE_COMPLETED]
Hello from FreeRTOS fuzz demo!
[TEST_CASE_COMPLETED]
Hello from FreeRTOS fuzz demo!
[TEST_CASE_COMPLETED]
Hello from FreeRTOS fuzz demo!
[TEST_CASE_COMPLETED]
Hello from FreeRTOS fuzz demo!
[TEST_CASE_COMPLETED]
Hello from FreeRTOS fuzz demo!
[TEST_CASE_COMPLETED]
Hello from FreeRTOS fuzz demo!
[TEST_CASE_COMPLETED]
Hello from FreeRTOS fuzz demo!
[TEST_CASE_COMPLETED]
Hello from FreeRTOS fuzz demo!
[TEST_CASE_COMPLETED]
Hello from FreeRTOS fuzz demo!
[TEST_CASE_COMPLETED]
Hello from FreeRTOS fuzz demo!
[TEST_CASE_COMPLETED]
Hello from FreeRTOS fuzz demo!
[TEST_CASE_COMPLETED]
Hello from FreeRTOS fuzz demo!
[TEST_CASE_COMPLETED]
Hello from FreeRTOS fuzz demo!
[TEST_CASE_COMPLETED]
Hello from FreeRTOS fuzz demo!
[TEST_CASE_COMPLETED]
Hello from FreeRTOS fuzz demo!
[TEST_CASE_COMPLETED]
Hello from FreeRTOS fuzz demo!
[TEST_CASE_COMPLETED]
Hello from FreeRTOS fuzz demo!
[TEST_CASE_COMPLETED]
Hello from FreeRTOS fuzz demo!
[TEST_CASE_COMPLETED]
Hello from FreeRTOS fuzz demo!
[TEST_CASE_COMPLETED]
Hello from FreeRTOS fuzz demo!
[TEST_CASE_COMPLETED]
Hello from FreeRTOS fuzz demo!
[TEST_CASE_COMPLETED]
Hello from FreeRTOS fuzz demo!
[TEST_CASE_COMPLETED]
Hello from FreeRTOS fuzz demo!
[TEST_CASE_COMPLETED]
Hello from FreeRTOS fuzz demo!
[TEST_CASE_COMPLETED]
Hello from FreeRTOS fuzz demo!
[TEST_CASE_COMPLETED]
Hello from FreeRTOS fuzz demo!
[TEST_CASE_COMPLETED]
Hello from FreeRTOS fuzz demo!
[TEST_CASE_COMPLETED]
[UserStats   #1]  (GLOBAL) run time: 0s, clients: 1, corpus: 11, objectives: 0, executions: 176, exec/sec: 0.000, edges: 100.000%, stability: 100.000%
                  (CLIENT) corpus: 11, objectives: 0, executions: 176, exec/sec: 0.000, edges: 340/340 (100%), stability: 340/340 (100%)
[Testcase    #1]  (GLOBAL) run time: 0s, clients: 1, corpus: 12, objectives: 0, executions: 176, exec/sec: 0.000, edges: 100.000%, stability: 100.000%
                  (CLIENT) corpus: 12, objectives: 0, executions: 176, exec/sec: 0.000, edges: 340/340 (100%), stability: 340/340 (100%)
Hello from FreeRTOS fuzz demo!
[TEST_CASE_COMPLETED]
Hello from FreeRTOS fuzz demo!
[TEST_CASE_COMPLETED]
Hello from FreeRTOS fuzz demo!
[TEST_CASE_COMPLETED]
Hello from FreeRTOS fuzz demo!
[TEST_CASE_COMPLETED]
Hello from FreeRTOS fuzz demo!
[TEST_CASE_COMPLETED]
Hello from FreeRTOS fuzz demo!
[TEST_CASE_COMPLETED]
Hello from FreeRTOS fuzz demo!
[TEST_CASE_COMPLETED]
Hello from FreeRTOS fuzz demo!
[TEST_CASE_COMPLETED]
Hello from FreeRTOS fuzz demo!
[TEST_CASE_COMPLETED]
Hello from FreeRTOS fuzz demo!
[TEST_CASE_COMPLETED]
Hello from FreeRTOS fuzz demo!
[TEST_CASE_COMPLETED]
Hello from FreeRTOS fuzz demo!
[TEST_CASE_COMPLETED]
Hello from FreeRTOS fuzz demo!
[TEST_CASE_COMPLETED]
Hello from FreeRTOS fuzz demo!
[TEST_CASE_COMPLETED]
Hello from FreeRTOS fuzz demo!
[TEST_CASE_COMPLETED]
[UserStats   #1]  (GLOBAL) run time: 0s, clients: 1, corpus: 12, objectives: 0, executions: 191, exec/sec: 0.000, edges: 100.000%, stability: 100.000%
                  (CLIENT) corpus: 12, objectives: 0, executions: 191, exec/sec: 0.000, edges: 340/340 (100%), stability: 340/340 (100%)
Hello from FreeRTOS fuzz demo!
[TEST_CASE_COMPLETED]
[Testcase    #1]  (GLOBAL) run time: 0s, clients: 1, corpus: 13, objectives: 0, executions: 191, exec/sec: 0.000, edges: 100.000%, stability: 100.000%
                  (CLIENT) corpus: 13, objectives: 0, executions: 191, exec/sec: 0.000, edges: 340/340 (100%), stability: 340/340 (100%)
Hello from FreeRTOS fuzz demo!
[TEST_CASE_COMPLETED]
Hello from FreeRTOS fuzz demo!
[TEST_CASE_COMPLETED]
Hello from FreeRTOS fuzz demo!
[TEST_CASE_COMPLETED]
Hello from FreeRTOS fuzz demo!
[TEST_CASE_COMPLETED]
Hello from FreeRTOS fuzz demo!
[TEST_CASE_COMPLETED]
Hello from FreeRTOS fuzz demo!
[TEST_CASE_COMPLETED]
Hello from FreeRTOS fuzz demo!
[TEST_CASE_COMPLETED]
[UserStats   #1]  (GLOBAL) run time: 0s, clients: 1, corpus: 13, objectives: 0, executions: 197, exec/sec: 0.000, edges: 100.000%, stability: 100.000%
                  (CLIENT) corpus: 13, objectives: 0, executions: 197, exec/sec: 0.000, edges: 340/340 (100%), stability: 340/340 (100%)
[Testcase    #1]  (GLOBAL) run time: 0s, clients: 1, corpus: 14, objectives: 0, executions: 197, exec/sec: 0.000, edges: 100.000%, stability: 100.000%
                  (CLIENT) corpus: 14, objectives: 0, executions: 197, exec/sec: 0.000, edges: 340/340 (100%), stability: 340/340 (100%)
Hello from FreeRTOS fuzz demo!
[TEST_CASE_COMPLETED]
Hello from FreeRTOS fuzz demo!
[TEST_CASE_COMPLETED]
Hello from FreeRTOS fuzz demo!
[TEST_CASE_COMPLETED]
Hello from FreeRTOS fuzz demo!
[TEST_CASE_COMPLETED]
Hello from FreeRTOS fuzz demo!
[TEST_CASE_COMPLETED]
Hello from FreeRTOS fuzz demo!
[TEST_CASE_COMPLETED]
Hello from FreeRTOS fuzz demo!
[TEST_CASE_COMPLETED]
Hello from FreeRTOS fuzz demo!
[TEST_CASE_COMPLETED]
Hello from FreeRTOS fuzz demo!
[TEST_CASE_COMPLETED]
Hello from FreeRTOS fuzz demo!
[TEST_CASE_COMPLETED]
Hello from FreeRTOS fuzz demo!
[TEST_CASE_COMPLETED]
Hello from FreeRTOS fuzz demo!
[TEST_CASE_COMPLETED]
Hello from FreeRTOS fuzz demo!
[TEST_CASE_COMPLETED]
Hello from FreeRTOS fuzz demo!
[TEST_CASE_COMPLETED]
Hello from FreeRTOS fuzz demo!
[TEST_CASE_COMPLETED]
Hello from FreeRTOS fuzz demo!
ASSERT! Line 563, file ./../../../../Source/event_groups.c
[Objective   #1]  (GLOBAL) run time: 3s, clients: 1, corpus: 14, objectives: 1, executions: 217, exec/sec: 62.48, edges: 100.000%, stability: 100.000%
                  (CLIENT) corpus: 14, objectives: 1, executions: 217, exec/sec: 62.48, edges: 340/340 (100%), stability: 340/340 (100%)
[Objective   #1]  (GLOBAL) run time: 6s, clients: 1, corpus: 14, objectives: 2, executions: 218, exec/sec: 33.68, edges: 100.000%, stability: 100.000%
                  (CLIENT) corpus: 14, objectives: 2, executions: 218, exec/sec: 33.68, edges: 340/340 (100%), stability: 340/340 (100%)
[Objective   #1]  (GLOBAL) run time: 9s, clients: 1, corpus: 14, objectives: 3, executions: 219, exec/sec: 23.12, edges: 100.000%, stability: 100.000%
                  (CLIENT) corpus: 14, objectives: 3, executions: 219, exec/sec: 23.12, edges: 340/340 (100%), stability: 340/340 (100%)
[Objective   #1]  (GLOBAL) run time: 12s, clients: 1, corpus: 14, objectives: 4, executions: 220, exec/sec: 17.64, edges: 100.000%, stability: 100.000%
                  (CLIENT) corpus: 14, objectives: 4, executions: 220, exec/sec: 17.64, edges: 340/340 (100%), stability: 340/340 (100%)
[Objective   #1]  (GLOBAL) run time: 15s, clients: 1, corpus: 14, objectives: 5, executions: 221, exec/sec: 14.28, edges: 100.000%, stability: 100.000%
                  (CLIENT) corpus: 14, objectives: 5, executions: 221, exec/sec: 14.28, edges: 340/340 (100%), stability: 340/340 (100%)
[Objective   #1]  (GLOBAL) run time: 18s, clients: 1, corpus: 14, objectives: 6, executions: 222, exec/sec: 12.01, edges: 100.000%, stability: 100.000%
                  (CLIENT) corpus: 14, objectives: 6, executions: 222, exec/sec: 12.01, edges: 340/340 (100%), stability: 340/340 (100%)
[Objective   #1]  (GLOBAL) run time: 21s, clients: 1, corpus: 14, objectives: 7, executions: 223, exec/sec: 10.38, edges: 100.000%, stability: 100.000%
                  (CLIENT) corpus: 14, objectives: 7, executions: 223, exec/sec: 10.38, edges: 340/340 (100%), stability: 340/340 (100%)
[Objective   #1]  (GLOBAL) run time: 24s, clients: 1, corpus: 14, objectives: 8, executions: 224, exec/sec: 9.152, edges: 100.000%, stability: 100.000%
                  (CLIENT) corpus: 14, objectives: 8, executions: 224, exec/sec: 9.152, edges: 340/340 (100%), stability: 340/340 (100%)
[Objective   #1]  (GLOBAL) run time: 27s, clients: 1, corpus: 14, objectives: 9, executions: 225, exec/sec: 8.188, edges: 100.000%, stability: 100.000%
                  (CLIENT) corpus: 14, objectives: 9, executions: 225, exec/sec: 8.188, edges: 340/340 (100%), stability: 340/340 (100%)
[Objective   #1]  (GLOBAL) run time: 30s, clients: 1, corpus: 14, objectives: 10, executions: 226, exec/sec: 7.415, edges: 100.000%, stability: 100.000%
                  (CLIENT) corpus: 14, objectives: 10, executions: 226, exec/sec: 7.415, edges: 340/340 (100%), stability: 340/340 (100%)
[Objective   #1]  (GLOBAL) run time: 33s, clients: 1, corpus: 14, objectives: 11, executions: 227, exec/sec: 6.780, edges: 100.000%, stability: 100.000%
                  (CLIENT) corpus: 14, objectives: 11, executions: 227, exec/sec: 6.780, edges: 340/340 (100%), stability: 340/340 (100%)
[Client Heartbeat #1]  (GLOBAL) run time: 51s, clients: 1, corpus: 14, objectives: 11, executions: 233, exec/sec: 4.525, edges: 100.000%, stability: 100.000%
                       (CLIENT) corpus: 14, objectives: 11, executions: 233, exec/sec: 4.525, edges: 340/340 (100%), stability: 340/340 (100%)
[Objective   #1]  (GLOBAL) run time: 54s, clients: 1, corpus: 14, objectives: 12, executions: 234, exec/sec: 4.294, edges: 100.000%, stability: 100.000%
                  (CLIENT) corpus: 14, objectives: 12, executions: 234, exec/sec: 4.294, edges: 340/340 (100%), stability: 340/340 (100%)
[Objective   #1]  (GLOBAL) run time: 57s, clients: 1, corpus: 14, objectives: 13, executions: 235, exec/sec: 4.088, edges: 100.000%, stability: 100.000%
                  (CLIENT) corpus: 14, objectives: 13, executions: 235, exec/sec: 4.088, edges: 340/340 (100%), stability: 340/340 (100%)
[Objective   #1]  (GLOBAL) run time: 1m-0s, clients: 1, corpus: 14, objectives: 14, executions: 236, exec/sec: 3.901, edges: 100.000%, stability: 100.000%
                  (CLIENT) corpus: 14, objectives: 14, executions: 236, exec/sec: 3.901, edges: 340/340 (100%), stability: 340/340 (100%)
[Objective   #1]  (GLOBAL) run time: 1m-3s, clients: 1, corpus: 14, objectives: 15, executions: 237, exec/sec: 3.733, edges: 100.000%, stability: 100.000%
                  (CLIENT) corpus: 14, objectives: 15, executions: 237, exec/sec: 3.733, edges: 340/340 (100%), stability: 340/340 (100%)
[Objective   #1]  (GLOBAL) run time: 1m-6s, clients: 1, corpus: 14, objectives: 16, executions: 238, exec/sec: 3.579, edges: 100.000%, stability: 100.000%
                  (CLIENT) corpus: 14, objectives: 16, executions: 238, exec/sec: 3.579, edges: 340/340 (100%), stability: 340/340 (100%)
[Objective   #1]  (GLOBAL) run time: 1m-9s, clients: 1, corpus: 14, objectives: 17, executions: 239, exec/sec: 3.439, edges: 100.000%, stability: 100.000%
                  (CLIENT) corpus: 14, objectives: 17, executions: 239, exec/sec: 3.439, edges: 340/340 (100%), stability: 340/340 (100%)
[Objective   #1]  (GLOBAL) run time: 1m-12s, clients: 1, corpus: 14, objectives: 18, executions: 240, exec/sec: 3.311, edges: 100.000%, stability: 100.000%
                  (CLIENT) corpus: 14, objectives: 18, executions: 240, exec/sec: 3.311, edges: 340/340 (100%), stability: 340/340 (100%)
[Objective   #1]  (GLOBAL) run time: 1m-15s, clients: 1, corpus: 14, objectives: 19, executions: 241, exec/sec: 3.192, edges: 100.000%, stability: 100.000%
                  (CLIENT) corpus: 14, objectives: 19, executions: 241, exec/sec: 3.192, edges: 340/340 (100%), stability: 340/340 (100%)
[Objective   #1]  (GLOBAL) run time: 1m-18s, clients: 1, corpus: 14, objectives: 20, executions: 242, exec/sec: 3.083, edges: 100.000%, stability: 100.000%
                  (CLIENT) corpus: 14, objectives: 20, executions: 242, exec/sec: 3.083, edges: 340/340 (100%), stability: 340/340 (100%)
[Objective   #1]  (GLOBAL) run time: 1m-21s, clients: 1, corpus: 14, objectives: 21, executions: 243, exec/sec: 2.982, edges: 100.000%, stability: 100.000%
                  (CLIENT) corpus: 14, objectives: 21, executions: 243, exec/sec: 2.982, edges: 340/340 (100%), stability: 340/340 (100%)
[Objective   #1]  (GLOBAL) run time: 1m-24s, clients: 1, corpus: 14, objectives: 22, executions: 244, exec/sec: 2.888, edges: 100.000%, stability: 100.000%
                  (CLIENT) corpus: 14, objectives: 22, executions: 244, exec/sec: 2.888, edges: 340/340 (100%), stability: 340/340 (100%)
[Objective   #1]  (GLOBAL) run time: 1m-27s, clients: 1, corpus: 14, objectives: 23, executions: 245, exec/sec: 2.800, edges: 100.000%, stability: 100.000%
                  (CLIENT) corpus: 14, objectives: 23, executions: 245, exec/sec: 2.800, edges: 340/340 (100%), stability: 340/340 (100%)
[Objective   #1]  (GLOBAL) run time: 1m-30s, clients: 1, corpus: 14, objectives: 24, executions: 246, exec/sec: 2.718, edges: 100.000%, stability: 100.000%
                  (CLIENT) corpus: 14, objectives: 24, executions: 246, exec/sec: 2.718, edges: 340/340 (100%), stability: 340/340 (100%)
[Objective   #1]  (GLOBAL) run time: 1m-33s, clients: 1, corpus: 14, objectives: 25, executions: 247, exec/sec: 2.642, edges: 100.000%, stability: 100.000%
                  (CLIENT) corpus: 14, objectives: 25, executions: 247, exec/sec: 2.642, edges: 340/340 (100%), stability: 340/340 (100%)
[Objective   #1]  (GLOBAL) run time: 1m-36s, clients: 1, corpus: 14, objectives: 26, executions: 248, exec/sec: 2.570, edges: 100.000%, stability: 100.000%
                  (CLIENT) corpus: 14, objectives: 26, executions: 248, exec/sec: 2.570, edges: 340/340 (100%), stability: 340/340 (100%)
[Objective   #1]  (GLOBAL) run time: 1m-39s, clients: 1, corpus: 14, objectives: 27, executions: 249, exec/sec: 2.502, edges: 100.000%, stability: 100.000%
                  (CLIENT) corpus: 14, objectives: 27, executions: 249, exec/sec: 2.502, edges: 340/340 (100%), stability: 340/340 (100%)
[Objective   #1]  (GLOBAL) run time: 1m-42s, clients: 1, corpus: 14, objectives: 28, executions: 250, exec/sec: 2.439, edges: 100.000%, stability: 100.000%
                  (CLIENT) corpus: 14, objectives: 28, executions: 250, exec/sec: 2.439, edges: 340/340 (100%), stability: 340/340 (100%)
[Objective   #1]  (GLOBAL) run time: 1m-45s, clients: 1, corpus: 14, objectives: 29, executions: 251, exec/sec: 2.379, edges: 100.000%, stability: 100.000%
                  (CLIENT) corpus: 14, objectives: 29, executions: 251, exec/sec: 2.379, edges: 340/340 (100%), stability: 340/340 (100%)
[Objective   #1]  (GLOBAL) run time: 1m-48s, clients: 1, corpus: 14, objectives: 30, executions: 252, exec/sec: 2.323, edges: 100.000%, stability: 100.000%
                  (CLIENT) corpus: 14, objectives: 30, executions: 252, exec/sec: 2.323, edges: 340/340 (100%), stability: 340/340 (100%)
[Objective   #1]  (GLOBAL) run time: 1m-51s, clients: 1, corpus: 14, objectives: 31, executions: 253, exec/sec: 2.269, edges: 100.000%, stability: 100.000%
                  (CLIENT) corpus: 14, objectives: 31, executions: 253, exec/sec: 2.269, edges: 340/340 (100%), stability: 340/340 (100%)
[Objective   #1]  (GLOBAL) run time: 1m-54s, clients: 1, corpus: 14, objectives: 32, executions: 254, exec/sec: 2.218, edges: 100.000%, stability: 100.000%
                  (CLIENT) corpus: 14, objectives: 32, executions: 254, exec/sec: 2.218, edges: 340/340 (100%), stability: 340/340 (100%)
[Objective   #1]  (GLOBAL) run time: 1m-57s, clients: 1, corpus: 14, objectives: 33, executions: 255, exec/sec: 2.170, edges: 100.000%, stability: 100.000%
                  (CLIENT) corpus: 14, objectives: 33, executions: 255, exec/sec: 2.170, edges: 340/340 (100%), stability: 340/340 (100%)
[Objective   #1]  (GLOBAL) run time: 2m-0s, clients: 1, corpus: 14, objectives: 34, executions: 256, exec/sec: 2.124, edges: 100.000%, stability: 100.000%
                  (CLIENT) corpus: 14, objectives: 34, executions: 256, exec/sec: 2.124, edges: 340/340 (100%), stability: 340/340 (100%)
[Objective   #1]  (GLOBAL) run time: 2m-3s, clients: 1, corpus: 14, objectives: 35, executions: 257, exec/sec: 2.081, edges: 100.000%, stability: 100.000%
                  (CLIENT) corpus: 14, objectives: 35, executions: 257, exec/sec: 2.081, edges: 340/340 (100%), stability: 340/340 (100%)
[Objective   #1]  (GLOBAL) run time: 2m-6s, clients: 1, corpus: 14, objectives: 36, executions: 258, exec/sec: 2.039, edges: 100.000%, stability: 100.000%
                  (CLIENT) corpus: 14, objectives: 36, executions: 258, exec/sec: 2.039, edges: 340/340 (100%), stability: 340/340 (100%)
[Objective   #1]  (GLOBAL) run time: 2m-9s, clients: 1, corpus: 14, objectives: 37, executions: 259, exec/sec: 2.000, edges: 100.000%, stability: 100.000%
                  (CLIENT) corpus: 14, objectives: 37, executions: 259, exec/sec: 2.000, edges: 340/340 (100%), stability: 340/340 (100%)
[Objective   #1]  (GLOBAL) run time: 2m-12s, clients: 1, corpus: 14, objectives: 38, executions: 260, exec/sec: 1.962, edges: 100.000%, stability: 100.000%
                  (CLIENT) corpus: 14, objectives: 38, executions: 260, exec/sec: 1.962, edges: 340/340 (100%), stability: 340/340 (100%)
[Objective   #1]  (GLOBAL) run time: 2m-15s, clients: 1, corpus: 14, objectives: 39, executions: 261, exec/sec: 1.926, edges: 100.000%, stability: 100.000%
                  (CLIENT) corpus: 14, objectives: 39, executions: 261, exec/sec: 1.926, edges: 340/340 (100%), stability: 340/340 (100%)
[Objective   #1]  (GLOBAL) run time: 2m-18s, clients: 1, corpus: 14, objectives: 40, executions: 262, exec/sec: 1.892, edges: 100.000%, stability: 100.000%
                  (CLIENT) corpus: 14, objectives: 40, executions: 262, exec/sec: 1.892, edges: 340/340 (100%), stability: 340/340 (100%)
[Client Heartbeat #1]  (GLOBAL) run time: 2m-36s, clients: 1, corpus: 14, objectives: 40, executions: 268, exec/sec: 1.712, edges: 100.000%, stability: 100.000%
                       (CLIENT) corpus: 14, objectives: 40, executions: 268, exec/sec: 1.712, edges: 340/340 (100%), stability: 340/340 (100%)
[Objective   #1]  (GLOBAL) run time: 2m-39s, clients: 1, corpus: 14, objectives: 41, executions: 269, exec/sec: 1.686, edges: 100.000%, stability: 100.000%
                  (CLIENT) corpus: 14, objectives: 41, executions: 269, exec/sec: 1.686, edges: 340/340 (100%), stability: 340/340 (100%)
[Objective   #1]  (GLOBAL) run time: 2m-42s, clients: 1, corpus: 14, objectives: 42, executions: 270, exec/sec: 1.661, edges: 100.000%, stability: 100.000%
                  (CLIENT) corpus: 14, objectives: 42, executions: 270, exec/sec: 1.661, edges: 340/340 (100%), stability: 340/340 (100%)
[Objective   #1]  (GLOBAL) run time: 2m-45s, clients: 1, corpus: 14, objectives: 43, executions: 271, exec/sec: 1.637, edges: 100.000%, stability: 100.000%
                  (CLIENT) corpus: 14, objectives: 43, executions: 271, exec/sec: 1.637, edges: 340/340 (100%), stability: 340/340 (100%)
[Objective   #1]  (GLOBAL) run time: 2m-48s, clients: 1, corpus: 14, objectives: 44, executions: 272, exec/sec: 1.614, edges: 100.000%, stability: 100.000%
                  (CLIENT) corpus: 14, objectives: 44, executions: 272, exec/sec: 1.614, edges: 340/340 (100%), stability: 340/340 (100%)
[Objective   #1]  (GLOBAL) run time: 2m-51s, clients: 1, corpus: 14, objectives: 45, executions: 273, exec/sec: 1.592, edges: 100.000%, stability: 100.000%
                  (CLIENT) corpus: 14, objectives: 45, executions: 273, exec/sec: 1.592, edges: 340/340 (100%), stability: 340/340 (100%)
[Objective   #1]  (GLOBAL) run time: 2m-54s, clients: 1, corpus: 14, objectives: 46, executions: 274, exec/sec: 1.570, edges: 100.000%, stability: 100.000%
                  (CLIENT) corpus: 14, objectives: 46, executions: 274, exec/sec: 1.570, edges: 340/340 (100%), stability: 340/340 (100%)
[Objective   #1]  (GLOBAL) run time: 2m-57s, clients: 1, corpus: 14, objectives: 47, executions: 275, exec/sec: 1.549, edges: 100.000%, stability: 100.000%
                  (CLIENT) corpus: 14, objectives: 47, executions: 275, exec/sec: 1.549, edges: 340/340 (100%), stability: 340/340 (100%)
[Objective   #1]  (GLOBAL) run time: 3m-0s, clients: 1, corpus: 14, objectives: 48, executions: 276, exec/sec: 1.529, edges: 100.000%, stability: 100.000%
                  (CLIENT) corpus: 14, objectives: 48, executions: 276, exec/sec: 1.529, edges: 340/340 (100%), stability: 340/340 (100%)
[Objective   #1]  (GLOBAL) run time: 3m-3s, clients: 1, corpus: 14, objectives: 49, executions: 277, exec/sec: 1.509, edges: 100.000%, stability: 100.000%
                  (CLIENT) corpus: 14, objectives: 49, executions: 277, exec/sec: 1.509, edges: 340/340 (100%), stability: 340/340 (100%)
[Objective   #1]  (GLOBAL) run time: 3m-6s, clients: 1, corpus: 14, objectives: 50, executions: 278, exec/sec: 1.490, edges: 100.000%, stability: 100.000%
                  (CLIENT) corpus: 14, objectives: 50, executions: 278, exec/sec: 1.490, edges: 340/340 (100%), stability: 340/340 (100%)
[Objective   #1]  (GLOBAL) run time: 3m-9s, clients: 1, corpus: 14, objectives: 51, executions: 279, exec/sec: 1.472, edges: 100.000%, stability: 100.000%
                  (CLIENT) corpus: 14, objectives: 51, executions: 279, exec/sec: 1.472, edges: 340/340 (100%), stability: 340/340 (100%)
[Objective   #1]  (GLOBAL) run time: 3m-12s, clients: 1, corpus: 14, objectives: 52, executions: 280, exec/sec: 1.454, edges: 100.000%, stability: 100.000%
                  (CLIENT) corpus: 14, objectives: 52, executions: 280, exec/sec: 1.454, edges: 340/340 (100%), stability: 340/340 (100%)
[Objective   #1]  (GLOBAL) run time: 3m-15s, clients: 1, corpus: 14, objectives: 53, executions: 281, exec/sec: 1.437, edges: 100.000%, stability: 100.000%
                  (CLIENT) corpus: 14, objectives: 53, executions: 281, exec/sec: 1.437, edges: 340/340 (100%), stability: 340/340 (100%)
[Objective   #1]  (GLOBAL) run time: 3m-18s, clients: 1, corpus: 14, objectives: 54, executions: 282, exec/sec: 1.420, edges: 100.000%, stability: 100.000%
                  (CLIENT) corpus: 14, objectives: 54, executions: 282, exec/sec: 1.420, edges: 340/340 (100%), stability: 340/340 (100%)
[Objective   #1]  (GLOBAL) run time: 3m-21s, clients: 1, corpus: 14, objectives: 55, executions: 283, exec/sec: 1.404, edges: 100.000%, stability: 100.000%
                  (CLIENT) corpus: 14, objectives: 55, executions: 283, exec/sec: 1.404, edges: 340/340 (100%), stability: 340/340 (100%)
[Objective   #1]  (GLOBAL) run time: 3m-24s, clients: 1, corpus: 14, objectives: 56, executions: 284, exec/sec: 1.388, edges: 100.000%, stability: 100.000%
                  (CLIENT) corpus: 14, objectives: 56, executions: 284, exec/sec: 1.388, edges: 340/340 (100%), stability: 340/340 (100%)
[Objective   #1]  (GLOBAL) run time: 3m-27s, clients: 1, corpus: 14, objectives: 57, executions: 285, exec/sec: 1.373, edges: 100.000%, stability: 100.000%
                  (CLIENT) corpus: 14, objectives: 57, executions: 285, exec/sec: 1.373, edges: 340/340 (100%), stability: 340/340 (100%)
[Objective   #1]  (GLOBAL) run time: 3m-30s, clients: 1, corpus: 14, objectives: 58, executions: 286, exec/sec: 1.358, edges: 100.000%, stability: 100.000%
                  (CLIENT) corpus: 14, objectives: 58, executions: 286, exec/sec: 1.358, edges: 340/340 (100%), stability: 340/340 (100%)
[Objective   #1]  (GLOBAL) run time: 3m-33s, clients: 1, corpus: 14, objectives: 59, executions: 287, exec/sec: 1.344, edges: 100.000%, stability: 100.000%
                  (CLIENT) corpus: 14, objectives: 59, executions: 287, exec/sec: 1.344, edges: 340/340 (100%), stability: 340/340 (100%)
[Objective   #1]  (GLOBAL) run time: 3m-36s, clients: 1, corpus: 14, objectives: 60, executions: 288, exec/sec: 1.330, edges: 100.000%, stability: 100.000%
                  (CLIENT) corpus: 14, objectives: 60, executions: 288, exec/sec: 1.330, edges: 340/340 (100%), stability: 340/340 (100%)
[Objective   #1]  (GLOBAL) run time: 3m-39s, clients: 1, corpus: 14, objectives: 61, executions: 289, exec/sec: 1.316, edges: 100.000%, stability: 100.000%
                  (CLIENT) corpus: 14, objectives: 61, executions: 289, exec/sec: 1.316, edges: 340/340 (100%), stability: 340/340 (100%)
[Objective   #1]  (GLOBAL) run time: 3m-42s, clients: 1, corpus: 14, objectives: 62, executions: 290, exec/sec: 1.303, edges: 100.000%, stability: 100.000%
                  (CLIENT) corpus: 14, objectives: 62, executions: 290, exec/sec: 1.303, edges: 340/340 (100%), stability: 340/340 (100%)
[Objective   #1]  (GLOBAL) run time: 3m-45s, clients: 1, corpus: 14, objectives: 63, executions: 291, exec/sec: 1.290, edges: 100.000%, stability: 100.000%
                  (CLIENT) corpus: 14, objectives: 63, executions: 291, exec/sec: 1.290, edges: 340/340 (100%), stability: 340/340 (100%)
[Objective   #1]  (GLOBAL) run time: 3m-48s, clients: 1, corpus: 14, objectives: 64, executions: 292, exec/sec: 1.278, edges: 100.000%, stability: 100.000%
                  (CLIENT) corpus: 14, objectives: 64, executions: 292, exec/sec: 1.278, edges: 340/340 (100%), stability: 340/340 (100%)
[Objective   #1]  (GLOBAL) run time: 3m-51s, clients: 1, corpus: 14, objectives: 65, executions: 293, exec/sec: 1.265, edges: 100.000%, stability: 100.000%
                  (CLIENT) corpus: 14, objectives: 65, executions: 293, exec/sec: 1.265, edges: 340/340 (100%), stability: 340/340 (100%)
[Objective   #1]  (GLOBAL) run time: 3m-54s, clients: 1, corpus: 14, objectives: 66, executions: 294, exec/sec: 1.253, edges: 100.000%, stability: 100.000%
                  (CLIENT) corpus: 14, objectives: 66, executions: 294, exec/sec: 1.253, edges: 340/340 (100%), stability: 340/340 (100%)
[Objective   #1]  (GLOBAL) run time: 3m-57s, clients: 1, corpus: 14, objectives: 67, executions: 295, exec/sec: 1.242, edges: 100.000%, stability: 100.000%
                  (CLIENT) corpus: 14, objectives: 67, executions: 295, exec/sec: 1.242, edges: 340/340 (100%), stability: 340/340 (100%)
[Objective   #1]  (GLOBAL) run time: 4m-0s, clients: 1, corpus: 14, objectives: 68, executions: 296, exec/sec: 1.230, edges: 100.000%, stability: 100.000%
                  (CLIENT) corpus: 14, objectives: 68, executions: 296, exec/sec: 1.230, edges: 340/340 (100%), stability: 340/340 (100%)
[Objective   #1]  (GLOBAL) run time: 4m-3s, clients: 1, corpus: 14, objectives: 69, executions: 297, exec/sec: 1.219, edges: 100.000%, stability: 100.000%
                  (CLIENT) corpus: 14, objectives: 69, executions: 297, exec/sec: 1.219, edges: 340/340 (100%), stability: 340/340 (100%)
[Objective   #1]  (GLOBAL) run time: 4m-6s, clients: 1, corpus: 14, objectives: 70, executions: 298, exec/sec: 1.209, edges: 100.000%, stability: 100.000%
                  (CLIENT) corpus: 14, objectives: 70, executions: 298, exec/sec: 1.209, edges: 340/340 (100%), stability: 340/340 (100%)
[Objective   #1]  (GLOBAL) run time: 4m-9s, clients: 1, corpus: 14, objectives: 71, executions: 299, exec/sec: 1.198, edges: 100.000%, stability: 100.000%
                  (CLIENT) corpus: 14, objectives: 71, executions: 299, exec/sec: 1.198, edges: 340/340 (100%), stability: 340/340 (100%)
[Objective   #1]  (GLOBAL) run time: 4m-12s, clients: 1, corpus: 14, objectives: 72, executions: 300, exec/sec: 1.188, edges: 100.000%, stability: 100.000%
                  (CLIENT) corpus: 14, objectives: 72, executions: 300, exec/sec: 1.188, edges: 340/340 (100%), stability: 340/340 (100%)
[Objective   #1]  (GLOBAL) run time: 4m-15s, clients: 1, corpus: 14, objectives: 73, executions: 301, exec/sec: 1.178, edges: 100.000%, stability: 100.000%
                  (CLIENT) corpus: 14, objectives: 73, executions: 301, exec/sec: 1.178, edges: 340/340 (100%), stability: 340/340 (100%)
[Objective   #1]  (GLOBAL) run time: 4m-18s, clients: 1, corpus: 14, objectives: 74, executions: 302, exec/sec: 1.168, edges: 100.000%, stability: 100.000%
                  (CLIENT) corpus: 14, objectives: 74, executions: 302, exec/sec: 1.168, edges: 340/340 (100%), stability: 340/340 (100%)
[Objective   #1]  (GLOBAL) run time: 4m-21s, clients: 1, corpus: 14, objectives: 75, executions: 303, exec/sec: 1.158, edges: 100.000%, stability: 100.000%
                  (CLIENT) corpus: 14, objectives: 75, executions: 303, exec/sec: 1.158, edges: 340/340 (100%), stability: 340/340 (100%)
[Objective   #1]  (GLOBAL) run time: 4m-24s, clients: 1, corpus: 14, objectives: 76, executions: 304, exec/sec: 1.149, edges: 100.000%, stability: 100.000%
                  (CLIENT) corpus: 14, objectives: 76, executions: 304, exec/sec: 1.149, edges: 340/340 (100%), stability: 340/340 (100%)
[Objective   #1]  (GLOBAL) run time: 4m-27s, clients: 1, corpus: 14, objectives: 77, executions: 305, exec/sec: 1.140, edges: 100.000%, stability: 100.000%
                  (CLIENT) corpus: 14, objectives: 77, executions: 305, exec/sec: 1.140, edges: 340/340 (100%), stability: 340/340 (100%)
[Objective   #1]  (GLOBAL) run time: 4m-30s, clients: 1, corpus: 14, objectives: 78, executions: 306, exec/sec: 1.131, edges: 100.000%, stability: 100.000%
                  (CLIENT) corpus: 14, objectives: 78, executions: 306, exec/sec: 1.131, edges: 340/340 (100%), stability: 340/340 (100%)
[Objective   #1]  (GLOBAL) run time: 4m-33s, clients: 1, corpus: 14, objectives: 79, executions: 307, exec/sec: 1.122, edges: 100.000%, stability: 100.000%
                  (CLIENT) corpus: 14, objectives: 79, executions: 307, exec/sec: 1.122, edges: 340/340 (100%), stability: 340/340 (100%)
[Objective   #1]  (GLOBAL) run time: 4m-36s, clients: 1, corpus: 14, objectives: 80, executions: 308, exec/sec: 1.114, edges: 100.000%, stability: 100.000%
                  (CLIENT) corpus: 14, objectives: 80, executions: 308, exec/sec: 1.114, edges: 340/340 (100%), stability: 340/340 (100%)
[Objective   #1]  (GLOBAL) run time: 4m-39s, clients: 1, corpus: 14, objectives: 81, executions: 309, exec/sec: 1.105, edges: 100.000%, stability: 100.000%
                  (CLIENT) corpus: 14, objectives: 81, executions: 309, exec/sec: 1.105, edges: 340/340 (100%), stability: 340/340 (100%)
[Objective   #1]  (GLOBAL) run time: 4m-42s, clients: 1, corpus: 14, objectives: 82, executions: 310, exec/sec: 1.097, edges: 100.000%, stability: 100.000%
                  (CLIENT) corpus: 14, objectives: 82, executions: 310, exec/sec: 1.097, edges: 340/340 (100%), stability: 340/340 (100%)
[Objective   #1]  (GLOBAL) run time: 4m-45s, clients: 1, corpus: 14, objectives: 83, executions: 311, exec/sec: 1.089, edges: 100.000%, stability: 100.000%
                  (CLIENT) corpus: 14, objectives: 83, executions: 311, exec/sec: 1.089, edges: 340/340 (100%), stability: 340/340 (100%)
[Objective   #1]  (GLOBAL) run time: 4m-48s, clients: 1, corpus: 14, objectives: 84, executions: 312, exec/sec: 1.081, edges: 100.000%, stability: 100.000%
                  (CLIENT) corpus: 14, objectives: 84, executions: 312, exec/sec: 1.081, edges: 340/340 (100%), stability: 340/340 (100%)
[Objective   #1]  (GLOBAL) run time: 4m-51s, clients: 1, corpus: 14, objectives: 85, executions: 313, exec/sec: 1.073, edges: 100.000%, stability: 100.000%
                  (CLIENT) corpus: 14, objectives: 85, executions: 313, exec/sec: 1.073, edges: 340/340 (100%), stability: 340/340 (100%)
[Objective   #1]  (GLOBAL) run time: 4m-54s, clients: 1, corpus: 14, objectives: 86, executions: 314, exec/sec: 1.066, edges: 100.000%, stability: 100.000%
                  (CLIENT) corpus: 14, objectives: 86, executions: 314, exec/sec: 1.066, edges: 340/340 (100%), stability: 340/340 (100%)
[Objective   #1]  (GLOBAL) run time: 4m-57s, clients: 1, corpus: 14, objectives: 87, executions: 315, exec/sec: 1.059, edges: 100.000%, stability: 100.000%
                  (CLIENT) corpus: 14, objectives: 87, executions: 315, exec/sec: 1.059, edges: 340/340 (100%), stability: 340/340 (100%)
[Objective   #1]  (GLOBAL) run time: 5m-0s, clients: 1, corpus: 14, objectives: 88, executions: 316, exec/sec: 1.051, edges: 100.000%, stability: 100.000%
                  (CLIENT) corpus: 14, objectives: 88, executions: 316, exec/sec: 1.051, edges: 340/340 (100%), stability: 340/340 (100%)
[Objective   #1]  (GLOBAL) run time: 5m-3s, clients: 1, corpus: 14, objectives: 89, executions: 317, exec/sec: 1.044, edges: 100.000%, stability: 100.000%
                  (CLIENT) corpus: 14, objectives: 89, executions: 317, exec/sec: 1.044, edges: 340/340 (100%), stability: 340/340 (100%)
