[COMMAND]
qemu-system-arm -machine mps2-an385 -monitor null -semihosting --semihosting-config enable=on,target=native -kernel /home/zwz/FreeRTOS/FreeRTOS/Demo/CORTEX_MPS2_QEMU_IAR_GCC/build/gcc/output/RTOSDemo.out -serial stdio -nographic
[CWD]
/home/zwz/FreeRTOS/FreeRTOS/Demo/CORTEX_MPS2_QEMU_IAR_GCC
[TIMEOUT]
True
[RETURN_CODE]
-9

[STDOUT]
Hello from FreeRTOS fuzz demo!
[WARN] Timer expiry far in past: pastDelta=4294967150
[WARN] Timer expiry far in past: pastDelta=4294966740
[WARN] Timer expiry far in past: pastDelta=4294966415
[WARN] Timer expiry far in past: pastDelta=4294967285
[WARN] Timer expiry far in past: pastDelta=4294967295
[WARN] Timer expiry far in past: pastDelta=4294967295
[WARN] Timer expiry far in past: pastDelta=4294967295
[WARN] Timer expiry far in past: pastDelta=4294967295
[TEST_CASE_COMPLETED]


[STDERR]

