FUZZ_INPUT @ 0x20000064
main address = 0x3778
Breakpoint address = 0x38c0
[2025-12-29T09:34:49Z INFO  libafl::events::launcher] spawning on cores: Cores { cmdline: "1", ids: [CoreId(1)] }
[2025-12-29T09:34:49Z INFO  libafl::events::launcher] child spawned with id 1 and bound to core CoreId(1)
[2025-12-29T09:34:49Z INFO  libafl::events::launcher] I am broker!!.
[2025-12-29T09:34:49Z INFO  libafl_bolts::llmp] Successfully setup signal handlers
[2025-12-29T09:34:49Z INFO  libafl::events::launcher] 3979998 PostFork
[2025-12-29T09:34:49Z INFO  libafl_bolts::llmp] Connected to port 1337
[2025-12-29T09:34:49Z INFO  libafl_bolts::llmp] New connection: 127.0.0.1:42608/127.0.0.1:42608
[2025-12-29T09:34:49Z INFO  libafl::events::llmp::restarting] Setting core affinity to CoreId(1)
[2025-12-29T09:34:49Z INFO  libafl::events::llmp::restarting] Spawning next client (id 0)
[2025-12-29T09:34:49Z INFO  libafl::events::llmp::restarting] First run. Let's set it all up
qemu_baremetal: warning: nic lan9118.0 has no peer
Devices = ["timer", "cpu_common", "cpu", "armv7m_nvic", "armv7m_systick", "armv7m", "or-irq", "cmsdk-apb-uart", "cmsdk-apb-uart", "cmsdk-apb-uart", "cmsdk-apb-uart", "cmsdk-apb-uart", "cmsdk-apb-timer", "cmsdk-apb-timer", "cmsdk-apb-dualtimer", "cmsdk-apb-watchdog", "led", "led", "led", "led", "led", "led", "led", "led", "mps2-scc", "led", "led", "mps2-fpgaio", "pl022_ssp", "or-irq", "pl022_ssp", "pl022_ssp", "or-irq", "pl022_ssp", "pl022_ssp", "i2c_bus", "i2c_bus", "i2c_bus", "i2c_bus", "lan9118-phy", "lan9118"]
qemu_baremetal: warning: icount sleep disabled and no active timers
[2025-12-29T09:34:49Z INFO  libafl_qemu::command::lqemu] Fuzzing starts @ PC 3778
[2025-12-29T09:34:49Z INFO  libafl::state] Loading file /home/zwz/Libafl/fuzzers/full_system/qemu_baremetal/corpus/golden_seed ...
Hello from FreeRTOS fuzz demo!
[TEST_CASE_COMPLETED]
[UserStats   #1]  (GLOBAL) run time: 0s, clients: 1, corpus: 0, objectives: 0, executions: 1, exec/sec: 0.000, edges: 100.000%
                  (CLIENT) corpus: 0, objectives: 0, executions: 1, exec/sec: 0.000, edges: 396/396 (100%)
[Testcase    #1]  (GLOBAL) run time: 0s, clients: 1, corpus: 1, objectives: 0, executions: 1, exec/sec: 0.000, edges: 100.000%
                  (CLIENT) corpus: 1, objectives: 0, executions: 1, exec/sec: 0.000, edges: 396/396 (100%)
We imported 1 inputs from disk.
Hello from FreeRTOS fuzz demo!
[TEST_CASE_COMPLETED]
Hello from FreeRTOS fuzz demo!
[TEST_CASE_COMPLETED]
Hello from FreeRTOS fuzz demo!
[TEST_CASE_COMPLETED]
Hello from FreeRTOS fuzz demo!
[TEST_CASE_COMPLETED]
Hello from FreeRTOS fuzz demo!
[TEST_CASE_COMPLETED]
Hello from FreeRTOS fuzz demo!
[TEST_CASE_COMPLETED]
Hello from FreeRTOS fuzz demo!
[TEST_CASE_COMPLETED]
Hello from FreeRTOS fuzz demo!
[TEST_CASE_COMPLETED]
[UserStats   #1]  (GLOBAL) run time: 0s, clients: 1, corpus: 1, objectives: 0, executions: 2, exec/sec: 0.000, edges: 100.000%
                  (CLIENT) corpus: 1, objectives: 0, executions: 2, exec/sec: 0.000, edges: 398/398 (100%)
[Testcase    #1]  (GLOBAL) run time: 0s, clients: 1, corpus: 2, objectives: 0, executions: 2, exec/sec: 0.000, edges: 100.000%
                  (CLIENT) corpus: 2, objectives: 0, executions: 2, exec/sec: 0.000, edges: 398/398 (100%)
[UserStats   #1]  (GLOBAL) run time: 0s, clients: 1, corpus: 2, objectives: 0, executions: 3, exec/sec: 0.000, edges: 100.000%
                  (CLIENT) corpus: 2, objectives: 0, executions: 3, exec/sec: 0.000, edges: 401/401 (100%)
Hello from FreeRTOS fuzz demo!
[TEST_CASE_COMPLETED]
[Testcase    #1]  (GLOBAL) run time: 0s, clients: 1, corpus: 3, objectives: 0, executions: 3, exec/sec: 0.000, edges: 100.000%
                  (CLIENT) corpus: 3, objectives: 0, executions: 3, exec/sec: 0.000, edges: 401/401 (100%)
[UserStats   #1]  (GLOBAL) run time: 0s, clients: 1, corpus: 3, objectives: 0, executions: 4, exec/sec: 0.000, edges: 100.000%
                  (CLIENT) corpus: 3, objectives: 0, executions: 4, exec/sec: 0.000, edges: 402/402 (100%)
Hello from FreeRTOS fuzz demo![Testcase    #1]  (GLOBAL) run time: 0s, clients: 1, corpus: 4, objectives: 0, executions: 4, exec/sec: 0.000, edges: 100.000%

                  (CLIENT) corpus: 4, objectives: 0, executions: 4, exec/sec: 0.000, edges: 402/402 (100%)
[UserStats   #1]  (GLOBAL) run time: 0s, clients: 1, corpus: 4, objectives: 0, executions: 5, exec/sec: 0.000, edges: 100.000%
                  (CLIENT) corpus: 4, objectives: 0, executions: 5, exec/sec: 0.000, edges: 403/403 (100%)
[TEST_CASE_COMPLETED]
[Testcase    #1]  (GLOBAL) run time: 0s, clients: 1, corpus: 5, objectives: 0, executions: 5, exec/sec: 0.000, edges: 100.000%
                  (CLIENT) corpus: 5, objectives: 0, executions: 5, exec/sec: 0.000, edges: 403/403 (100%)
[UserStats   #1]  (GLOBAL) run time: 0s, clients: 1, corpus: 5, objectives: 0, executions: 9, exec/sec: 0.000, edges: 100.000%
                  (CLIENT) corpus: 5, objectives: 0, executions: 9, exec/sec: 0.000, edges: 403/403 (100%)
[Testcase    #1]  (GLOBAL) run time: 0s, clients: 1, corpus: 6, objectives: 0, executions: 9, exec/sec: 0.000, edges: 100.000%
                  (CLIENT) corpus: 6, objectives: 0, executions: 9, exec/sec: 0.000, edges: 403/403 (100%)
[UserStats   #1]  (GLOBAL) run time: 0s, clients: 1, corpus: 6, objectives: 0, executions: 11, exec/sec: 0.000, edges: 100.000%
                  (CLIENT) corpus: 6, objectives: 0, executions: 11, exec/sec: 0.000, edges: 403/403 (100%)
Hello from FreeRTOS fuzz demo!
[TEST_CASE_COMPLETED]
Hello from FreeRTOS fuzz demo!
[TEST_CASE_COMPLETED]
Hello from FreeRTOS fuzz demo!
[TEST_CASE_COMPLETED]
Hello from FreeRTOS fuzz demo!
ASSERT! Line 563, file ./../../../../Source/event_groups.c
[Testcase    #1]  (GLOBAL) run time: 0s, clients: 1, corpus: 7, objectives: 0, executions: 11, exec/sec: 0.000, edges: 100.000%
                  (CLIENT) corpus: 7, objectives: 0, executions: 11, exec/sec: 0.000, edges: 403/403 (100%)
[UserStats   #1]  (GLOBAL) run time: 0s, clients: 1, corpus: 7, objectives: 0, executions: 13, exec/sec: 0.000, edges: 100.000%
                  (CLIENT) corpus: 7, objectives: 0, executions: 13, exec/sec: 0.000, edges: 403/403 (100%)
[Testcase    #1]  (GLOBAL) run time: 0s, clients: 1, corpus: 8, objectives: 0, executions: 13, exec/sec: 0.000, edges: 100.000%
                  (CLIENT) corpus: 8, objectives: 0, executions: 13, exec/sec: 0.000, edges: 403/403 (100%)
[UserStats   #1]  (GLOBAL) run time: 0s, clients: 1, corpus: 8, objectives: 0, executions: 14, exec/sec: 0.000, edges: 100.000%
                  (CLIENT) corpus: 8, objectives: 0, executions: 14, exec/sec: 0.000, edges: 403/403 (100%)
[Testcase    #1]  (GLOBAL) run time: 0s, clients: 1, corpus: 9, objectives: 0, executions: 14, exec/sec: 0.000, edges: 100.000%
                  (CLIENT) corpus: 9, objectives: 0, executions: 14, exec/sec: 0.000, edges: 403/403 (100%)
[Objective   #1]  (GLOBAL) run time: 3s, clients: 1, corpus: 9, objectives: 1, executions: 15, exec/sec: 4.797, edges: 100.000%
                  (CLIENT) corpus: 9, objectives: 1, executions: 15, exec/sec: 4.797, edges: 403/403 (100%)
[Objective   #1]  (GLOBAL) run time: 6s, clients: 1, corpus: 9, objectives: 2, executions: 16, exec/sec: 2.612, edges: 100.000%
                  (CLIENT) corpus: 9, objectives: 2, executions: 16, exec/sec: 2.612, edges: 403/403 (100%)
[Objective   #1]  (GLOBAL) run time: 9s, clients: 1, corpus: 9, objectives: 3, executions: 17, exec/sec: 1.863, edges: 100.000%
                  (CLIENT) corpus: 9, objectives: 3, executions: 17, exec/sec: 1.863, edges: 403/403 (100%)
[Objective   #1]  (GLOBAL) run time: 12s, clients: 1, corpus: 9, objectives: 4, executions: 18, exec/sec: 1.485, edges: 100.000%
                  (CLIENT) corpus: 9, objectives: 4, executions: 18, exec/sec: 1.485, edges: 403/403 (100%)
[Objective   #1]  (GLOBAL) run time: 15s, clients: 1, corpus: 9, objectives: 5, executions: 19, exec/sec: 1.256, edges: 100.000%
                  (CLIENT) corpus: 9, objectives: 5, executions: 19, exec/sec: 1.256, edges: 403/403 (100%)
[Objective   #1]  (GLOBAL) run time: 18s, clients: 1, corpus: 9, objectives: 6, executions: 20, exec/sec: 1.103, edges: 100.000%
                  (CLIENT) corpus: 9, objectives: 6, executions: 20, exec/sec: 1.103, edges: 403/403 (100%)
[Objective   #1]  (GLOBAL) run time: 21s, clients: 1, corpus: 9, objectives: 7, executions: 21, exec/sec: 0.994, edges: 100.000%
                  (CLIENT) corpus: 9, objectives: 7, executions: 21, exec/sec: 0.994, edges: 403/403 (100%)
[Objective   #1]  (GLOBAL) run time: 24s, clients: 1, corpus: 9, objectives: 8, executions: 22, exec/sec: 0.912, edges: 100.000%
                  (CLIENT) corpus: 9, objectives: 8, executions: 22, exec/sec: 0.912, edges: 403/403 (100%)
[Objective   #1]  (GLOBAL) run time: 27s, clients: 1, corpus: 9, objectives: 9, executions: 23, exec/sec: 0.848, edges: 100.000%
                  (CLIENT) corpus: 9, objectives: 9, executions: 23, exec/sec: 0.848, edges: 403/403 (100%)
[Objective   #1]  (GLOBAL) run time: 30s, clients: 1, corpus: 9, objectives: 10, executions: 24, exec/sec: 0.797, edges: 100.000%
                  (CLIENT) corpus: 9, objectives: 10, executions: 24, exec/sec: 0.797, edges: 403/403 (100%)
[Objective   #1]  (GLOBAL) run time: 33s, clients: 1, corpus: 9, objectives: 11, executions: 25, exec/sec: 0.755, edges: 100.000%
                  (CLIENT) corpus: 9, objectives: 11, executions: 25, exec/sec: 0.755, edges: 403/403 (100%)
[Objective   #1]  (GLOBAL) run time: 36s, clients: 1, corpus: 9, objectives: 12, executions: 26, exec/sec: 0.720, edges: 100.000%
                  (CLIENT) corpus: 9, objectives: 12, executions: 26, exec/sec: 0.720, edges: 403/403 (100%)
[Objective   #1]  (GLOBAL) run time: 39s, clients: 1, corpus: 9, objectives: 13, executions: 27, exec/sec: 0.690, edges: 100.000%
                  (CLIENT) corpus: 9, objectives: 13, executions: 27, exec/sec: 0.690, edges: 403/403 (100%)
[Objective   #1]  (GLOBAL) run time: 42s, clients: 1, corpus: 9, objectives: 14, executions: 28, exec/sec: 0.665, edges: 100.000%
                  (CLIENT) corpus: 9, objectives: 14, executions: 28, exec/sec: 0.665, edges: 403/403 (100%)
[Objective   #1]  (GLOBAL) run time: 45s, clients: 1, corpus: 9, objectives: 15, executions: 29, exec/sec: 0.643, edges: 100.000%
                  (CLIENT) corpus: 9, objectives: 15, executions: 29, exec/sec: 0.643, edges: 403/403 (100%)
[Objective   #1]  (GLOBAL) run time: 48s, clients: 1, corpus: 9, objectives: 16, executions: 30, exec/sec: 0.623, edges: 100.000%
                  (CLIENT) corpus: 9, objectives: 16, executions: 30, exec/sec: 0.623, edges: 403/403 (100%)
[Objective   #1]  (GLOBAL) run time: 51s, clients: 1, corpus: 9, objectives: 17, executions: 31, exec/sec: 0.606, edges: 100.000%
                  (CLIENT) corpus: 9, objectives: 17, executions: 31, exec/sec: 0.606, edges: 403/403 (100%)
[Objective   #1]  (GLOBAL) run time: 54s, clients: 1, corpus: 9, objectives: 18, executions: 32, exec/sec: 0.591, edges: 100.000%
                  (CLIENT) corpus: 9, objectives: 18, executions: 32, exec/sec: 0.591, edges: 403/403 (100%)
[Objective   #1]  (GLOBAL) run time: 57s, clients: 1, corpus: 9, objectives: 19, executions: 33, exec/sec: 0.578, edges: 100.000%
                  (CLIENT) corpus: 9, objectives: 19, executions: 33, exec/sec: 0.578, edges: 403/403 (100%)
[Objective   #1]  (GLOBAL) run time: 1m-0s, clients: 1, corpus: 9, objectives: 20, executions: 34, exec/sec: 0.565, edges: 100.000%
                  (CLIENT) corpus: 9, objectives: 20, executions: 34, exec/sec: 0.565, edges: 403/403 (100%)
[Objective   #1]  (GLOBAL) run time: 1m-3s, clients: 1, corpus: 9, objectives: 21, executions: 35, exec/sec: 0.554, edges: 100.000%
                  (CLIENT) corpus: 9, objectives: 21, executions: 35, exec/sec: 0.554, edges: 403/403 (100%)
[Objective   #1]  (GLOBAL) run time: 1m-6s, clients: 1, corpus: 9, objectives: 22, executions: 36, exec/sec: 0.544, edges: 100.000%
                  (CLIENT) corpus: 9, objectives: 22, executions: 36, exec/sec: 0.544, edges: 403/403 (100%)
[Objective   #1]  (GLOBAL) run time: 1m-9s, clients: 1, corpus: 9, objectives: 23, executions: 37, exec/sec: 0.535, edges: 100.000%
                  (CLIENT) corpus: 9, objectives: 23, executions: 37, exec/sec: 0.535, edges: 403/403 (100%)
[Objective   #1]  (GLOBAL) run time: 1m-12s, clients: 1, corpus: 9, objectives: 24, executions: 38, exec/sec: 0.527, edges: 100.000%
                  (CLIENT) corpus: 9, objectives: 24, executions: 38, exec/sec: 0.527, edges: 403/403 (100%)
[Objective   #1]  (GLOBAL) run time: 1m-15s, clients: 1, corpus: 9, objectives: 25, executions: 39, exec/sec: 0.519, edges: 100.000%
                  (CLIENT) corpus: 9, objectives: 25, executions: 39, exec/sec: 0.519, edges: 403/403 (100%)
[Objective   #1]  (GLOBAL) run time: 1m-18s, clients: 1, corpus: 9, objectives: 26, executions: 40, exec/sec: 0.512, edges: 100.000%
                  (CLIENT) corpus: 9, objectives: 26, executions: 40, exec/sec: 0.512, edges: 403/403 (100%)
[Objective   #1]  (GLOBAL) run time: 1m-21s, clients: 1, corpus: 9, objectives: 27, executions: 41, exec/sec: 0.505, edges: 100.000%
                  (CLIENT) corpus: 9, objectives: 27, executions: 41, exec/sec: 0.505, edges: 403/403 (100%)
[Objective   #1]  (GLOBAL) run time: 1m-24s, clients: 1, corpus: 9, objectives: 28, executions: 42, exec/sec: 0.499, edges: 100.000%
                  (CLIENT) corpus: 9, objectives: 28, executions: 42, exec/sec: 0.499, edges: 403/403 (100%)
[Objective   #1]  (GLOBAL) run time: 1m-27s, clients: 1, corpus: 9, objectives: 29, executions: 43, exec/sec: 0.493, edges: 100.000%
                  (CLIENT) corpus: 9, objectives: 29, executions: 43, exec/sec: 0.493, edges: 403/403 (100%)
[UserStats   #1]  (GLOBAL) run time: 1m-45s, clients: 1, corpus: 9, objectives: 29, executions: 49, exec/sec: 0.466, edges: 100.000%, stability: 100.000%
                  (CLIENT) corpus: 9, objectives: 29, executions: 49, exec/sec: 0.466, edges: 403/403 (100%), stability: 403/403 (100%)
[Client Heartbeat #1]  (GLOBAL) run time: 1m-45s, clients: 1, corpus: 9, objectives: 29, executions: 49, exec/sec: 0.466, edges: 100.000%, stability: 100.000%
                       (CLIENT) corpus: 9, objectives: 29, executions: 49, exec/sec: 0.466, edges: 403/403 (100%), stability: 403/403 (100%)
[Objective   #1]  (GLOBAL) run time: 1m-48s, clients: 1, corpus: 9, objectives: 30, executions: 50, exec/sec: 0.462, edges: 100.000%, stability: 100.000%
                  (CLIENT) corpus: 9, objectives: 30, executions: 50, exec/sec: 0.462, edges: 403/403 (100%), stability: 403/403 (100%)
[Objective   #1]  (GLOBAL) run time: 1m-51s, clients: 1, corpus: 9, objectives: 31, executions: 51, exec/sec: 0.459, edges: 100.000%, stability: 100.000%
                  (CLIENT) corpus: 9, objectives: 31, executions: 51, exec/sec: 0.459, edges: 403/403 (100%), stability: 403/403 (100%)
[Objective   #1]  (GLOBAL) run time: 1m-54s, clients: 1, corpus: 9, objectives: 32, executions: 52, exec/sec: 0.456, edges: 100.000%, stability: 100.000%
                  (CLIENT) corpus: 9, objectives: 32, executions: 52, exec/sec: 0.456, edges: 403/403 (100%), stability: 403/403 (100%)
[Objective   #1]  (GLOBAL) run time: 1m-57s, clients: 1, corpus: 9, objectives: 33, executions: 53, exec/sec: 0.452, edges: 100.000%, stability: 100.000%
                  (CLIENT) corpus: 9, objectives: 33, executions: 53, exec/sec: 0.452, edges: 403/403 (100%), stability: 403/403 (100%)
[Objective   #1]  (GLOBAL) run time: 2m-0s, clients: 1, corpus: 9, objectives: 34, executions: 54, exec/sec: 0.449, edges: 100.000%, stability: 100.000%
                  (CLIENT) corpus: 9, objectives: 34, executions: 54, exec/sec: 0.449, edges: 403/403 (100%), stability: 403/403 (100%)
[Objective   #1]  (GLOBAL) run time: 2m-3s, clients: 1, corpus: 9, objectives: 35, executions: 55, exec/sec: 0.447, edges: 100.000%, stability: 100.000%
                  (CLIENT) corpus: 9, objectives: 35, executions: 55, exec/sec: 0.447, edges: 403/403 (100%), stability: 403/403 (100%)
[Objective   #1]  (GLOBAL) run time: 2m-6s, clients: 1, corpus: 9, objectives: 36, executions: 56, exec/sec: 0.444, edges: 100.000%, stability: 100.000%
                  (CLIENT) corpus: 9, objectives: 36, executions: 56, exec/sec: 0.444, edges: 403/403 (100%), stability: 403/403 (100%)
[Objective   #1]  (GLOBAL) run time: 2m-9s, clients: 1, corpus: 9, objectives: 37, executions: 57, exec/sec: 0.441, edges: 100.000%, stability: 100.000%
                  (CLIENT) corpus: 9, objectives: 37, executions: 57, exec/sec: 0.441, edges: 403/403 (100%), stability: 403/403 (100%)
[Objective   #1]  (GLOBAL) run time: 2m-12s, clients: 1, corpus: 9, objectives: 38, executions: 58, exec/sec: 0.439, edges: 100.000%, stability: 100.000%
                  (CLIENT) corpus: 9, objectives: 38, executions: 58, exec/sec: 0.439, edges: 403/403 (100%), stability: 403/403 (100%)
[Objective   #1]  (GLOBAL) run time: 2m-15s, clients: 1, corpus: 9, objectives: 39, executions: 59, exec/sec: 0.437, edges: 100.000%, stability: 100.000%
                  (CLIENT) corpus: 9, objectives: 39, executions: 59, exec/sec: 0.437, edges: 403/403 (100%), stability: 403/403 (100%)
[Objective   #1]  (GLOBAL) run time: 2m-18s, clients: 1, corpus: 9, objectives: 40, executions: 60, exec/sec: 0.434, edges: 100.000%, stability: 100.000%
                  (CLIENT) corpus: 9, objectives: 40, executions: 60, exec/sec: 0.434, edges: 403/403 (100%), stability: 403/403 (100%)
[Objective   #1]  (GLOBAL) run time: 2m-21s, clients: 1, corpus: 9, objectives: 41, executions: 61, exec/sec: 0.432, edges: 100.000%, stability: 100.000%
                  (CLIENT) corpus: 9, objectives: 41, executions: 61, exec/sec: 0.432, edges: 403/403 (100%), stability: 403/403 (100%)
[Objective   #1]  (GLOBAL) run time: 2m-24s, clients: 1, corpus: 9, objectives: 42, executions: 62, exec/sec: 0.430, edges: 100.000%, stability: 100.000%
                  (CLIENT) corpus: 9, objectives: 42, executions: 62, exec/sec: 0.430, edges: 403/403 (100%), stability: 403/403 (100%)
[Objective   #1]  (GLOBAL) run time: 2m-27s, clients: 1, corpus: 9, objectives: 43, executions: 63, exec/sec: 0.428, edges: 100.000%, stability: 100.000%
                  (CLIENT) corpus: 9, objectives: 43, executions: 63, exec/sec: 0.428, edges: 403/403 (100%), stability: 403/403 (100%)
[Objective   #1]  (GLOBAL) run time: 2m-30s, clients: 1, corpus: 9, objectives: 44, executions: 64, exec/sec: 0.426, edges: 100.000%, stability: 100.000%
                  (CLIENT) corpus: 9, objectives: 44, executions: 64, exec/sec: 0.426, edges: 403/403 (100%), stability: 403/403 (100%)
[Objective   #1]  (GLOBAL) run time: 2m-33s, clients: 1, corpus: 9, objectives: 45, executions: 65, exec/sec: 0.424, edges: 100.000%, stability: 100.000%
                  (CLIENT) corpus: 9, objectives: 45, executions: 65, exec/sec: 0.424, edges: 403/403 (100%), stability: 403/403 (100%)
[Objective   #1]  (GLOBAL) run time: 2m-36s, clients: 1, corpus: 9, objectives: 46, executions: 66, exec/sec: 0.423, edges: 100.000%, stability: 100.000%
                  (CLIENT) corpus: 9, objectives: 46, executions: 66, exec/sec: 0.423, edges: 403/403 (100%), stability: 403/403 (100%)
[Objective   #1]  (GLOBAL) run time: 2m-39s, clients: 1, corpus: 9, objectives: 47, executions: 67, exec/sec: 0.421, edges: 100.000%, stability: 100.000%
                  (CLIENT) corpus: 9, objectives: 47, executions: 67, exec/sec: 0.421, edges: 403/403 (100%), stability: 403/403 (100%)
[Objective   #1]  (GLOBAL) run time: 2m-42s, clients: 1, corpus: 9, objectives: 48, executions: 68, exec/sec: 0.419, edges: 100.000%, stability: 100.000%
                  (CLIENT) corpus: 9, objectives: 48, executions: 68, exec/sec: 0.419, edges: 403/403 (100%), stability: 403/403 (100%)
[Objective   #1]  (GLOBAL) run time: 2m-45s, clients: 1, corpus: 9, objectives: 49, executions: 69, exec/sec: 0.418, edges: 100.000%, stability: 100.000%
                  (CLIENT) corpus: 9, objectives: 49, executions: 69, exec/sec: 0.418, edges: 403/403 (100%), stability: 403/403 (100%)
[Objective   #1]  (GLOBAL) run time: 2m-48s, clients: 1, corpus: 9, objectives: 50, executions: 70, exec/sec: 0.416, edges: 100.000%, stability: 100.000%
                  (CLIENT) corpus: 9, objectives: 50, executions: 70, exec/sec: 0.416, edges: 403/403 (100%), stability: 403/403 (100%)
[Client Heartbeat #1]  (GLOBAL) run time: 3m-6s, clients: 1, corpus: 9, objectives: 50, executions: 76, exec/sec: 0.408, edges: 100.000%, stability: 100.000%
                       (CLIENT) corpus: 9, objectives: 50, executions: 76, exec/sec: 0.408, edges: 403/403 (100%), stability: 403/403 (100%)
[Objective   #1]  (GLOBAL) run time: 3m-9s, clients: 1, corpus: 9, objectives: 51, executions: 77, exec/sec: 0.407, edges: 100.000%, stability: 100.000%
                  (CLIENT) corpus: 9, objectives: 51, executions: 77, exec/sec: 0.407, edges: 403/403 (100%), stability: 403/403 (100%)
[Objective   #1]  (GLOBAL) run time: 3m-12s, clients: 1, corpus: 9, objectives: 52, executions: 78, exec/sec: 0.406, edges: 100.000%, stability: 100.000%
                  (CLIENT) corpus: 9, objectives: 52, executions: 78, exec/sec: 0.406, edges: 403/403 (100%), stability: 403/403 (100%)
[Objective   #1]  (GLOBAL) run time: 3m-15s, clients: 1, corpus: 9, objectives: 53, executions: 79, exec/sec: 0.405, edges: 100.000%, stability: 100.000%
                  (CLIENT) corpus: 9, objectives: 53, executions: 79, exec/sec: 0.405, edges: 403/403 (100%), stability: 403/403 (100%)
[Objective   #1]  (GLOBAL) run time: 3m-18s, clients: 1, corpus: 9, objectives: 54, executions: 80, exec/sec: 0.404, edges: 100.000%, stability: 100.000%
                  (CLIENT) corpus: 9, objectives: 54, executions: 80, exec/sec: 0.404, edges: 403/403 (100%), stability: 403/403 (100%)
[Objective   #1]  (GLOBAL) run time: 3m-21s, clients: 1, corpus: 9, objectives: 55, executions: 81, exec/sec: 0.403, edges: 100.000%, stability: 100.000%
                  (CLIENT) corpus: 9, objectives: 55, executions: 81, exec/sec: 0.403, edges: 403/403 (100%), stability: 403/403 (100%)
[Objective   #1]  (GLOBAL) run time: 3m-24s, clients: 1, corpus: 9, objectives: 56, executions: 82, exec/sec: 0.402, edges: 100.000%, stability: 100.000%
                  (CLIENT) corpus: 9, objectives: 56, executions: 82, exec/sec: 0.402, edges: 403/403 (100%), stability: 403/403 (100%)
[Objective   #1]  (GLOBAL) run time: 3m-27s, clients: 1, corpus: 9, objectives: 57, executions: 83, exec/sec: 0.401, edges: 100.000%, stability: 100.000%
                  (CLIENT) corpus: 9, objectives: 57, executions: 83, exec/sec: 0.401, edges: 403/403 (100%), stability: 403/403 (100%)
[Objective   #1]  (GLOBAL) run time: 3m-30s, clients: 1, corpus: 9, objectives: 58, executions: 84, exec/sec: 0.400, edges: 100.000%, stability: 100.000%
                  (CLIENT) corpus: 9, objectives: 58, executions: 84, exec/sec: 0.400, edges: 403/403 (100%), stability: 403/403 (100%)
[Objective   #1]  (GLOBAL) run time: 3m-33s, clients: 1, corpus: 9, objectives: 59, executions: 85, exec/sec: 0.399, edges: 100.000%, stability: 100.000%
                  (CLIENT) corpus: 9, objectives: 59, executions: 85, exec/sec: 0.399, edges: 403/403 (100%), stability: 403/403 (100%)
[Objective   #1]  (GLOBAL) run time: 3m-36s, clients: 1, corpus: 9, objectives: 60, executions: 86, exec/sec: 0.398, edges: 100.000%, stability: 100.000%
                  (CLIENT) corpus: 9, objectives: 60, executions: 86, exec/sec: 0.398, edges: 403/403 (100%), stability: 403/403 (100%)
[Objective   #1]  (GLOBAL) run time: 3m-39s, clients: 1, corpus: 9, objectives: 61, executions: 87, exec/sec: 0.397, edges: 100.000%, stability: 100.000%
                  (CLIENT) corpus: 9, objectives: 61, executions: 87, exec/sec: 0.397, edges: 403/403 (100%), stability: 403/403 (100%)
[Objective   #1]  (GLOBAL) run time: 3m-42s, clients: 1, corpus: 9, objectives: 62, executions: 88, exec/sec: 0.396, edges: 100.000%, stability: 100.000%
                  (CLIENT) corpus: 9, objectives: 62, executions: 88, exec/sec: 0.396, edges: 403/403 (100%), stability: 403/403 (100%)
[Objective   #1]  (GLOBAL) run time: 3m-45s, clients: 1, corpus: 9, objectives: 63, executions: 89, exec/sec: 0.395, edges: 100.000%, stability: 100.000%
                  (CLIENT) corpus: 9, objectives: 63, executions: 89, exec/sec: 0.395, edges: 403/403 (100%), stability: 403/403 (100%)
[Objective   #1]  (GLOBAL) run time: 3m-48s, clients: 1, corpus: 9, objectives: 64, executions: 90, exec/sec: 0.394, edges: 100.000%, stability: 100.000%
                  (CLIENT) corpus: 9, objectives: 64, executions: 90, exec/sec: 0.394, edges: 403/403 (100%), stability: 403/403 (100%)
[Objective   #1]  (GLOBAL) run time: 3m-51s, clients: 1, corpus: 9, objectives: 65, executions: 91, exec/sec: 0.394, edges: 100.000%, stability: 100.000%
                  (CLIENT) corpus: 9, objectives: 65, executions: 91, exec/sec: 0.394, edges: 403/403 (100%), stability: 403/403 (100%)
[Objective   #1]  (GLOBAL) run time: 3m-54s, clients: 1, corpus: 9, objectives: 66, executions: 92, exec/sec: 0.393, edges: 100.000%, stability: 100.000%
                  (CLIENT) corpus: 9, objectives: 66, executions: 92, exec/sec: 0.393, edges: 403/403 (100%), stability: 403/403 (100%)
[Objective   #1]  (GLOBAL) run time: 3m-57s, clients: 1, corpus: 9, objectives: 67, executions: 93, exec/sec: 0.392, edges: 100.000%, stability: 100.000%
                  (CLIENT) corpus: 9, objectives: 67, executions: 93, exec/sec: 0.392, edges: 403/403 (100%), stability: 403/403 (100%)
[Objective   #1]  (GLOBAL) run time: 4m-0s, clients: 1, corpus: 9, objectives: 68, executions: 94, exec/sec: 0.391, edges: 100.000%, stability: 100.000%
                  (CLIENT) corpus: 9, objectives: 68, executions: 94, exec/sec: 0.391, edges: 403/403 (100%), stability: 403/403 (100%)
[Objective   #1]  (GLOBAL) run time: 4m-3s, clients: 1, corpus: 9, objectives: 69, executions: 95, exec/sec: 0.391, edges: 100.000%, stability: 100.000%
                  (CLIENT) corpus: 9, objectives: 69, executions: 95, exec/sec: 0.391, edges: 403/403 (100%), stability: 403/403 (100%)
[Objective   #1]  (GLOBAL) run time: 4m-6s, clients: 1, corpus: 9, objectives: 70, executions: 96, exec/sec: 0.390, edges: 100.000%, stability: 100.000%
                  (CLIENT) corpus: 9, objectives: 70, executions: 96, exec/sec: 0.390, edges: 403/403 (100%), stability: 403/403 (100%)
[Objective   #1]  (GLOBAL) run time: 4m-9s, clients: 1, corpus: 9, objectives: 71, executions: 97, exec/sec: 0.389, edges: 100.000%, stability: 100.000%
                  (CLIENT) corpus: 9, objectives: 71, executions: 97, exec/sec: 0.389, edges: 403/403 (100%), stability: 403/403 (100%)
[Objective   #1]  (GLOBAL) run time: 4m-12s, clients: 1, corpus: 9, objectives: 72, executions: 98, exec/sec: 0.389, edges: 100.000%, stability: 100.000%
                  (CLIENT) corpus: 9, objectives: 72, executions: 98, exec/sec: 0.389, edges: 403/403 (100%), stability: 403/403 (100%)
[Objective   #1]  (GLOBAL) run time: 4m-15s, clients: 1, corpus: 9, objectives: 73, executions: 99, exec/sec: 0.388, edges: 100.000%, stability: 100.000%
                  (CLIENT) corpus: 9, objectives: 73, executions: 99, exec/sec: 0.388, edges: 403/403 (100%), stability: 403/403 (100%)
[Objective   #1]  (GLOBAL) run time: 4m-18s, clients: 1, corpus: 9, objectives: 74, executions: 100, exec/sec: 0.387, edges: 100.000%, stability: 100.000%
                  (CLIENT) corpus: 9, objectives: 74, executions: 100, exec/sec: 0.387, edges: 403/403 (100%), stability: 403/403 (100%)
[Objective   #1]  (GLOBAL) run time: 4m-21s, clients: 1, corpus: 9, objectives: 75, executions: 101, exec/sec: 0.387, edges: 100.000%, stability: 100.000%
                  (CLIENT) corpus: 9, objectives: 75, executions: 101, exec/sec: 0.387, edges: 403/403 (100%), stability: 403/403 (100%)
[Objective   #1]  (GLOBAL) run time: 4m-24s, clients: 1, corpus: 9, objectives: 76, executions: 102, exec/sec: 0.386, edges: 100.000%, stability: 100.000%
                  (CLIENT) corpus: 9, objectives: 76, executions: 102, exec/sec: 0.386, edges: 403/403 (100%), stability: 403/403 (100%)
[Objective   #1]  (GLOBAL) run time: 4m-27s, clients: 1, corpus: 9, objectives: 77, executions: 103, exec/sec: 0.386, edges: 100.000%, stability: 100.000%
                  (CLIENT) corpus: 9, objectives: 77, executions: 103, exec/sec: 0.386, edges: 403/403 (100%), stability: 403/403 (100%)
[Objective   #1]  (GLOBAL) run time: 4m-30s, clients: 1, corpus: 9, objectives: 78, executions: 104, exec/sec: 0.385, edges: 100.000%, stability: 100.000%
                  (CLIENT) corpus: 9, objectives: 78, executions: 104, exec/sec: 0.385, edges: 403/403 (100%), stability: 403/403 (100%)
[Objective   #1]  (GLOBAL) run time: 4m-33s, clients: 1, corpus: 9, objectives: 79, executions: 105, exec/sec: 0.384, edges: 100.000%, stability: 100.000%
                  (CLIENT) corpus: 9, objectives: 79, executions: 105, exec/sec: 0.384, edges: 403/403 (100%), stability: 403/403 (100%)
[Objective   #1]  (GLOBAL) run time: 4m-36s, clients: 1, corpus: 9, objectives: 80, executions: 106, exec/sec: 0.384, edges: 100.000%, stability: 100.000%
                  (CLIENT) corpus: 9, objectives: 80, executions: 106, exec/sec: 0.384, edges: 403/403 (100%), stability: 403/403 (100%)
[Objective   #1]  (GLOBAL) run time: 4m-39s, clients: 1, corpus: 9, objectives: 81, executions: 107, exec/sec: 0.383, edges: 100.000%, stability: 100.000%
                  (CLIENT) corpus: 9, objectives: 81, executions: 107, exec/sec: 0.383, edges: 403/403 (100%), stability: 403/403 (100%)
[Objective   #1]  (GLOBAL) run time: 4m-42s, clients: 1, corpus: 9, objectives: 82, executions: 108, exec/sec: 0.383, edges: 100.000%, stability: 100.000%
                  (CLIENT) corpus: 9, objectives: 82, executions: 108, exec/sec: 0.383, edges: 403/403 (100%), stability: 403/403 (100%)
[Objective   #1]  (GLOBAL) run time: 4m-45s, clients: 1, corpus: 9, objectives: 83, executions: 109, exec/sec: 0.382, edges: 100.000%, stability: 100.000%
                  (CLIENT) corpus: 9, objectives: 83, executions: 109, exec/sec: 0.382, edges: 403/403 (100%), stability: 403/403 (100%)
[Objective   #1]  (GLOBAL) run time: 4m-48s, clients: 1, corpus: 9, objectives: 84, executions: 110, exec/sec: 0.382, edges: 100.000%, stability: 100.000%
                  (CLIENT) corpus: 9, objectives: 84, executions: 110, exec/sec: 0.382, edges: 403/403 (100%), stability: 403/403 (100%)
[Objective   #1]  (GLOBAL) run time: 4m-51s, clients: 1, corpus: 9, objectives: 85, executions: 111, exec/sec: 0.381, edges: 100.000%, stability: 100.000%
                  (CLIENT) corpus: 9, objectives: 85, executions: 111, exec/sec: 0.381, edges: 403/403 (100%), stability: 403/403 (100%)
[Objective   #1]  (GLOBAL) run time: 4m-54s, clients: 1, corpus: 9, objectives: 86, executions: 112, exec/sec: 0.381, edges: 100.000%, stability: 100.000%
                  (CLIENT) corpus: 9, objectives: 86, executions: 112, exec/sec: 0.381, edges: 403/403 (100%), stability: 403/403 (100%)
[Objective   #1]  (GLOBAL) run time: 4m-57s, clients: 1, corpus: 9, objectives: 87, executions: 113, exec/sec: 0.380, edges: 100.000%, stability: 100.000%
                  (CLIENT) corpus: 9, objectives: 87, executions: 113, exec/sec: 0.380, edges: 403/403 (100%), stability: 403/403 (100%)
[Objective   #1]  (GLOBAL) run time: 5m-0s, clients: 1, corpus: 9, objectives: 88, executions: 114, exec/sec: 0.380, edges: 100.000%, stability: 100.000%
                  (CLIENT) corpus: 9, objectives: 88, executions: 114, exec/sec: 0.380, edges: 403/403 (100%), stability: 403/403 (100%)
[Objective   #1]  (GLOBAL) run time: 5m-3s, clients: 1, corpus: 9, objectives: 89, executions: 115, exec/sec: 0.379, edges: 100.000%, stability: 100.000%
                  (CLIENT) corpus: 9, objectives: 89, executions: 115, exec/sec: 0.379, edges: 403/403 (100%), stability: 403/403 (100%)
