FUZZ_INPUT @ 0x20000064
main address = 0x34fc
Breakpoint address = 0x35da
[2025-12-29T09:22:45Z INFO  libafl::events::launcher] spawning on cores: Cores { cmdline: "1", ids: [CoreId(1)] }
[2025-12-29T09:22:45Z INFO  libafl::events::launcher] child spawned with id 1 and bound to core CoreId(1)
[2025-12-29T09:22:45Z INFO  libafl::events::launcher] I am broker!!.
[2025-12-29T09:22:45Z INFO  libafl::events::launcher] 3971416 PostFork
[2025-12-29T09:22:45Z INFO  libafl_bolts::llmp] Successfully setup signal handlers
[2025-12-29T09:22:45Z INFO  libafl_bolts::llmp] Connected to port 1337
[2025-12-29T09:22:45Z INFO  libafl_bolts::llmp] New connection: 127.0.0.1:39148/127.0.0.1:39148
[2025-12-29T09:22:45Z INFO  libafl::events::llmp::restarting] Setting core affinity to CoreId(1)
[2025-12-29T09:22:45Z INFO  libafl::events::llmp::restarting] Spawning next client (id 0)
[2025-12-29T09:22:45Z INFO  libafl::events::llmp::restarting] First run. Let's set it all up
qemu_baremetal: warning: nic lan9118.0 has no peer
Devices = ["timer", "cpu_common", "cpu", "armv7m_nvic", "armv7m_systick", "armv7m", "or-irq", "cmsdk-apb-uart", "cmsdk-apb-uart", "cmsdk-apb-uart", "cmsdk-apb-uart", "cmsdk-apb-uart", "cmsdk-apb-timer", "cmsdk-apb-timer", "cmsdk-apb-dualtimer", "cmsdk-apb-watchdog", "led", "led", "led", "led", "led", "led", "led", "led", "mps2-scc", "led", "led", "mps2-fpgaio", "pl022_ssp", "or-irq", "pl022_ssp", "pl022_ssp", "or-irq", "pl022_ssp", "pl022_ssp", "i2c_bus", "i2c_bus", "i2c_bus", "i2c_bus", "lan9118-phy", "lan9118"]
qemu_baremetal: warning: icount sleep disabled and no active timers
[2025-12-29T09:22:45Z INFO  libafl_qemu::command::lqemu] Fuzzing starts @ PC 34fc
[2025-12-29T09:22:45Z INFO  libafl::state] Loading file /home/zwz/Libafl/fuzzers/full_system/qemu_baremetal/corpus/golden_seed ...
Hello from FreeRTOS fuzz demo!
[TEST_CASE_COMPLETED]
[UserStats   #1]  (GLOBAL) run time: 0s, clients: 1, corpus: 0, objectives: 0, executions: 1, exec/sec: 0.000, edges: 100.000%
                  (CLIENT) corpus: 0, objectives: 0, executions: 1, exec/sec: 0.000, edges: 431/431 (100%)
[Testcase    #1]  (GLOBAL) run time: 0s, clients: 1, corpus: 1, objectives: 0, executions: 1, exec/sec: 0.000, edges: 100.000%
                  (CLIENT) corpus: 1, objectives: 0, executions: 1, exec/sec: 0.000, edges: 431/431 (100%)
We imported 1 inputs from disk.
Hello from FreeRTOS fuzz demo!
[TEST_CASE_COMPLETED]
Hello from FreeRTOS fuzz demo!
[TEST_CASE_COMPLETED]
Hello from FreeRTOS fuzz demo!
[TEST_CASE_COMPLETED]
Hello from FreeRTOS fuzz demo!
[TEST_CASE_COMPLETED]
Hello from FreeRTOS fuzz demo!
[UserStats   #1]  (GLOBAL) run time: 0s, clients: 1, corpus: 1, objectives: 0, executions: 3, exec/sec: 0.000, edges: 100.000%
                  (CLIENT) corpus: 1, objectives: 0, executions: 3, exec/sec: 0.000, edges: 433/433 (100%)
[Testcase    #1]  (GLOBAL) run time: 0s, clients: 1, corpus: 2, objectives: 0, executions: 3, exec/sec: 0.000, edges: 100.000%
                  (CLIENT) corpus: 2, objectives: 0, executions: 3, exec/sec: 0.000, edges: 433/433 (100%)
[UserStats   #1]  (GLOBAL) run time: 0s, clients: 1, corpus: 2, objectives: 0, executions: 5, exec/sec: 0.000, edges: 100.000%
                  (CLIENT) corpus: 2, objectives: 0, executions: 5, exec/sec: 0.000, edges: 434/434 (100%)
[TEST_CASE_COMPLETED]
[Testcase    #1]  (GLOBAL) run time: 0s, clients: 1, corpus: 3, objectives: 0, executions: 5, exec/sec: 0.000, edges: 100.000%
                  (CLIENT) corpus: 3, objectives: 0, executions: 5, exec/sec: 0.000, edges: 434/434 (100%)
Hello from FreeRTOS fuzz demo!
[TEST_CASE_COMPLETED]
Hello from FreeRTOS fuzz demo!
[TEST_CASE_COMPLETED]
Hello from FreeRTOS fuzz demo!
[TEST_CASE_COMPLETED]
Hello from FreeRTOS fuzz demo!
[TEST_CASE_COMPLETED]
Hello from FreeRTOS fuzz demo!
[TEST_CASE_COMPLETED]
[UserStats   #1]  (GLOBAL) run time: 0s, clients: 1, corpus: 3, objectives: 0, executions: 7, exec/sec: 0.000, edges: 100.000%
                  (CLIENT) corpus: 3, objectives: 0, executions: 7, exec/sec: 0.000, edges: 436/436 (100%)
[Testcase    #1]  (GLOBAL) run time: 0s, clients: 1, corpus: 4, objectives: 0, executions: 7, exec/sec: 0.000, edges: 100.000%
                  (CLIENT) corpus: 4, objectives: 0, executions: 7, exec/sec: 0.000, edges: 436/436 (100%)
[UserStats   #1]  (GLOBAL) run time: 0s, clients: 1, corpus: 4, objectives: 0, executions: 8, exec/sec: 0.000, edges: 100.000%
                  (CLIENT) corpus: 4, objectives: 0, executions: 8, exec/sec: 0.000, edges: 437/437 (100%)
Hello from FreeRTOS fuzz demo!
[Testcase    #1]  (GLOBAL) run time: 0s, clients: 1, corpus: 5, objectives: 0, executions: 8, exec/sec: 0.000, edges: 100.000%
                  (CLIENT) corpus: 5, objectives: 0, executions: 8, exec/sec: 0.000, edges: 437/437 (100%)
[UserStats   #1]  (GLOBAL) run time: 0s, clients: 1, corpus: 5, objectives: 0, executions: 9, exec/sec: 0.000, edges: 100.000%
                  (CLIENT) corpus: 5, objectives: 0, executions: 9, exec/sec: 0.000, edges: 438/438 (100%)
[Testcase    #1]  (GLOBAL) run time: 0s, clients: 1, corpus: 6, objectives: 0, executions: 9, exec/sec: 0.000, edges: 100.000%
                  (CLIENT) corpus: 6, objectives: 0, executions: 9, exec/sec: 0.000, edges: 438/438 (100%)
[UserStats   #1]  (GLOBAL) run time: 0s, clients: 1, corpus: 6, objectives: 0, executions: 11, exec/sec: 0.000, edges: 100.000%
                  (CLIENT) corpus: 6, objectives: 0, executions: 11, exec/sec: 0.000, edges: 439/439 (100%)
[Testcase    #1]  (GLOBAL) run time: 0s, clients: 1, corpus: 7, objectives: 0, executions: 11, exec/sec: 0.000, edges: 100.000%
                  (CLIENT) corpus: 7, objectives: 0, executions: 11, exec/sec: 0.000, edges: 439/439 (100%)
[TEST_CASE_COMPLETED]
Hello from FreeRTOS fuzz demo!
[TEST_CASE_COMPLETED]
Hello from FreeRTOS fuzz demo!
[TEST_CASE_COMPLETED]
Hello from FreeRTOS fuzz demo!
[TEST_CASE_COMPLETED]
Hello from FreeRTOS fuzz demo!
[TEST_CASE_COMPLETED]
[UserStats   #1]  (GLOBAL) run time: 0s, clients: 1, corpus: 7, objectives: 0, executions: 12, exec/sec: 0.000, edges: 100.000%
                  (CLIENT) corpus: 7, objectives: 0, executions: 12, exec/sec: 0.000, edges: 439/439 (100%)
[Testcase    #1]  (GLOBAL) run time: 0s, clients: 1, corpus: 8, objectives: 0, executions: 12, exec/sec: 0.000, edges: 100.000%
                  (CLIENT) corpus: 8, objectives: 0, executions: 12, exec/sec: 0.000, edges: 439/439 (100%)
[UserStats   #1]  (GLOBAL) run time: 0s, clients: 1, corpus: 8, objectives: 0, executions: 13, exec/sec: 0.000, edges: 100.000%
                  (CLIENT) corpus: 8, objectives: 0, executions: 13, exec/sec: 0.000, edges: 440/440 (100%)
Hello from FreeRTOS fuzz demo!
[Testcase    #1]  (GLOBAL) run time: 0s, clients: 1, corpus: 9, objectives: 0, executions: 13, exec/sec: 0.000, edges: 100.000%
                  (CLIENT) corpus: 9, objectives: 0, executions: 13, exec/sec: 0.000, edges: 440/440 (100%)
[UserStats   #1]  (GLOBAL) run time: 0s, clients: 1, corpus: 9, objectives: 0, executions: 14, exec/sec: 0.000, edges: 100.000%
                  (CLIENT) corpus: 9, objectives: 0, executions: 14, exec/sec: 0.000, edges: 449/449 (100%)
[Testcase    #1]  (GLOBAL) run time: 0s, clients: 1, corpus: 10, objectives: 0, executions: 14, exec/sec: 0.000, edges: 100.000%
                  (CLIENT) corpus: 10, objectives: 0, executions: 14, exec/sec: 0.000, edges: 449/449 (100%)
[UserStats   #1]  (GLOBAL) run time: 0s, clients: 1, corpus: 10, objectives: 0, executions: 16, exec/sec: 0.000, edges: 100.000%
                  (CLIENT) corpus: 10, objectives: 0, executions: 16, exec/sec: 0.000, edges: 450/450 (100%)
[Testcase    #1]  (GLOBAL) run time: 0s, clients: 1, corpus: 11, objectives: 0, executions: 16, exec/sec: 0.000, edges: 100.000%
[T                  (CLIENT) corpus: 11, objectives: 0, executions: 16, exec/sec: 0.000, edges: 450/450 (100%)
EST_CASE_COMPLETED]
Hello from FreeRTOS fuzz demo!
[TEST_CASE_COMPLETED]
Hello from FreeRTOS fuzz demo!
[TEST_CASE_COMPLETED]
Hello from FreeRTOS fuzz demo!
[TEST_CASE_COMPLETED]
Hello from FreeRTOS fuzz demo!
[TEST_CASE_COMPLETED]
Hello from FreeRTOS fuzz demo!
[TEST_CASE_COMPLETED]
Hello from FreeRTOS fuzz demo!
[TEST_CASE_COMPLETED]
Hello from FreeRTOS fuzz demo!
[TEST_CASE_COMPLETED]
Hello from FreeRTOS fuzz demo!
[TEST_CASE_COMPLETED]
Hello from FreeRTOS fuzz demo!
[TEST_CASE_COMPLETED]
[UserStats   #1]  (GLOBAL) run time: 0s, clients: 1, corpus: 11, objectives: 0, executions: 23, exec/sec: 0.000, edges: 100.000%
                  (CLIENT) corpus: 11, objectives: 0, executions: 23, exec/sec: 0.000, edges: 453/453 (100%)
Hello fro[Testcase    #1]  (GLOBAL) run time: 0s, clients: 1, corpus: 12, objectives: 0, executions: 23, exec/sec: 0.000, edges: 100.000%
m                   (CLIENT) corpus: 12, objectives: 0, executions: 23, exec/sec: 0.000, edges: 453/453 (100%)
FreeRTOS fuzz demo![UserStats   #1]  (GLOBAL) run time: 0s, clients: 1, corpus: 12, objectives: 0, executions: 24, exec/sec: 0.000, edges: 100.000%

                  (CLIENT) corpus: 12, objectives: 0, executions: 24, exec/sec: 0.000, edges: 454/454 (100%)
[Testcase    #1]  (GLOBAL) run time: 0s, clients: 1, corpus: 13, objectives: 0, executions: 24, exec/sec: 0.000, edges: 100.000%
                  (CLIENT) corpus: 13, objectives: 0, executions: 24, exec/sec: 0.000, edges: 454/454 (100%)
[UserStats   #1]  (GLOBAL) run time: 0s, clients: 1, corpus: 13, objectives: 0, executions: 25, exec/sec: 0.000, edges: 100.000%
                  (CLIENT) corpus: 13, objectives: 0, executions: 25, exec/sec: 0.000, edges: 455/455 (100%)
[Testcase    #1]  (GLOBAL) run time: 0s, clients: 1, corpus: 14, objectives: 0, executions: 25, exec/sec: 0.000, edges: 100.000%
                  (CLIENT) corpus: 14, objectives: 0, executions: 25, exec/sec: 0.000, edges: 455/455 (100%)
[TEST_CASE_COMPLETED]
Hello from FreeRTOS fuzz demo!
[TEST_CASE_COMPLETED]
Hello from FreeRTOS fuzz demo!
[TEST_CASE_COMPLETED]
Hello from FreeRTOS fuzz demo!
[TEST_CASE_COMPLETED]
Hello from FreeRTOS fuzz demo!
[TEST_CASE_COMPLETED]
Hello from Free[UserStats   #1]  (GLOBAL) run time: 0s, clients: 1, corpus: 14, objectives: 0, executions: 29, exec/sec: 0.000, edges: 100.000%
R                  (CLIENT) corpus: 14, objectives: 0, executions: 29, exec/sec: 0.000, edges: 457/457 (100%)
TOS fuzz demo!
[Testcase    #1]  (GLOBAL) run time: 0s, clients: 1, corpus: 15, objectives: 0, executions: 29, exec/sec: 0.000, edges: 100.000%
                  (CLIENT) corpus: 15, objectives: 0, executions: 29, exec/sec: 0.000, edges: 457/457 (100%)
[UserStats   #1]  (GLOBAL) run time: 0s, clients: 1, corpus: 15, objectives: 0, executions: 30, exec/sec: 0.000, edges: 100.000%
                  (CLIENT) corpus: 15, objectives: 0, executions: 30, exec/sec: 0.000, edges: 458/458 (100%)
[TEST_CASE_COMPLETED]
[Testcase    #1]  (GLOBAL) run time: 0s, clients: 1, corpus: 16, objectives: 0, executions: 30, exec/sec: 0.000, edges: 100.000%
                  (CLIENT) corpus: 16, objectives: 0, executions: 30, exec/sec: 0.000, edges: 458/458 (100%)
[UserStats   #1]  (GLOBAL) run time: 0s, clients: 1, corpus: 16, objectives: 0, executions: 31, exec/sec: 0.000, edges: 100.000%
                  (CLIENT) corpus: 16, objectives: 0, executions: 31, exec/sec: 0.000, edges: 460/460 (100%)
Hello from FreeRTOS fuz[Testcase    #1]  (GLOBAL) run time: 0s, clients: 1, corpus: 17, objectives: 0, executions: 31, exec/sec: 0.000, edges: 100.000%
z                   (CLIENT) corpus: 17, objectives: 0, executions: 31, exec/sec: 0.000, edges: 460/460 (100%)
demo!
[TEST_CASE_COMPLETED]
Hello from FreeRTOS fuzz demo!
[TEST_CASE_COMPLETED]
Hello from FreeRTOS fuzz demo!
[TEST_CASE_COMPLETED]
Hello from FreeRTOS fuzz demo!
[TEST_CASE_COMPLETED]
Hello from FreeRTOS fuzz demo!
[TEST_CASE_COMPLETED]
Hello from FreeRTOS fuzz demo!
[TEST_CASE_COMPLETED]
Hello from FreeRTOS fuzz demo!
[TEST_CASE_COMPLETED]
Hello from FreeRTOS fuzz demo!
[TEST_CASE_COMPLETED]
Hello from FreeRTOS fuzz demo!
[TEST_CASE_COMPLETED]
Hello from FreeRTOS fuzz demo!
[UserStats   #1]  (GLOBAL) run time: 0s, clients: 1, corpus: 17, objectives: 0, executions: 41, exec/sec: 0.000, edges: 100.000%, stability: 100.000%
                  (CLIENT) corpus: 17, objectives: 0, executions: 41, exec/sec: 0.000, edges: 460/460 (100%), stability: 460/460 (100%)
[TEST_CASE_COMPLETED]
Hello from FreeRTOS fuzz demo!
[TEST_CASE_COMPLETED]
Hello from FreeRTOS fuzz demo!
[TEST_CASE_COMPLETED]
Hello from FreeRTOS fuzz demo!
[TEST_CASE_COMPLETED]
Hello from FreeRTOS fuzz demo!
[TEST_CASE_COMPLETED]
Hello from FreeRTOS fuzz demo!
[UserStats   #1]  (GLOBAL) run time: 0s, clients: 1, corpus: 17, objectives: 0, executions: 42, exec/sec: 0.000, edges: 100.000%, stability: 100.000%
                  (CLIENT) corpus: 17, objectives: 0, executions: 42, exec/sec: 0.000, edges: 461/461 (100%), stability: 460/460 (100%)
[Testcase    #1]  (GLOBAL) run time: 0s, clients: 1, corpus: 18, objectives: 0, executions: 42, exec/sec: 0.000, edges: 100.000%, stability: 100.000%
                  (CLIENT) corpus: 18, objectives: 0, executions: 42, exec/sec: 0.000, edges: 461/461 (100%), stability: 460/460 (100%)
[UserStats   #1]  (GLOBAL) run time: 0s, clients: 1, corpus: 18, objectives: 0, executions: 45, exec/sec: 0.000, edges: 100.000%, stability: 100.000%
                  (CLIENT) corpus: 18, objectives: 0, executions: 45, exec/sec: 0.000, edges: 463/463 (100%), stability: 460/460 (100%)
[Testcase    #1]  (GLOBAL) run time: 0s, clients: 1, corpus: 19, objectives: 0, executions: 45, exec/sec: 0.000, edges: 100.000%, stability: 100.000%
                  (CLIENT) corpus: 19, objectives: 0, executions: 45, exec/sec: 0.000, edges: 463/463 (100%), stability: 460/460 (100%)
[TEST_CASE_COMPLETED]
Hello from FreeRTOS fuzz demo!
[TEST_CASE_COMPLETED]
Hello from FreeRTOS fuzz demo!
[TEST_CASE_COMPLETED]
Hello from FreeRTOS fuzz demo!
[TEST_CASE_COMPLETED]
Hello from FreeRTOS fuzz demo!
[TEST_CASE_COMPLETED]
Hello from FreeR[UserStats   #1]  (GLOBAL) run time: 0s, clients: 1, corpus: 19, objectives: 0, executions: 47, exec/sec: 0.000, edges: 100.000%, stability: 100.000%
TO                  (CLIENT) corpus: 19, objectives: 0, executions: 47, exec/sec: 0.000, edges: 466/466 (100%), stability: 460/460 (100%)
S fuzz demo!
[Testcase    #1]  (GLOBAL) run time: 0s, clients: 1, corpus: 20, objectives: 0, executions: 47, exec/sec: 0.000, edges: 100.000%, stability: 100.000%
                  (CLIENT) corpus: 20, objectives: 0, executions: 47, exec/sec: 0.000, edges: 466/466 (100%), stability: 460/460 (100%)
[UserStats   #1]  (GLOBAL) run time: 0s, clients: 1, corpus: 20, objectives: 0, executions: 49, exec/sec: 0.000, edges: 100.000%, stability: 100.000%
                  (CLIENT) corpus: 20, objectives: 0, executions: 49, exec/sec: 0.000, edges: 468/468 (100%), stability: 460/460 (100%)
ASSERT! Line [Testcase    #1]  (GLOBAL) run time: 0s, clients: 1, corpus: 21, objectives: 0, executions: 49, exec/sec: 0.000, edges: 100.000%, stability: 100.000%
                  (CLIENT) corpus: 21, objectives: 0, executions: 49, exec/sec: 0.000, edges: 468/468 (100%), stability: 460/460 (100%)
1038, file ./../../../../Source/timers.c
[Objective   #1]  (GLOBAL) run time: 3s, clients: 1, corpus: 21, objectives: 1, executions: 52, exec/sec: 16.39, edges: 100.000%, stability: 100.000%
                  (CLIENT) corpus: 21, objectives: 1, executions: 52, exec/sec: 16.39, edges: 468/468 (100%), stability: 460/460 (100%)
[Objective   #1]  (GLOBAL) run time: 6s, clients: 1, corpus: 21, objectives: 2, executions: 53, exec/sec: 8.591, edges: 100.000%, stability: 100.000%
                  (CLIENT) corpus: 21, objectives: 2, executions: 53, exec/sec: 8.590, edges: 468/468 (100%), stability: 460/460 (100%)
[Objective   #1]  (GLOBAL) run time: 9s, clients: 1, corpus: 21, objectives: 3, executions: 54, exec/sec: 5.887, edges: 100.000%, stability: 100.000%
                  (CLIENT) corpus: 21, objectives: 3, executions: 54, exec/sec: 5.887, edges: 468/468 (100%), stability: 460/460 (100%)
[Objective   #1]  (GLOBAL) run time: 12s, clients: 1, corpus: 21, objectives: 4, executions: 55, exec/sec: 4.519, edges: 100.000%, stability: 100.000%
                  (CLIENT) corpus: 21, objectives: 4, executions: 55, exec/sec: 4.519, edges: 468/468 (100%), stability: 460/460 (100%)
[Objective   #1]  (GLOBAL) run time: 15s, clients: 1, corpus: 21, objectives: 5, executions: 56, exec/sec: 3.691, edges: 100.000%, stability: 100.000%
                  (CLIENT) corpus: 21, objectives: 5, executions: 56, exec/sec: 3.690, edges: 468/468 (100%), stability: 460/460 (100%)
[Objective   #1]  (GLOBAL) run time: 18s, clients: 1, corpus: 21, objectives: 6, executions: 57, exec/sec: 3.137, edges: 100.000%, stability: 100.000%
                  (CLIENT) corpus: 21, objectives: 6, executions: 57, exec/sec: 3.137, edges: 468/468 (100%), stability: 460/460 (100%)
[Objective   #1]  (GLOBAL) run time: 21s, clients: 1, corpus: 21, objectives: 7, executions: 58, exec/sec: 2.739, edges: 100.000%, stability: 100.000%
                  (CLIENT) corpus: 21, objectives: 7, executions: 58, exec/sec: 2.739, edges: 468/468 (100%), stability: 460/460 (100%)
[Objective   #1]  (GLOBAL) run time: 24s, clients: 1, corpus: 21, objectives: 8, executions: 59, exec/sec: 2.441, edges: 100.000%, stability: 100.000%
                  (CLIENT) corpus: 21, objectives: 8, executions: 59, exec/sec: 2.441, edges: 468/468 (100%), stability: 460/460 (100%)
[Objective   #1]  (GLOBAL) run time: 27s, clients: 1, corpus: 21, objectives: 9, executions: 60, exec/sec: 2.208, edges: 100.000%, stability: 100.000%
                  (CLIENT) corpus: 21, objectives: 9, executions: 60, exec/sec: 2.208, edges: 468/468 (100%), stability: 460/460 (100%)
[Objective   #1]  (GLOBAL) run time: 30s, clients: 1, corpus: 21, objectives: 10, executions: 61, exec/sec: 2.022, edges: 100.000%, stability: 100.000%
                  (CLIENT) corpus: 21, objectives: 10, executions: 61, exec/sec: 2.022, edges: 468/468 (100%), stability: 460/460 (100%)
[Objective   #1]  (GLOBAL) run time: 33s, clients: 1, corpus: 21, objectives: 11, executions: 62, exec/sec: 1.869, edges: 100.000%, stability: 100.000%
                  (CLIENT) corpus: 21, objectives: 11, executions: 62, exec/sec: 1.869, edges: 468/468 (100%), stability: 460/460 (100%)
[Objective   #1]  (GLOBAL) run time: 36s, clients: 1, corpus: 21, objectives: 12, executions: 63, exec/sec: 1.741, edges: 100.000%, stability: 100.000%
                  (CLIENT) corpus: 21, objectives: 12, executions: 63, exec/sec: 1.741, edges: 468/468 (100%), stability: 460/460 (100%)
[Objective   #1]  (GLOBAL) run time: 39s, clients: 1, corpus: 21, objectives: 13, executions: 64, exec/sec: 1.634, edges: 100.000%, stability: 100.000%
                  (CLIENT) corpus: 21, objectives: 13, executions: 64, exec/sec: 1.634, edges: 468/468 (100%), stability: 460/460 (100%)
[Objective   #1]  (GLOBAL) run time: 42s, clients: 1, corpus: 21, objectives: 14, executions: 65, exec/sec: 1.541, edges: 100.000%, stability: 100.000%
                  (CLIENT) corpus: 21, objectives: 14, executions: 65, exec/sec: 1.541, edges: 468/468 (100%), stability: 460/460 (100%)
[Objective   #1]  (GLOBAL) run time: 45s, clients: 1, corpus: 21, objectives: 15, executions: 66, exec/sec: 1.461, edges: 100.000%, stability: 100.000%
                  (CLIENT) corpus: 21, objectives: 15, executions: 66, exec/sec: 1.461, edges: 468/468 (100%), stability: 460/460 (100%)
[Objective   #1]  (GLOBAL) run time: 48s, clients: 1, corpus: 21, objectives: 16, executions: 67, exec/sec: 1.391, edges: 100.000%, stability: 100.000%
                  (CLIENT) corpus: 21, objectives: 16, executions: 67, exec/sec: 1.391, edges: 468/468 (100%), stability: 460/460 (100%)
[Objective   #1]  (GLOBAL) run time: 51s, clients: 1, corpus: 21, objectives: 17, executions: 68, exec/sec: 1.329, edges: 100.000%, stability: 100.000%
                  (CLIENT) corpus: 21, objectives: 17, executions: 68, exec/sec: 1.329, edges: 468/468 (100%), stability: 460/460 (100%)
[Objective   #1]  (GLOBAL) run time: 54s, clients: 1, corpus: 21, objectives: 18, executions: 69, exec/sec: 1.274, edges: 100.000%, stability: 100.000%
                  (CLIENT) corpus: 21, objectives: 18, executions: 69, exec/sec: 1.274, edges: 468/468 (100%), stability: 460/460 (100%)
[Objective   #1]  (GLOBAL) run time: 57s, clients: 1, corpus: 21, objectives: 19, executions: 70, exec/sec: 1.224, edges: 100.000%, stability: 100.000%
                  (CLIENT) corpus: 21, objectives: 19, executions: 70, exec/sec: 1.224, edges: 468/468 (100%), stability: 460/460 (100%)
[Objective   #1]  (GLOBAL) run time: 1m-0s, clients: 1, corpus: 21, objectives: 20, executions: 71, exec/sec: 1.180, edges: 100.000%, stability: 100.000%
                  (CLIENT) corpus: 21, objectives: 20, executions: 71, exec/sec: 1.180, edges: 468/468 (100%), stability: 460/460 (100%)
[Objective   #1]  (GLOBAL) run time: 1m-3s, clients: 1, corpus: 21, objectives: 21, executions: 72, exec/sec: 1.139, edges: 100.000%, stability: 100.000%
                  (CLIENT) corpus: 21, objectives: 21, executions: 72, exec/sec: 1.139, edges: 468/468 (100%), stability: 460/460 (100%)
[Objective   #1]  (GLOBAL) run time: 1m-6s, clients: 1, corpus: 21, objectives: 22, executions: 73, exec/sec: 1.103, edges: 100.000%, stability: 100.000%
                  (CLIENT) corpus: 21, objectives: 22, executions: 73, exec/sec: 1.103, edges: 468/468 (100%), stability: 460/460 (100%)
[Objective   #1]  (GLOBAL) run time: 1m-9s, clients: 1, corpus: 21, objectives: 23, executions: 74, exec/sec: 1.070, edges: 100.000%, stability: 100.000%
                  (CLIENT) corpus: 21, objectives: 23, executions: 74, exec/sec: 1.070, edges: 468/468 (100%), stability: 460/460 (100%)
[Objective   #1]  (GLOBAL) run time: 1m-12s, clients: 1, corpus: 21, objectives: 24, executions: 75, exec/sec: 1.039, edges: 100.000%, stability: 100.000%
                  (CLIENT) corpus: 21, objectives: 24, executions: 75, exec/sec: 1.039, edges: 468/468 (100%), stability: 460/460 (100%)
[Objective   #1]  (GLOBAL) run time: 1m-15s, clients: 1, corpus: 21, objectives: 25, executions: 76, exec/sec: 1.011, edges: 100.000%, stability: 100.000%
                  (CLIENT) corpus: 21, objectives: 25, executions: 76, exec/sec: 1.011, edges: 468/468 (100%), stability: 460/460 (100%)
[Objective   #1]  (GLOBAL) run time: 1m-18s, clients: 1, corpus: 21, objectives: 26, executions: 77, exec/sec: 0.985, edges: 100.000%, stability: 100.000%
                  (CLIENT) corpus: 21, objectives: 26, executions: 77, exec/sec: 0.985, edges: 468/468 (100%), stability: 460/460 (100%)
[Objective   #1]  (GLOBAL) run time: 1m-21s, clients: 1, corpus: 21, objectives: 27, executions: 78, exec/sec: 0.961, edges: 100.000%, stability: 100.000%
                  (CLIENT) corpus: 21, objectives: 27, executions: 78, exec/sec: 0.961, edges: 468/468 (100%), stability: 460/460 (100%)
[Objective   #1]  (GLOBAL) run time: 1m-24s, clients: 1, corpus: 21, objectives: 28, executions: 79, exec/sec: 0.938, edges: 100.000%, stability: 100.000%
                  (CLIENT) corpus: 21, objectives: 28, executions: 79, exec/sec: 0.938, edges: 468/468 (100%), stability: 460/460 (100%)
[Objective   #1]  (GLOBAL) run time: 1m-27s, clients: 1, corpus: 21, objectives: 29, executions: 80, exec/sec: 0.918, edges: 100.000%, stability: 100.000%
                  (CLIENT) corpus: 21, objectives: 29, executions: 80, exec/sec: 0.918, edges: 468/468 (100%), stability: 460/460 (100%)
[Objective   #1]  (GLOBAL) run time: 1m-30s, clients: 1, corpus: 21, objectives: 30, executions: 81, exec/sec: 0.898, edges: 100.000%, stability: 100.000%
                  (CLIENT) corpus: 21, objectives: 30, executions: 81, exec/sec: 0.898, edges: 468/468 (100%), stability: 460/460 (100%)
[Objective   #1]  (GLOBAL) run time: 1m-33s, clients: 1, corpus: 21, objectives: 31, executions: 82, exec/sec: 0.880, edges: 100.000%, stability: 100.000%
                  (CLIENT) corpus: 21, objectives: 31, executions: 82, exec/sec: 0.880, edges: 468/468 (100%), stability: 460/460 (100%)
[Objective   #1]  (GLOBAL) run time: 1m-36s, clients: 1, corpus: 21, objectives: 32, executions: 83, exec/sec: 0.863, edges: 100.000%, stability: 100.000%
                  (CLIENT) corpus: 21, objectives: 32, executions: 83, exec/sec: 0.863, edges: 468/468 (100%), stability: 460/460 (100%)
[Objective   #1]  (GLOBAL) run time: 1m-39s, clients: 1, corpus: 21, objectives: 33, executions: 84, exec/sec: 0.847, edges: 100.000%, stability: 100.000%
                  (CLIENT) corpus: 21, objectives: 33, executions: 84, exec/sec: 0.847, edges: 468/468 (100%), stability: 460/460 (100%)
[Objective   #1]  (GLOBAL) run time: 1m-42s, clients: 1, corpus: 21, objectives: 34, executions: 85, exec/sec: 0.832, edges: 100.000%, stability: 100.000%
                  (CLIENT) corpus: 21, objectives: 34, executions: 85, exec/sec: 0.832, edges: 468/468 (100%), stability: 460/460 (100%)
[Objective   #1]  (GLOBAL) run time: 1m-45s, clients: 1, corpus: 21, objectives: 35, executions: 86, exec/sec: 0.818, edges: 100.000%, stability: 100.000%
                  (CLIENT) corpus: 21, objectives: 35, executions: 86, exec/sec: 0.818, edges: 468/468 (100%), stability: 460/460 (100%)
[Objective   #1]  (GLOBAL) run time: 1m-48s, clients: 1, corpus: 21, objectives: 36, executions: 87, exec/sec: 0.804, edges: 100.000%, stability: 100.000%
                  (CLIENT) corpus: 21, objectives: 36, executions: 87, exec/sec: 0.804, edges: 468/468 (100%), stability: 460/460 (100%)
[Objective   #1]  (GLOBAL) run time: 1m-51s, clients: 1, corpus: 21, objectives: 37, executions: 88, exec/sec: 0.791, edges: 100.000%, stability: 100.000%
                  (CLIENT) corpus: 21, objectives: 37, executions: 88, exec/sec: 0.791, edges: 468/468 (100%), stability: 460/460 (100%)
[Objective   #1]  (GLOBAL) run time: 1m-54s, clients: 1, corpus: 21, objectives: 38, executions: 89, exec/sec: 0.779, edges: 100.000%, stability: 100.000%
                  (CLIENT) corpus: 21, objectives: 38, executions: 89, exec/sec: 0.779, edges: 468/468 (100%), stability: 460/460 (100%)
[Objective   #1]  (GLOBAL) run time: 1m-57s, clients: 1, corpus: 21, objectives: 39, executions: 90, exec/sec: 0.768, edges: 100.000%, stability: 100.000%
                  (CLIENT) corpus: 21, objectives: 39, executions: 90, exec/sec: 0.768, edges: 468/468 (100%), stability: 460/460 (100%)
[Objective   #1]  (GLOBAL) run time: 2m-0s, clients: 1, corpus: 21, objectives: 40, executions: 91, exec/sec: 0.757, edges: 100.000%, stability: 100.000%
                  (CLIENT) corpus: 21, objectives: 40, executions: 91, exec/sec: 0.757, edges: 468/468 (100%), stability: 460/460 (100%)
[Objective   #1]  (GLOBAL) run time: 2m-3s, clients: 1, corpus: 21, objectives: 41, executions: 92, exec/sec: 0.747, edges: 100.000%, stability: 100.000%
                  (CLIENT) corpus: 21, objectives: 41, executions: 92, exec/sec: 0.747, edges: 468/468 (100%), stability: 460/460 (100%)
[Objective   #1]  (GLOBAL) run time: 2m-6s, clients: 1, corpus: 21, objectives: 42, executions: 93, exec/sec: 0.737, edges: 100.000%, stability: 100.000%
                  (CLIENT) corpus: 21, objectives: 42, executions: 93, exec/sec: 0.737, edges: 468/468 (100%), stability: 460/460 (100%)
[Objective   #1]  (GLOBAL) run time: 2m-9s, clients: 1, corpus: 21, objectives: 43, executions: 94, exec/sec: 0.728, edges: 100.000%, stability: 100.000%
                  (CLIENT) corpus: 21, objectives: 43, executions: 94, exec/sec: 0.728, edges: 468/468 (100%), stability: 460/460 (100%)
[Objective   #1]  (GLOBAL) run time: 2m-12s, clients: 1, corpus: 21, objectives: 44, executions: 95, exec/sec: 0.719, edges: 100.000%, stability: 100.000%
                  (CLIENT) corpus: 21, objectives: 44, executions: 95, exec/sec: 0.719, edges: 468/468 (100%), stability: 460/460 (100%)
[Objective   #1]  (GLOBAL) run time: 2m-15s, clients: 1, corpus: 21, objectives: 45, executions: 96, exec/sec: 0.710, edges: 100.000%, stability: 100.000%
                  (CLIENT) corpus: 21, objectives: 45, executions: 96, exec/sec: 0.710, edges: 468/468 (100%), stability: 460/460 (100%)
[Objective   #1]  (GLOBAL) run time: 2m-18s, clients: 1, corpus: 21, objectives: 46, executions: 97, exec/sec: 0.702, edges: 100.000%, stability: 100.000%
                  (CLIENT) corpus: 21, objectives: 46, executions: 97, exec/sec: 0.702, edges: 468/468 (100%), stability: 460/460 (100%)
[Objective   #1]  (GLOBAL) run time: 2m-21s, clients: 1, corpus: 21, objectives: 47, executions: 98, exec/sec: 0.694, edges: 100.000%, stability: 100.000%
                  (CLIENT) corpus: 21, objectives: 47, executions: 98, exec/sec: 0.694, edges: 468/468 (100%), stability: 460/460 (100%)
[Objective   #1]  (GLOBAL) run time: 2m-24s, clients: 1, corpus: 21, objectives: 48, executions: 99, exec/sec: 0.687, edges: 100.000%, stability: 100.000%
                  (CLIENT) corpus: 21, objectives: 48, executions: 99, exec/sec: 0.687, edges: 468/468 (100%), stability: 460/460 (100%)
[Objective   #1]  (GLOBAL) run time: 2m-27s, clients: 1, corpus: 21, objectives: 49, executions: 100, exec/sec: 0.679, edges: 100.000%, stability: 100.000%
                  (CLIENT) corpus: 21, objectives: 49, executions: 100, exec/sec: 0.679, edges: 468/468 (100%), stability: 460/460 (100%)
[Objective   #1]  (GLOBAL) run time: 2m-30s, clients: 1, corpus: 21, objectives: 50, executions: 101, exec/sec: 0.672, edges: 100.000%, stability: 100.000%
                  (CLIENT) corpus: 21, objectives: 50, executions: 101, exec/sec: 0.672, edges: 468/468 (100%), stability: 460/460 (100%)
[Objective   #1]  (GLOBAL) run time: 2m-33s, clients: 1, corpus: 21, objectives: 51, executions: 102, exec/sec: 0.666, edges: 100.000%, stability: 100.000%
                  (CLIENT) corpus: 21, objectives: 51, executions: 102, exec/sec: 0.666, edges: 468/468 (100%), stability: 460/460 (100%)
[Objective   #1]  (GLOBAL) run time: 2m-36s, clients: 1, corpus: 21, objectives: 52, executions: 103, exec/sec: 0.659, edges: 100.000%, stability: 100.000%
                  (CLIENT) corpus: 21, objectives: 52, executions: 103, exec/sec: 0.659, edges: 468/468 (100%), stability: 460/460 (100%)
[Objective   #1]  (GLOBAL) run time: 2m-39s, clients: 1, corpus: 21, objectives: 53, executions: 104, exec/sec: 0.653, edges: 100.000%, stability: 100.000%
                  (CLIENT) corpus: 21, objectives: 53, executions: 104, exec/sec: 0.653, edges: 468/468 (100%), stability: 460/460 (100%)
[Objective   #1]  (GLOBAL) run time: 2m-42s, clients: 1, corpus: 21, objectives: 54, executions: 105, exec/sec: 0.647, edges: 100.000%, stability: 100.000%
                  (CLIENT) corpus: 21, objectives: 54, executions: 105, exec/sec: 0.647, edges: 468/468 (100%), stability: 460/460 (100%)
[Objective   #1]  (GLOBAL) run time: 2m-45s, clients: 1, corpus: 21, objectives: 55, executions: 106, exec/sec: 0.642, edges: 100.000%, stability: 100.000%
                  (CLIENT) corpus: 21, objectives: 55, executions: 106, exec/sec: 0.642, edges: 468/468 (100%), stability: 460/460 (100%)
[Objective   #1]  (GLOBAL) run time: 2m-48s, clients: 1, corpus: 21, objectives: 56, executions: 107, exec/sec: 0.636, edges: 100.000%, stability: 100.000%
                  (CLIENT) corpus: 21, objectives: 56, executions: 107, exec/sec: 0.636, edges: 468/468 (100%), stability: 460/460 (100%)
[Objective   #1]  (GLOBAL) run time: 2m-51s, clients: 1, corpus: 21, objectives: 57, executions: 108, exec/sec: 0.631, edges: 100.000%, stability: 100.000%
                  (CLIENT) corpus: 21, objectives: 57, executions: 108, exec/sec: 0.631, edges: 468/468 (100%), stability: 460/460 (100%)
[Objective   #1]  (GLOBAL) run time: 2m-54s, clients: 1, corpus: 21, objectives: 58, executions: 109, exec/sec: 0.626, edges: 100.000%, stability: 100.000%
                  (CLIENT) corpus: 21, objectives: 58, executions: 109, exec/sec: 0.626, edges: 468/468 (100%), stability: 460/460 (100%)
[Objective   #1]  (GLOBAL) run time: 2m-57s, clients: 1, corpus: 21, objectives: 59, executions: 110, exec/sec: 0.621, edges: 100.000%, stability: 100.000%
                  (CLIENT) corpus: 21, objectives: 59, executions: 110, exec/sec: 0.621, edges: 468/468 (100%), stability: 460/460 (100%)
[Objective   #1]  (GLOBAL) run time: 3m-0s, clients: 1, corpus: 21, objectives: 60, executions: 111, exec/sec: 0.616, edges: 100.000%, stability: 100.000%
                  (CLIENT) corpus: 21, objectives: 60, executions: 111, exec/sec: 0.616, edges: 468/468 (100%), stability: 460/460 (100%)
[Objective   #1]  (GLOBAL) run time: 3m-3s, clients: 1, corpus: 21, objectives: 61, executions: 112, exec/sec: 0.611, edges: 100.000%, stability: 100.000%
                  (CLIENT) corpus: 21, objectives: 61, executions: 112, exec/sec: 0.611, edges: 468/468 (100%), stability: 460/460 (100%)
[Objective   #1]  (GLOBAL) run time: 3m-6s, clients: 1, corpus: 21, objectives: 62, executions: 113, exec/sec: 0.607, edges: 100.000%, stability: 100.000%
                  (CLIENT) corpus: 21, objectives: 62, executions: 113, exec/sec: 0.607, edges: 468/468 (100%), stability: 460/460 (100%)
[Objective   #1]  (GLOBAL) run time: 3m-9s, clients: 1, corpus: 21, objectives: 63, executions: 114, exec/sec: 0.603, edges: 100.000%, stability: 100.000%
                  (CLIENT) corpus: 21, objectives: 63, executions: 114, exec/sec: 0.603, edges: 468/468 (100%), stability: 460/460 (100%)
[Objective   #1]  (GLOBAL) run time: 3m-12s, clients: 1, corpus: 21, objectives: 64, executions: 115, exec/sec: 0.598, edges: 100.000%, stability: 100.000%
                  (CLIENT) corpus: 21, objectives: 64, executions: 115, exec/sec: 0.598, edges: 468/468 (100%), stability: 460/460 (100%)
[Objective   #1]  (GLOBAL) run time: 3m-15s, clients: 1, corpus: 21, objectives: 65, executions: 116, exec/sec: 0.594, edges: 100.000%, stability: 100.000%
                  (CLIENT) corpus: 21, objectives: 65, executions: 116, exec/sec: 0.594, edges: 468/468 (100%), stability: 460/460 (100%)
[Objective   #1]  (GLOBAL) run time: 3m-18s, clients: 1, corpus: 21, objectives: 66, executions: 117, exec/sec: 0.590, edges: 100.000%, stability: 100.000%
                  (CLIENT) corpus: 21, objectives: 66, executions: 117, exec/sec: 0.590, edges: 468/468 (100%), stability: 460/460 (100%)
[Objective   #1]  (GLOBAL) run time: 3m-21s, clients: 1, corpus: 21, objectives: 67, executions: 118, exec/sec: 0.586, edges: 100.000%, stability: 100.000%
                  (CLIENT) corpus: 21, objectives: 67, executions: 118, exec/sec: 0.586, edges: 468/468 (100%), stability: 460/460 (100%)
[Objective   #1]  (GLOBAL) run time: 3m-24s, clients: 1, corpus: 21, objectives: 68, executions: 119, exec/sec: 0.583, edges: 100.000%, stability: 100.000%
                  (CLIENT) corpus: 21, objectives: 68, executions: 119, exec/sec: 0.583, edges: 468/468 (100%), stability: 460/460 (100%)
[Objective   #1]  (GLOBAL) run time: 3m-27s, clients: 1, corpus: 21, objectives: 69, executions: 120, exec/sec: 0.579, edges: 100.000%, stability: 100.000%
                  (CLIENT) corpus: 21, objectives: 69, executions: 120, exec/sec: 0.579, edges: 468/468 (100%), stability: 460/460 (100%)
[Objective   #1]  (GLOBAL) run time: 3m-30s, clients: 1, corpus: 21, objectives: 70, executions: 121, exec/sec: 0.576, edges: 100.000%, stability: 100.000%
                  (CLIENT) corpus: 21, objectives: 70, executions: 121, exec/sec: 0.576, edges: 468/468 (100%), stability: 460/460 (100%)
[Objective   #1]  (GLOBAL) run time: 3m-33s, clients: 1, corpus: 21, objectives: 71, executions: 122, exec/sec: 0.572, edges: 100.000%, stability: 100.000%
                  (CLIENT) corpus: 21, objectives: 71, executions: 122, exec/sec: 0.572, edges: 468/468 (100%), stability: 460/460 (100%)
[Objective   #1]  (GLOBAL) run time: 3m-36s, clients: 1, corpus: 21, objectives: 72, executions: 123, exec/sec: 0.569, edges: 100.000%, stability: 100.000%
                  (CLIENT) corpus: 21, objectives: 72, executions: 123, exec/sec: 0.569, edges: 468/468 (100%), stability: 460/460 (100%)
[Objective   #1]  (GLOBAL) run time: 3m-39s, clients: 1, corpus: 21, objectives: 73, executions: 124, exec/sec: 0.566, edges: 100.000%, stability: 100.000%
                  (CLIENT) corpus: 21, objectives: 73, executions: 124, exec/sec: 0.566, edges: 468/468 (100%), stability: 460/460 (100%)
[Objective   #1]  (GLOBAL) run time: 3m-42s, clients: 1, corpus: 21, objectives: 74, executions: 125, exec/sec: 0.563, edges: 100.000%, stability: 100.000%
                  (CLIENT) corpus: 21, objectives: 74, executions: 125, exec/sec: 0.563, edges: 468/468 (100%), stability: 460/460 (100%)
[Objective   #1]  (GLOBAL) run time: 3m-45s, clients: 1, corpus: 21, objectives: 75, executions: 126, exec/sec: 0.559, edges: 100.000%, stability: 100.000%
                  (CLIENT) corpus: 21, objectives: 75, executions: 126, exec/sec: 0.559, edges: 468/468 (100%), stability: 460/460 (100%)
[Objective   #1]  (GLOBAL) run time: 3m-48s, clients: 1, corpus: 21, objectives: 76, executions: 127, exec/sec: 0.556, edges: 100.000%, stability: 100.000%
                  (CLIENT) corpus: 21, objectives: 76, executions: 127, exec/sec: 0.556, edges: 468/468 (100%), stability: 460/460 (100%)
[Objective   #1]  (GLOBAL) run time: 3m-51s, clients: 1, corpus: 21, objectives: 77, executions: 128, exec/sec: 0.554, edges: 100.000%, stability: 100.000%
                  (CLIENT) corpus: 21, objectives: 77, executions: 128, exec/sec: 0.554, edges: 468/468 (100%), stability: 460/460 (100%)
[Objective   #1]  (GLOBAL) run time: 3m-54s, clients: 1, corpus: 21, objectives: 78, executions: 129, exec/sec: 0.551, edges: 100.000%, stability: 100.000%
                  (CLIENT) corpus: 21, objectives: 78, executions: 129, exec/sec: 0.551, edges: 468/468 (100%), stability: 460/460 (100%)
[Objective   #1]  (GLOBAL) run time: 3m-57s, clients: 1, corpus: 21, objectives: 79, executions: 130, exec/sec: 0.548, edges: 100.000%, stability: 100.000%
                  (CLIENT) corpus: 21, objectives: 79, executions: 130, exec/sec: 0.548, edges: 468/468 (100%), stability: 460/460 (100%)
[Objective   #1]  (GLOBAL) run time: 4m-0s, clients: 1, corpus: 21, objectives: 80, executions: 131, exec/sec: 0.545, edges: 100.000%, stability: 100.000%
                  (CLIENT) corpus: 21, objectives: 80, executions: 131, exec/sec: 0.545, edges: 468/468 (100%), stability: 460/460 (100%)
[Objective   #1]  (GLOBAL) run time: 4m-3s, clients: 1, corpus: 21, objectives: 81, executions: 132, exec/sec: 0.543, edges: 100.000%, stability: 100.000%
                  (CLIENT) corpus: 21, objectives: 81, executions: 132, exec/sec: 0.543, edges: 468/468 (100%), stability: 460/460 (100%)
[Objective   #1]  (GLOBAL) run time: 4m-6s, clients: 1, corpus: 21, objectives: 82, executions: 133, exec/sec: 0.540, edges: 100.000%, stability: 100.000%
                  (CLIENT) corpus: 21, objectives: 82, executions: 133, exec/sec: 0.540, edges: 468/468 (100%), stability: 460/460 (100%)
[Objective   #1]  (GLOBAL) run time: 4m-9s, clients: 1, corpus: 21, objectives: 83, executions: 134, exec/sec: 0.538, edges: 100.000%, stability: 100.000%
                  (CLIENT) corpus: 21, objectives: 83, executions: 134, exec/sec: 0.538, edges: 468/468 (100%), stability: 460/460 (100%)
[Objective   #1]  (GLOBAL) run time: 4m-12s, clients: 1, corpus: 21, objectives: 84, executions: 135, exec/sec: 0.535, edges: 100.000%, stability: 100.000%
                  (CLIENT) corpus: 21, objectives: 84, executions: 135, exec/sec: 0.535, edges: 468/468 (100%), stability: 460/460 (100%)
[Objective   #1]  (GLOBAL) run time: 4m-15s, clients: 1, corpus: 21, objectives: 85, executions: 136, exec/sec: 0.533, edges: 100.000%, stability: 100.000%
                  (CLIENT) corpus: 21, objectives: 85, executions: 136, exec/sec: 0.533, edges: 468/468 (100%), stability: 460/460 (100%)
[Objective   #1]  (GLOBAL) run time: 4m-18s, clients: 1, corpus: 21, objectives: 86, executions: 137, exec/sec: 0.531, edges: 100.000%, stability: 100.000%
                  (CLIENT) corpus: 21, objectives: 86, executions: 137, exec/sec: 0.531, edges: 468/468 (100%), stability: 460/460 (100%)
[Objective   #1]  (GLOBAL) run time: 4m-21s, clients: 1, corpus: 21, objectives: 87, executions: 138, exec/sec: 0.528, edges: 100.000%, stability: 100.000%
                  (CLIENT) corpus: 21, objectives: 87, executions: 138, exec/sec: 0.528, edges: 468/468 (100%), stability: 460/460 (100%)
[Objective   #1]  (GLOBAL) run time: 4m-24s, clients: 1, corpus: 21, objectives: 88, executions: 139, exec/sec: 0.526, edges: 100.000%, stability: 100.000%
                  (CLIENT) corpus: 21, objectives: 88, executions: 139, exec/sec: 0.526, edges: 468/468 (100%), stability: 460/460 (100%)
[Objective   #1]  (GLOBAL) run time: 4m-27s, clients: 1, corpus: 21, objectives: 89, executions: 140, exec/sec: 0.524, edges: 100.000%, stability: 100.000%
                  (CLIENT) corpus: 21, objectives: 89, executions: 140, exec/sec: 0.524, edges: 468/468 (100%), stability: 460/460 (100%)
[Objective   #1]  (GLOBAL) run time: 4m-30s, clients: 1, corpus: 21, objectives: 90, executions: 141, exec/sec: 0.522, edges: 100.000%, stability: 100.000%
                  (CLIENT) corpus: 21, objectives: 90, executions: 141, exec/sec: 0.522, edges: 468/468 (100%), stability: 460/460 (100%)
[Objective   #1]  (GLOBAL) run time: 4m-33s, clients: 1, corpus: 21, objectives: 91, executions: 142, exec/sec: 0.520, edges: 100.000%, stability: 100.000%
                  (CLIENT) corpus: 21, objectives: 91, executions: 142, exec/sec: 0.520, edges: 468/468 (100%), stability: 460/460 (100%)
[Objective   #1]  (GLOBAL) run time: 4m-36s, clients: 1, corpus: 21, objectives: 92, executions: 143, exec/sec: 0.518, edges: 100.000%, stability: 100.000%
                  (CLIENT) corpus: 21, objectives: 92, executions: 143, exec/sec: 0.518, edges: 468/468 (100%), stability: 460/460 (100%)
[Objective   #1]  (GLOBAL) run time: 4m-39s, clients: 1, corpus: 21, objectives: 93, executions: 144, exec/sec: 0.516, edges: 100.000%, stability: 100.000%
                  (CLIENT) corpus: 21, objectives: 93, executions: 144, exec/sec: 0.516, edges: 468/468 (100%), stability: 460/460 (100%)
[Objective   #1]  (GLOBAL) run time: 4m-42s, clients: 1, corpus: 21, objectives: 94, executions: 145, exec/sec: 0.514, edges: 100.000%, stability: 100.000%
                  (CLIENT) corpus: 21, objectives: 94, executions: 145, exec/sec: 0.514, edges: 468/468 (100%), stability: 460/460 (100%)
[Objective   #1]  (GLOBAL) run time: 4m-45s, clients: 1, corpus: 21, objectives: 95, executions: 146, exec/sec: 0.512, edges: 100.000%, stability: 100.000%
                  (CLIENT) corpus: 21, objectives: 95, executions: 146, exec/sec: 0.512, edges: 468/468 (100%), stability: 460/460 (100%)
[Objective   #1]  (GLOBAL) run time: 4m-48s, clients: 1, corpus: 21, objectives: 96, executions: 147, exec/sec: 0.510, edges: 100.000%, stability: 100.000%
                  (CLIENT) corpus: 21, objectives: 96, executions: 147, exec/sec: 0.510, edges: 468/468 (100%), stability: 460/460 (100%)
[Objective   #1]  (GLOBAL) run time: 4m-51s, clients: 1, corpus: 21, objectives: 97, executions: 148, exec/sec: 0.508, edges: 100.000%, stability: 100.000%
                  (CLIENT) corpus: 21, objectives: 97, executions: 148, exec/sec: 0.508, edges: 468/468 (100%), stability: 460/460 (100%)
[Objective   #1]  (GLOBAL) run time: 4m-54s, clients: 1, corpus: 21, objectives: 98, executions: 149, exec/sec: 0.506, edges: 100.000%, stability: 100.000%
                  (CLIENT) corpus: 21, objectives: 98, executions: 149, exec/sec: 0.506, edges: 468/468 (100%), stability: 460/460 (100%)
[Objective   #1]  (GLOBAL) run time: 4m-57s, clients: 1, corpus: 21, objectives: 99, executions: 150, exec/sec: 0.505, edges: 100.000%, stability: 100.000%
                  (CLIENT) corpus: 21, objectives: 99, executions: 150, exec/sec: 0.505, edges: 468/468 (100%), stability: 460/460 (100%)
[Objective   #1]  (GLOBAL) run time: 5m-0s, clients: 1, corpus: 21, objectives: 100, executions: 151, exec/sec: 0.503, edges: 100.000%, stability: 100.000%
                  (CLIENT) corpus: 21, objectives: 100, executions: 151, exec/sec: 0.503, edges: 468/468 (100%), stability: 460/460 (100%)
[Objective   #1]  (GLOBAL) run time: 5m-3s, clients: 1, corpus: 21, objectives: 101, executions: 152, exec/sec: 0.501, edges: 100.000%, stability: 100.000%
                  (CLIENT) corpus: 21, objectives: 101, executions: 152, exec/sec: 0.501, edges: 468/468 (100%), stability: 460/460 (100%)
