[RETURN_CODE]
2

[STDOUT]
rm -f ./output/RTOSDemo.out ./output/RTOSDemo.map ./output/*.o ./output/*.d
arm-none-eabi-gcc -ffreestanding -mthumb -mcpu=cortex-m3 -Wall -Wextra -Wshadow -Wno-unused-value -g3 -Os -ffunction-sections -fdata-sections -MMD -MP -MF"output/tasks.d" -MT output/tasks.o -I./../../../../Source/include -I./../../../../Source/portable/GCC/ARM_CM3 -I./../../../../Demo/Common/include -I./../../../../Demo/CORTEX_MPS2_QEMU_IAR_GCC -I./../../../../Demo/CORTEX_MPS2_QEMU_IAR_GCC/CMSIS -I./../../../../Demo/CORTEX_MPS2_QEMU_IAR_GCC/TraceRecorderConfig -I./../../../../Demo/../../FreeRTOS-Plus/Source/FreeRTOS-Plus-Trace/include  -I./../../../../Demo/../../FreeRTOS-Plus/Source/FreeRTOS-Plus-Trace/kernelports/FreeRTOS/include -I./../../../../Demo/../../FreeRTOS-Plus/Source/FreeRTOS-Plus-Trace/streamports/RingBuffer/include -c ./../../../../Source/tasks.c -o output/tasks.o
arm-none-eabi-gcc -ffreestanding -mthumb -mcpu=cortex-m3 -Wall -Wextra -Wshadow -Wno-unused-value -g3 -Os -ffunction-sections -fdata-sections -MMD -MP -MF"output/list.d" -MT output/list.o -I./../../../../Source/include -I./../../../../Source/portable/GCC/ARM_CM3 -I./../../../../Demo/Common/include -I./../../../../Demo/CORTEX_MPS2_QEMU_IAR_GCC -I./../../../../Demo/CORTEX_MPS2_QEMU_IAR_GCC/CMSIS -I./../../../../Demo/CORTEX_MPS2_QEMU_IAR_GCC/TraceRecorderConfig -I./../../../../Demo/../../FreeRTOS-Plus/Source/FreeRTOS-Plus-Trace/include  -I./../../../../Demo/../../FreeRTOS-Plus/Source/FreeRTOS-Plus-Trace/kernelports/FreeRTOS/include -I./../../../../Demo/../../FreeRTOS-Plus/Source/FreeRTOS-Plus-Trace/streamports/RingBuffer/include -c ./../../../../Source/list.c -o output/list.o
arm-none-eabi-gcc -ffreestanding -mthumb -mcpu=cortex-m3 -Wall -Wextra -Wshadow -Wno-unused-value -g3 -Os -ffunction-sections -fdata-sections -MMD -MP -MF"output/queue.d" -MT output/queue.o -I./../../../../Source/include -I./../../../../Source/portable/GCC/ARM_CM3 -I./../../../../Demo/Common/include -I./../../../../Demo/CORTEX_MPS2_QEMU_IAR_GCC -I./../../../../Demo/CORTEX_MPS2_QEMU_IAR_GCC/CMSIS -I./../../../../Demo/CORTEX_MPS2_QEMU_IAR_GCC/TraceRecorderConfig -I./../../../../Demo/../../FreeRTOS-Plus/Source/FreeRTOS-Plus-Trace/include  -I./../../../../Demo/../../FreeRTOS-Plus/Source/FreeRTOS-Plus-Trace/kernelports/FreeRTOS/include -I./../../../../Demo/../../FreeRTOS-Plus/Source/FreeRTOS-Plus-Trace/streamports/RingBuffer/include -c ./../../../../Source/queue.c -o output/queue.o
arm-none-eabi-gcc -ffreestanding -mthumb -mcpu=cortex-m3 -Wall -Wextra -Wshadow -Wno-unused-value -g3 -Os -ffunction-sections -fdata-sections -MMD -MP -MF"output/timers.d" -MT output/timers.o -I./../../../../Source/include -I./../../../../Source/portable/GCC/ARM_CM3 -I./../../../../Demo/Common/include -I./../../../../Demo/CORTEX_MPS2_QEMU_IAR_GCC -I./../../../../Demo/CORTEX_MPS2_QEMU_IAR_GCC/CMSIS -I./../../../../Demo/CORTEX_MPS2_QEMU_IAR_GCC/TraceRecorderConfig -I./../../../../Demo/../../FreeRTOS-Plus/Source/FreeRTOS-Plus-Trace/include  -I./../../../../Demo/../../FreeRTOS-Plus/Source/FreeRTOS-Plus-Trace/kernelports/FreeRTOS/include -I./../../../../Demo/../../FreeRTOS-Plus/Source/FreeRTOS-Plus-Trace/streamports/RingBuffer/include -c ./../../../../Source/timers.c -o output/timers.o
arm-none-eabi-gcc -ffreestanding -mthumb -mcpu=cortex-m3 -Wall -Wextra -Wshadow -Wno-unused-value -g3 -Os -ffunction-sections -fdata-sections -MMD -MP -MF"output/event_groups.d" -MT output/event_groups.o -I./../../../../Source/include -I./../../../../Source/portable/GCC/ARM_CM3 -I./../../../../Demo/Common/include -I./../../../../Demo/CORTEX_MPS2_QEMU_IAR_GCC -I./../../../../Demo/CORTEX_MPS2_QEMU_IAR_GCC/CMSIS -I./../../../../Demo/CORTEX_MPS2_QEMU_IAR_GCC/TraceRecorderConfig -I./../../../../Demo/../../FreeRTOS-Plus/Source/FreeRTOS-Plus-Trace/include  -I./../../../../Demo/../../FreeRTOS-Plus/Source/FreeRTOS-Plus-Trace/kernelports/FreeRTOS/include -I./../../../../Demo/../../FreeRTOS-Plus/Source/FreeRTOS-Plus-Trace/streamports/RingBuffer/include -c ./../../../../Source/event_groups.c -o output/event_groups.o
arm-none-eabi-gcc -ffreestanding -mthumb -mcpu=cortex-m3 -Wall -Wextra -Wshadow -Wno-unused-value -g3 -Os -ffunction-sections -fdata-sections -MMD -MP -MF"output/stream_buffer.d" -MT output/stream_buffer.o -I./../../../../Source/include -I./../../../../Source/portable/GCC/ARM_CM3 -I./../../../../Demo/Common/include -I./../../../../Demo/CORTEX_MPS2_QEMU_IAR_GCC -I./../../../../Demo/CORTEX_MPS2_QEMU_IAR_GCC/CMSIS -I./../../../../Demo/CORTEX_MPS2_QEMU_IAR_GCC/TraceRecorderConfig -I./../../../../Demo/../../FreeRTOS-Plus/Source/FreeRTOS-Plus-Trace/include  -I./../../../../Demo/../../FreeRTOS-Plus/Source/FreeRTOS-Plus-Trace/kernelports/FreeRTOS/include -I./../../../../Demo/../../FreeRTOS-Plus/Source/FreeRTOS-Plus-Trace/streamports/RingBuffer/include -c ./../../../../Source/stream_buffer.c -o output/stream_buffer.o
arm-none-eabi-gcc -ffreestanding -mthumb -mcpu=cortex-m3 -Wall -Wextra -Wshadow -Wno-unused-value -g3 -Os -ffunction-sections -fdata-sections -MMD -MP -MF"output/heap_4.d" -MT output/heap_4.o -I./../../../../Source/include -I./../../../../Source/portable/GCC/ARM_CM3 -I./../../../../Demo/Common/include -I./../../../../Demo/CORTEX_MPS2_QEMU_IAR_GCC -I./../../../../Demo/CORTEX_MPS2_QEMU_IAR_GCC/CMSIS -I./../../../../Demo/CORTEX_MPS2_QEMU_IAR_GCC/TraceRecorderConfig -I./../../../../Demo/../../FreeRTOS-Plus/Source/FreeRTOS-Plus-Trace/include  -I./../../../../Demo/../../FreeRTOS-Plus/Source/FreeRTOS-Plus-Trace/kernelports/FreeRTOS/include -I./../../../../Demo/../../FreeRTOS-Plus/Source/FreeRTOS-Plus-Trace/streamports/RingBuffer/include -c ./../../../../Source/portable/MemMang/heap_4.c -o output/heap_4.o
arm-none-eabi-gcc -ffreestanding -mthumb -mcpu=cortex-m3 -Wall -Wextra -Wshadow -Wno-unused-value -g3 -Os -ffunction-sections -fdata-sections -MMD -MP -MF"output/port.d" -MT output/port.o -I./../../../../Source/include -I./../../../../Source/portable/GCC/ARM_CM3 -I./../../../../Demo/Common/include -I./../../../../Demo/CORTEX_MPS2_QEMU_IAR_GCC -I./../../../../Demo/CORTEX_MPS2_QEMU_IAR_GCC/CMSIS -I./../../../../Demo/CORTEX_MPS2_QEMU_IAR_GCC/TraceRecorderConfig -I./../../../../Demo/../../FreeRTOS-Plus/Source/FreeRTOS-Plus-Trace/include  -I./../../../../Demo/../../FreeRTOS-Plus/Source/FreeRTOS-Plus-Trace/kernelports/FreeRTOS/include -I./../../../../Demo/../../FreeRTOS-Plus/Source/FreeRTOS-Plus-Trace/streamports/RingBuffer/include -c ./../../../../Source/portable/GCC/ARM_CM3/port.c -o output/port.o
arm-none-eabi-gcc -ffreestanding -mthumb -mcpu=cortex-m3 -Wall -Wextra -Wshadow -Wno-unused-value -g3 -Os -ffunction-sections -fdata-sections -MMD -MP -MF"output/AbortDelay.d" -MT output/AbortDelay.o -I./../../../../Source/include -I./../../../../Source/portable/GCC/ARM_CM3 -I./../../../../Demo/Common/include -I./../../../../Demo/CORTEX_MPS2_QEMU_IAR_GCC -I./../../../../Demo/CORTEX_MPS2_QEMU_IAR_GCC/CMSIS -I./../../../../Demo/CORTEX_MPS2_QEMU_IAR_GCC/TraceRecorderConfig -I./../../../../Demo/../../FreeRTOS-Plus/Source/FreeRTOS-Plus-Trace/include  -I./../../../../Demo/../../FreeRTOS-Plus/Source/FreeRTOS-Plus-Trace/kernelports/FreeRTOS/include -I./../../../../Demo/../../FreeRTOS-Plus/Source/FreeRTOS-Plus-Trace/streamports/RingBuffer/include -c ./../../../../Demo/Common/Minimal/AbortDelay.c -o output/AbortDelay.o
arm-none-eabi-gcc -ffreestanding -mthumb -mcpu=cortex-m3 -Wall -Wextra -Wshadow -Wno-unused-value -g3 -Os -ffunction-sections -fdata-sections -MMD -MP -MF"output/BlockQ.d" -MT output/BlockQ.o -I./../../../../Source/include -I./../../../../Source/portable/GCC/ARM_CM3 -I./../../../../Demo/Common/include -I./../../../../Demo/CORTEX_MPS2_QEMU_IAR_GCC -I./../../../../Demo/CORTEX_MPS2_QEMU_IAR_GCC/CMSIS -I./../../../../Demo/CORTEX_MPS2_QEMU_IAR_GCC/TraceRecorderConfig -I./../../../../Demo/../../FreeRTOS-Plus/Source/FreeRTOS-Plus-Trace/include  -I./../../../../Demo/../../FreeRTOS-Plus/Source/FreeRTOS-Plus-Trace/kernelports/FreeRTOS/include -I./../../../../Demo/../../FreeRTOS-Plus/Source/FreeRTOS-Plus-Trace/streamports/RingBuffer/include -c ./../../../../Demo/Common/Minimal/BlockQ.c -o output/BlockQ.o
arm-none-eabi-gcc -ffreestanding -mthumb -mcpu=cortex-m3 -Wall -Wextra -Wshadow -Wno-unused-value -g3 -Os -ffunction-sections -fdata-sections -MMD -MP -MF"output/blocktim.d" -MT output/blocktim.o -I./../../../../Source/include -I./../../../../Source/portable/GCC/ARM_CM3 -I./../../../../Demo/Common/include -I./../../../../Demo/CORTEX_MPS2_QEMU_IAR_GCC -I./../../../../Demo/CORTEX_MPS2_QEMU_IAR_GCC/CMSIS -I./../../../../Demo/CORTEX_MPS2_QEMU_IAR_GCC/TraceRecorderConfig -I./../../../../Demo/../../FreeRTOS-Plus/Source/FreeRTOS-Plus-Trace/include  -I./../../../../Demo/../../FreeRTOS-Plus/Source/FreeRTOS-Plus-Trace/kernelports/FreeRTOS/include -I./../../../../Demo/../../FreeRTOS-Plus/Source/FreeRTOS-Plus-Trace/streamports/RingBuffer/include -c ./../../../../Demo/Common/Minimal/blocktim.c -o output/blocktim.o
arm-none-eabi-gcc -ffreestanding -mthumb -mcpu=cortex-m3 -Wall -Wextra -Wshadow -Wno-unused-value -g3 -Os -ffunction-sections -fdata-sections -MMD -MP -MF"output/countsem.d" -MT output/countsem.o -I./../../../../Source/include -I./../../../../Source/portable/GCC/ARM_CM3 -I./../../../../Demo/Common/include -I./../../../../Demo/CORTEX_MPS2_QEMU_IAR_GCC -I./../../../../Demo/CORTEX_MPS2_QEMU_IAR_GCC/CMSIS -I./../../../../Demo/CORTEX_MPS2_QEMU_IAR_GCC/TraceRecorderConfig -I./../../../../Demo/../../FreeRTOS-Plus/Source/FreeRTOS-Plus-Trace/include  -I./../../../../Demo/../../FreeRTOS-Plus/Source/FreeRTOS-Plus-Trace/kernelports/FreeRTOS/include -I./../../../../Demo/../../FreeRTOS-Plus/Source/FreeRTOS-Plus-Trace/streamports/RingBuffer/include -c ./../../../../Demo/Common/Minimal/countsem.c -o output/countsem.o
arm-none-eabi-gcc -ffreestanding -mthumb -mcpu=cortex-m3 -Wall -Wextra -Wshadow -Wno-unused-value -g3 -Os -ffunction-sections -fdata-sections -MMD -MP -MF"output/death.d" -MT output/death.o -I./../../../../Source/include -I./../../../../Source/portable/GCC/ARM_CM3 -I./../../../../Demo/Common/include -I./../../../../Demo/CORTEX_MPS2_QEMU_IAR_GCC -I./../../../../Demo/CORTEX_MPS2_QEMU_IAR_GCC/CMSIS -I./../../../../Demo/CORTEX_MPS2_QEMU_IAR_GCC/TraceRecorderConfig -I./../../../../Demo/../../FreeRTOS-Plus/Source/FreeRTOS-Plus-Trace/include  -I./../../../../Demo/../../FreeRTOS-Plus/Source/FreeRTOS-Plus-Trace/kernelports/FreeRTOS/include -I./../../../../Demo/../../FreeRTOS-Plus/Source/FreeRTOS-Plus-Trace/streamports/RingBuffer/include -c ./../../../../Demo/Common/Minimal/death.c -o output/death.o
arm-none-eabi-gcc -ffreestanding -mthumb -mcpu=cortex-m3 -Wall -Wextra -Wshadow -Wno-unused-value -g3 -Os -ffunction-sections -fdata-sections -MMD -MP -MF"output/dynamic.d" -MT output/dynamic.o -I./../../../../Source/include -I./../../../../Source/portable/GCC/ARM_CM3 -I./../../../../Demo/Common/include -I./../../../../Demo/CORTEX_MPS2_QEMU_IAR_GCC -I./../../../../Demo/CORTEX_MPS2_QEMU_IAR_GCC/CMSIS -I./../../../../Demo/CORTEX_MPS2_QEMU_IAR_GCC/TraceRecorderConfig -I./../../../../Demo/../../FreeRTOS-Plus/Source/FreeRTOS-Plus-Trace/include  -I./../../../../Demo/../../FreeRTOS-Plus/Source/FreeRTOS-Plus-Trace/kernelports/FreeRTOS/include -I./../../../../Demo/../../FreeRTOS-Plus/Source/FreeRTOS-Plus-Trace/streamports/RingBuffer/include -c ./../../../../Demo/Common/Minimal/dynamic.c -o output/dynamic.o
arm-none-eabi-gcc -ffreestanding -mthumb -mcpu=cortex-m3 -Wall -Wextra -Wshadow -Wno-unused-value -g3 -Os -ffunction-sections -fdata-sections -MMD -MP -MF"output/EventGroupsDemo.d" -MT output/EventGroupsDemo.o -I./../../../../Source/include -I./../../../../Source/portable/GCC/ARM_CM3 -I./../../../../Demo/Common/include -I./../../../../Demo/CORTEX_MPS2_QEMU_IAR_GCC -I./../../../../Demo/CORTEX_MPS2_QEMU_IAR_GCC/CMSIS -I./../../../../Demo/CORTEX_MPS2_QEMU_IAR_GCC/TraceRecorderConfig -I./../../../../Demo/../../FreeRTOS-Plus/Source/FreeRTOS-Plus-Trace/include  -I./../../../../Demo/../../FreeRTOS-Plus/Source/FreeRTOS-Plus-Trace/kernelports/FreeRTOS/include -I./../../../../Demo/../../FreeRTOS-Plus/Source/FreeRTOS-Plus-Trace/streamports/RingBuffer/include -c ./../../../../Demo/Common/Minimal/EventGroupsDemo.c -o output/EventGroupsDemo.o
arm-none-eabi-gcc -ffreestanding -mthumb -mcpu=cortex-m3 -Wall -Wextra -Wshadow -Wno-unused-value -g3 -Os -ffunction-sections -fdata-sections -MMD -MP -MF"output/GenQTest.d" -MT output/GenQTest.o -I./../../../../Source/include -I./../../../../Source/portable/GCC/ARM_CM3 -I./../../../../Demo/Common/include -I./../../../../Demo/CORTEX_MPS2_QEMU_IAR_GCC -I./../../../../Demo/CORTEX_MPS2_QEMU_IAR_GCC/CMSIS -I./../../../../Demo/CORTEX_MPS2_QEMU_IAR_GCC/TraceRecorderConfig -I./../../../../Demo/../../FreeRTOS-Plus/Source/FreeRTOS-Plus-Trace/include  -I./../../../../Demo/../../FreeRTOS-Plus/Source/FreeRTOS-Plus-Trace/kernelports/FreeRTOS/include -I./../../../../Demo/../../FreeRTOS-Plus/Source/FreeRTOS-Plus-Trace/streamports/RingBuffer/include -c ./../../../../Demo/Common/Minimal/GenQTest.c -o output/GenQTest.o
arm-none-eabi-gcc -ffreestanding -mthumb -mcpu=cortex-m3 -Wall -Wextra -Wshadow -Wno-unused-value -g3 -Os -ffunction-sections -fdata-sections -MMD -MP -MF"output/integer.d" -MT output/integer.o -I./../../../../Source/include -I./../../../../Source/portable/GCC/ARM_CM3 -I./../../../../Demo/Common/include -I./../../../../Demo/CORTEX_MPS2_QEMU_IAR_GCC -I./../../../../Demo/CORTEX_MPS2_QEMU_IAR_GCC/CMSIS -I./../../../../Demo/CORTEX_MPS2_QEMU_IAR_GCC/TraceRecorderConfig -I./../../../../Demo/../../FreeRTOS-Plus/Source/FreeRTOS-Plus-Trace/include  -I./../../../../Demo/../../FreeRTOS-Plus/Source/FreeRTOS-Plus-Trace/kernelports/FreeRTOS/include -I./../../../../Demo/../../FreeRTOS-Plus/Source/FreeRTOS-Plus-Trace/streamports/RingBuffer/include -c ./../../../../Demo/Common/Minimal/integer.c -o output/integer.o
arm-none-eabi-gcc -ffreestanding -mthumb -mcpu=cortex-m3 -Wall -Wextra -Wshadow -Wno-unused-value -g3 -Os -ffunction-sections -fdata-sections -MMD -MP -MF"output/IntQueue.d" -MT output/IntQueue.o -I./../../../../Source/include -I./../../../../Source/portable/GCC/ARM_CM3 -I./../../../../Demo/Common/include -I./../../../../Demo/CORTEX_MPS2_QEMU_IAR_GCC -I./../../../../Demo/CORTEX_MPS2_QEMU_IAR_GCC/CMSIS -I./../../../../Demo/CORTEX_MPS2_QEMU_IAR_GCC/TraceRecorderConfig -I./../../../../Demo/../../FreeRTOS-Plus/Source/FreeRTOS-Plus-Trace/include  -I./../../../../Demo/../../FreeRTOS-Plus/Source/FreeRTOS-Plus-Trace/kernelports/FreeRTOS/include -I./../../../../Demo/../../FreeRTOS-Plus/Source/FreeRTOS-Plus-Trace/streamports/RingBuffer/include -c ./../../../../Demo/Common/Minimal/IntQueue.c -o output/IntQueue.o
arm-none-eabi-gcc -ffreestanding -mthumb -mcpu=cortex-m3 -Wall -Wextra -Wshadow -Wno-unused-value -g3 -Os -ffunction-sections -fdata-sections -MMD -MP -MF"output/IntQueueTimer.d" -MT output/IntQueueTimer.o -I./../../../../Source/include -I./../../../../Source/portable/GCC/ARM_CM3 -I./../../../../Demo/Common/include -I./../../../../Demo/CORTEX_MPS2_QEMU_IAR_GCC -I./../../../../Demo/CORTEX_MPS2_QEMU_IAR_GCC/CMSIS -I./../../../../Demo/CORTEX_MPS2_QEMU_IAR_GCC/TraceRecorderConfig -I./../../../../Demo/../../FreeRTOS-Plus/Source/FreeRTOS-Plus-Trace/include  -I./../../../../Demo/../../FreeRTOS-Plus/Source/FreeRTOS-Plus-Trace/kernelports/FreeRTOS/include -I./../../../../Demo/../../FreeRTOS-Plus/Source/FreeRTOS-Plus-Trace/streamports/RingBuffer/include -c ./../../../../Demo/CORTEX_MPS2_QEMU_IAR_GCC/IntQueueTimer.c -o output/IntQueueTimer.o
arm-none-eabi-gcc -ffreestanding -mthumb -mcpu=cortex-m3 -Wall -Wextra -Wshadow -Wno-unused-value -g3 -Os -ffunction-sections -fdata-sections -MMD -MP -MF"output/IntSemTest.d" -MT output/IntSemTest.o -I./../../../../Source/include -I./../../../../Source/portable/GCC/ARM_CM3 -I./../../../../Demo/Common/include -I./../../../../Demo/CORTEX_MPS2_QEMU_IAR_GCC -I./../../../../Demo/CORTEX_MPS2_QEMU_IAR_GCC/CMSIS -I./../../../../Demo/CORTEX_MPS2_QEMU_IAR_GCC/TraceRecorderConfig -I./../../../../Demo/../../FreeRTOS-Plus/Source/FreeRTOS-Plus-Trace/include  -I./../../../../Demo/../../FreeRTOS-Plus/Source/FreeRTOS-Plus-Trace/kernelports/FreeRTOS/include -I./../../../../Demo/../../FreeRTOS-Plus/Source/FreeRTOS-Plus-Trace/streamports/RingBuffer/include -c ./../../../../Demo/Common/Minimal/IntSemTest.c -o output/IntSemTest.o
arm-none-eabi-gcc -ffreestanding -mthumb -mcpu=cortex-m3 -Wall -Wextra -Wshadow -Wno-unused-value -g3 -Os -ffunction-sections -fdata-sections -MMD -MP -MF"output/MessageBufferAMP.d" -MT output/MessageBufferAMP.o -I./../../../../Source/include -I./../../../../Source/portable/GCC/ARM_CM3 -I./../../../../Demo/Common/include -I./../../../../Demo/CORTEX_MPS2_QEMU_IAR_GCC -I./../../../../Demo/CORTEX_MPS2_QEMU_IAR_GCC/CMSIS -I./../../../../Demo/CORTEX_MPS2_QEMU_IAR_GCC/TraceRecorderConfig -I./../../../../Demo/../../FreeRTOS-Plus/Source/FreeRTOS-Plus-Trace/include  -I./../../../../Demo/../../FreeRTOS-Plus/Source/FreeRTOS-Plus-Trace/kernelports/FreeRTOS/include -I./../../../../Demo/../../FreeRTOS-Plus/Source/FreeRTOS-Plus-Trace/streamports/RingBuffer/include -c ./../../../../Demo/Common/Minimal/MessageBufferAMP.c -o output/MessageBufferAMP.o
arm-none-eabi-gcc -ffreestanding -mthumb -mcpu=cortex-m3 -Wall -Wextra -Wshadow -Wno-unused-value -g3 -Os -ffunction-sections -fdata-sections -MMD -MP -MF"output/MessageBufferDemo.d" -MT output/MessageBufferDemo.o -I./../../../../Source/include -I./../../../../Source/portable/GCC/ARM_CM3 -I./../../../../Demo/Common/include -I./../../../../Demo/CORTEX_MPS2_QEMU_IAR_GCC -I./../../../../Demo/CORTEX_MPS2_QEMU_IAR_GCC/CMSIS -I./../../../../Demo/CORTEX_MPS2_QEMU_IAR_GCC/TraceRecorderConfig -I./../../../../Demo/../../FreeRTOS-Plus/Source/FreeRTOS-Plus-Trace/include  -I./../../../../Demo/../../FreeRTOS-Plus/Source/FreeRTOS-Plus-Trace/kernelports/FreeRTOS/include -I./../../../../Demo/../../FreeRTOS-Plus/Source/FreeRTOS-Plus-Trace/streamports/RingBuffer/include -c ./../../../../Demo/Common/Minimal/MessageBufferDemo.c -o output/MessageBufferDemo.o
arm-none-eabi-gcc -ffreestanding -mthumb -mcpu=cortex-m3 -Wall -Wextra -Wshadow -Wno-unused-value -g3 -Os -ffunction-sections -fdata-sections -MMD -MP -MF"output/PollQ.d" -MT output/PollQ.o -I./../../../../Source/include -I./../../../../Source/portable/GCC/ARM_CM3 -I./../../../../Demo/Common/include -I./../../../../Demo/CORTEX_MPS2_QEMU_IAR_GCC -I./../../../../Demo/CORTEX_MPS2_QEMU_IAR_GCC/CMSIS -I./../../../../Demo/CORTEX_MPS2_QEMU_IAR_GCC/TraceRecorderConfig -I./../../../../Demo/../../FreeRTOS-Plus/Source/FreeRTOS-Plus-Trace/include  -I./../../../../Demo/../../FreeRTOS-Plus/Source/FreeRTOS-Plus-Trace/kernelports/FreeRTOS/include -I./../../../../Demo/../../FreeRTOS-Plus/Source/FreeRTOS-Plus-Trace/streamports/RingBuffer/include -c ./../../../../Demo/Common/Minimal/PollQ.c -o output/PollQ.o
arm-none-eabi-gcc -ffreestanding -mthumb -mcpu=cortex-m3 -Wall -Wextra -Wshadow -Wno-unused-value -g3 -Os -ffunction-sections -fdata-sections -MMD -MP -MF"output/QPeek.d" -MT output/QPeek.o -I./../../../../Source/include -I./../../../../Source/portable/GCC/ARM_CM3 -I./../../../../Demo/Common/include -I./../../../../Demo/CORTEX_MPS2_QEMU_IAR_GCC -I./../../../../Demo/CORTEX_MPS2_QEMU_IAR_GCC/CMSIS -I./../../../../Demo/CORTEX_MPS2_QEMU_IAR_GCC/TraceRecorderConfig -I./../../../../Demo/../../FreeRTOS-Plus/Source/FreeRTOS-Plus-Trace/include  -I./../../../../Demo/../../FreeRTOS-Plus/Source/FreeRTOS-Plus-Trace/kernelports/FreeRTOS/include -I./../../../../Demo/../../FreeRTOS-Plus/Source/FreeRTOS-Plus-Trace/streamports/RingBuffer/include -c ./../../../../Demo/Common/Minimal/QPeek.c -o output/QPeek.o
arm-none-eabi-gcc -ffreestanding -mthumb -mcpu=cortex-m3 -Wall -Wextra -Wshadow -Wno-unused-value -g3 -Os -ffunction-sections -fdata-sections -MMD -MP -MF"output/QueueOverwrite.d" -MT output/QueueOverwrite.o -I./../../../../Source/include -I./../../../../Source/portable/GCC/ARM_CM3 -I./../../../../Demo/Common/include -I./../../../../Demo/CORTEX_MPS2_QEMU_IAR_GCC -I./../../../../Demo/CORTEX_MPS2_QEMU_IAR_GCC/CMSIS -I./../../../../Demo/CORTEX_MPS2_QEMU_IAR_GCC/TraceRecorderConfig -I./../../../../Demo/../../FreeRTOS-Plus/Source/FreeRTOS-Plus-Trace/include  -I./../../../../Demo/../../FreeRTOS-Plus/Source/FreeRTOS-Plus-Trace/kernelports/FreeRTOS/include -I./../../../../Demo/../../FreeRTOS-Plus/Source/FreeRTOS-Plus-Trace/streamports/RingBuffer/include -c ./../../../../Demo/Common/Minimal/QueueOverwrite.c -o output/QueueOverwrite.o
arm-none-eabi-gcc -ffreestanding -mthumb -mcpu=cortex-m3 -Wall -Wextra -Wshadow -Wno-unused-value -g3 -Os -ffunction-sections -fdata-sections -MMD -MP -MF"output/QueueSet.d" -MT output/QueueSet.o -I./../../../../Source/include -I./../../../../Source/portable/GCC/ARM_CM3 -I./../../../../Demo/Common/include -I./../../../../Demo/CORTEX_MPS2_QEMU_IAR_GCC -I./../../../../Demo/CORTEX_MPS2_QEMU_IAR_GCC/CMSIS -I./../../../../Demo/CORTEX_MPS2_QEMU_IAR_GCC/TraceRecorderConfig -I./../../../../Demo/../../FreeRTOS-Plus/Source/FreeRTOS-Plus-Trace/include  -I./../../../../Demo/../../FreeRTOS-Plus/Source/FreeRTOS-Plus-Trace/kernelports/FreeRTOS/include -I./../../../../Demo/../../FreeRTOS-Plus/Source/FreeRTOS-Plus-Trace/streamports/RingBuffer/include -c ./../../../../Demo/Common/Minimal/QueueSet.c -o output/QueueSet.o
arm-none-eabi-gcc -ffreestanding -mthumb -mcpu=cortex-m3 -Wall -Wextra -Wshadow -Wno-unused-value -g3 -Os -ffunction-sections -fdata-sections -MMD -MP -MF"output/QueueSetPolling.d" -MT output/QueueSetPolling.o -I./../../../../Source/include -I./../../../../Source/portable/GCC/ARM_CM3 -I./../../../../Demo/Common/include -I./../../../../Demo/CORTEX_MPS2_QEMU_IAR_GCC -I./../../../../Demo/CORTEX_MPS2_QEMU_IAR_GCC/CMSIS -I./../../../../Demo/CORTEX_MPS2_QEMU_IAR_GCC/TraceRecorderConfig -I./../../../../Demo/../../FreeRTOS-Plus/Source/FreeRTOS-Plus-Trace/include  -I./../../../../Demo/../../FreeRTOS-Plus/Source/FreeRTOS-Plus-Trace/kernelports/FreeRTOS/include -I./../../../../Demo/../../FreeRTOS-Plus/Source/FreeRTOS-Plus-Trace/streamports/RingBuffer/include -c ./../../../../Demo/Common/Minimal/QueueSetPolling.c -o output/QueueSetPolling.o
arm-none-eabi-gcc -ffreestanding -mthumb -mcpu=cortex-m3 -Wall -Wextra -Wshadow -Wno-unused-value -g3 -Os -ffunction-sections -fdata-sections -MMD -MP -MF"output/recmutex.d" -MT output/recmutex.o -I./../../../../Source/include -I./../../../../Source/portable/GCC/ARM_CM3 -I./../../../../Demo/Common/include -I./../../../../Demo/CORTEX_MPS2_QEMU_IAR_GCC -I./../../../../Demo/CORTEX_MPS2_QEMU_IAR_GCC/CMSIS -I./../../../../Demo/CORTEX_MPS2_QEMU_IAR_GCC/TraceRecorderConfig -I./../../../../Demo/../../FreeRTOS-Plus/Source/FreeRTOS-Plus-Trace/include  -I./../../../../Demo/../../FreeRTOS-Plus/Source/FreeRTOS-Plus-Trace/kernelports/FreeRTOS/include -I./../../../../Demo/../../FreeRTOS-Plus/Source/FreeRTOS-Plus-Trace/streamports/RingBuffer/include -c ./../../../../Demo/Common/Minimal/recmutex.c -o output/recmutex.o
arm-none-eabi-gcc -ffreestanding -mthumb -mcpu=cortex-m3 -Wall -Wextra -Wshadow -Wno-unused-value -g3 -Os -ffunction-sections -fdata-sections -MMD -MP -MF"output/semtest.d" -MT output/semtest.o -I./../../../../Source/include -I./../../../../Source/portable/GCC/ARM_CM3 -I./../../../../Demo/Common/include -I./../../../../Demo/CORTEX_MPS2_QEMU_IAR_GCC -I./../../../../Demo/CORTEX_MPS2_QEMU_IAR_GCC/CMSIS -I./../../../../Demo/CORTEX_MPS2_QEMU_IAR_GCC/TraceRecorderConfig -I./../../../../Demo/../../FreeRTOS-Plus/Source/FreeRTOS-Plus-Trace/include  -I./../../../../Demo/../../FreeRTOS-Plus/Source/FreeRTOS-Plus-Trace/kernelports/FreeRTOS/include -I./../../../../Demo/../../FreeRTOS-Plus/Source/FreeRTOS-Plus-Trace/streamports/RingBuffer/include -c ./../../../../Demo/Common/Minimal/semtest.c -o output/semtest.o
arm-none-eabi-gcc -ffreestanding -mthumb -mcpu=cortex-m3 -Wall -Wextra -Wshadow -Wno-unused-value -g3 -Os -ffunction-sections -fdata-sections -MMD -MP -MF"output/StaticAllocation.d" -MT output/StaticAllocation.o -I./../../../../Source/include -I./../../../../Source/portable/GCC/ARM_CM3 -I./../../../../Demo/Common/include -I./../../../../Demo/CORTEX_MPS2_QEMU_IAR_GCC -I./../../../../Demo/CORTEX_MPS2_QEMU_IAR_GCC/CMSIS -I./../../../../Demo/CORTEX_MPS2_QEMU_IAR_GCC/TraceRecorderConfig -I./../../../../Demo/../../FreeRTOS-Plus/Source/FreeRTOS-Plus-Trace/include  -I./../../../../Demo/../../FreeRTOS-Plus/Source/FreeRTOS-Plus-Trace/kernelports/FreeRTOS/include -I./../../../../Demo/../../FreeRTOS-Plus/Source/FreeRTOS-Plus-Trace/streamports/RingBuffer/include -c ./../../../../Demo/Common/Minimal/StaticAllocation.c -o output/StaticAllocation.o
arm-none-eabi-gcc -ffreestanding -mthumb -mcpu=cortex-m3 -Wall -Wextra -Wshadow -Wno-unused-value -g3 -Os -ffunction-sections -fdata-sections -MMD -MP -MF"output/StreamBufferDemo.d" -MT output/StreamBufferDemo.o -I./../../../../Source/include -I./../../../../Source/portable/GCC/ARM_CM3 -I./../../../../Demo/Common/include -I./../../../../Demo/CORTEX_MPS2_QEMU_IAR_GCC -I./../../../../Demo/CORTEX_MPS2_QEMU_IAR_GCC/CMSIS -I./../../../../Demo/CORTEX_MPS2_QEMU_IAR_GCC/TraceRecorderConfig -I./../../../../Demo/../../FreeRTOS-Plus/Source/FreeRTOS-Plus-Trace/include  -I./../../../../Demo/../../FreeRTOS-Plus/Source/FreeRTOS-Plus-Trace/kernelports/FreeRTOS/include -I./../../../../Demo/../../FreeRTOS-Plus/Source/FreeRTOS-Plus-Trace/streamports/RingBuffer/include -c ./../../../../Demo/Common/Minimal/StreamBufferDemo.c -o output/StreamBufferDemo.o
arm-none-eabi-gcc -ffreestanding -mthumb -mcpu=cortex-m3 -Wall -Wextra -Wshadow -Wno-unused-value -g3 -Os -ffunction-sections -fdata-sections -MMD -MP -MF"output/StreamBufferInterrupt.d" -MT output/StreamBufferInterrupt.o -I./../../../../Source/include -I./../../../../Source/portable/GCC/ARM_CM3 -I./../../../../Demo/Common/include -I./../../../../Demo/CORTEX_MPS2_QEMU_IAR_GCC -I./../../../../Demo/CORTEX_MPS2_QEMU_IAR_GCC/CMSIS -I./../../../../Demo/CORTEX_MPS2_QEMU_IAR_GCC/TraceRecorderConfig -I./../../../../Demo/../../FreeRTOS-Plus/Source/FreeRTOS-Plus-Trace/include  -I./../../../../Demo/../../FreeRTOS-Plus/Source/FreeRTOS-Plus-Trace/kernelports/FreeRTOS/include -I./../../../../Demo/../../FreeRTOS-Plus/Source/FreeRTOS-Plus-Trace/streamports/RingBuffer/include -c ./../../../../Demo/Common/Minimal/StreamBufferInterrupt.c -o output/StreamBufferInterrupt.o
arm-none-eabi-gcc -ffreestanding -mthumb -mcpu=cortex-m3 -Wall -Wextra -Wshadow -Wno-unused-value -g3 -Os -ffunction-sections -fdata-sections -MMD -MP -MF"output/TaskNotify.d" -MT output/TaskNotify.o -I./../../../../Source/include -I./../../../../Source/portable/GCC/ARM_CM3 -I./../../../../Demo/Common/include -I./../../../../Demo/CORTEX_MPS2_QEMU_IAR_GCC -I./../../../../Demo/CORTEX_MPS2_QEMU_IAR_GCC/CMSIS -I./../../../../Demo/CORTEX_MPS2_QEMU_IAR_GCC/TraceRecorderConfig -I./../../../../Demo/../../FreeRTOS-Plus/Source/FreeRTOS-Plus-Trace/include  -I./../../../../Demo/../../FreeRTOS-Plus/Source/FreeRTOS-Plus-Trace/kernelports/FreeRTOS/include -I./../../../../Demo/../../FreeRTOS-Plus/Source/FreeRTOS-Plus-Trace/streamports/RingBuffer/include -c ./../../../../Demo/Common/Minimal/TaskNotify.c -o output/TaskNotify.o
arm-none-eabi-gcc -ffreestanding -mthumb -mcpu=cortex-m3 -Wall -Wextra -Wshadow -Wno-unused-value -g3 -Os -ffunction-sections -fdata-sections -MMD -MP -MF"output/TaskNotifyArray.d" -MT output/TaskNotifyArray.o -I./../../../../Source/include -I./../../../../Source/portable/GCC/ARM_CM3 -I./../../../../Demo/Common/include -I./../../../../Demo/CORTEX_MPS2_QEMU_IAR_GCC -I./../../../../Demo/CORTEX_MPS2_QEMU_IAR_GCC/CMSIS -I./../../../../Demo/CORTEX_MPS2_QEMU_IAR_GCC/TraceRecorderConfig -I./../../../../Demo/../../FreeRTOS-Plus/Source/FreeRTOS-Plus-Trace/include  -I./../../../../Demo/../../FreeRTOS-Plus/Source/FreeRTOS-Plus-Trace/kernelports/FreeRTOS/include -I./../../../../Demo/../../FreeRTOS-Plus/Source/FreeRTOS-Plus-Trace/streamports/RingBuffer/include -c ./../../../../Demo/Common/Minimal/TaskNotifyArray.c -o output/TaskNotifyArray.o
arm-none-eabi-gcc -ffreestanding -mthumb -mcpu=cortex-m3 -Wall -Wextra -Wshadow -Wno-unused-value -g3 -Os -ffunction-sections -fdata-sections -MMD -MP -MF"output/TimerDemo.d" -MT output/TimerDemo.o -I./../../../../Source/include -I./../../../../Source/portable/GCC/ARM_CM3 -I./../../../../Demo/Common/include -I./../../../../Demo/CORTEX_MPS2_QEMU_IAR_GCC -I./../../../../Demo/CORTEX_MPS2_QEMU_IAR_GCC/CMSIS -I./../../../../Demo/CORTEX_MPS2_QEMU_IAR_GCC/TraceRecorderConfig -I./../../../../Demo/../../FreeRTOS-Plus/Source/FreeRTOS-Plus-Trace/include  -I./../../../../Demo/../../FreeRTOS-Plus/Source/FreeRTOS-Plus-Trace/kernelports/FreeRTOS/include -I./../../../../Demo/../../FreeRTOS-Plus/Source/FreeRTOS-Plus-Trace/streamports/RingBuffer/include -c ./../../../../Demo/Common/Minimal/TimerDemo.c -o output/TimerDemo.o
arm-none-eabi-gcc -ffreestanding -mthumb -mcpu=cortex-m3 -Wall -Wextra -Wshadow -Wno-unused-value -g3 -Os -ffunction-sections -fdata-sections -MMD -MP -MF"output/main.d" -MT output/main.o -I./../../../../Source/include -I./../../../../Source/portable/GCC/ARM_CM3 -I./../../../../Demo/Common/include -I./../../../../Demo/CORTEX_MPS2_QEMU_IAR_GCC -I./../../../../Demo/CORTEX_MPS2_QEMU_IAR_GCC/CMSIS -I./../../../../Demo/CORTEX_MPS2_QEMU_IAR_GCC/TraceRecorderConfig -I./../../../../Demo/../../FreeRTOS-Plus/Source/FreeRTOS-Plus-Trace/include  -I./../../../../Demo/../../FreeRTOS-Plus/Source/FreeRTOS-Plus-Trace/kernelports/FreeRTOS/include -I./../../../../Demo/../../FreeRTOS-Plus/Source/FreeRTOS-Plus-Trace/streamports/RingBuffer/include -c ./../../../../Demo/CORTEX_MPS2_QEMU_IAR_GCC/main.c -o output/main.o
arm-none-eabi-gcc -ffreestanding -mthumb -mcpu=cortex-m3 -Wall -Wextra -Wshadow -Wno-unused-value -g3 -Os -ffunction-sections -fdata-sections -MMD -MP -MF"output/fuzz_harness.d" -MT output/fuzz_harness.o -I./../../../../Source/include -I./../../../../Source/portable/GCC/ARM_CM3 -I./../../../../Demo/Common/include -I./../../../../Demo/CORTEX_MPS2_QEMU_IAR_GCC -I./../../../../Demo/CORTEX_MPS2_QEMU_IAR_GCC/CMSIS -I./../../../../Demo/CORTEX_MPS2_QEMU_IAR_GCC/TraceRecorderConfig -I./../../../../Demo/../../FreeRTOS-Plus/Source/FreeRTOS-Plus-Trace/include  -I./../../../../Demo/../../FreeRTOS-Plus/Source/FreeRTOS-Plus-Trace/kernelports/FreeRTOS/include -I./../../../../Demo/../../FreeRTOS-Plus/Source/FreeRTOS-Plus-Trace/streamports/RingBuffer/include -c ./../../../../Demo/CORTEX_MPS2_QEMU_IAR_GCC/fuzz_harness.c -o output/fuzz_harness.o


[STDERR]
./../../../../Demo/CORTEX_MPS2_QEMU_IAR_GCC/fuzz_harness.c:158:8: error: unknown type name 'StreamBufferHandle_t'
  158 | static StreamBufferHandle_t g_trackedStreams[ MAX_TRACKED_STREAMS ] = { 0 };
      |        ^~~~~~~~~~~~~~~~~~~~
./../../../../Demo/CORTEX_MPS2_QEMU_IAR_GCC/fuzz_harness.c:162:8: error: unknown type name 'StreamBufferHandle_t'
  162 | static StreamBufferHandle_t helper_create_static_stream( FR_Reader * fr,
      |        ^~~~~~~~~~~~~~~~~~~~
./../../../../Demo/CORTEX_MPS2_QEMU_IAR_GCC/fuzz_harness.c: In function 'helper_create_static_stream':
./../../../../Demo/CORTEX_MPS2_QEMU_IAR_GCC/fuzz_harness.c:167:16: warning: returning 'void *' from a function with return type 'int' makes integer from pointer without a cast [-Wint-conversion]
  167 |         return NULL;
      |                ^~~~
./../../../../Demo/CORTEX_MPS2_QEMU_IAR_GCC/fuzz_harness.c:173:16: warning: returning 'void *' from a function with return type 'int' makes integer from pointer without a cast [-Wint-conversion]
  173 |         return NULL;
      |                ^~~~
./../../../../Demo/CORTEX_MPS2_QEMU_IAR_GCC/fuzz_harness.c:210:5: error: unknown type name 'StreamBufferHandle_t'
  210 |     StreamBufferHandle_t h = xStreamBufferCreateStatic( bufferSize,
      |     ^~~~~~~~~~~~~~~~~~~~
./../../../../Demo/CORTEX_MPS2_QEMU_IAR_GCC/fuzz_harness.c:210:30: warning: implicit declaration of function 'xStreamBufferCreateStatic'; did you mean 'xTimerCreateStatic'? [-Wimplicit-function-declaration]
  210 |     StreamBufferHandle_t h = xStreamBufferCreateStatic( bufferSize,
      |                              ^~~~~~~~~~~~~~~~~~~~~~~~~
      |                              xTimerCreateStatic
./../../../../Demo/CORTEX_MPS2_QEMU_IAR_GCC/fuzz_harness.c: At top level:
./../../../../Demo/CORTEX_MPS2_QEMU_IAR_GCC/fuzz_harness.c:218:50: error: unknown type name 'StreamBufferHandle_t'
  218 | static void helper_track_stream( FR_Reader * fr, StreamBufferHandle_t h )
      |                                                  ^~~~~~~~~~~~~~~~~~~~
./../../../../Demo/CORTEX_MPS2_QEMU_IAR_GCC/fuzz_harness.c:236:8: error: unknown type name 'StreamBufferHandle_t'
  236 | static StreamBufferHandle_t helper_pick_tracked_stream( FR_Reader * fr )
      |        ^~~~~~~~~~~~~~~~~~~~
./../../../../Demo/CORTEX_MPS2_QEMU_IAR_GCC/fuzz_harness.c: In function 'helper_pick_tracked_stream':
./../../../../Demo/CORTEX_MPS2_QEMU_IAR_GCC/fuzz_harness.c:240:16: warning: returning 'void *' from a function with return type 'int' makes integer from pointer without a cast [-Wint-conversion]
  240 |         return NULL;
      |                ^~~~
./../../../../Demo/CORTEX_MPS2_QEMU_IAR_GCC/fuzz_harness.c:245:16: warning: returning 'void *' from a function with return type 'int' makes integer from pointer without a cast [-Wint-conversion]
  245 |         return NULL;
      |                ^~~~
./../../../../Demo/CORTEX_MPS2_QEMU_IAR_GCC/fuzz_harness.c: At top level:
./../../../../Demo/CORTEX_MPS2_QEMU_IAR_GCC/fuzz_harness.c:256:53: error: unknown type name 'StreamBufferHandle_t'
  256 | static void helper_exercise_stream( FR_Reader * fr, StreamBufferHandle_t h )
      |                                                     ^~~~~~~~~~~~~~~~~~~~
./../../../../Demo/CORTEX_MPS2_QEMU_IAR_GCC/fuzz_harness.c: In function 'test_task':
./../../../../Demo/CORTEX_MPS2_QEMU_IAR_GCC/fuzz_harness.c:356:21: error: unknown type name 'StreamBufferHandle_t'
  356 |                     StreamBufferHandle_t h = helper_create_static_stream( &fr, useFirst );
      |                     ^~~~~~~~~~~~~~~~~~~~
./../../../../Demo/CORTEX_MPS2_QEMU_IAR_GCC/fuzz_harness.c:358:27: warning: comparison between pointer and integer
  358 |                     if( h != NULL )
      |                           ^~
./../../../../Demo/CORTEX_MPS2_QEMU_IAR_GCC/fuzz_harness.c:360:25: warning: implicit declaration of function 'helper_exercise_stream' [-Wimplicit-function-declaration]
  360 |                         helper_exercise_stream( &fr, h );
      |                         ^~~~~~~~~~~~~~~~~~~~~~
./../../../../Demo/CORTEX_MPS2_QEMU_IAR_GCC/fuzz_harness.c:361:25: warning: implicit declaration of function 'vStreamBufferDelete' [-Wimplicit-function-declaration]
  361 |                         vStreamBufferDelete( h );
      |                         ^~~~~~~~~~~~~~~~~~~
./../../../../Demo/CORTEX_MPS2_QEMU_IAR_GCC/fuzz_harness.c:372:21: error: unknown type name 'StreamBufferHandle_t'
  372 |                     StreamBufferHandle_t hNew = helper_create_static_stream( &fr, useFirst );
      |                     ^~~~~~~~~~~~~~~~~~~~
./../../../../Demo/CORTEX_MPS2_QEMU_IAR_GCC/fuzz_harness.c:374:30: warning: comparison between pointer and integer
  374 |                     if( hNew != NULL )
      |                              ^~
./../../../../Demo/CORTEX_MPS2_QEMU_IAR_GCC/fuzz_harness.c:377:25: warning: implicit declaration of function 'helper_track_stream'; did you mean 'helper_pick_tracked_stream'? [-Wimplicit-function-declaration]
  377 |                         helper_track_stream( &fr, hNew );
      |                         ^~~~~~~~~~~~~~~~~~~
      |                         helper_pick_tracked_stream
./../../../../Demo/CORTEX_MPS2_QEMU_IAR_GCC/fuzz_harness.c:381:21: error: unknown type name 'StreamBufferHandle_t'
  381 |                     StreamBufferHandle_t hOld = helper_pick_tracked_stream( &fr );
      |                     ^~~~~~~~~~~~~~~~~~~~
./../../../../Demo/CORTEX_MPS2_QEMU_IAR_GCC/fuzz_harness.c:382:30: warning: comparison between pointer and integer
  382 |                     if( hOld != NULL )
      |                              ^~
./../../../../Demo/CORTEX_MPS2_QEMU_IAR_GCC/fuzz_harness.c:387:37: warning: declaration of 'i' shadows a previous local [-Wshadow]
  387 |                         for( size_t i = 0; i < MAX_TRACKED_STREAMS; i++ )
      |                                     ^
./../../../../Demo/CORTEX_MPS2_QEMU_IAR_GCC/fuzz_harness.c:336:23: note: shadowed declaration is here
  336 |     for (unsigned int i = 0; i < iterations; ++i) {
      |                       ^
./../../../../Demo/CORTEX_MPS2_QEMU_IAR_GCC/fuzz_harness.c:391:55: warning: assignment to 'int' from 'void *' makes integer from pointer without a cast [-Wint-conversion]
  391 |                                 g_trackedStreams[ i ] = NULL;
      |                                                       ^
./../../../../Demo/CORTEX_MPS2_QEMU_IAR_GCC/fuzz_harness.c:406:21: error: unknown type name 'StreamBufferHandle_t'
  406 |                     StreamBufferHandle_t hTracked = helper_pick_tracked_stream( &fr );
      |                     ^~~~~~~~~~~~~~~~~~~~
./../../../../Demo/CORTEX_MPS2_QEMU_IAR_GCC/fuzz_harness.c:415:21: error: unknown type name 'StreamBufferHandle_t'
  415 |                     StreamBufferHandle_t hFuzz = ( StreamBufferHandle_t ) ( uintptr_t ) rawPtr;
      |                     ^~~~~~~~~~~~~~~~~~~~
./../../../../Demo/CORTEX_MPS2_QEMU_IAR_GCC/fuzz_harness.c:415:52: error: 'StreamBufferHandle_t' undeclared (first use in this function)
  415 |                     StreamBufferHandle_t hFuzz = ( StreamBufferHandle_t ) ( uintptr_t ) rawPtr;
      |                                                    ^~~~~~~~~~~~~~~~~~~~
./../../../../Demo/CORTEX_MPS2_QEMU_IAR_GCC/fuzz_harness.c:415:52: note: each undeclared identifier is reported only once for each function it appears in
./../../../../Demo/CORTEX_MPS2_QEMU_IAR_GCC/fuzz_harness.c:415:77: error: expected expression before 'uintptr_t'
  415 |                     StreamBufferHandle_t hFuzz = ( StreamBufferHandle_t ) ( uintptr_t ) rawPtr;
      |                                                                             ^~~~~~~~~
./../../../../Demo/CORTEX_MPS2_QEMU_IAR_GCC/fuzz_harness.c:415:89: error: expected ',' or ';' before 'rawPtr'
  415 |                     StreamBufferHandle_t hFuzz = ( StreamBufferHandle_t ) ( uintptr_t ) rawPtr;
      |                                                                                         ^~~~~~
./../../../../Demo/CORTEX_MPS2_QEMU_IAR_GCC/fuzz_harness.c:419:41: error: expected ';' before 'target'
  419 |                     StreamBufferHandle_t target = NULL;
      |                                         ^~~~~~~
      |                                         ;
./../../../../Demo/CORTEX_MPS2_QEMU_IAR_GCC/fuzz_harness.c:423:29: error: 'target' undeclared (first use in this function)
  423 |                             target = hTracked;
      |                             ^~~~~~
./../../../../Demo/CORTEX_MPS2_QEMU_IAR_GCC/fuzz_harness.c:414:30: warning: unused variable 'rawPtr' [-Wunused-variable]
  414 |                     uint32_t rawPtr = FR_next_u32( &fr );
      |                              ^~~~~~
./../../../../Demo/CORTEX_MPS2_QEMU_IAR_GCC/fuzz_harness.c: In function 'fuzz_task':
./../../../../Demo/CORTEX_MPS2_QEMU_IAR_GCC/fuzz_harness.c:462:9: warning: passing argument 1 of 'xTaskCreateStatic' from incompatible pointer type [-Wincompatible-pointer-types]
  462 |         test_task,
      |         ^~~~~~~~~
      |         |
      |         void (*)(void)
In file included from ./../../../../Demo/CORTEX_MPS2_QEMU_IAR_GCC/fuzz_harness.c:38:
./../../../../Source/include/task.h:512:52: note: expected 'TaskFunction_t' {aka 'void (*)(void *)'} but argument is of type 'void (*)(void)'
  512 |     TaskHandle_t xTaskCreateStatic( TaskFunction_t pxTaskCode,
      |                                     ~~~~~~~~~~~~~~~^~~~~~~~~~
make: *** [Makefile:149: output/fuzz_harness.o] Error 1
