[RETURN_CODE]
2

[STDOUT]
rm -f ./output/RTOSDemo.out ./output/RTOSDemo.map ./output/*.o ./output/*.d
arm-none-eabi-gcc -ffreestanding -mthumb -mcpu=cortex-m3 -Wall -Wextra -Wshadow -Wno-unused-value -g3 -Os -ffunction-sections -fdata-sections -MMD -MP -MF"output/tasks.d" -MT output/tasks.o -I./../../../../Source/include -I./../../../../Source/portable/GCC/ARM_CM3 -I./../../../../Demo/Common/include -I./../../../../Demo/CORTEX_MPS2_QEMU_IAR_GCC -I./../../../../Demo/CORTEX_MPS2_QEMU_IAR_GCC/CMSIS -I./../../../../Demo/CORTEX_MPS2_QEMU_IAR_GCC/TraceRecorderConfig -I./../../../../Demo/../../FreeRTOS-Plus/Source/FreeRTOS-Plus-Trace/include  -I./../../../../Demo/../../FreeRTOS-Plus/Source/FreeRTOS-Plus-Trace/kernelports/FreeRTOS/include -I./../../../../Demo/../../FreeRTOS-Plus/Source/FreeRTOS-Plus-Trace/streamports/RingBuffer/include -c ./../../../../Source/tasks.c -o output/tasks.o
arm-none-eabi-gcc -ffreestanding -mthumb -mcpu=cortex-m3 -Wall -Wextra -Wshadow -Wno-unused-value -g3 -Os -ffunction-sections -fdata-sections -MMD -MP -MF"output/list.d" -MT output/list.o -I./../../../../Source/include -I./../../../../Source/portable/GCC/ARM_CM3 -I./../../../../Demo/Common/include -I./../../../../Demo/CORTEX_MPS2_QEMU_IAR_GCC -I./../../../../Demo/CORTEX_MPS2_QEMU_IAR_GCC/CMSIS -I./../../../../Demo/CORTEX_MPS2_QEMU_IAR_GCC/TraceRecorderConfig -I./../../../../Demo/../../FreeRTOS-Plus/Source/FreeRTOS-Plus-Trace/include  -I./../../../../Demo/../../FreeRTOS-Plus/Source/FreeRTOS-Plus-Trace/kernelports/FreeRTOS/include -I./../../../../Demo/../../FreeRTOS-Plus/Source/FreeRTOS-Plus-Trace/streamports/RingBuffer/include -c ./../../../../Source/list.c -o output/list.o
arm-none-eabi-gcc -ffreestanding -mthumb -mcpu=cortex-m3 -Wall -Wextra -Wshadow -Wno-unused-value -g3 -Os -ffunction-sections -fdata-sections -MMD -MP -MF"output/queue.d" -MT output/queue.o -I./../../../../Source/include -I./../../../../Source/portable/GCC/ARM_CM3 -I./../../../../Demo/Common/include -I./../../../../Demo/CORTEX_MPS2_QEMU_IAR_GCC -I./../../../../Demo/CORTEX_MPS2_QEMU_IAR_GCC/CMSIS -I./../../../../Demo/CORTEX_MPS2_QEMU_IAR_GCC/TraceRecorderConfig -I./../../../../Demo/../../FreeRTOS-Plus/Source/FreeRTOS-Plus-Trace/include  -I./../../../../Demo/../../FreeRTOS-Plus/Source/FreeRTOS-Plus-Trace/kernelports/FreeRTOS/include -I./../../../../Demo/../../FreeRTOS-Plus/Source/FreeRTOS-Plus-Trace/streamports/RingBuffer/include -c ./../../../../Source/queue.c -o output/queue.o
arm-none-eabi-gcc -ffreestanding -mthumb -mcpu=cortex-m3 -Wall -Wextra -Wshadow -Wno-unused-value -g3 -Os -ffunction-sections -fdata-sections -MMD -MP -MF"output/timers.d" -MT output/timers.o -I./../../../../Source/include -I./../../../../Source/portable/GCC/ARM_CM3 -I./../../../../Demo/Common/include -I./../../../../Demo/CORTEX_MPS2_QEMU_IAR_GCC -I./../../../../Demo/CORTEX_MPS2_QEMU_IAR_GCC/CMSIS -I./../../../../Demo/CORTEX_MPS2_QEMU_IAR_GCC/TraceRecorderConfig -I./../../../../Demo/../../FreeRTOS-Plus/Source/FreeRTOS-Plus-Trace/include  -I./../../../../Demo/../../FreeRTOS-Plus/Source/FreeRTOS-Plus-Trace/kernelports/FreeRTOS/include -I./../../../../Demo/../../FreeRTOS-Plus/Source/FreeRTOS-Plus-Trace/streamports/RingBuffer/include -c ./../../../../Source/timers.c -o output/timers.o
arm-none-eabi-gcc -ffreestanding -mthumb -mcpu=cortex-m3 -Wall -Wextra -Wshadow -Wno-unused-value -g3 -Os -ffunction-sections -fdata-sections -MMD -MP -MF"output/event_groups.d" -MT output/event_groups.o -I./../../../../Source/include -I./../../../../Source/portable/GCC/ARM_CM3 -I./../../../../Demo/Common/include -I./../../../../Demo/CORTEX_MPS2_QEMU_IAR_GCC -I./../../../../Demo/CORTEX_MPS2_QEMU_IAR_GCC/CMSIS -I./../../../../Demo/CORTEX_MPS2_QEMU_IAR_GCC/TraceRecorderConfig -I./../../../../Demo/../../FreeRTOS-Plus/Source/FreeRTOS-Plus-Trace/include  -I./../../../../Demo/../../FreeRTOS-Plus/Source/FreeRTOS-Plus-Trace/kernelports/FreeRTOS/include -I./../../../../Demo/../../FreeRTOS-Plus/Source/FreeRTOS-Plus-Trace/streamports/RingBuffer/include -c ./../../../../Source/event_groups.c -o output/event_groups.o
arm-none-eabi-gcc -ffreestanding -mthumb -mcpu=cortex-m3 -Wall -Wextra -Wshadow -Wno-unused-value -g3 -Os -ffunction-sections -fdata-sections -MMD -MP -MF"output/stream_buffer.d" -MT output/stream_buffer.o -I./../../../../Source/include -I./../../../../Source/portable/GCC/ARM_CM3 -I./../../../../Demo/Common/include -I./../../../../Demo/CORTEX_MPS2_QEMU_IAR_GCC -I./../../../../Demo/CORTEX_MPS2_QEMU_IAR_GCC/CMSIS -I./../../../../Demo/CORTEX_MPS2_QEMU_IAR_GCC/TraceRecorderConfig -I./../../../../Demo/../../FreeRTOS-Plus/Source/FreeRTOS-Plus-Trace/include  -I./../../../../Demo/../../FreeRTOS-Plus/Source/FreeRTOS-Plus-Trace/kernelports/FreeRTOS/include -I./../../../../Demo/../../FreeRTOS-Plus/Source/FreeRTOS-Plus-Trace/streamports/RingBuffer/include -c ./../../../../Source/stream_buffer.c -o output/stream_buffer.o
arm-none-eabi-gcc -ffreestanding -mthumb -mcpu=cortex-m3 -Wall -Wextra -Wshadow -Wno-unused-value -g3 -Os -ffunction-sections -fdata-sections -MMD -MP -MF"output/heap_4.d" -MT output/heap_4.o -I./../../../../Source/include -I./../../../../Source/portable/GCC/ARM_CM3 -I./../../../../Demo/Common/include -I./../../../../Demo/CORTEX_MPS2_QEMU_IAR_GCC -I./../../../../Demo/CORTEX_MPS2_QEMU_IAR_GCC/CMSIS -I./../../../../Demo/CORTEX_MPS2_QEMU_IAR_GCC/TraceRecorderConfig -I./../../../../Demo/../../FreeRTOS-Plus/Source/FreeRTOS-Plus-Trace/include  -I./../../../../Demo/../../FreeRTOS-Plus/Source/FreeRTOS-Plus-Trace/kernelports/FreeRTOS/include -I./../../../../Demo/../../FreeRTOS-Plus/Source/FreeRTOS-Plus-Trace/streamports/RingBuffer/include -c ./../../../../Source/portable/MemMang/heap_4.c -o output/heap_4.o
arm-none-eabi-gcc -ffreestanding -mthumb -mcpu=cortex-m3 -Wall -Wextra -Wshadow -Wno-unused-value -g3 -Os -ffunction-sections -fdata-sections -MMD -MP -MF"output/port.d" -MT output/port.o -I./../../../../Source/include -I./../../../../Source/portable/GCC/ARM_CM3 -I./../../../../Demo/Common/include -I./../../../../Demo/CORTEX_MPS2_QEMU_IAR_GCC -I./../../../../Demo/CORTEX_MPS2_QEMU_IAR_GCC/CMSIS -I./../../../../Demo/CORTEX_MPS2_QEMU_IAR_GCC/TraceRecorderConfig -I./../../../../Demo/../../FreeRTOS-Plus/Source/FreeRTOS-Plus-Trace/include  -I./../../../../Demo/../../FreeRTOS-Plus/Source/FreeRTOS-Plus-Trace/kernelports/FreeRTOS/include -I./../../../../Demo/../../FreeRTOS-Plus/Source/FreeRTOS-Plus-Trace/streamports/RingBuffer/include -c ./../../../../Source/portable/GCC/ARM_CM3/port.c -o output/port.o
arm-none-eabi-gcc -ffreestanding -mthumb -mcpu=cortex-m3 -Wall -Wextra -Wshadow -Wno-unused-value -g3 -Os -ffunction-sections -fdata-sections -MMD -MP -MF"output/AbortDelay.d" -MT output/AbortDelay.o -I./../../../../Source/include -I./../../../../Source/portable/GCC/ARM_CM3 -I./../../../../Demo/Common/include -I./../../../../Demo/CORTEX_MPS2_QEMU_IAR_GCC -I./../../../../Demo/CORTEX_MPS2_QEMU_IAR_GCC/CMSIS -I./../../../../Demo/CORTEX_MPS2_QEMU_IAR_GCC/TraceRecorderConfig -I./../../../../Demo/../../FreeRTOS-Plus/Source/FreeRTOS-Plus-Trace/include  -I./../../../../Demo/../../FreeRTOS-Plus/Source/FreeRTOS-Plus-Trace/kernelports/FreeRTOS/include -I./../../../../Demo/../../FreeRTOS-Plus/Source/FreeRTOS-Plus-Trace/streamports/RingBuffer/include -c ./../../../../Demo/Common/Minimal/AbortDelay.c -o output/AbortDelay.o
arm-none-eabi-gcc -ffreestanding -mthumb -mcpu=cortex-m3 -Wall -Wextra -Wshadow -Wno-unused-value -g3 -Os -ffunction-sections -fdata-sections -MMD -MP -MF"output/BlockQ.d" -MT output/BlockQ.o -I./../../../../Source/include -I./../../../../Source/portable/GCC/ARM_CM3 -I./../../../../Demo/Common/include -I./../../../../Demo/CORTEX_MPS2_QEMU_IAR_GCC -I./../../../../Demo/CORTEX_MPS2_QEMU_IAR_GCC/CMSIS -I./../../../../Demo/CORTEX_MPS2_QEMU_IAR_GCC/TraceRecorderConfig -I./../../../../Demo/../../FreeRTOS-Plus/Source/FreeRTOS-Plus-Trace/include  -I./../../../../Demo/../../FreeRTOS-Plus/Source/FreeRTOS-Plus-Trace/kernelports/FreeRTOS/include -I./../../../../Demo/../../FreeRTOS-Plus/Source/FreeRTOS-Plus-Trace/streamports/RingBuffer/include -c ./../../../../Demo/Common/Minimal/BlockQ.c -o output/BlockQ.o
arm-none-eabi-gcc -ffreestanding -mthumb -mcpu=cortex-m3 -Wall -Wextra -Wshadow -Wno-unused-value -g3 -Os -ffunction-sections -fdata-sections -MMD -MP -MF"output/blocktim.d" -MT output/blocktim.o -I./../../../../Source/include -I./../../../../Source/portable/GCC/ARM_CM3 -I./../../../../Demo/Common/include -I./../../../../Demo/CORTEX_MPS2_QEMU_IAR_GCC -I./../../../../Demo/CORTEX_MPS2_QEMU_IAR_GCC/CMSIS -I./../../../../Demo/CORTEX_MPS2_QEMU_IAR_GCC/TraceRecorderConfig -I./../../../../Demo/../../FreeRTOS-Plus/Source/FreeRTOS-Plus-Trace/include  -I./../../../../Demo/../../FreeRTOS-Plus/Source/FreeRTOS-Plus-Trace/kernelports/FreeRTOS/include -I./../../../../Demo/../../FreeRTOS-Plus/Source/FreeRTOS-Plus-Trace/streamports/RingBuffer/include -c ./../../../../Demo/Common/Minimal/blocktim.c -o output/blocktim.o
arm-none-eabi-gcc -ffreestanding -mthumb -mcpu=cortex-m3 -Wall -Wextra -Wshadow -Wno-unused-value -g3 -Os -ffunction-sections -fdata-sections -MMD -MP -MF"output/countsem.d" -MT output/countsem.o -I./../../../../Source/include -I./../../../../Source/portable/GCC/ARM_CM3 -I./../../../../Demo/Common/include -I./../../../../Demo/CORTEX_MPS2_QEMU_IAR_GCC -I./../../../../Demo/CORTEX_MPS2_QEMU_IAR_GCC/CMSIS -I./../../../../Demo/CORTEX_MPS2_QEMU_IAR_GCC/TraceRecorderConfig -I./../../../../Demo/../../FreeRTOS-Plus/Source/FreeRTOS-Plus-Trace/include  -I./../../../../Demo/../../FreeRTOS-Plus/Source/FreeRTOS-Plus-Trace/kernelports/FreeRTOS/include -I./../../../../Demo/../../FreeRTOS-Plus/Source/FreeRTOS-Plus-Trace/streamports/RingBuffer/include -c ./../../../../Demo/Common/Minimal/countsem.c -o output/countsem.o
arm-none-eabi-gcc -ffreestanding -mthumb -mcpu=cortex-m3 -Wall -Wextra -Wshadow -Wno-unused-value -g3 -Os -ffunction-sections -fdata-sections -MMD -MP -MF"output/death.d" -MT output/death.o -I./../../../../Source/include -I./../../../../Source/portable/GCC/ARM_CM3 -I./../../../../Demo/Common/include -I./../../../../Demo/CORTEX_MPS2_QEMU_IAR_GCC -I./../../../../Demo/CORTEX_MPS2_QEMU_IAR_GCC/CMSIS -I./../../../../Demo/CORTEX_MPS2_QEMU_IAR_GCC/TraceRecorderConfig -I./../../../../Demo/../../FreeRTOS-Plus/Source/FreeRTOS-Plus-Trace/include  -I./../../../../Demo/../../FreeRTOS-Plus/Source/FreeRTOS-Plus-Trace/kernelports/FreeRTOS/include -I./../../../../Demo/../../FreeRTOS-Plus/Source/FreeRTOS-Plus-Trace/streamports/RingBuffer/include -c ./../../../../Demo/Common/Minimal/death.c -o output/death.o
arm-none-eabi-gcc -ffreestanding -mthumb -mcpu=cortex-m3 -Wall -Wextra -Wshadow -Wno-unused-value -g3 -Os -ffunction-sections -fdata-sections -MMD -MP -MF"output/dynamic.d" -MT output/dynamic.o -I./../../../../Source/include -I./../../../../Source/portable/GCC/ARM_CM3 -I./../../../../Demo/Common/include -I./../../../../Demo/CORTEX_MPS2_QEMU_IAR_GCC -I./../../../../Demo/CORTEX_MPS2_QEMU_IAR_GCC/CMSIS -I./../../../../Demo/CORTEX_MPS2_QEMU_IAR_GCC/TraceRecorderConfig -I./../../../../Demo/../../FreeRTOS-Plus/Source/FreeRTOS-Plus-Trace/include  -I./../../../../Demo/../../FreeRTOS-Plus/Source/FreeRTOS-Plus-Trace/kernelports/FreeRTOS/include -I./../../../../Demo/../../FreeRTOS-Plus/Source/FreeRTOS-Plus-Trace/streamports/RingBuffer/include -c ./../../../../Demo/Common/Minimal/dynamic.c -o output/dynamic.o
arm-none-eabi-gcc -ffreestanding -mthumb -mcpu=cortex-m3 -Wall -Wextra -Wshadow -Wno-unused-value -g3 -Os -ffunction-sections -fdata-sections -MMD -MP -MF"output/EventGroupsDemo.d" -MT output/EventGroupsDemo.o -I./../../../../Source/include -I./../../../../Source/portable/GCC/ARM_CM3 -I./../../../../Demo/Common/include -I./../../../../Demo/CORTEX_MPS2_QEMU_IAR_GCC -I./../../../../Demo/CORTEX_MPS2_QEMU_IAR_GCC/CMSIS -I./../../../../Demo/CORTEX_MPS2_QEMU_IAR_GCC/TraceRecorderConfig -I./../../../../Demo/../../FreeRTOS-Plus/Source/FreeRTOS-Plus-Trace/include  -I./../../../../Demo/../../FreeRTOS-Plus/Source/FreeRTOS-Plus-Trace/kernelports/FreeRTOS/include -I./../../../../Demo/../../FreeRTOS-Plus/Source/FreeRTOS-Plus-Trace/streamports/RingBuffer/include -c ./../../../../Demo/Common/Minimal/EventGroupsDemo.c -o output/EventGroupsDemo.o
arm-none-eabi-gcc -ffreestanding -mthumb -mcpu=cortex-m3 -Wall -Wextra -Wshadow -Wno-unused-value -g3 -Os -ffunction-sections -fdata-sections -MMD -MP -MF"output/GenQTest.d" -MT output/GenQTest.o -I./../../../../Source/include -I./../../../../Source/portable/GCC/ARM_CM3 -I./../../../../Demo/Common/include -I./../../../../Demo/CORTEX_MPS2_QEMU_IAR_GCC -I./../../../../Demo/CORTEX_MPS2_QEMU_IAR_GCC/CMSIS -I./../../../../Demo/CORTEX_MPS2_QEMU_IAR_GCC/TraceRecorderConfig -I./../../../../Demo/../../FreeRTOS-Plus/Source/FreeRTOS-Plus-Trace/include  -I./../../../../Demo/../../FreeRTOS-Plus/Source/FreeRTOS-Plus-Trace/kernelports/FreeRTOS/include -I./../../../../Demo/../../FreeRTOS-Plus/Source/FreeRTOS-Plus-Trace/streamports/RingBuffer/include -c ./../../../../Demo/Common/Minimal/GenQTest.c -o output/GenQTest.o
arm-none-eabi-gcc -ffreestanding -mthumb -mcpu=cortex-m3 -Wall -Wextra -Wshadow -Wno-unused-value -g3 -Os -ffunction-sections -fdata-sections -MMD -MP -MF"output/integer.d" -MT output/integer.o -I./../../../../Source/include -I./../../../../Source/portable/GCC/ARM_CM3 -I./../../../../Demo/Common/include -I./../../../../Demo/CORTEX_MPS2_QEMU_IAR_GCC -I./../../../../Demo/CORTEX_MPS2_QEMU_IAR_GCC/CMSIS -I./../../../../Demo/CORTEX_MPS2_QEMU_IAR_GCC/TraceRecorderConfig -I./../../../../Demo/../../FreeRTOS-Plus/Source/FreeRTOS-Plus-Trace/include  -I./../../../../Demo/../../FreeRTOS-Plus/Source/FreeRTOS-Plus-Trace/kernelports/FreeRTOS/include -I./../../../../Demo/../../FreeRTOS-Plus/Source/FreeRTOS-Plus-Trace/streamports/RingBuffer/include -c ./../../../../Demo/Common/Minimal/integer.c -o output/integer.o
arm-none-eabi-gcc -ffreestanding -mthumb -mcpu=cortex-m3 -Wall -Wextra -Wshadow -Wno-unused-value -g3 -Os -ffunction-sections -fdata-sections -MMD -MP -MF"output/IntQueue.d" -MT output/IntQueue.o -I./../../../../Source/include -I./../../../../Source/portable/GCC/ARM_CM3 -I./../../../../Demo/Common/include -I./../../../../Demo/CORTEX_MPS2_QEMU_IAR_GCC -I./../../../../Demo/CORTEX_MPS2_QEMU_IAR_GCC/CMSIS -I./../../../../Demo/CORTEX_MPS2_QEMU_IAR_GCC/TraceRecorderConfig -I./../../../../Demo/../../FreeRTOS-Plus/Source/FreeRTOS-Plus-Trace/include  -I./../../../../Demo/../../FreeRTOS-Plus/Source/FreeRTOS-Plus-Trace/kernelports/FreeRTOS/include -I./../../../../Demo/../../FreeRTOS-Plus/Source/FreeRTOS-Plus-Trace/streamports/RingBuffer/include -c ./../../../../Demo/Common/Minimal/IntQueue.c -o output/IntQueue.o
arm-none-eabi-gcc -ffreestanding -mthumb -mcpu=cortex-m3 -Wall -Wextra -Wshadow -Wno-unused-value -g3 -Os -ffunction-sections -fdata-sections -MMD -MP -MF"output/IntQueueTimer.d" -MT output/IntQueueTimer.o -I./../../../../Source/include -I./../../../../Source/portable/GCC/ARM_CM3 -I./../../../../Demo/Common/include -I./../../../../Demo/CORTEX_MPS2_QEMU_IAR_GCC -I./../../../../Demo/CORTEX_MPS2_QEMU_IAR_GCC/CMSIS -I./../../../../Demo/CORTEX_MPS2_QEMU_IAR_GCC/TraceRecorderConfig -I./../../../../Demo/../../FreeRTOS-Plus/Source/FreeRTOS-Plus-Trace/include  -I./../../../../Demo/../../FreeRTOS-Plus/Source/FreeRTOS-Plus-Trace/kernelports/FreeRTOS/include -I./../../../../Demo/../../FreeRTOS-Plus/Source/FreeRTOS-Plus-Trace/streamports/RingBuffer/include -c ./../../../../Demo/CORTEX_MPS2_QEMU_IAR_GCC/IntQueueTimer.c -o output/IntQueueTimer.o
arm-none-eabi-gcc -ffreestanding -mthumb -mcpu=cortex-m3 -Wall -Wextra -Wshadow -Wno-unused-value -g3 -Os -ffunction-sections -fdata-sections -MMD -MP -MF"output/IntSemTest.d" -MT output/IntSemTest.o -I./../../../../Source/include -I./../../../../Source/portable/GCC/ARM_CM3 -I./../../../../Demo/Common/include -I./../../../../Demo/CORTEX_MPS2_QEMU_IAR_GCC -I./../../../../Demo/CORTEX_MPS2_QEMU_IAR_GCC/CMSIS -I./../../../../Demo/CORTEX_MPS2_QEMU_IAR_GCC/TraceRecorderConfig -I./../../../../Demo/../../FreeRTOS-Plus/Source/FreeRTOS-Plus-Trace/include  -I./../../../../Demo/../../FreeRTOS-Plus/Source/FreeRTOS-Plus-Trace/kernelports/FreeRTOS/include -I./../../../../Demo/../../FreeRTOS-Plus/Source/FreeRTOS-Plus-Trace/streamports/RingBuffer/include -c ./../../../../Demo/Common/Minimal/IntSemTest.c -o output/IntSemTest.o
arm-none-eabi-gcc -ffreestanding -mthumb -mcpu=cortex-m3 -Wall -Wextra -Wshadow -Wno-unused-value -g3 -Os -ffunction-sections -fdata-sections -MMD -MP -MF"output/MessageBufferAMP.d" -MT output/MessageBufferAMP.o -I./../../../../Source/include -I./../../../../Source/portable/GCC/ARM_CM3 -I./../../../../Demo/Common/include -I./../../../../Demo/CORTEX_MPS2_QEMU_IAR_GCC -I./../../../../Demo/CORTEX_MPS2_QEMU_IAR_GCC/CMSIS -I./../../../../Demo/CORTEX_MPS2_QEMU_IAR_GCC/TraceRecorderConfig -I./../../../../Demo/../../FreeRTOS-Plus/Source/FreeRTOS-Plus-Trace/include  -I./../../../../Demo/../../FreeRTOS-Plus/Source/FreeRTOS-Plus-Trace/kernelports/FreeRTOS/include -I./../../../../Demo/../../FreeRTOS-Plus/Source/FreeRTOS-Plus-Trace/streamports/RingBuffer/include -c ./../../../../Demo/Common/Minimal/MessageBufferAMP.c -o output/MessageBufferAMP.o
arm-none-eabi-gcc -ffreestanding -mthumb -mcpu=cortex-m3 -Wall -Wextra -Wshadow -Wno-unused-value -g3 -Os -ffunction-sections -fdata-sections -MMD -MP -MF"output/MessageBufferDemo.d" -MT output/MessageBufferDemo.o -I./../../../../Source/include -I./../../../../Source/portable/GCC/ARM_CM3 -I./../../../../Demo/Common/include -I./../../../../Demo/CORTEX_MPS2_QEMU_IAR_GCC -I./../../../../Demo/CORTEX_MPS2_QEMU_IAR_GCC/CMSIS -I./../../../../Demo/CORTEX_MPS2_QEMU_IAR_GCC/TraceRecorderConfig -I./../../../../Demo/../../FreeRTOS-Plus/Source/FreeRTOS-Plus-Trace/include  -I./../../../../Demo/../../FreeRTOS-Plus/Source/FreeRTOS-Plus-Trace/kernelports/FreeRTOS/include -I./../../../../Demo/../../FreeRTOS-Plus/Source/FreeRTOS-Plus-Trace/streamports/RingBuffer/include -c ./../../../../Demo/Common/Minimal/MessageBufferDemo.c -o output/MessageBufferDemo.o
arm-none-eabi-gcc -ffreestanding -mthumb -mcpu=cortex-m3 -Wall -Wextra -Wshadow -Wno-unused-value -g3 -Os -ffunction-sections -fdata-sections -MMD -MP -MF"output/PollQ.d" -MT output/PollQ.o -I./../../../../Source/include -I./../../../../Source/portable/GCC/ARM_CM3 -I./../../../../Demo/Common/include -I./../../../../Demo/CORTEX_MPS2_QEMU_IAR_GCC -I./../../../../Demo/CORTEX_MPS2_QEMU_IAR_GCC/CMSIS -I./../../../../Demo/CORTEX_MPS2_QEMU_IAR_GCC/TraceRecorderConfig -I./../../../../Demo/../../FreeRTOS-Plus/Source/FreeRTOS-Plus-Trace/include  -I./../../../../Demo/../../FreeRTOS-Plus/Source/FreeRTOS-Plus-Trace/kernelports/FreeRTOS/include -I./../../../../Demo/../../FreeRTOS-Plus/Source/FreeRTOS-Plus-Trace/streamports/RingBuffer/include -c ./../../../../Demo/Common/Minimal/PollQ.c -o output/PollQ.o
arm-none-eabi-gcc -ffreestanding -mthumb -mcpu=cortex-m3 -Wall -Wextra -Wshadow -Wno-unused-value -g3 -Os -ffunction-sections -fdata-sections -MMD -MP -MF"output/QPeek.d" -MT output/QPeek.o -I./../../../../Source/include -I./../../../../Source/portable/GCC/ARM_CM3 -I./../../../../Demo/Common/include -I./../../../../Demo/CORTEX_MPS2_QEMU_IAR_GCC -I./../../../../Demo/CORTEX_MPS2_QEMU_IAR_GCC/CMSIS -I./../../../../Demo/CORTEX_MPS2_QEMU_IAR_GCC/TraceRecorderConfig -I./../../../../Demo/../../FreeRTOS-Plus/Source/FreeRTOS-Plus-Trace/include  -I./../../../../Demo/../../FreeRTOS-Plus/Source/FreeRTOS-Plus-Trace/kernelports/FreeRTOS/include -I./../../../../Demo/../../FreeRTOS-Plus/Source/FreeRTOS-Plus-Trace/streamports/RingBuffer/include -c ./../../../../Demo/Common/Minimal/QPeek.c -o output/QPeek.o
arm-none-eabi-gcc -ffreestanding -mthumb -mcpu=cortex-m3 -Wall -Wextra -Wshadow -Wno-unused-value -g3 -Os -ffunction-sections -fdata-sections -MMD -MP -MF"output/QueueOverwrite.d" -MT output/QueueOverwrite.o -I./../../../../Source/include -I./../../../../Source/portable/GCC/ARM_CM3 -I./../../../../Demo/Common/include -I./../../../../Demo/CORTEX_MPS2_QEMU_IAR_GCC -I./../../../../Demo/CORTEX_MPS2_QEMU_IAR_GCC/CMSIS -I./../../../../Demo/CORTEX_MPS2_QEMU_IAR_GCC/TraceRecorderConfig -I./../../../../Demo/../../FreeRTOS-Plus/Source/FreeRTOS-Plus-Trace/include  -I./../../../../Demo/../../FreeRTOS-Plus/Source/FreeRTOS-Plus-Trace/kernelports/FreeRTOS/include -I./../../../../Demo/../../FreeRTOS-Plus/Source/FreeRTOS-Plus-Trace/streamports/RingBuffer/include -c ./../../../../Demo/Common/Minimal/QueueOverwrite.c -o output/QueueOverwrite.o
arm-none-eabi-gcc -ffreestanding -mthumb -mcpu=cortex-m3 -Wall -Wextra -Wshadow -Wno-unused-value -g3 -Os -ffunction-sections -fdata-sections -MMD -MP -MF"output/QueueSet.d" -MT output/QueueSet.o -I./../../../../Source/include -I./../../../../Source/portable/GCC/ARM_CM3 -I./../../../../Demo/Common/include -I./../../../../Demo/CORTEX_MPS2_QEMU_IAR_GCC -I./../../../../Demo/CORTEX_MPS2_QEMU_IAR_GCC/CMSIS -I./../../../../Demo/CORTEX_MPS2_QEMU_IAR_GCC/TraceRecorderConfig -I./../../../../Demo/../../FreeRTOS-Plus/Source/FreeRTOS-Plus-Trace/include  -I./../../../../Demo/../../FreeRTOS-Plus/Source/FreeRTOS-Plus-Trace/kernelports/FreeRTOS/include -I./../../../../Demo/../../FreeRTOS-Plus/Source/FreeRTOS-Plus-Trace/streamports/RingBuffer/include -c ./../../../../Demo/Common/Minimal/QueueSet.c -o output/QueueSet.o
arm-none-eabi-gcc -ffreestanding -mthumb -mcpu=cortex-m3 -Wall -Wextra -Wshadow -Wno-unused-value -g3 -Os -ffunction-sections -fdata-sections -MMD -MP -MF"output/QueueSetPolling.d" -MT output/QueueSetPolling.o -I./../../../../Source/include -I./../../../../Source/portable/GCC/ARM_CM3 -I./../../../../Demo/Common/include -I./../../../../Demo/CORTEX_MPS2_QEMU_IAR_GCC -I./../../../../Demo/CORTEX_MPS2_QEMU_IAR_GCC/CMSIS -I./../../../../Demo/CORTEX_MPS2_QEMU_IAR_GCC/TraceRecorderConfig -I./../../../../Demo/../../FreeRTOS-Plus/Source/FreeRTOS-Plus-Trace/include  -I./../../../../Demo/../../FreeRTOS-Plus/Source/FreeRTOS-Plus-Trace/kernelports/FreeRTOS/include -I./../../../../Demo/../../FreeRTOS-Plus/Source/FreeRTOS-Plus-Trace/streamports/RingBuffer/include -c ./../../../../Demo/Common/Minimal/QueueSetPolling.c -o output/QueueSetPolling.o
arm-none-eabi-gcc -ffreestanding -mthumb -mcpu=cortex-m3 -Wall -Wextra -Wshadow -Wno-unused-value -g3 -Os -ffunction-sections -fdata-sections -MMD -MP -MF"output/recmutex.d" -MT output/recmutex.o -I./../../../../Source/include -I./../../../../Source/portable/GCC/ARM_CM3 -I./../../../../Demo/Common/include -I./../../../../Demo/CORTEX_MPS2_QEMU_IAR_GCC -I./../../../../Demo/CORTEX_MPS2_QEMU_IAR_GCC/CMSIS -I./../../../../Demo/CORTEX_MPS2_QEMU_IAR_GCC/TraceRecorderConfig -I./../../../../Demo/../../FreeRTOS-Plus/Source/FreeRTOS-Plus-Trace/include  -I./../../../../Demo/../../FreeRTOS-Plus/Source/FreeRTOS-Plus-Trace/kernelports/FreeRTOS/include -I./../../../../Demo/../../FreeRTOS-Plus/Source/FreeRTOS-Plus-Trace/streamports/RingBuffer/include -c ./../../../../Demo/Common/Minimal/recmutex.c -o output/recmutex.o
arm-none-eabi-gcc -ffreestanding -mthumb -mcpu=cortex-m3 -Wall -Wextra -Wshadow -Wno-unused-value -g3 -Os -ffunction-sections -fdata-sections -MMD -MP -MF"output/semtest.d" -MT output/semtest.o -I./../../../../Source/include -I./../../../../Source/portable/GCC/ARM_CM3 -I./../../../../Demo/Common/include -I./../../../../Demo/CORTEX_MPS2_QEMU_IAR_GCC -I./../../../../Demo/CORTEX_MPS2_QEMU_IAR_GCC/CMSIS -I./../../../../Demo/CORTEX_MPS2_QEMU_IAR_GCC/TraceRecorderConfig -I./../../../../Demo/../../FreeRTOS-Plus/Source/FreeRTOS-Plus-Trace/include  -I./../../../../Demo/../../FreeRTOS-Plus/Source/FreeRTOS-Plus-Trace/kernelports/FreeRTOS/include -I./../../../../Demo/../../FreeRTOS-Plus/Source/FreeRTOS-Plus-Trace/streamports/RingBuffer/include -c ./../../../../Demo/Common/Minimal/semtest.c -o output/semtest.o
arm-none-eabi-gcc -ffreestanding -mthumb -mcpu=cortex-m3 -Wall -Wextra -Wshadow -Wno-unused-value -g3 -Os -ffunction-sections -fdata-sections -MMD -MP -MF"output/StaticAllocation.d" -MT output/StaticAllocation.o -I./../../../../Source/include -I./../../../../Source/portable/GCC/ARM_CM3 -I./../../../../Demo/Common/include -I./../../../../Demo/CORTEX_MPS2_QEMU_IAR_GCC -I./../../../../Demo/CORTEX_MPS2_QEMU_IAR_GCC/CMSIS -I./../../../../Demo/CORTEX_MPS2_QEMU_IAR_GCC/TraceRecorderConfig -I./../../../../Demo/../../FreeRTOS-Plus/Source/FreeRTOS-Plus-Trace/include  -I./../../../../Demo/../../FreeRTOS-Plus/Source/FreeRTOS-Plus-Trace/kernelports/FreeRTOS/include -I./../../../../Demo/../../FreeRTOS-Plus/Source/FreeRTOS-Plus-Trace/streamports/RingBuffer/include -c ./../../../../Demo/Common/Minimal/StaticAllocation.c -o output/StaticAllocation.o
arm-none-eabi-gcc -ffreestanding -mthumb -mcpu=cortex-m3 -Wall -Wextra -Wshadow -Wno-unused-value -g3 -Os -ffunction-sections -fdata-sections -MMD -MP -MF"output/StreamBufferDemo.d" -MT output/StreamBufferDemo.o -I./../../../../Source/include -I./../../../../Source/portable/GCC/ARM_CM3 -I./../../../../Demo/Common/include -I./../../../../Demo/CORTEX_MPS2_QEMU_IAR_GCC -I./../../../../Demo/CORTEX_MPS2_QEMU_IAR_GCC/CMSIS -I./../../../../Demo/CORTEX_MPS2_QEMU_IAR_GCC/TraceRecorderConfig -I./../../../../Demo/../../FreeRTOS-Plus/Source/FreeRTOS-Plus-Trace/include  -I./../../../../Demo/../../FreeRTOS-Plus/Source/FreeRTOS-Plus-Trace/kernelports/FreeRTOS/include -I./../../../../Demo/../../FreeRTOS-Plus/Source/FreeRTOS-Plus-Trace/streamports/RingBuffer/include -c ./../../../../Demo/Common/Minimal/StreamBufferDemo.c -o output/StreamBufferDemo.o
arm-none-eabi-gcc -ffreestanding -mthumb -mcpu=cortex-m3 -Wall -Wextra -Wshadow -Wno-unused-value -g3 -Os -ffunction-sections -fdata-sections -MMD -MP -MF"output/StreamBufferInterrupt.d" -MT output/StreamBufferInterrupt.o -I./../../../../Source/include -I./../../../../Source/portable/GCC/ARM_CM3 -I./../../../../Demo/Common/include -I./../../../../Demo/CORTEX_MPS2_QEMU_IAR_GCC -I./../../../../Demo/CORTEX_MPS2_QEMU_IAR_GCC/CMSIS -I./../../../../Demo/CORTEX_MPS2_QEMU_IAR_GCC/TraceRecorderConfig -I./../../../../Demo/../../FreeRTOS-Plus/Source/FreeRTOS-Plus-Trace/include  -I./../../../../Demo/../../FreeRTOS-Plus/Source/FreeRTOS-Plus-Trace/kernelports/FreeRTOS/include -I./../../../../Demo/../../FreeRTOS-Plus/Source/FreeRTOS-Plus-Trace/streamports/RingBuffer/include -c ./../../../../Demo/Common/Minimal/StreamBufferInterrupt.c -o output/StreamBufferInterrupt.o
arm-none-eabi-gcc -ffreestanding -mthumb -mcpu=cortex-m3 -Wall -Wextra -Wshadow -Wno-unused-value -g3 -Os -ffunction-sections -fdata-sections -MMD -MP -MF"output/TaskNotify.d" -MT output/TaskNotify.o -I./../../../../Source/include -I./../../../../Source/portable/GCC/ARM_CM3 -I./../../../../Demo/Common/include -I./../../../../Demo/CORTEX_MPS2_QEMU_IAR_GCC -I./../../../../Demo/CORTEX_MPS2_QEMU_IAR_GCC/CMSIS -I./../../../../Demo/CORTEX_MPS2_QEMU_IAR_GCC/TraceRecorderConfig -I./../../../../Demo/../../FreeRTOS-Plus/Source/FreeRTOS-Plus-Trace/include  -I./../../../../Demo/../../FreeRTOS-Plus/Source/FreeRTOS-Plus-Trace/kernelports/FreeRTOS/include -I./../../../../Demo/../../FreeRTOS-Plus/Source/FreeRTOS-Plus-Trace/streamports/RingBuffer/include -c ./../../../../Demo/Common/Minimal/TaskNotify.c -o output/TaskNotify.o
arm-none-eabi-gcc -ffreestanding -mthumb -mcpu=cortex-m3 -Wall -Wextra -Wshadow -Wno-unused-value -g3 -Os -ffunction-sections -fdata-sections -MMD -MP -MF"output/TaskNotifyArray.d" -MT output/TaskNotifyArray.o -I./../../../../Source/include -I./../../../../Source/portable/GCC/ARM_CM3 -I./../../../../Demo/Common/include -I./../../../../Demo/CORTEX_MPS2_QEMU_IAR_GCC -I./../../../../Demo/CORTEX_MPS2_QEMU_IAR_GCC/CMSIS -I./../../../../Demo/CORTEX_MPS2_QEMU_IAR_GCC/TraceRecorderConfig -I./../../../../Demo/../../FreeRTOS-Plus/Source/FreeRTOS-Plus-Trace/include  -I./../../../../Demo/../../FreeRTOS-Plus/Source/FreeRTOS-Plus-Trace/kernelports/FreeRTOS/include -I./../../../../Demo/../../FreeRTOS-Plus/Source/FreeRTOS-Plus-Trace/streamports/RingBuffer/include -c ./../../../../Demo/Common/Minimal/TaskNotifyArray.c -o output/TaskNotifyArray.o
arm-none-eabi-gcc -ffreestanding -mthumb -mcpu=cortex-m3 -Wall -Wextra -Wshadow -Wno-unused-value -g3 -Os -ffunction-sections -fdata-sections -MMD -MP -MF"output/TimerDemo.d" -MT output/TimerDemo.o -I./../../../../Source/include -I./../../../../Source/portable/GCC/ARM_CM3 -I./../../../../Demo/Common/include -I./../../../../Demo/CORTEX_MPS2_QEMU_IAR_GCC -I./../../../../Demo/CORTEX_MPS2_QEMU_IAR_GCC/CMSIS -I./../../../../Demo/CORTEX_MPS2_QEMU_IAR_GCC/TraceRecorderConfig -I./../../../../Demo/../../FreeRTOS-Plus/Source/FreeRTOS-Plus-Trace/include  -I./../../../../Demo/../../FreeRTOS-Plus/Source/FreeRTOS-Plus-Trace/kernelports/FreeRTOS/include -I./../../../../Demo/../../FreeRTOS-Plus/Source/FreeRTOS-Plus-Trace/streamports/RingBuffer/include -c ./../../../../Demo/Common/Minimal/TimerDemo.c -o output/TimerDemo.o
arm-none-eabi-gcc -ffreestanding -mthumb -mcpu=cortex-m3 -Wall -Wextra -Wshadow -Wno-unused-value -g3 -Os -ffunction-sections -fdata-sections -MMD -MP -MF"output/main.d" -MT output/main.o -I./../../../../Source/include -I./../../../../Source/portable/GCC/ARM_CM3 -I./../../../../Demo/Common/include -I./../../../../Demo/CORTEX_MPS2_QEMU_IAR_GCC -I./../../../../Demo/CORTEX_MPS2_QEMU_IAR_GCC/CMSIS -I./../../../../Demo/CORTEX_MPS2_QEMU_IAR_GCC/TraceRecorderConfig -I./../../../../Demo/../../FreeRTOS-Plus/Source/FreeRTOS-Plus-Trace/include  -I./../../../../Demo/../../FreeRTOS-Plus/Source/FreeRTOS-Plus-Trace/kernelports/FreeRTOS/include -I./../../../../Demo/../../FreeRTOS-Plus/Source/FreeRTOS-Plus-Trace/streamports/RingBuffer/include -c ./../../../../Demo/CORTEX_MPS2_QEMU_IAR_GCC/main.c -o output/main.o
arm-none-eabi-gcc -ffreestanding -mthumb -mcpu=cortex-m3 -Wall -Wextra -Wshadow -Wno-unused-value -g3 -Os -ffunction-sections -fdata-sections -MMD -MP -MF"output/fuzz_harness.d" -MT output/fuzz_harness.o -I./../../../../Source/include -I./../../../../Source/portable/GCC/ARM_CM3 -I./../../../../Demo/Common/include -I./../../../../Demo/CORTEX_MPS2_QEMU_IAR_GCC -I./../../../../Demo/CORTEX_MPS2_QEMU_IAR_GCC/CMSIS -I./../../../../Demo/CORTEX_MPS2_QEMU_IAR_GCC/TraceRecorderConfig -I./../../../../Demo/../../FreeRTOS-Plus/Source/FreeRTOS-Plus-Trace/include  -I./../../../../Demo/../../FreeRTOS-Plus/Source/FreeRTOS-Plus-Trace/kernelports/FreeRTOS/include -I./../../../../Demo/../../FreeRTOS-Plus/Source/FreeRTOS-Plus-Trace/streamports/RingBuffer/include -c ./../../../../Demo/CORTEX_MPS2_QEMU_IAR_GCC/fuzz_harness.c -o output/fuzz_harness.o


[STDERR]
./../../../../Demo/CORTEX_MPS2_QEMU_IAR_GCC/fuzz_harness.c:147:8: error: unknown type name 'StreamBufferHandle_t'
  147 | static StreamBufferHandle_t xSBHandle = NULL;
      |        ^~~~~~~~~~~~~~~~~~~~
./../../../../Demo/CORTEX_MPS2_QEMU_IAR_GCC/fuzz_harness.c:147:41: warning: initialization of 'int' from 'void *' makes integer from pointer without a cast [-Wint-conversion]
  147 | static StreamBufferHandle_t xSBHandle = NULL;
      |                                         ^~~~
./../../../../Demo/CORTEX_MPS2_QEMU_IAR_GCC/fuzz_harness.c: In function 'test_task':
./../../../../Demo/CORTEX_MPS2_QEMU_IAR_GCC/fuzz_harness.c:188:60: warning: passing argument 1 of 'FR_next_range' makes pointer from integer without a cast [-Wint-conversion]
  188 |             size_t xInitialTrigger = (size_t)FR_next_range(1, 32);
      |                                                            ^
      |                                                            |
      |                                                            int
./../../../../Demo/CORTEX_MPS2_QEMU_IAR_GCC/fuzz_harness.c:113:49: note: expected 'FR_Reader *' but argument is of type 'int'
  113 | static inline uint32_t FR_next_range(FR_Reader* r, uint32_t min_v, uint32_t max_v) {
      |                                      ~~~~~~~~~~~^
./../../../../Demo/CORTEX_MPS2_QEMU_IAR_GCC/fuzz_harness.c:188:46: error: too few arguments to function 'FR_next_range'
  188 |             size_t xInitialTrigger = (size_t)FR_next_range(1, 32);
      |                                              ^~~~~~~~~~~~~
./../../../../Demo/CORTEX_MPS2_QEMU_IAR_GCC/fuzz_harness.c:113:24: note: declared here
  113 | static inline uint32_t FR_next_range(FR_Reader* r, uint32_t min_v, uint32_t max_v) {
      |                        ^~~~~~~~~~~~~
./../../../../Demo/CORTEX_MPS2_QEMU_IAR_GCC/fuzz_harness.c:189:25: warning: implicit declaration of function 'xStreamBufferCreateStatic'; did you mean 'xTimerCreateStatic'? [-Wimplicit-function-declaration]
  189 |             xSBHandle = xStreamBufferCreateStatic(sizeof(ucSBStorage), xInitialTrigger, ucSBStorage, &xSBStruct);
      |                         ^~~~~~~~~~~~~~~~~~~~~~~~~
      |                         xTimerCreateStatic
In file included from ./../../../../Source/include/FreeRTOS.h:58,
                 from ./../../../../Demo/CORTEX_MPS2_QEMU_IAR_GCC/fuzz_harness.c:36:
./../../../../Demo/CORTEX_MPS2_QEMU_IAR_GCC/fuzz_harness.c:190:36: warning: comparison between pointer and integer
  190 |             configASSERT(xSBHandle != NULL);
      |                                    ^~
./../../../../Demo/CORTEX_MPS2_QEMU_IAR_GCC/FreeRTOSConfig.h:129:40: note: in definition of macro 'configASSERT'
  129 |     #define configASSERT( x )    if( ( x ) == 0 ) vAssertCalled( __FILE__, __LINE__ );
      |                                        ^
./../../../../Demo/CORTEX_MPS2_QEMU_IAR_GCC/fuzz_harness.c:191:22: warning: declaration of 'i' shadows a previous local [-Wshadow]
  191 |             for (int i = 0; i < 128; i++) {
      |                      ^
./../../../../Demo/CORTEX_MPS2_QEMU_IAR_GCC/fuzz_harness.c:184:23: note: shadowed declaration is here
  184 |     for (unsigned int i = 0; i < iterations; ++i) {
      |                       ^
./../../../../Demo/CORTEX_MPS2_QEMU_IAR_GCC/fuzz_harness.c:200:35: warning: implicit declaration of function 'xStreamBufferBytesAvailable'; did you mean 'traceENTER_xStreamBufferBytesAvailable'? [-Wimplicit-function-declaration]
  200 |         size_t xAvailableBefore = xStreamBufferBytesAvailable(xSBHandle);
      |                                   ^~~~~~~~~~~~~~~~~~~~~~~~~~~
      |                                   traceENTER_xStreamBufferBytesAvailable
./../../../../Demo/CORTEX_MPS2_QEMU_IAR_GCC/fuzz_harness.c:201:28: error: too few arguments to function 'FR_next_u8'
  201 |         uint8_t ucAction = FR_next_u8() % 4;
      |                            ^~~~~~~~~~
./../../../../Demo/CORTEX_MPS2_QEMU_IAR_GCC/fuzz_harness.c:98:23: note: declared here
   98 | static inline uint8_t FR_next_u8(FR_Reader* r) {
      |                       ^~~~~~~~~~
./../../../../Demo/CORTEX_MPS2_QEMU_IAR_GCC/fuzz_harness.c:205:29: warning: implicit declaration of function 'xStreamBufferSpacesAvailable'; did you mean 'uxQueueSpacesAvailable'? [-Wimplicit-function-declaration]
  205 |             size_t xSpace = xStreamBufferSpacesAvailable(xSBHandle);
      |                             ^~~~~~~~~~~~~~~~~~~~~~~~~~~~
      |                             uxQueueSpacesAvailable
./../../../../Demo/CORTEX_MPS2_QEMU_IAR_GCC/fuzz_harness.c:207:56: warning: passing argument 1 of 'FR_next_range' makes pointer from integer without a cast [-Wint-conversion]
  207 |                 size_t xAmount = (size_t)FR_next_range(1, (uint32_t)xSpace);
      |                                                        ^
      |                                                        |
      |                                                        int
./../../../../Demo/CORTEX_MPS2_QEMU_IAR_GCC/fuzz_harness.c:113:49: note: expected 'FR_Reader *' but argument is of type 'int'
  113 | static inline uint32_t FR_next_range(FR_Reader* r, uint32_t min_v, uint32_t max_v) {
      |                                      ~~~~~~~~~~~^
./../../../../Demo/CORTEX_MPS2_QEMU_IAR_GCC/fuzz_harness.c:207:42: error: too few arguments to function 'FR_next_range'
  207 |                 size_t xAmount = (size_t)FR_next_range(1, (uint32_t)xSpace);
      |                                          ^~~~~~~~~~~~~
./../../../../Demo/CORTEX_MPS2_QEMU_IAR_GCC/fuzz_harness.c:113:24: note: declared here
  113 | static inline uint32_t FR_next_range(FR_Reader* r, uint32_t min_v, uint32_t max_v) {
      |                        ^~~~~~~~~~~~~
./../../../../Demo/CORTEX_MPS2_QEMU_IAR_GCC/fuzz_harness.c:209:32: warning: implicit declaration of function 'xStreamBufferSend' [-Wimplicit-function-declaration]
  209 |                 size_t xSent = xStreamBufferSend(xSBHandle, ucDataSrc, xAmount, 0);
      |                                ^~~~~~~~~~~~~~~~~
./../../../../Demo/CORTEX_MPS2_QEMU_IAR_GCC/fuzz_harness.c:216:56: warning: passing argument 1 of 'FR_next_range' makes pointer from integer without a cast [-Wint-conversion]
  216 |                 size_t xToRecv = (size_t)FR_next_range(1, (uint32_t)xAvailableBefore);
      |                                                        ^
      |                                                        |
      |                                                        int
./../../../../Demo/CORTEX_MPS2_QEMU_IAR_GCC/fuzz_harness.c:113:49: note: expected 'FR_Reader *' but argument is of type 'int'
  113 | static inline uint32_t FR_next_range(FR_Reader* r, uint32_t min_v, uint32_t max_v) {
      |                                      ~~~~~~~~~~~^
./../../../../Demo/CORTEX_MPS2_QEMU_IAR_GCC/fuzz_harness.c:216:42: error: too few arguments to function 'FR_next_range'
  216 |                 size_t xToRecv = (size_t)FR_next_range(1, (uint32_t)xAvailableBefore);
      |                                          ^~~~~~~~~~~~~
./../../../../Demo/CORTEX_MPS2_QEMU_IAR_GCC/fuzz_harness.c:113:24: note: declared here
  113 | static inline uint32_t FR_next_range(FR_Reader* r, uint32_t min_v, uint32_t max_v) {
      |                        ^~~~~~~~~~~~~
./../../../../Demo/CORTEX_MPS2_QEMU_IAR_GCC/fuzz_harness.c:217:32: warning: implicit declaration of function 'xStreamBufferReceive' [-Wimplicit-function-declaration]
  217 |                 size_t xRecv = xStreamBufferReceive(xSBHandle, ucDataSnk, xToRecv, 0);
      |                                ^~~~~~~~~~~~~~~~~~~~
./../../../../Demo/CORTEX_MPS2_QEMU_IAR_GCC/fuzz_harness.c:223:13: warning: implicit declaration of function 'xStreamBufferReset' [-Wimplicit-function-declaration]
  223 |             xStreamBufferReset(xSBHandle);
      |             ^~~~~~~~~~~~~~~~~~
./../../../../Demo/CORTEX_MPS2_QEMU_IAR_GCC/fuzz_harness.c:227:56: warning: passing argument 1 of 'FR_next_range' makes pointer from integer without a cast [-Wint-conversion]
  227 |             size_t xNewTrigger = (size_t)FR_next_range(1, 32);
      |                                                        ^
      |                                                        |
      |                                                        int
./../../../../Demo/CORTEX_MPS2_QEMU_IAR_GCC/fuzz_harness.c:113:49: note: expected 'FR_Reader *' but argument is of type 'int'
  113 | static inline uint32_t FR_next_range(FR_Reader* r, uint32_t min_v, uint32_t max_v) {
      |                                      ~~~~~~~~~~~^
./../../../../Demo/CORTEX_MPS2_QEMU_IAR_GCC/fuzz_harness.c:227:42: error: too few arguments to function 'FR_next_range'
  227 |             size_t xNewTrigger = (size_t)FR_next_range(1, 32);
      |                                          ^~~~~~~~~~~~~
./../../../../Demo/CORTEX_MPS2_QEMU_IAR_GCC/fuzz_harness.c:113:24: note: declared here
  113 | static inline uint32_t FR_next_range(FR_Reader* r, uint32_t min_v, uint32_t max_v) {
      |                        ^~~~~~~~~~~~~
./../../../../Demo/CORTEX_MPS2_QEMU_IAR_GCC/fuzz_harness.c:228:13: warning: implicit declaration of function 'xStreamBufferSetTriggerLevel'; did you mean 'traceENTER_xStreamBufferSetTriggerLevel'? [-Wimplicit-function-declaration]
  228 |             xStreamBufferSetTriggerLevel(xSBHandle, xNewTrigger);
      |             ^~~~~~~~~~~~~~~~~~~~~~~~~~~~
      |             traceENTER_xStreamBufferSetTriggerLevel
./../../../../Demo/CORTEX_MPS2_QEMU_IAR_GCC/fuzz_harness.c:229:65: warning: comparison of integer expressions of different signedness: 'int' and 'size_t' {aka 'unsigned int'} [-Wsign-compare]
  229 |             configASSERT(xStreamBufferBytesAvailable(xSBHandle) == xAvailableBefore);
      |                                                                 ^~
./../../../../Demo/CORTEX_MPS2_QEMU_IAR_GCC/FreeRTOSConfig.h:129:40: note: in definition of macro 'configASSERT'
  129 |     #define configASSERT( x )    if( ( x ) == 0 ) vAssertCalled( __FILE__, __LINE__ );
      |                                        ^
./../../../../Demo/CORTEX_MPS2_QEMU_IAR_GCC/fuzz_harness.c: In function 'fuzz_task':
./../../../../Demo/CORTEX_MPS2_QEMU_IAR_GCC/fuzz_harness.c:249:9: warning: passing argument 1 of 'xTaskCreateStatic' from incompatible pointer type [-Wincompatible-pointer-types]
  249 |         test_task,
      |         ^~~~~~~~~
      |         |
      |         void (*)(void)
In file included from ./../../../../Demo/CORTEX_MPS2_QEMU_IAR_GCC/fuzz_harness.c:38:
./../../../../Source/include/task.h:512:52: note: expected 'TaskFunction_t' {aka 'void (*)(void *)'} but argument is of type 'void (*)(void)'
  512 |     TaskHandle_t xTaskCreateStatic( TaskFunction_t pxTaskCode,
      |                                     ~~~~~~~~~~~~~~~^~~~~~~~~~
make: *** [Makefile:149: output/fuzz_harness.o] Error 1
