FUZZ_INPUT @ 0x20000064
main address = 0x32fc
Breakpoint address = 0x3422
[2025-12-22T13:37:14Z INFO  libafl::events::launcher] spawning on cores: Cores { cmdline: "1", ids: [CoreId(1)] }
[2025-12-22T13:37:14Z INFO  libafl::events::launcher] child spawned with id 1 and bound to core CoreId(1)
[2025-12-22T13:37:14Z INFO  libafl::events::launcher] I am broker!!.
[2025-12-22T13:37:14Z INFO  libafl_bolts::llmp] Successfully setup signal handlers
[2025-12-22T13:37:14Z INFO  libafl::events::launcher] 1512491 PostFork
[2025-12-22T13:37:14Z INFO  libafl_bolts::llmp] Connected to port 1337
[2025-12-22T13:37:14Z INFO  libafl_bolts::llmp] New connection: 127.0.0.1:52122/127.0.0.1:52122
[2025-12-22T13:37:14Z INFO  libafl::events::llmp::restarting] Setting core affinity to CoreId(1)
[2025-12-22T13:37:14Z INFO  libafl::events::llmp::restarting] Spawning next client (id 0)
[2025-12-22T13:37:14Z INFO  libafl::events::llmp::restarting] First run. Let's set it all up
qemu_baremetal: warning: nic lan9118.0 has no peer
Devices = ["timer", "cpu_common", "cpu", "armv7m_nvic", "armv7m_systick", "armv7m", "or-irq", "cmsdk-apb-uart", "cmsdk-apb-uart", "cmsdk-apb-uart", "cmsdk-apb-uart", "cmsdk-apb-uart", "cmsdk-apb-timer", "cmsdk-apb-timer", "cmsdk-apb-dualtimer", "cmsdk-apb-watchdog", "led", "led", "led", "led", "led", "led", "led", "led", "mps2-scc", "led", "led", "mps2-fpgaio", "pl022_ssp", "or-irq", "pl022_ssp", "pl022_ssp", "or-irq", "pl022_ssp", "pl022_ssp", "i2c_bus", "i2c_bus", "i2c_bus", "i2c_bus", "lan9118-phy", "lan9118"]
qemu_baremetal: warning: icount sleep disabled and no active timers
[2025-12-22T13:37:14Z INFO  libafl_qemu::command::lqemu] Fuzzing starts @ PC 32fc
[2025-12-22T13:37:14Z INFO  libafl::state] Loading file /home/zwz/Libafl/fuzzers/full_system/qemu_baremetal/corpus/golden_seed ...
Hello from FreeRTOS fuzz demo!
[TEST_CASE_COMPLETED]
[UserStats   #1]  (GLOBAL) run time: 0s, clients: 1, corpus: 0, objectives: 0, executions: 1, exec/sec: 0.000, edges: 100.000%
                  (CLIENT) corpus: 0, objectives: 0, executions: 1, exec/sec: 0.000, edges: 374/374 (100%)
[Testcase    #1]  (GLOBAL) run time: 0s, clients: 1, corpus: 1, objectives: 0, executions: 1, exec/sec: 0.000, edges: 100.000%
                  (CLIENT) corpus: 1, objectives: 0, executions: 1, exec/sec: 0.000, edges: 374/374 (100%)
We imported 1 inputs from disk.
Hello from FreeRTOS fuzz demo!
[TEST_CASE_COMPLETED]
Hello from FreeRTOS fuzz demo!
[TEST_CASE_COMPLETED]
[UserStats   #1]  (GLOBAL) run time: 0s, clients: 1, corpus: 1, objectives: 0, executions: 2, exec/sec: 0.000, edges: 100.000%
                  (CLIENT) corpus: 1, objectives: 0, executions: 2, exec/sec: 0.000, edges: 383/383 (100%)
[Testcase    #1]  (GLOBAL) run time: 0s, clients: 1, corpus: 2, objectives: 0, executions: 2, exec/sec: 0.000, edges: 100.000%
                  (CLIENT) corpus: 2, objectives: 0, executions: 2, exec/sec: 0.000, edges: 383/383 (100%)
[UserStats   #1]  (GLOBAL) run time: 0s, clients: 1, corpus: 2, objectives: 0, executions: 3, exec/sec: 0.000, edges: 100.000%
                  (CLIENT) corpus: 2, objectives: 0, executions: 3, exec/sec: 0.000, edges: 429/429 (100%)
[Testcase    #1]  (GLOBAL) run time: 0s, clients: 1, corpus: 3, objectives: 0, executions: 3, exec/sec: 0.000, edges: 100.000%
                  (CLIENT) corpus: 3, objectives: 0, executions: 3, exec/sec: 0.000, edges: 429/429 (100%)
Hello from FreeRTOS fuzz demo!
[TEST_CASE_COMPLETED]
Hello from FreeRTOS fuzz demo!
[TEST_CASE_COMPLETED]
Hello from FreeRTOS fuzz demo!
[TEST_CASE_COMPLETED]
Hello from FreeRTOS f[UserStats   #1]  (GLOBAL) run time: 0s, clients: 1, corpus: 3, objectives: 0, executions: 4, exec/sec: 0.000, edges: 100.000%
uz                  (CLIENT) corpus: 3, objectives: 0, executions: 4, exec/sec: 0.000, edges: 430/430 (100%)
z demo!
[Testcase    #1]  (GLOBAL) run time: 0s, clients: 1, corpus: 4, objectives: 0, executions: 4, exec/sec: 0.000, edges: 100.000%
                  (CLIENT) corpus: 4, objectives: 0, executions: 4, exec/sec: 0.000, edges: 430/430 (100%)
[UserStats   #1]  (GLOBAL) run time: 0s, clients: 1, corpus: 4, objectives: 0, executions: 5, exec/sec: 0.000, edges: 100.000%
                  (CLIENT) corpus: 4, objectives: 0, executions: 5, exec/sec: 0.000, edges: 435/435 (100%)
[Testcase    #1]  (GLOBAL) run time: 0s, clients: 1, corpus: 5, objectives: 0, executions: 5, exec/sec: 0.000, edges: 100.000%
                  (CLIENT) corpus: 5, objectives: 0, executions: 5, exec/sec: 0.000, edges: 435/435 (100%)
[TEST_CASE_COMPLETED]
Hello from FreeRTOS fuzz demo!
[TEST_CASE_COMPLETED]
Hello from FreeRTOS fuzz demo!
[TEST_CASE_COMPLETED]
[UserStats   #1]  (GLOBAL) run time: 0s, clients: 1, corpus: 5, objectives: 0, executions: 7, exec/sec: 0.000, edges: 100.000%
                  (CLIENT) corpus: 5, objectives: 0, executions: 7, exec/sec: 0.000, edges: 437/437 (100%)
Hello from FreeRTOS fuzz demo!
[Testcase    #1]  (GLOBAL) run time: 0s, clients: 1, corpus: 6, objectives: 0, executions: 7, exec/sec: 0.000, edges: 100.000%
                  (CLIENT) corpus: 6, objectives: 0, executions: 7, exec/sec: 0.000, edges: 437/437 (100%)
[TEST_CASE_COMPLETED]
Hello from FreeRTOS fuzz demo!
[TEST_CASE_COMPLETED]
Hello from FreeRTOS fuzz demo!
[TEST_CASE_COMPLETED]
Hello from FreeRTOS fuzz demo!
[TEST_CASE_COMPLETED]
[UserStats   #1]  (GLOBAL) run time: 0s, clients: 1, corpus: 6, objectives: 0, executions: 13, exec/sec: 0.000, edges: 100.000%, stability: 100.000%
                  (CLIENT) corpus: 6, objectives: 0, executions: 13, exec/sec: 0.000, stability: 437/437 (100%), edges: 437/437 (100%)
Hello from FreeRTOS fuzz demo!
[TEST_CASE_COMPLETED]
Hello from FreeRTOS fuzz demo!
[TEST_CASE_COMPLETED]
Hello from FreeRTOS fuzz demo!
[TEST_CASE_COMPLETED]
Hello from FreeRTOS fuzz demo!
[TEST_CASE_COMPLETED]
Hello from FreeRTOS fuzz demo!
[TEST_CASE_COMPLETED]
[UserStats   #1]  (GLOBAL) run time: 0s, clients: 1, corpus: 6, objectives: 0, executions: 18, exec/sec: 0.000, edges: 100.000%, stability: 100.000%
                  (CLIENT) corpus: 6, objectives: 0, executions: 18, exec/sec: 0.000, stability: 437/437 (100%), edges: 439/439 (100%)
[Testcase    #1]  (GLOBAL) run time: 0s, clients: 1, corpus: 7, objectives: 0, executions: 18, exec/sec: 0.000, edges: 100.000%, stability: 100.000%
                  (CLIENT) corpus: 7, objectives: 0, executions: 18, exec/sec: 0.000, stability: 437/437 (100%), edges: 439/439 (100%)
Hello from FreeRTOS fuzz demo!
[TEST_CASE_COMPLETED]
Hello from FreeRTOS fuzz demo!
[TEST_CASE_COMPLETED]
Hello from FreeRTOS fuzz demo!
[Objective   #1]  (GLOBAL) run time: 3s, clients: 1, corpus: 7, objectives: 1, executions: 21, exec/sec: 6.398, edges: 100.000%, stability: 100.000%
                  (CLIENT) corpus: 7, objectives: 1, executions: 21, exec/sec: 6.398, stability: 437/437 (100%), edges: 439/439 (100%)
[Objective   #1]  (GLOBAL) run time: 6s, clients: 1, corpus: 7, objectives: 2, executions: 22, exec/sec: 3.499, edges: 100.000%, stability: 100.000%
                  (CLIENT) corpus: 7, objectives: 2, executions: 22, exec/sec: 3.499, stability: 437/437 (100%), edges: 439/439 (100%)
[Objective   #1]  (GLOBAL) run time: 9s, clients: 1, corpus: 7, objectives: 3, executions: 23, exec/sec: 2.474, edges: 100.000%, stability: 100.000%
                  (CLIENT) corpus: 7, objectives: 3, executions: 23, exec/sec: 2.474, stability: 437/437 (100%), edges: 439/439 (100%)
[Objective   #1]  (GLOBAL) run time: 12s, clients: 1, corpus: 7, objectives: 4, executions: 24, exec/sec: 1.952, edges: 100.000%, stability: 100.000%
                  (CLIENT) corpus: 7, objectives: 4, executions: 24, exec/sec: 1.952, stability: 437/437 (100%), edges: 439/439 (100%)
[Objective   #1]  (GLOBAL) run time: 15s, clients: 1, corpus: 7, objectives: 5, executions: 25, exec/sec: 1.634, edges: 100.000%, stability: 100.000%
                  (CLIENT) corpus: 7, objectives: 5, executions: 25, exec/sec: 1.634, stability: 437/437 (100%), edges: 439/439 (100%)
[Objective   #1]  (GLOBAL) run time: 18s, clients: 1, corpus: 7, objectives: 6, executions: 26, exec/sec: 1.421, edges: 100.000%, stability: 100.000%
                  (CLIENT) corpus: 7, objectives: 6, executions: 26, exec/sec: 1.421, stability: 437/437 (100%), edges: 439/439 (100%)
[Objective   #1]  (GLOBAL) run time: 21s, clients: 1, corpus: 7, objectives: 7, executions: 27, exec/sec: 1.268, edges: 100.000%, stability: 100.000%
                  (CLIENT) corpus: 7, objectives: 7, executions: 27, exec/sec: 1.268, stability: 437/437 (100%), edges: 439/439 (100%)
[Objective   #1]  (GLOBAL) run time: 24s, clients: 1, corpus: 7, objectives: 8, executions: 28, exec/sec: 1.152, edges: 100.000%, stability: 100.000%
                  (CLIENT) corpus: 7, objectives: 8, executions: 28, exec/sec: 1.152, stability: 437/437 (100%), edges: 439/439 (100%)
[Objective   #1]  (GLOBAL) run time: 27s, clients: 1, corpus: 7, objectives: 9, executions: 29, exec/sec: 1.062, edges: 100.000%, stability: 100.000%
                  (CLIENT) corpus: 7, objectives: 9, executions: 29, exec/sec: 1.062, stability: 437/437 (100%), edges: 439/439 (100%)
[Objective   #1]  (GLOBAL) run time: 30s, clients: 1, corpus: 7, objectives: 10, executions: 30, exec/sec: 0.990, edges: 100.000%, stability: 100.000%
                  (CLIENT) corpus: 7, objectives: 10, executions: 30, exec/sec: 0.990, stability: 437/437 (100%), edges: 439/439 (100%)
[Objective   #1]  (GLOBAL) run time: 33s, clients: 1, corpus: 7, objectives: 11, executions: 31, exec/sec: 0.931, edges: 100.000%, stability: 100.000%
                  (CLIENT) corpus: 7, objectives: 11, executions: 31, exec/sec: 0.931, stability: 437/437 (100%), edges: 439/439 (100%)
[Objective   #1]  (GLOBAL) run time: 36s, clients: 1, corpus: 7, objectives: 12, executions: 32, exec/sec: 0.881, edges: 100.000%, stability: 100.000%
                  (CLIENT) corpus: 7, objectives: 12, executions: 32, exec/sec: 0.881, stability: 437/437 (100%), edges: 439/439 (100%)
[Objective   #1]  (GLOBAL) run time: 39s, clients: 1, corpus: 7, objectives: 13, executions: 33, exec/sec: 0.839, edges: 100.000%, stability: 100.000%
                  (CLIENT) corpus: 7, objectives: 13, executions: 33, exec/sec: 0.839, stability: 437/437 (100%), edges: 439/439 (100%)
[Objective   #1]  (GLOBAL) run time: 42s, clients: 1, corpus: 7, objectives: 14, executions: 34, exec/sec: 0.804, edges: 100.000%, stability: 100.000%
                  (CLIENT) corpus: 7, objectives: 14, executions: 34, exec/sec: 0.804, stability: 437/437 (100%), edges: 439/439 (100%)
[Objective   #1]  (GLOBAL) run time: 45s, clients: 1, corpus: 7, objectives: 15, executions: 35, exec/sec: 0.772, edges: 100.000%, stability: 100.000%
                  (CLIENT) corpus: 7, objectives: 15, executions: 35, exec/sec: 0.772, stability: 437/437 (100%), edges: 439/439 (100%)
[Objective   #1]  (GLOBAL) run time: 48s, clients: 1, corpus: 7, objectives: 16, executions: 36, exec/sec: 0.745, edges: 100.000%, stability: 100.000%
                  (CLIENT) corpus: 7, objectives: 16, executions: 36, exec/sec: 0.745, stability: 437/437 (100%), edges: 439/439 (100%)
[Objective   #1]  (GLOBAL) run time: 51s, clients: 1, corpus: 7, objectives: 17, executions: 37, exec/sec: 0.721, edges: 100.000%, stability: 100.000%
                  (CLIENT) corpus: 7, objectives: 17, executions: 37, exec/sec: 0.721, stability: 437/437 (100%), edges: 439/439 (100%)
[Objective   #1]  (GLOBAL) run time: 54s, clients: 1, corpus: 7, objectives: 18, executions: 38, exec/sec: 0.700, edges: 100.000%, stability: 100.000%
                  (CLIENT) corpus: 7, objectives: 18, executions: 38, exec/sec: 0.700, stability: 437/437 (100%), edges: 439/439 (100%)
[Objective   #1]  (GLOBAL) run time: 57s, clients: 1, corpus: 7, objectives: 19, executions: 39, exec/sec: 0.680, edges: 100.000%, stability: 100.000%
                  (CLIENT) corpus: 7, objectives: 19, executions: 39, exec/sec: 0.680, stability: 437/437 (100%), edges: 439/439 (100%)
[Objective   #1]  (GLOBAL) run time: 1m-0s, clients: 1, corpus: 7, objectives: 20, executions: 40, exec/sec: 0.663, edges: 100.000%, stability: 100.000%
                  (CLIENT) corpus: 7, objectives: 20, executions: 40, exec/sec: 0.663, stability: 437/437 (100%), edges: 439/439 (100%)
[Objective   #1]  (GLOBAL) run time: 1m-3s, clients: 1, corpus: 7, objectives: 21, executions: 41, exec/sec: 0.648, edges: 100.000%, stability: 100.000%
                  (CLIENT) corpus: 7, objectives: 21, executions: 41, exec/sec: 0.648, stability: 437/437 (100%), edges: 439/439 (100%)
[Objective   #1]  (GLOBAL) run time: 1m-6s, clients: 1, corpus: 7, objectives: 22, executions: 42, exec/sec: 0.633, edges: 100.000%, stability: 100.000%
                  (CLIENT) corpus: 7, objectives: 22, executions: 42, exec/sec: 0.633, stability: 437/437 (100%), edges: 439/439 (100%)
[Objective   #1]  (GLOBAL) run time: 1m-9s, clients: 1, corpus: 7, objectives: 23, executions: 43, exec/sec: 0.620, edges: 100.000%, stability: 100.000%
                  (CLIENT) corpus: 7, objectives: 23, executions: 43, exec/sec: 0.620, stability: 437/437 (100%), edges: 439/439 (100%)
[Objective   #1]  (GLOBAL) run time: 1m-12s, clients: 1, corpus: 7, objectives: 24, executions: 44, exec/sec: 0.608, edges: 100.000%, stability: 100.000%
                  (CLIENT) corpus: 7, objectives: 24, executions: 44, exec/sec: 0.608, stability: 437/437 (100%), edges: 439/439 (100%)
[Objective   #1]  (GLOBAL) run time: 1m-15s, clients: 1, corpus: 7, objectives: 25, executions: 45, exec/sec: 0.597, edges: 100.000%, stability: 100.000%
                  (CLIENT) corpus: 7, objectives: 25, executions: 45, exec/sec: 0.597, stability: 437/437 (100%), edges: 439/439 (100%)
[Objective   #1]  (GLOBAL) run time: 1m-18s, clients: 1, corpus: 7, objectives: 26, executions: 46, exec/sec: 0.587, edges: 100.000%, stability: 100.000%
                  (CLIENT) corpus: 7, objectives: 26, executions: 46, exec/sec: 0.587, stability: 437/437 (100%), edges: 439/439 (100%)
[Objective   #1]  (GLOBAL) run time: 1m-21s, clients: 1, corpus: 7, objectives: 27, executions: 47, exec/sec: 0.578, edges: 100.000%, stability: 100.000%
                  (CLIENT) corpus: 7, objectives: 27, executions: 47, exec/sec: 0.578, stability: 437/437 (100%), edges: 439/439 (100%)
[Objective   #1]  (GLOBAL) run time: 1m-24s, clients: 1, corpus: 7, objectives: 28, executions: 48, exec/sec: 0.569, edges: 100.000%, stability: 100.000%
                  (CLIENT) corpus: 7, objectives: 28, executions: 48, exec/sec: 0.569, stability: 437/437 (100%), edges: 439/439 (100%)
[Objective   #1]  (GLOBAL) run time: 1m-27s, clients: 1, corpus: 7, objectives: 29, executions: 49, exec/sec: 0.561, edges: 100.000%, stability: 100.000%
                  (CLIENT) corpus: 7, objectives: 29, executions: 49, exec/sec: 0.561, stability: 437/437 (100%), edges: 439/439 (100%)
[Objective   #1]  (GLOBAL) run time: 1m-30s, clients: 1, corpus: 7, objectives: 30, executions: 50, exec/sec: 0.554, edges: 100.000%, stability: 100.000%
                  (CLIENT) corpus: 7, objectives: 30, executions: 50, exec/sec: 0.554, stability: 437/437 (100%), edges: 439/439 (100%)
[Objective   #1]  (GLOBAL) run time: 1m-33s, clients: 1, corpus: 7, objectives: 31, executions: 51, exec/sec: 0.546, edges: 100.000%, stability: 100.000%
                  (CLIENT) corpus: 7, objectives: 31, executions: 51, exec/sec: 0.546, stability: 437/437 (100%), edges: 439/439 (100%)
[Objective   #1]  (GLOBAL) run time: 1m-36s, clients: 1, corpus: 7, objectives: 32, executions: 52, exec/sec: 0.540, edges: 100.000%, stability: 100.000%
                  (CLIENT) corpus: 7, objectives: 32, executions: 52, exec/sec: 0.540, stability: 437/437 (100%), edges: 439/439 (100%)
[Objective   #1]  (GLOBAL) run time: 1m-39s, clients: 1, corpus: 7, objectives: 33, executions: 53, exec/sec: 0.534, edges: 100.000%, stability: 100.000%
                  (CLIENT) corpus: 7, objectives: 33, executions: 53, exec/sec: 0.534, stability: 437/437 (100%), edges: 439/439 (100%)
[Objective   #1]  (GLOBAL) run time: 1m-42s, clients: 1, corpus: 7, objectives: 34, executions: 54, exec/sec: 0.528, edges: 100.000%, stability: 100.000%
                  (CLIENT) corpus: 7, objectives: 34, executions: 54, exec/sec: 0.528, stability: 437/437 (100%), edges: 439/439 (100%)
[Objective   #1]  (GLOBAL) run time: 1m-45s, clients: 1, corpus: 7, objectives: 35, executions: 55, exec/sec: 0.522, edges: 100.000%, stability: 100.000%
                  (CLIENT) corpus: 7, objectives: 35, executions: 55, exec/sec: 0.522, stability: 437/437 (100%), edges: 439/439 (100%)
[Objective   #1]  (GLOBAL) run time: 1m-48s, clients: 1, corpus: 7, objectives: 36, executions: 56, exec/sec: 0.517, edges: 100.000%, stability: 100.000%
                  (CLIENT) corpus: 7, objectives: 36, executions: 56, exec/sec: 0.517, stability: 437/437 (100%), edges: 439/439 (100%)
[Objective   #1]  (GLOBAL) run time: 1m-51s, clients: 1, corpus: 7, objectives: 37, executions: 57, exec/sec: 0.512, edges: 100.000%, stability: 100.000%
                  (CLIENT) corpus: 7, objectives: 37, executions: 57, exec/sec: 0.512, stability: 437/437 (100%), edges: 439/439 (100%)
[Objective   #1]  (GLOBAL) run time: 1m-54s, clients: 1, corpus: 7, objectives: 38, executions: 58, exec/sec: 0.507, edges: 100.000%, stability: 100.000%
                  (CLIENT) corpus: 7, objectives: 38, executions: 58, exec/sec: 0.507, stability: 437/437 (100%), edges: 439/439 (100%)
[Objective   #1]  (GLOBAL) run time: 1m-57s, clients: 1, corpus: 7, objectives: 39, executions: 59, exec/sec: 0.503, edges: 100.000%, stability: 100.000%
                  (CLIENT) corpus: 7, objectives: 39, executions: 59, exec/sec: 0.503, stability: 437/437 (100%), edges: 439/439 (100%)
[Objective   #1]  (GLOBAL) run time: 2m-0s, clients: 1, corpus: 7, objectives: 40, executions: 60, exec/sec: 0.499, edges: 100.000%, stability: 100.000%
                  (CLIENT) corpus: 7, objectives: 40, executions: 60, exec/sec: 0.499, stability: 437/437 (100%), edges: 439/439 (100%)
[Objective   #1]  (GLOBAL) run time: 2m-3s, clients: 1, corpus: 7, objectives: 41, executions: 61, exec/sec: 0.495, edges: 100.000%, stability: 100.000%
                  (CLIENT) corpus: 7, objectives: 41, executions: 61, exec/sec: 0.495, stability: 437/437 (100%), edges: 439/439 (100%)
[Objective   #1]  (GLOBAL) run time: 2m-6s, clients: 1, corpus: 7, objectives: 42, executions: 62, exec/sec: 0.491, edges: 100.000%, stability: 100.000%
                  (CLIENT) corpus: 7, objectives: 42, executions: 62, exec/sec: 0.491, stability: 437/437 (100%), edges: 439/439 (100%)
[Objective   #1]  (GLOBAL) run time: 2m-9s, clients: 1, corpus: 7, objectives: 43, executions: 63, exec/sec: 0.487, edges: 100.000%, stability: 100.000%
                  (CLIENT) corpus: 7, objectives: 43, executions: 63, exec/sec: 0.487, stability: 437/437 (100%), edges: 439/439 (100%)
[Objective   #1]  (GLOBAL) run time: 2m-12s, clients: 1, corpus: 7, objectives: 44, executions: 64, exec/sec: 0.484, edges: 100.000%, stability: 100.000%
                  (CLIENT) corpus: 7, objectives: 44, executions: 64, exec/sec: 0.484, stability: 437/437 (100%), edges: 439/439 (100%)
[Objective   #1]  (GLOBAL) run time: 2m-15s, clients: 1, corpus: 7, objectives: 45, executions: 65, exec/sec: 0.480, edges: 100.000%, stability: 100.000%
                  (CLIENT) corpus: 7, objectives: 45, executions: 65, exec/sec: 0.480, stability: 437/437 (100%), edges: 439/439 (100%)
[Objective   #1]  (GLOBAL) run time: 2m-18s, clients: 1, corpus: 7, objectives: 46, executions: 66, exec/sec: 0.477, edges: 100.000%, stability: 100.000%
                  (CLIENT) corpus: 7, objectives: 46, executions: 66, exec/sec: 0.477, stability: 437/437 (100%), edges: 439/439 (100%)
[Objective   #1]  (GLOBAL) run time: 2m-21s, clients: 1, corpus: 7, objectives: 47, executions: 67, exec/sec: 0.474, edges: 100.000%, stability: 100.000%
                  (CLIENT) corpus: 7, objectives: 47, executions: 67, exec/sec: 0.474, stability: 437/437 (100%), edges: 439/439 (100%)
[Objective   #1]  (GLOBAL) run time: 2m-24s, clients: 1, corpus: 7, objectives: 48, executions: 68, exec/sec: 0.471, edges: 100.000%, stability: 100.000%
                  (CLIENT) corpus: 7, objectives: 48, executions: 68, exec/sec: 0.471, stability: 437/437 (100%), edges: 439/439 (100%)
[Client Heartbeat #1]  (GLOBAL) run time: 2m-42s, clients: 1, corpus: 7, objectives: 48, executions: 74, exec/sec: 0.456, edges: 100.000%, stability: 100.000%
                       (CLIENT) corpus: 7, objectives: 48, executions: 74, exec/sec: 0.456, stability: 437/437 (100%), edges: 439/439 (100%)
[Objective   #1]  (GLOBAL) run time: 2m-45s, clients: 1, corpus: 7, objectives: 49, executions: 75, exec/sec: 0.454, edges: 100.000%, stability: 100.000%
                  (CLIENT) corpus: 7, objectives: 49, executions: 75, exec/sec: 0.454, stability: 437/437 (100%), edges: 439/439 (100%)
[Objective   #1]  (GLOBAL) run time: 2m-48s, clients: 1, corpus: 7, objectives: 50, executions: 76, exec/sec: 0.451, edges: 100.000%, stability: 100.000%
                  (CLIENT) corpus: 7, objectives: 50, executions: 76, exec/sec: 0.451, stability: 437/437 (100%), edges: 439/439 (100%)
[Objective   #1]  (GLOBAL) run time: 2m-51s, clients: 1, corpus: 7, objectives: 51, executions: 77, exec/sec: 0.449, edges: 100.000%, stability: 100.000%
                  (CLIENT) corpus: 7, objectives: 51, executions: 77, exec/sec: 0.449, stability: 437/437 (100%), edges: 439/439 (100%)
[Objective   #1]  (GLOBAL) run time: 2m-54s, clients: 1, corpus: 7, objectives: 52, executions: 78, exec/sec: 0.447, edges: 100.000%, stability: 100.000%
                  (CLIENT) corpus: 7, objectives: 52, executions: 78, exec/sec: 0.447, stability: 437/437 (100%), edges: 439/439 (100%)
[Objective   #1]  (GLOBAL) run time: 2m-57s, clients: 1, corpus: 7, objectives: 53, executions: 79, exec/sec: 0.445, edges: 100.000%, stability: 100.000%
                  (CLIENT) corpus: 7, objectives: 53, executions: 79, exec/sec: 0.445, stability: 437/437 (100%), edges: 439/439 (100%)
[Objective   #1]  (GLOBAL) run time: 3m-0s, clients: 1, corpus: 7, objectives: 54, executions: 80, exec/sec: 0.444, edges: 100.000%, stability: 100.000%
                  (CLIENT) corpus: 7, objectives: 54, executions: 80, exec/sec: 0.444, stability: 437/437 (100%), edges: 439/439 (100%)
[Objective   #1]  (GLOBAL) run time: 3m-3s, clients: 1, corpus: 7, objectives: 55, executions: 81, exec/sec: 0.442, edges: 100.000%, stability: 100.000%
                  (CLIENT) corpus: 7, objectives: 55, executions: 81, exec/sec: 0.442, stability: 437/437 (100%), edges: 439/439 (100%)
[Objective   #1]  (GLOBAL) run time: 3m-6s, clients: 1, corpus: 7, objectives: 56, executions: 82, exec/sec: 0.440, edges: 100.000%, stability: 100.000%
                  (CLIENT) corpus: 7, objectives: 56, executions: 82, exec/sec: 0.440, stability: 437/437 (100%), edges: 439/439 (100%)
[Objective   #1]  (GLOBAL) run time: 3m-9s, clients: 1, corpus: 7, objectives: 57, executions: 83, exec/sec: 0.438, edges: 100.000%, stability: 100.000%
                  (CLIENT) corpus: 7, objectives: 57, executions: 83, exec/sec: 0.438, stability: 437/437 (100%), edges: 439/439 (100%)
[Objective   #1]  (GLOBAL) run time: 3m-12s, clients: 1, corpus: 7, objectives: 58, executions: 84, exec/sec: 0.437, edges: 100.000%, stability: 100.000%
                  (CLIENT) corpus: 7, objectives: 58, executions: 84, exec/sec: 0.437, stability: 437/437 (100%), edges: 439/439 (100%)
[Objective   #1]  (GLOBAL) run time: 3m-15s, clients: 1, corpus: 7, objectives: 59, executions: 85, exec/sec: 0.435, edges: 100.000%, stability: 100.000%
                  (CLIENT) corpus: 7, objectives: 59, executions: 85, exec/sec: 0.435, stability: 437/437 (100%), edges: 439/439 (100%)
[Objective   #1]  (GLOBAL) run time: 3m-18s, clients: 1, corpus: 7, objectives: 60, executions: 86, exec/sec: 0.434, edges: 100.000%, stability: 100.000%
                  (CLIENT) corpus: 7, objectives: 60, executions: 86, exec/sec: 0.434, stability: 437/437 (100%), edges: 439/439 (100%)
[Objective   #1]  (GLOBAL) run time: 3m-21s, clients: 1, corpus: 7, objectives: 61, executions: 87, exec/sec: 0.432, edges: 100.000%, stability: 100.000%
                  (CLIENT) corpus: 7, objectives: 61, executions: 87, exec/sec: 0.432, stability: 437/437 (100%), edges: 439/439 (100%)
[Objective   #1]  (GLOBAL) run time: 3m-24s, clients: 1, corpus: 7, objectives: 62, executions: 88, exec/sec: 0.431, edges: 100.000%, stability: 100.000%
                  (CLIENT) corpus: 7, objectives: 62, executions: 88, exec/sec: 0.431, stability: 437/437 (100%), edges: 439/439 (100%)
[Objective   #1]  (GLOBAL) run time: 3m-27s, clients: 1, corpus: 7, objectives: 63, executions: 89, exec/sec: 0.429, edges: 100.000%, stability: 100.000%
                  (CLIENT) corpus: 7, objectives: 63, executions: 89, exec/sec: 0.429, stability: 437/437 (100%), edges: 439/439 (100%)
[Objective   #1]  (GLOBAL) run time: 3m-30s, clients: 1, corpus: 7, objectives: 64, executions: 90, exec/sec: 0.428, edges: 100.000%, stability: 100.000%
                  (CLIENT) corpus: 7, objectives: 64, executions: 90, exec/sec: 0.428, stability: 437/437 (100%), edges: 439/439 (100%)
[Objective   #1]  (GLOBAL) run time: 3m-33s, clients: 1, corpus: 7, objectives: 65, executions: 91, exec/sec: 0.426, edges: 100.000%, stability: 100.000%
                  (CLIENT) corpus: 7, objectives: 65, executions: 91, exec/sec: 0.426, stability: 437/437 (100%), edges: 439/439 (100%)
[Objective   #1]  (GLOBAL) run time: 3m-36s, clients: 1, corpus: 7, objectives: 66, executions: 92, exec/sec: 0.425, edges: 100.000%, stability: 100.000%
                  (CLIENT) corpus: 7, objectives: 66, executions: 92, exec/sec: 0.425, stability: 437/437 (100%), edges: 439/439 (100%)
[Objective   #1]  (GLOBAL) run time: 3m-39s, clients: 1, corpus: 7, objectives: 67, executions: 93, exec/sec: 0.424, edges: 100.000%, stability: 100.000%
                  (CLIENT) corpus: 7, objectives: 67, executions: 93, exec/sec: 0.424, stability: 437/437 (100%), edges: 439/439 (100%)
[Objective   #1]  (GLOBAL) run time: 3m-42s, clients: 1, corpus: 7, objectives: 68, executions: 94, exec/sec: 0.423, edges: 100.000%, stability: 100.000%
                  (CLIENT) corpus: 7, objectives: 68, executions: 94, exec/sec: 0.423, stability: 437/437 (100%), edges: 439/439 (100%)
[Objective   #1]  (GLOBAL) run time: 3m-45s, clients: 1, corpus: 7, objectives: 69, executions: 95, exec/sec: 0.422, edges: 100.000%, stability: 100.000%
                  (CLIENT) corpus: 7, objectives: 69, executions: 95, exec/sec: 0.422, stability: 437/437 (100%), edges: 439/439 (100%)
[Objective   #1]  (GLOBAL) run time: 3m-48s, clients: 1, corpus: 7, objectives: 70, executions: 96, exec/sec: 0.420, edges: 100.000%, stability: 100.000%
                  (CLIENT) corpus: 7, objectives: 70, executions: 96, exec/sec: 0.420, stability: 437/437 (100%), edges: 439/439 (100%)
[Objective   #1]  (GLOBAL) run time: 3m-51s, clients: 1, corpus: 7, objectives: 71, executions: 97, exec/sec: 0.419, edges: 100.000%, stability: 100.000%
                  (CLIENT) corpus: 7, objectives: 71, executions: 97, exec/sec: 0.419, stability: 437/437 (100%), edges: 439/439 (100%)
[Objective   #1]  (GLOBAL) run time: 3m-54s, clients: 1, corpus: 7, objectives: 72, executions: 98, exec/sec: 0.418, edges: 100.000%, stability: 100.000%
                  (CLIENT) corpus: 7, objectives: 72, executions: 98, exec/sec: 0.418, stability: 437/437 (100%), edges: 439/439 (100%)
[Objective   #1]  (GLOBAL) run time: 3m-57s, clients: 1, corpus: 7, objectives: 73, executions: 99, exec/sec: 0.417, edges: 100.000%, stability: 100.000%
                  (CLIENT) corpus: 7, objectives: 73, executions: 99, exec/sec: 0.417, stability: 437/437 (100%), edges: 439/439 (100%)
[Objective   #1]  (GLOBAL) run time: 4m-0s, clients: 1, corpus: 7, objectives: 74, executions: 100, exec/sec: 0.416, edges: 100.000%, stability: 100.000%
                  (CLIENT) corpus: 7, objectives: 74, executions: 100, exec/sec: 0.416, stability: 437/437 (100%), edges: 439/439 (100%)
[Objective   #1]  (GLOBAL) run time: 4m-3s, clients: 1, corpus: 7, objectives: 75, executions: 101, exec/sec: 0.415, edges: 100.000%, stability: 100.000%
                  (CLIENT) corpus: 7, objectives: 75, executions: 101, exec/sec: 0.415, stability: 437/437 (100%), edges: 439/439 (100%)
[Objective   #1]  (GLOBAL) run time: 4m-6s, clients: 1, corpus: 7, objectives: 76, executions: 102, exec/sec: 0.414, edges: 100.000%, stability: 100.000%
                  (CLIENT) corpus: 7, objectives: 76, executions: 102, exec/sec: 0.414, stability: 437/437 (100%), edges: 439/439 (100%)
[Objective   #1]  (GLOBAL) run time: 4m-9s, clients: 1, corpus: 7, objectives: 77, executions: 103, exec/sec: 0.413, edges: 100.000%, stability: 100.000%
                  (CLIENT) corpus: 7, objectives: 77, executions: 103, exec/sec: 0.413, stability: 437/437 (100%), edges: 439/439 (100%)
[Objective   #1]  (GLOBAL) run time: 4m-12s, clients: 1, corpus: 7, objectives: 78, executions: 104, exec/sec: 0.412, edges: 100.000%, stability: 100.000%
                  (CLIENT) corpus: 7, objectives: 78, executions: 104, exec/sec: 0.412, stability: 437/437 (100%), edges: 439/439 (100%)
[Objective   #1]  (GLOBAL) run time: 4m-15s, clients: 1, corpus: 7, objectives: 79, executions: 105, exec/sec: 0.411, edges: 100.000%, stability: 100.000%
                  (CLIENT) corpus: 7, objectives: 79, executions: 105, exec/sec: 0.411, stability: 437/437 (100%), edges: 439/439 (100%)
[Objective   #1]  (GLOBAL) run time: 4m-18s, clients: 1, corpus: 7, objectives: 80, executions: 106, exec/sec: 0.410, edges: 100.000%, stability: 100.000%
                  (CLIENT) corpus: 7, objectives: 80, executions: 106, exec/sec: 0.410, stability: 437/437 (100%), edges: 439/439 (100%)
[Objective   #1]  (GLOBAL) run time: 4m-21s, clients: 1, corpus: 7, objectives: 81, executions: 107, exec/sec: 0.409, edges: 100.000%, stability: 100.000%
                  (CLIENT) corpus: 7, objectives: 81, executions: 107, exec/sec: 0.409, stability: 437/437 (100%), edges: 439/439 (100%)
[Objective   #1]  (GLOBAL) run time: 4m-24s, clients: 1, corpus: 7, objectives: 82, executions: 108, exec/sec: 0.408, edges: 100.000%, stability: 100.000%
                  (CLIENT) corpus: 7, objectives: 82, executions: 108, exec/sec: 0.408, stability: 437/437 (100%), edges: 439/439 (100%)
[Objective   #1]  (GLOBAL) run time: 4m-27s, clients: 1, corpus: 7, objectives: 83, executions: 109, exec/sec: 0.408, edges: 100.000%, stability: 100.000%
                  (CLIENT) corpus: 7, objectives: 83, executions: 109, exec/sec: 0.408, stability: 437/437 (100%), edges: 439/439 (100%)
[Objective   #1]  (GLOBAL) run time: 4m-30s, clients: 1, corpus: 7, objectives: 84, executions: 110, exec/sec: 0.407, edges: 100.000%, stability: 100.000%
                  (CLIENT) corpus: 7, objectives: 84, executions: 110, exec/sec: 0.407, stability: 437/437 (100%), edges: 439/439 (100%)
[Objective   #1]  (GLOBAL) run time: 4m-33s, clients: 1, corpus: 7, objectives: 85, executions: 111, exec/sec: 0.406, edges: 100.000%, stability: 100.000%
                  (CLIENT) corpus: 7, objectives: 85, executions: 111, exec/sec: 0.406, stability: 437/437 (100%), edges: 439/439 (100%)
[Objective   #1]  (GLOBAL) run time: 4m-36s, clients: 1, corpus: 7, objectives: 86, executions: 112, exec/sec: 0.405, edges: 100.000%, stability: 100.000%
                  (CLIENT) corpus: 7, objectives: 86, executions: 112, exec/sec: 0.405, stability: 437/437 (100%), edges: 439/439 (100%)
[Objective   #1]  (GLOBAL) run time: 4m-39s, clients: 1, corpus: 7, objectives: 87, executions: 113, exec/sec: 0.404, edges: 100.000%, stability: 100.000%
                  (CLIENT) corpus: 7, objectives: 87, executions: 113, exec/sec: 0.404, stability: 437/437 (100%), edges: 439/439 (100%)
[Objective   #1]  (GLOBAL) run time: 4m-42s, clients: 1, corpus: 7, objectives: 88, executions: 114, exec/sec: 0.404, edges: 100.000%, stability: 100.000%
                  (CLIENT) corpus: 7, objectives: 88, executions: 114, exec/sec: 0.404, stability: 437/437 (100%), edges: 439/439 (100%)
[Objective   #1]  (GLOBAL) run time: 4m-45s, clients: 1, corpus: 7, objectives: 89, executions: 115, exec/sec: 0.403, edges: 100.000%, stability: 100.000%
                  (CLIENT) corpus: 7, objectives: 89, executions: 115, exec/sec: 0.403, stability: 437/437 (100%), edges: 439/439 (100%)
[Objective   #1]  (GLOBAL) run time: 4m-48s, clients: 1, corpus: 7, objectives: 90, executions: 116, exec/sec: 0.402, edges: 100.000%, stability: 100.000%
                  (CLIENT) corpus: 7, objectives: 90, executions: 116, exec/sec: 0.402, stability: 437/437 (100%), edges: 439/439 (100%)
[Objective   #1]  (GLOBAL) run time: 4m-51s, clients: 1, corpus: 7, objectives: 91, executions: 117, exec/sec: 0.401, edges: 100.000%, stability: 100.000%
                  (CLIENT) corpus: 7, objectives: 91, executions: 117, exec/sec: 0.401, stability: 437/437 (100%), edges: 439/439 (100%)
[Objective   #1]  (GLOBAL) run time: 4m-54s, clients: 1, corpus: 7, objectives: 92, executions: 118, exec/sec: 0.401, edges: 100.000%, stability: 100.000%
                  (CLIENT) corpus: 7, objectives: 92, executions: 118, exec/sec: 0.401, stability: 437/437 (100%), edges: 439/439 (100%)
[Objective   #1]  (GLOBAL) run time: 4m-57s, clients: 1, corpus: 7, objectives: 93, executions: 119, exec/sec: 0.400, edges: 100.000%, stability: 100.000%
                  (CLIENT) corpus: 7, objectives: 93, executions: 119, exec/sec: 0.400, stability: 437/437 (100%), edges: 439/439 (100%)
[Objective   #1]  (GLOBAL) run time: 5m-0s, clients: 1, corpus: 7, objectives: 94, executions: 120, exec/sec: 0.399, edges: 100.000%, stability: 100.000%
                  (CLIENT) corpus: 7, objectives: 94, executions: 120, exec/sec: 0.399, stability: 437/437 (100%), edges: 439/439 (100%)
[Objective   #1]  (GLOBAL) run time: 5m-3s, clients: 1, corpus: 7, objectives: 95, executions: 121, exec/sec: 0.399, edges: 100.000%, stability: 100.000%
                  (CLIENT) corpus: 7, objectives: 95, executions: 121, exec/sec: 0.399, stability: 437/437 (100%), edges: 439/439 (100%)
