[RETURN_CODE]
2

[STDOUT]
rm -f ./output/RTOSDemo.out ./output/RTOSDemo.map ./output/*.o ./output/*.d
arm-none-eabi-gcc -ffreestanding -mthumb -mcpu=cortex-m3 -Wall -Wextra -Wshadow -Wno-unused-value -g3 -Os -ffunction-sections -fdata-sections -MMD -MP -MF"output/tasks.d" -MT output/tasks.o -I./../../../../Source/include -I./../../../../Source/portable/GCC/ARM_CM3 -I./../../../../Demo/Common/include -I./../../../../Demo/CORTEX_MPS2_QEMU_IAR_GCC -I./../../../../Demo/CORTEX_MPS2_QEMU_IAR_GCC/CMSIS -I./../../../../Demo/CORTEX_MPS2_QEMU_IAR_GCC/TraceRecorderConfig -I./../../../../Demo/../../FreeRTOS-Plus/Source/FreeRTOS-Plus-Trace/include  -I./../../../../Demo/../../FreeRTOS-Plus/Source/FreeRTOS-Plus-Trace/kernelports/FreeRTOS/include -I./../../../../Demo/../../FreeRTOS-Plus/Source/FreeRTOS-Plus-Trace/streamports/RingBuffer/include -c ./../../../../Source/tasks.c -o output/tasks.o
arm-none-eabi-gcc -ffreestanding -mthumb -mcpu=cortex-m3 -Wall -Wextra -Wshadow -Wno-unused-value -g3 -Os -ffunction-sections -fdata-sections -MMD -MP -MF"output/list.d" -MT output/list.o -I./../../../../Source/include -I./../../../../Source/portable/GCC/ARM_CM3 -I./../../../../Demo/Common/include -I./../../../../Demo/CORTEX_MPS2_QEMU_IAR_GCC -I./../../../../Demo/CORTEX_MPS2_QEMU_IAR_GCC/CMSIS -I./../../../../Demo/CORTEX_MPS2_QEMU_IAR_GCC/TraceRecorderConfig -I./../../../../Demo/../../FreeRTOS-Plus/Source/FreeRTOS-Plus-Trace/include  -I./../../../../Demo/../../FreeRTOS-Plus/Source/FreeRTOS-Plus-Trace/kernelports/FreeRTOS/include -I./../../../../Demo/../../FreeRTOS-Plus/Source/FreeRTOS-Plus-Trace/streamports/RingBuffer/include -c ./../../../../Source/list.c -o output/list.o
arm-none-eabi-gcc -ffreestanding -mthumb -mcpu=cortex-m3 -Wall -Wextra -Wshadow -Wno-unused-value -g3 -Os -ffunction-sections -fdata-sections -MMD -MP -MF"output/queue.d" -MT output/queue.o -I./../../../../Source/include -I./../../../../Source/portable/GCC/ARM_CM3 -I./../../../../Demo/Common/include -I./../../../../Demo/CORTEX_MPS2_QEMU_IAR_GCC -I./../../../../Demo/CORTEX_MPS2_QEMU_IAR_GCC/CMSIS -I./../../../../Demo/CORTEX_MPS2_QEMU_IAR_GCC/TraceRecorderConfig -I./../../../../Demo/../../FreeRTOS-Plus/Source/FreeRTOS-Plus-Trace/include  -I./../../../../Demo/../../FreeRTOS-Plus/Source/FreeRTOS-Plus-Trace/kernelports/FreeRTOS/include -I./../../../../Demo/../../FreeRTOS-Plus/Source/FreeRTOS-Plus-Trace/streamports/RingBuffer/include -c ./../../../../Source/queue.c -o output/queue.o
arm-none-eabi-gcc -ffreestanding -mthumb -mcpu=cortex-m3 -Wall -Wextra -Wshadow -Wno-unused-value -g3 -Os -ffunction-sections -fdata-sections -MMD -MP -MF"output/timers.d" -MT output/timers.o -I./../../../../Source/include -I./../../../../Source/portable/GCC/ARM_CM3 -I./../../../../Demo/Common/include -I./../../../../Demo/CORTEX_MPS2_QEMU_IAR_GCC -I./../../../../Demo/CORTEX_MPS2_QEMU_IAR_GCC/CMSIS -I./../../../../Demo/CORTEX_MPS2_QEMU_IAR_GCC/TraceRecorderConfig -I./../../../../Demo/../../FreeRTOS-Plus/Source/FreeRTOS-Plus-Trace/include  -I./../../../../Demo/../../FreeRTOS-Plus/Source/FreeRTOS-Plus-Trace/kernelports/FreeRTOS/include -I./../../../../Demo/../../FreeRTOS-Plus/Source/FreeRTOS-Plus-Trace/streamports/RingBuffer/include -c ./../../../../Source/timers.c -o output/timers.o
arm-none-eabi-gcc -ffreestanding -mthumb -mcpu=cortex-m3 -Wall -Wextra -Wshadow -Wno-unused-value -g3 -Os -ffunction-sections -fdata-sections -MMD -MP -MF"output/event_groups.d" -MT output/event_groups.o -I./../../../../Source/include -I./../../../../Source/portable/GCC/ARM_CM3 -I./../../../../Demo/Common/include -I./../../../../Demo/CORTEX_MPS2_QEMU_IAR_GCC -I./../../../../Demo/CORTEX_MPS2_QEMU_IAR_GCC/CMSIS -I./../../../../Demo/CORTEX_MPS2_QEMU_IAR_GCC/TraceRecorderConfig -I./../../../../Demo/../../FreeRTOS-Plus/Source/FreeRTOS-Plus-Trace/include  -I./../../../../Demo/../../FreeRTOS-Plus/Source/FreeRTOS-Plus-Trace/kernelports/FreeRTOS/include -I./../../../../Demo/../../FreeRTOS-Plus/Source/FreeRTOS-Plus-Trace/streamports/RingBuffer/include -c ./../../../../Source/event_groups.c -o output/event_groups.o
arm-none-eabi-gcc -ffreestanding -mthumb -mcpu=cortex-m3 -Wall -Wextra -Wshadow -Wno-unused-value -g3 -Os -ffunction-sections -fdata-sections -MMD -MP -MF"output/stream_buffer.d" -MT output/stream_buffer.o -I./../../../../Source/include -I./../../../../Source/portable/GCC/ARM_CM3 -I./../../../../Demo/Common/include -I./../../../../Demo/CORTEX_MPS2_QEMU_IAR_GCC -I./../../../../Demo/CORTEX_MPS2_QEMU_IAR_GCC/CMSIS -I./../../../../Demo/CORTEX_MPS2_QEMU_IAR_GCC/TraceRecorderConfig -I./../../../../Demo/../../FreeRTOS-Plus/Source/FreeRTOS-Plus-Trace/include  -I./../../../../Demo/../../FreeRTOS-Plus/Source/FreeRTOS-Plus-Trace/kernelports/FreeRTOS/include -I./../../../../Demo/../../FreeRTOS-Plus/Source/FreeRTOS-Plus-Trace/streamports/RingBuffer/include -c ./../../../../Source/stream_buffer.c -o output/stream_buffer.o
arm-none-eabi-gcc -ffreestanding -mthumb -mcpu=cortex-m3 -Wall -Wextra -Wshadow -Wno-unused-value -g3 -Os -ffunction-sections -fdata-sections -MMD -MP -MF"output/heap_4.d" -MT output/heap_4.o -I./../../../../Source/include -I./../../../../Source/portable/GCC/ARM_CM3 -I./../../../../Demo/Common/include -I./../../../../Demo/CORTEX_MPS2_QEMU_IAR_GCC -I./../../../../Demo/CORTEX_MPS2_QEMU_IAR_GCC/CMSIS -I./../../../../Demo/CORTEX_MPS2_QEMU_IAR_GCC/TraceRecorderConfig -I./../../../../Demo/../../FreeRTOS-Plus/Source/FreeRTOS-Plus-Trace/include  -I./../../../../Demo/../../FreeRTOS-Plus/Source/FreeRTOS-Plus-Trace/kernelports/FreeRTOS/include -I./../../../../Demo/../../FreeRTOS-Plus/Source/FreeRTOS-Plus-Trace/streamports/RingBuffer/include -c ./../../../../Source/portable/MemMang/heap_4.c -o output/heap_4.o
arm-none-eabi-gcc -ffreestanding -mthumb -mcpu=cortex-m3 -Wall -Wextra -Wshadow -Wno-unused-value -g3 -Os -ffunction-sections -fdata-sections -MMD -MP -MF"output/port.d" -MT output/port.o -I./../../../../Source/include -I./../../../../Source/portable/GCC/ARM_CM3 -I./../../../../Demo/Common/include -I./../../../../Demo/CORTEX_MPS2_QEMU_IAR_GCC -I./../../../../Demo/CORTEX_MPS2_QEMU_IAR_GCC/CMSIS -I./../../../../Demo/CORTEX_MPS2_QEMU_IAR_GCC/TraceRecorderConfig -I./../../../../Demo/../../FreeRTOS-Plus/Source/FreeRTOS-Plus-Trace/include  -I./../../../../Demo/../../FreeRTOS-Plus/Source/FreeRTOS-Plus-Trace/kernelports/FreeRTOS/include -I./../../../../Demo/../../FreeRTOS-Plus/Source/FreeRTOS-Plus-Trace/streamports/RingBuffer/include -c ./../../../../Source/portable/GCC/ARM_CM3/port.c -o output/port.o
arm-none-eabi-gcc -ffreestanding -mthumb -mcpu=cortex-m3 -Wall -Wextra -Wshadow -Wno-unused-value -g3 -Os -ffunction-sections -fdata-sections -MMD -MP -MF"output/AbortDelay.d" -MT output/AbortDelay.o -I./../../../../Source/include -I./../../../../Source/portable/GCC/ARM_CM3 -I./../../../../Demo/Common/include -I./../../../../Demo/CORTEX_MPS2_QEMU_IAR_GCC -I./../../../../Demo/CORTEX_MPS2_QEMU_IAR_GCC/CMSIS -I./../../../../Demo/CORTEX_MPS2_QEMU_IAR_GCC/TraceRecorderConfig -I./../../../../Demo/../../FreeRTOS-Plus/Source/FreeRTOS-Plus-Trace/include  -I./../../../../Demo/../../FreeRTOS-Plus/Source/FreeRTOS-Plus-Trace/kernelports/FreeRTOS/include -I./../../../../Demo/../../FreeRTOS-Plus/Source/FreeRTOS-Plus-Trace/streamports/RingBuffer/include -c ./../../../../Demo/Common/Minimal/AbortDelay.c -o output/AbortDelay.o
arm-none-eabi-gcc -ffreestanding -mthumb -mcpu=cortex-m3 -Wall -Wextra -Wshadow -Wno-unused-value -g3 -Os -ffunction-sections -fdata-sections -MMD -MP -MF"output/BlockQ.d" -MT output/BlockQ.o -I./../../../../Source/include -I./../../../../Source/portable/GCC/ARM_CM3 -I./../../../../Demo/Common/include -I./../../../../Demo/CORTEX_MPS2_QEMU_IAR_GCC -I./../../../../Demo/CORTEX_MPS2_QEMU_IAR_GCC/CMSIS -I./../../../../Demo/CORTEX_MPS2_QEMU_IAR_GCC/TraceRecorderConfig -I./../../../../Demo/../../FreeRTOS-Plus/Source/FreeRTOS-Plus-Trace/include  -I./../../../../Demo/../../FreeRTOS-Plus/Source/FreeRTOS-Plus-Trace/kernelports/FreeRTOS/include -I./../../../../Demo/../../FreeRTOS-Plus/Source/FreeRTOS-Plus-Trace/streamports/RingBuffer/include -c ./../../../../Demo/Common/Minimal/BlockQ.c -o output/BlockQ.o
arm-none-eabi-gcc -ffreestanding -mthumb -mcpu=cortex-m3 -Wall -Wextra -Wshadow -Wno-unused-value -g3 -Os -ffunction-sections -fdata-sections -MMD -MP -MF"output/blocktim.d" -MT output/blocktim.o -I./../../../../Source/include -I./../../../../Source/portable/GCC/ARM_CM3 -I./../../../../Demo/Common/include -I./../../../../Demo/CORTEX_MPS2_QEMU_IAR_GCC -I./../../../../Demo/CORTEX_MPS2_QEMU_IAR_GCC/CMSIS -I./../../../../Demo/CORTEX_MPS2_QEMU_IAR_GCC/TraceRecorderConfig -I./../../../../Demo/../../FreeRTOS-Plus/Source/FreeRTOS-Plus-Trace/include  -I./../../../../Demo/../../FreeRTOS-Plus/Source/FreeRTOS-Plus-Trace/kernelports/FreeRTOS/include -I./../../../../Demo/../../FreeRTOS-Plus/Source/FreeRTOS-Plus-Trace/streamports/RingBuffer/include -c ./../../../../Demo/Common/Minimal/blocktim.c -o output/blocktim.o
arm-none-eabi-gcc -ffreestanding -mthumb -mcpu=cortex-m3 -Wall -Wextra -Wshadow -Wno-unused-value -g3 -Os -ffunction-sections -fdata-sections -MMD -MP -MF"output/countsem.d" -MT output/countsem.o -I./../../../../Source/include -I./../../../../Source/portable/GCC/ARM_CM3 -I./../../../../Demo/Common/include -I./../../../../Demo/CORTEX_MPS2_QEMU_IAR_GCC -I./../../../../Demo/CORTEX_MPS2_QEMU_IAR_GCC/CMSIS -I./../../../../Demo/CORTEX_MPS2_QEMU_IAR_GCC/TraceRecorderConfig -I./../../../../Demo/../../FreeRTOS-Plus/Source/FreeRTOS-Plus-Trace/include  -I./../../../../Demo/../../FreeRTOS-Plus/Source/FreeRTOS-Plus-Trace/kernelports/FreeRTOS/include -I./../../../../Demo/../../FreeRTOS-Plus/Source/FreeRTOS-Plus-Trace/streamports/RingBuffer/include -c ./../../../../Demo/Common/Minimal/countsem.c -o output/countsem.o
arm-none-eabi-gcc -ffreestanding -mthumb -mcpu=cortex-m3 -Wall -Wextra -Wshadow -Wno-unused-value -g3 -Os -ffunction-sections -fdata-sections -MMD -MP -MF"output/death.d" -MT output/death.o -I./../../../../Source/include -I./../../../../Source/portable/GCC/ARM_CM3 -I./../../../../Demo/Common/include -I./../../../../Demo/CORTEX_MPS2_QEMU_IAR_GCC -I./../../../../Demo/CORTEX_MPS2_QEMU_IAR_GCC/CMSIS -I./../../../../Demo/CORTEX_MPS2_QEMU_IAR_GCC/TraceRecorderConfig -I./../../../../Demo/../../FreeRTOS-Plus/Source/FreeRTOS-Plus-Trace/include  -I./../../../../Demo/../../FreeRTOS-Plus/Source/FreeRTOS-Plus-Trace/kernelports/FreeRTOS/include -I./../../../../Demo/../../FreeRTOS-Plus/Source/FreeRTOS-Plus-Trace/streamports/RingBuffer/include -c ./../../../../Demo/Common/Minimal/death.c -o output/death.o
arm-none-eabi-gcc -ffreestanding -mthumb -mcpu=cortex-m3 -Wall -Wextra -Wshadow -Wno-unused-value -g3 -Os -ffunction-sections -fdata-sections -MMD -MP -MF"output/dynamic.d" -MT output/dynamic.o -I./../../../../Source/include -I./../../../../Source/portable/GCC/ARM_CM3 -I./../../../../Demo/Common/include -I./../../../../Demo/CORTEX_MPS2_QEMU_IAR_GCC -I./../../../../Demo/CORTEX_MPS2_QEMU_IAR_GCC/CMSIS -I./../../../../Demo/CORTEX_MPS2_QEMU_IAR_GCC/TraceRecorderConfig -I./../../../../Demo/../../FreeRTOS-Plus/Source/FreeRTOS-Plus-Trace/include  -I./../../../../Demo/../../FreeRTOS-Plus/Source/FreeRTOS-Plus-Trace/kernelports/FreeRTOS/include -I./../../../../Demo/../../FreeRTOS-Plus/Source/FreeRTOS-Plus-Trace/streamports/RingBuffer/include -c ./../../../../Demo/Common/Minimal/dynamic.c -o output/dynamic.o
arm-none-eabi-gcc -ffreestanding -mthumb -mcpu=cortex-m3 -Wall -Wextra -Wshadow -Wno-unused-value -g3 -Os -ffunction-sections -fdata-sections -MMD -MP -MF"output/EventGroupsDemo.d" -MT output/EventGroupsDemo.o -I./../../../../Source/include -I./../../../../Source/portable/GCC/ARM_CM3 -I./../../../../Demo/Common/include -I./../../../../Demo/CORTEX_MPS2_QEMU_IAR_GCC -I./../../../../Demo/CORTEX_MPS2_QEMU_IAR_GCC/CMSIS -I./../../../../Demo/CORTEX_MPS2_QEMU_IAR_GCC/TraceRecorderConfig -I./../../../../Demo/../../FreeRTOS-Plus/Source/FreeRTOS-Plus-Trace/include  -I./../../../../Demo/../../FreeRTOS-Plus/Source/FreeRTOS-Plus-Trace/kernelports/FreeRTOS/include -I./../../../../Demo/../../FreeRTOS-Plus/Source/FreeRTOS-Plus-Trace/streamports/RingBuffer/include -c ./../../../../Demo/Common/Minimal/EventGroupsDemo.c -o output/EventGroupsDemo.o
arm-none-eabi-gcc -ffreestanding -mthumb -mcpu=cortex-m3 -Wall -Wextra -Wshadow -Wno-unused-value -g3 -Os -ffunction-sections -fdata-sections -MMD -MP -MF"output/GenQTest.d" -MT output/GenQTest.o -I./../../../../Source/include -I./../../../../Source/portable/GCC/ARM_CM3 -I./../../../../Demo/Common/include -I./../../../../Demo/CORTEX_MPS2_QEMU_IAR_GCC -I./../../../../Demo/CORTEX_MPS2_QEMU_IAR_GCC/CMSIS -I./../../../../Demo/CORTEX_MPS2_QEMU_IAR_GCC/TraceRecorderConfig -I./../../../../Demo/../../FreeRTOS-Plus/Source/FreeRTOS-Plus-Trace/include  -I./../../../../Demo/../../FreeRTOS-Plus/Source/FreeRTOS-Plus-Trace/kernelports/FreeRTOS/include -I./../../../../Demo/../../FreeRTOS-Plus/Source/FreeRTOS-Plus-Trace/streamports/RingBuffer/include -c ./../../../../Demo/Common/Minimal/GenQTest.c -o output/GenQTest.o
arm-none-eabi-gcc -ffreestanding -mthumb -mcpu=cortex-m3 -Wall -Wextra -Wshadow -Wno-unused-value -g3 -Os -ffunction-sections -fdata-sections -MMD -MP -MF"output/integer.d" -MT output/integer.o -I./../../../../Source/include -I./../../../../Source/portable/GCC/ARM_CM3 -I./../../../../Demo/Common/include -I./../../../../Demo/CORTEX_MPS2_QEMU_IAR_GCC -I./../../../../Demo/CORTEX_MPS2_QEMU_IAR_GCC/CMSIS -I./../../../../Demo/CORTEX_MPS2_QEMU_IAR_GCC/TraceRecorderConfig -I./../../../../Demo/../../FreeRTOS-Plus/Source/FreeRTOS-Plus-Trace/include  -I./../../../../Demo/../../FreeRTOS-Plus/Source/FreeRTOS-Plus-Trace/kernelports/FreeRTOS/include -I./../../../../Demo/../../FreeRTOS-Plus/Source/FreeRTOS-Plus-Trace/streamports/RingBuffer/include -c ./../../../../Demo/Common/Minimal/integer.c -o output/integer.o
arm-none-eabi-gcc -ffreestanding -mthumb -mcpu=cortex-m3 -Wall -Wextra -Wshadow -Wno-unused-value -g3 -Os -ffunction-sections -fdata-sections -MMD -MP -MF"output/IntQueue.d" -MT output/IntQueue.o -I./../../../../Source/include -I./../../../../Source/portable/GCC/ARM_CM3 -I./../../../../Demo/Common/include -I./../../../../Demo/CORTEX_MPS2_QEMU_IAR_GCC -I./../../../../Demo/CORTEX_MPS2_QEMU_IAR_GCC/CMSIS -I./../../../../Demo/CORTEX_MPS2_QEMU_IAR_GCC/TraceRecorderConfig -I./../../../../Demo/../../FreeRTOS-Plus/Source/FreeRTOS-Plus-Trace/include  -I./../../../../Demo/../../FreeRTOS-Plus/Source/FreeRTOS-Plus-Trace/kernelports/FreeRTOS/include -I./../../../../Demo/../../FreeRTOS-Plus/Source/FreeRTOS-Plus-Trace/streamports/RingBuffer/include -c ./../../../../Demo/Common/Minimal/IntQueue.c -o output/IntQueue.o
arm-none-eabi-gcc -ffreestanding -mthumb -mcpu=cortex-m3 -Wall -Wextra -Wshadow -Wno-unused-value -g3 -Os -ffunction-sections -fdata-sections -MMD -MP -MF"output/IntQueueTimer.d" -MT output/IntQueueTimer.o -I./../../../../Source/include -I./../../../../Source/portable/GCC/ARM_CM3 -I./../../../../Demo/Common/include -I./../../../../Demo/CORTEX_MPS2_QEMU_IAR_GCC -I./../../../../Demo/CORTEX_MPS2_QEMU_IAR_GCC/CMSIS -I./../../../../Demo/CORTEX_MPS2_QEMU_IAR_GCC/TraceRecorderConfig -I./../../../../Demo/../../FreeRTOS-Plus/Source/FreeRTOS-Plus-Trace/include  -I./../../../../Demo/../../FreeRTOS-Plus/Source/FreeRTOS-Plus-Trace/kernelports/FreeRTOS/include -I./../../../../Demo/../../FreeRTOS-Plus/Source/FreeRTOS-Plus-Trace/streamports/RingBuffer/include -c ./../../../../Demo/CORTEX_MPS2_QEMU_IAR_GCC/IntQueueTimer.c -o output/IntQueueTimer.o
arm-none-eabi-gcc -ffreestanding -mthumb -mcpu=cortex-m3 -Wall -Wextra -Wshadow -Wno-unused-value -g3 -Os -ffunction-sections -fdata-sections -MMD -MP -MF"output/IntSemTest.d" -MT output/IntSemTest.o -I./../../../../Source/include -I./../../../../Source/portable/GCC/ARM_CM3 -I./../../../../Demo/Common/include -I./../../../../Demo/CORTEX_MPS2_QEMU_IAR_GCC -I./../../../../Demo/CORTEX_MPS2_QEMU_IAR_GCC/CMSIS -I./../../../../Demo/CORTEX_MPS2_QEMU_IAR_GCC/TraceRecorderConfig -I./../../../../Demo/../../FreeRTOS-Plus/Source/FreeRTOS-Plus-Trace/include  -I./../../../../Demo/../../FreeRTOS-Plus/Source/FreeRTOS-Plus-Trace/kernelports/FreeRTOS/include -I./../../../../Demo/../../FreeRTOS-Plus/Source/FreeRTOS-Plus-Trace/streamports/RingBuffer/include -c ./../../../../Demo/Common/Minimal/IntSemTest.c -o output/IntSemTest.o
arm-none-eabi-gcc -ffreestanding -mthumb -mcpu=cortex-m3 -Wall -Wextra -Wshadow -Wno-unused-value -g3 -Os -ffunction-sections -fdata-sections -MMD -MP -MF"output/MessageBufferAMP.d" -MT output/MessageBufferAMP.o -I./../../../../Source/include -I./../../../../Source/portable/GCC/ARM_CM3 -I./../../../../Demo/Common/include -I./../../../../Demo/CORTEX_MPS2_QEMU_IAR_GCC -I./../../../../Demo/CORTEX_MPS2_QEMU_IAR_GCC/CMSIS -I./../../../../Demo/CORTEX_MPS2_QEMU_IAR_GCC/TraceRecorderConfig -I./../../../../Demo/../../FreeRTOS-Plus/Source/FreeRTOS-Plus-Trace/include  -I./../../../../Demo/../../FreeRTOS-Plus/Source/FreeRTOS-Plus-Trace/kernelports/FreeRTOS/include -I./../../../../Demo/../../FreeRTOS-Plus/Source/FreeRTOS-Plus-Trace/streamports/RingBuffer/include -c ./../../../../Demo/Common/Minimal/MessageBufferAMP.c -o output/MessageBufferAMP.o
arm-none-eabi-gcc -ffreestanding -mthumb -mcpu=cortex-m3 -Wall -Wextra -Wshadow -Wno-unused-value -g3 -Os -ffunction-sections -fdata-sections -MMD -MP -MF"output/MessageBufferDemo.d" -MT output/MessageBufferDemo.o -I./../../../../Source/include -I./../../../../Source/portable/GCC/ARM_CM3 -I./../../../../Demo/Common/include -I./../../../../Demo/CORTEX_MPS2_QEMU_IAR_GCC -I./../../../../Demo/CORTEX_MPS2_QEMU_IAR_GCC/CMSIS -I./../../../../Demo/CORTEX_MPS2_QEMU_IAR_GCC/TraceRecorderConfig -I./../../../../Demo/../../FreeRTOS-Plus/Source/FreeRTOS-Plus-Trace/include  -I./../../../../Demo/../../FreeRTOS-Plus/Source/FreeRTOS-Plus-Trace/kernelports/FreeRTOS/include -I./../../../../Demo/../../FreeRTOS-Plus/Source/FreeRTOS-Plus-Trace/streamports/RingBuffer/include -c ./../../../../Demo/Common/Minimal/MessageBufferDemo.c -o output/MessageBufferDemo.o
arm-none-eabi-gcc -ffreestanding -mthumb -mcpu=cortex-m3 -Wall -Wextra -Wshadow -Wno-unused-value -g3 -Os -ffunction-sections -fdata-sections -MMD -MP -MF"output/PollQ.d" -MT output/PollQ.o -I./../../../../Source/include -I./../../../../Source/portable/GCC/ARM_CM3 -I./../../../../Demo/Common/include -I./../../../../Demo/CORTEX_MPS2_QEMU_IAR_GCC -I./../../../../Demo/CORTEX_MPS2_QEMU_IAR_GCC/CMSIS -I./../../../../Demo/CORTEX_MPS2_QEMU_IAR_GCC/TraceRecorderConfig -I./../../../../Demo/../../FreeRTOS-Plus/Source/FreeRTOS-Plus-Trace/include  -I./../../../../Demo/../../FreeRTOS-Plus/Source/FreeRTOS-Plus-Trace/kernelports/FreeRTOS/include -I./../../../../Demo/../../FreeRTOS-Plus/Source/FreeRTOS-Plus-Trace/streamports/RingBuffer/include -c ./../../../../Demo/Common/Minimal/PollQ.c -o output/PollQ.o
arm-none-eabi-gcc -ffreestanding -mthumb -mcpu=cortex-m3 -Wall -Wextra -Wshadow -Wno-unused-value -g3 -Os -ffunction-sections -fdata-sections -MMD -MP -MF"output/QPeek.d" -MT output/QPeek.o -I./../../../../Source/include -I./../../../../Source/portable/GCC/ARM_CM3 -I./../../../../Demo/Common/include -I./../../../../Demo/CORTEX_MPS2_QEMU_IAR_GCC -I./../../../../Demo/CORTEX_MPS2_QEMU_IAR_GCC/CMSIS -I./../../../../Demo/CORTEX_MPS2_QEMU_IAR_GCC/TraceRecorderConfig -I./../../../../Demo/../../FreeRTOS-Plus/Source/FreeRTOS-Plus-Trace/include  -I./../../../../Demo/../../FreeRTOS-Plus/Source/FreeRTOS-Plus-Trace/kernelports/FreeRTOS/include -I./../../../../Demo/../../FreeRTOS-Plus/Source/FreeRTOS-Plus-Trace/streamports/RingBuffer/include -c ./../../../../Demo/Common/Minimal/QPeek.c -o output/QPeek.o
arm-none-eabi-gcc -ffreestanding -mthumb -mcpu=cortex-m3 -Wall -Wextra -Wshadow -Wno-unused-value -g3 -Os -ffunction-sections -fdata-sections -MMD -MP -MF"output/QueueOverwrite.d" -MT output/QueueOverwrite.o -I./../../../../Source/include -I./../../../../Source/portable/GCC/ARM_CM3 -I./../../../../Demo/Common/include -I./../../../../Demo/CORTEX_MPS2_QEMU_IAR_GCC -I./../../../../Demo/CORTEX_MPS2_QEMU_IAR_GCC/CMSIS -I./../../../../Demo/CORTEX_MPS2_QEMU_IAR_GCC/TraceRecorderConfig -I./../../../../Demo/../../FreeRTOS-Plus/Source/FreeRTOS-Plus-Trace/include  -I./../../../../Demo/../../FreeRTOS-Plus/Source/FreeRTOS-Plus-Trace/kernelports/FreeRTOS/include -I./../../../../Demo/../../FreeRTOS-Plus/Source/FreeRTOS-Plus-Trace/streamports/RingBuffer/include -c ./../../../../Demo/Common/Minimal/QueueOverwrite.c -o output/QueueOverwrite.o
arm-none-eabi-gcc -ffreestanding -mthumb -mcpu=cortex-m3 -Wall -Wextra -Wshadow -Wno-unused-value -g3 -Os -ffunction-sections -fdata-sections -MMD -MP -MF"output/QueueSet.d" -MT output/QueueSet.o -I./../../../../Source/include -I./../../../../Source/portable/GCC/ARM_CM3 -I./../../../../Demo/Common/include -I./../../../../Demo/CORTEX_MPS2_QEMU_IAR_GCC -I./../../../../Demo/CORTEX_MPS2_QEMU_IAR_GCC/CMSIS -I./../../../../Demo/CORTEX_MPS2_QEMU_IAR_GCC/TraceRecorderConfig -I./../../../../Demo/../../FreeRTOS-Plus/Source/FreeRTOS-Plus-Trace/include  -I./../../../../Demo/../../FreeRTOS-Plus/Source/FreeRTOS-Plus-Trace/kernelports/FreeRTOS/include -I./../../../../Demo/../../FreeRTOS-Plus/Source/FreeRTOS-Plus-Trace/streamports/RingBuffer/include -c ./../../../../Demo/Common/Minimal/QueueSet.c -o output/QueueSet.o
arm-none-eabi-gcc -ffreestanding -mthumb -mcpu=cortex-m3 -Wall -Wextra -Wshadow -Wno-unused-value -g3 -Os -ffunction-sections -fdata-sections -MMD -MP -MF"output/QueueSetPolling.d" -MT output/QueueSetPolling.o -I./../../../../Source/include -I./../../../../Source/portable/GCC/ARM_CM3 -I./../../../../Demo/Common/include -I./../../../../Demo/CORTEX_MPS2_QEMU_IAR_GCC -I./../../../../Demo/CORTEX_MPS2_QEMU_IAR_GCC/CMSIS -I./../../../../Demo/CORTEX_MPS2_QEMU_IAR_GCC/TraceRecorderConfig -I./../../../../Demo/../../FreeRTOS-Plus/Source/FreeRTOS-Plus-Trace/include  -I./../../../../Demo/../../FreeRTOS-Plus/Source/FreeRTOS-Plus-Trace/kernelports/FreeRTOS/include -I./../../../../Demo/../../FreeRTOS-Plus/Source/FreeRTOS-Plus-Trace/streamports/RingBuffer/include -c ./../../../../Demo/Common/Minimal/QueueSetPolling.c -o output/QueueSetPolling.o
arm-none-eabi-gcc -ffreestanding -mthumb -mcpu=cortex-m3 -Wall -Wextra -Wshadow -Wno-unused-value -g3 -Os -ffunction-sections -fdata-sections -MMD -MP -MF"output/recmutex.d" -MT output/recmutex.o -I./../../../../Source/include -I./../../../../Source/portable/GCC/ARM_CM3 -I./../../../../Demo/Common/include -I./../../../../Demo/CORTEX_MPS2_QEMU_IAR_GCC -I./../../../../Demo/CORTEX_MPS2_QEMU_IAR_GCC/CMSIS -I./../../../../Demo/CORTEX_MPS2_QEMU_IAR_GCC/TraceRecorderConfig -I./../../../../Demo/../../FreeRTOS-Plus/Source/FreeRTOS-Plus-Trace/include  -I./../../../../Demo/../../FreeRTOS-Plus/Source/FreeRTOS-Plus-Trace/kernelports/FreeRTOS/include -I./../../../../Demo/../../FreeRTOS-Plus/Source/FreeRTOS-Plus-Trace/streamports/RingBuffer/include -c ./../../../../Demo/Common/Minimal/recmutex.c -o output/recmutex.o
arm-none-eabi-gcc -ffreestanding -mthumb -mcpu=cortex-m3 -Wall -Wextra -Wshadow -Wno-unused-value -g3 -Os -ffunction-sections -fdata-sections -MMD -MP -MF"output/semtest.d" -MT output/semtest.o -I./../../../../Source/include -I./../../../../Source/portable/GCC/ARM_CM3 -I./../../../../Demo/Common/include -I./../../../../Demo/CORTEX_MPS2_QEMU_IAR_GCC -I./../../../../Demo/CORTEX_MPS2_QEMU_IAR_GCC/CMSIS -I./../../../../Demo/CORTEX_MPS2_QEMU_IAR_GCC/TraceRecorderConfig -I./../../../../Demo/../../FreeRTOS-Plus/Source/FreeRTOS-Plus-Trace/include  -I./../../../../Demo/../../FreeRTOS-Plus/Source/FreeRTOS-Plus-Trace/kernelports/FreeRTOS/include -I./../../../../Demo/../../FreeRTOS-Plus/Source/FreeRTOS-Plus-Trace/streamports/RingBuffer/include -c ./../../../../Demo/Common/Minimal/semtest.c -o output/semtest.o
arm-none-eabi-gcc -ffreestanding -mthumb -mcpu=cortex-m3 -Wall -Wextra -Wshadow -Wno-unused-value -g3 -Os -ffunction-sections -fdata-sections -MMD -MP -MF"output/StaticAllocation.d" -MT output/StaticAllocation.o -I./../../../../Source/include -I./../../../../Source/portable/GCC/ARM_CM3 -I./../../../../Demo/Common/include -I./../../../../Demo/CORTEX_MPS2_QEMU_IAR_GCC -I./../../../../Demo/CORTEX_MPS2_QEMU_IAR_GCC/CMSIS -I./../../../../Demo/CORTEX_MPS2_QEMU_IAR_GCC/TraceRecorderConfig -I./../../../../Demo/../../FreeRTOS-Plus/Source/FreeRTOS-Plus-Trace/include  -I./../../../../Demo/../../FreeRTOS-Plus/Source/FreeRTOS-Plus-Trace/kernelports/FreeRTOS/include -I./../../../../Demo/../../FreeRTOS-Plus/Source/FreeRTOS-Plus-Trace/streamports/RingBuffer/include -c ./../../../../Demo/Common/Minimal/StaticAllocation.c -o output/StaticAllocation.o
arm-none-eabi-gcc -ffreestanding -mthumb -mcpu=cortex-m3 -Wall -Wextra -Wshadow -Wno-unused-value -g3 -Os -ffunction-sections -fdata-sections -MMD -MP -MF"output/StreamBufferDemo.d" -MT output/StreamBufferDemo.o -I./../../../../Source/include -I./../../../../Source/portable/GCC/ARM_CM3 -I./../../../../Demo/Common/include -I./../../../../Demo/CORTEX_MPS2_QEMU_IAR_GCC -I./../../../../Demo/CORTEX_MPS2_QEMU_IAR_GCC/CMSIS -I./../../../../Demo/CORTEX_MPS2_QEMU_IAR_GCC/TraceRecorderConfig -I./../../../../Demo/../../FreeRTOS-Plus/Source/FreeRTOS-Plus-Trace/include  -I./../../../../Demo/../../FreeRTOS-Plus/Source/FreeRTOS-Plus-Trace/kernelports/FreeRTOS/include -I./../../../../Demo/../../FreeRTOS-Plus/Source/FreeRTOS-Plus-Trace/streamports/RingBuffer/include -c ./../../../../Demo/Common/Minimal/StreamBufferDemo.c -o output/StreamBufferDemo.o
arm-none-eabi-gcc -ffreestanding -mthumb -mcpu=cortex-m3 -Wall -Wextra -Wshadow -Wno-unused-value -g3 -Os -ffunction-sections -fdata-sections -MMD -MP -MF"output/StreamBufferInterrupt.d" -MT output/StreamBufferInterrupt.o -I./../../../../Source/include -I./../../../../Source/portable/GCC/ARM_CM3 -I./../../../../Demo/Common/include -I./../../../../Demo/CORTEX_MPS2_QEMU_IAR_GCC -I./../../../../Demo/CORTEX_MPS2_QEMU_IAR_GCC/CMSIS -I./../../../../Demo/CORTEX_MPS2_QEMU_IAR_GCC/TraceRecorderConfig -I./../../../../Demo/../../FreeRTOS-Plus/Source/FreeRTOS-Plus-Trace/include  -I./../../../../Demo/../../FreeRTOS-Plus/Source/FreeRTOS-Plus-Trace/kernelports/FreeRTOS/include -I./../../../../Demo/../../FreeRTOS-Plus/Source/FreeRTOS-Plus-Trace/streamports/RingBuffer/include -c ./../../../../Demo/Common/Minimal/StreamBufferInterrupt.c -o output/StreamBufferInterrupt.o
arm-none-eabi-gcc -ffreestanding -mthumb -mcpu=cortex-m3 -Wall -Wextra -Wshadow -Wno-unused-value -g3 -Os -ffunction-sections -fdata-sections -MMD -MP -MF"output/TaskNotify.d" -MT output/TaskNotify.o -I./../../../../Source/include -I./../../../../Source/portable/GCC/ARM_CM3 -I./../../../../Demo/Common/include -I./../../../../Demo/CORTEX_MPS2_QEMU_IAR_GCC -I./../../../../Demo/CORTEX_MPS2_QEMU_IAR_GCC/CMSIS -I./../../../../Demo/CORTEX_MPS2_QEMU_IAR_GCC/TraceRecorderConfig -I./../../../../Demo/../../FreeRTOS-Plus/Source/FreeRTOS-Plus-Trace/include  -I./../../../../Demo/../../FreeRTOS-Plus/Source/FreeRTOS-Plus-Trace/kernelports/FreeRTOS/include -I./../../../../Demo/../../FreeRTOS-Plus/Source/FreeRTOS-Plus-Trace/streamports/RingBuffer/include -c ./../../../../Demo/Common/Minimal/TaskNotify.c -o output/TaskNotify.o
arm-none-eabi-gcc -ffreestanding -mthumb -mcpu=cortex-m3 -Wall -Wextra -Wshadow -Wno-unused-value -g3 -Os -ffunction-sections -fdata-sections -MMD -MP -MF"output/TaskNotifyArray.d" -MT output/TaskNotifyArray.o -I./../../../../Source/include -I./../../../../Source/portable/GCC/ARM_CM3 -I./../../../../Demo/Common/include -I./../../../../Demo/CORTEX_MPS2_QEMU_IAR_GCC -I./../../../../Demo/CORTEX_MPS2_QEMU_IAR_GCC/CMSIS -I./../../../../Demo/CORTEX_MPS2_QEMU_IAR_GCC/TraceRecorderConfig -I./../../../../Demo/../../FreeRTOS-Plus/Source/FreeRTOS-Plus-Trace/include  -I./../../../../Demo/../../FreeRTOS-Plus/Source/FreeRTOS-Plus-Trace/kernelports/FreeRTOS/include -I./../../../../Demo/../../FreeRTOS-Plus/Source/FreeRTOS-Plus-Trace/streamports/RingBuffer/include -c ./../../../../Demo/Common/Minimal/TaskNotifyArray.c -o output/TaskNotifyArray.o
arm-none-eabi-gcc -ffreestanding -mthumb -mcpu=cortex-m3 -Wall -Wextra -Wshadow -Wno-unused-value -g3 -Os -ffunction-sections -fdata-sections -MMD -MP -MF"output/TimerDemo.d" -MT output/TimerDemo.o -I./../../../../Source/include -I./../../../../Source/portable/GCC/ARM_CM3 -I./../../../../Demo/Common/include -I./../../../../Demo/CORTEX_MPS2_QEMU_IAR_GCC -I./../../../../Demo/CORTEX_MPS2_QEMU_IAR_GCC/CMSIS -I./../../../../Demo/CORTEX_MPS2_QEMU_IAR_GCC/TraceRecorderConfig -I./../../../../Demo/../../FreeRTOS-Plus/Source/FreeRTOS-Plus-Trace/include  -I./../../../../Demo/../../FreeRTOS-Plus/Source/FreeRTOS-Plus-Trace/kernelports/FreeRTOS/include -I./../../../../Demo/../../FreeRTOS-Plus/Source/FreeRTOS-Plus-Trace/streamports/RingBuffer/include -c ./../../../../Demo/Common/Minimal/TimerDemo.c -o output/TimerDemo.o
arm-none-eabi-gcc -ffreestanding -mthumb -mcpu=cortex-m3 -Wall -Wextra -Wshadow -Wno-unused-value -g3 -Os -ffunction-sections -fdata-sections -MMD -MP -MF"output/main.d" -MT output/main.o -I./../../../../Source/include -I./../../../../Source/portable/GCC/ARM_CM3 -I./../../../../Demo/Common/include -I./../../../../Demo/CORTEX_MPS2_QEMU_IAR_GCC -I./../../../../Demo/CORTEX_MPS2_QEMU_IAR_GCC/CMSIS -I./../../../../Demo/CORTEX_MPS2_QEMU_IAR_GCC/TraceRecorderConfig -I./../../../../Demo/../../FreeRTOS-Plus/Source/FreeRTOS-Plus-Trace/include  -I./../../../../Demo/../../FreeRTOS-Plus/Source/FreeRTOS-Plus-Trace/kernelports/FreeRTOS/include -I./../../../../Demo/../../FreeRTOS-Plus/Source/FreeRTOS-Plus-Trace/streamports/RingBuffer/include -c ./../../../../Demo/CORTEX_MPS2_QEMU_IAR_GCC/main.c -o output/main.o
arm-none-eabi-gcc -ffreestanding -mthumb -mcpu=cortex-m3 -Wall -Wextra -Wshadow -Wno-unused-value -g3 -Os -ffunction-sections -fdata-sections -MMD -MP -MF"output/fuzz_harness.d" -MT output/fuzz_harness.o -I./../../../../Source/include -I./../../../../Source/portable/GCC/ARM_CM3 -I./../../../../Demo/Common/include -I./../../../../Demo/CORTEX_MPS2_QEMU_IAR_GCC -I./../../../../Demo/CORTEX_MPS2_QEMU_IAR_GCC/CMSIS -I./../../../../Demo/CORTEX_MPS2_QEMU_IAR_GCC/TraceRecorderConfig -I./../../../../Demo/../../FreeRTOS-Plus/Source/FreeRTOS-Plus-Trace/include  -I./../../../../Demo/../../FreeRTOS-Plus/Source/FreeRTOS-Plus-Trace/kernelports/FreeRTOS/include -I./../../../../Demo/../../FreeRTOS-Plus/Source/FreeRTOS-Plus-Trace/streamports/RingBuffer/include -c ./../../../../Demo/CORTEX_MPS2_QEMU_IAR_GCC/fuzz_harness.c -o output/fuzz_harness.o


[STDERR]
./../../../../Demo/CORTEX_MPS2_QEMU_IAR_GCC/fuzz_harness.c:156:8: error: unknown type name 'StreamBufferHandle_t'
  156 | static StreamBufferHandle_t xSB = NULL;
      |        ^~~~~~~~~~~~~~~~~~~~
./../../../../Demo/CORTEX_MPS2_QEMU_IAR_GCC/fuzz_harness.c:156:35: warning: initialization of 'int' from 'void *' makes integer from pointer without a cast [-Wint-conversion]
  156 | static StreamBufferHandle_t xSB = NULL;
      |                                   ^~~~
./../../../../Demo/CORTEX_MPS2_QEMU_IAR_GCC/fuzz_harness.c:160:8: error: unknown type name 'FR_Reader_t'
  160 | static FR_Reader_t fr;
      |        ^~~~~~~~~~~
./../../../../Demo/CORTEX_MPS2_QEMU_IAR_GCC/fuzz_harness.c:161:8: error: unknown type name 'bool'
  161 | static bool bInitialized = false;
      |        ^~~~
./../../../../Demo/CORTEX_MPS2_QEMU_IAR_GCC/fuzz_harness.c:161:28: error: 'false' undeclared here (not in a function)
  161 | static bool bInitialized = false;
      |                            ^~~~~
./../../../../Demo/CORTEX_MPS2_QEMU_IAR_GCC/fuzz_harness.c:94:1: note: 'false' is defined in header '<stdbool.h>'; did you forget to '#include <stdbool.h>'?
   93 | #include <string.h>
  +++ |+#include <stdbool.h>
   94 | typedef struct {
./../../../../Demo/CORTEX_MPS2_QEMU_IAR_GCC/fuzz_harness.c: In function 'vHelperTask':
./../../../../Demo/CORTEX_MPS2_QEMU_IAR_GCC/fuzz_harness.c:164:5: error: unknown type name 'StreamBufferHandle_t'
  164 |     StreamBufferHandle_t xTargetSB = (StreamBufferHandle_t)pvParameters;
      |     ^~~~~~~~~~~~~~~~~~~~
./../../../../Demo/CORTEX_MPS2_QEMU_IAR_GCC/fuzz_harness.c:164:39: error: 'StreamBufferHandle_t' undeclared (first use in this function)
  164 |     StreamBufferHandle_t xTargetSB = (StreamBufferHandle_t)pvParameters;
      |                                       ^~~~~~~~~~~~~~~~~~~~
./../../../../Demo/CORTEX_MPS2_QEMU_IAR_GCC/fuzz_harness.c:164:39: note: each undeclared identifier is reported only once for each function it appears in
./../../../../Demo/CORTEX_MPS2_QEMU_IAR_GCC/fuzz_harness.c:164:60: error: expected ',' or ';' before 'pvParameters'
  164 |     StreamBufferHandle_t xTargetSB = (StreamBufferHandle_t)pvParameters;
      |                                                            ^~~~~~~~~~~~
./../../../../Demo/CORTEX_MPS2_QEMU_IAR_GCC/fuzz_harness.c:169:9: warning: implicit declaration of function 'xStreamBufferReceive' [-Wimplicit-function-declaration]
  169 |         xStreamBufferReceive(xTargetSB, &ucDummy, 1, pdMS_TO_TICKS(500));
      |         ^~~~~~~~~~~~~~~~~~~~
./../../../../Demo/CORTEX_MPS2_QEMU_IAR_GCC/fuzz_harness.c:163:31: warning: unused parameter 'pvParameters' [-Wunused-parameter]
  163 | static void vHelperTask(void *pvParameters) {
      |                         ~~~~~~^~~~~~~~~~~~
./../../../../Demo/CORTEX_MPS2_QEMU_IAR_GCC/fuzz_harness.c: In function 'test_task':
./../../../../Demo/CORTEX_MPS2_QEMU_IAR_GCC/fuzz_harness.c:183:15: warning: declaration of 'fr' shadows a global declaration [-Wshadow]
  183 |     FR_Reader fr = FR_init(FUZZ_INPUT, MAX_FUZZ_INPUT_SIZE);
      |               ^~
./../../../../Demo/CORTEX_MPS2_QEMU_IAR_GCC/fuzz_harness.c:160:20: note: shadowed declaration is here
  160 | static FR_Reader_t fr;
      |                    ^~
./../../../../Demo/CORTEX_MPS2_QEMU_IAR_GCC/fuzz_harness.c:209:44: error: called object 'FUZZ_INPUT' is not a function or function pointer
  209 |             FR_init(&fr, FUZZ_INPUT, sizeof(FUZZ_INPUT));
      |                                            ^
./../../../../Demo/CORTEX_MPS2_QEMU_IAR_GCC/fuzz_harness.c:102:40: note: in definition of macro 'FR_init_SELECT'
  102 | #define FR_init_SELECT(_1,_2,NAME,...) NAME
      |                                        ^~~~
./../../../../Demo/CORTEX_MPS2_QEMU_IAR_GCC/fuzz_harness.c:209:13: note: in expansion of macro 'FR_init'
  209 |             FR_init(&fr, FUZZ_INPUT, sizeof(FUZZ_INPUT));
      |             ^~~~~~~
./../../../../Demo/CORTEX_MPS2_QEMU_IAR_GCC/fuzz_harness.c:52:60: note: declared here
   52 | __attribute__((used, visibility("default"))) unsigned char FUZZ_INPUT[MAX_FUZZ_INPUT_SIZE] = {
      |                                                            ^~~~~~~~~~
./../../../../Demo/CORTEX_MPS2_QEMU_IAR_GCC/fuzz_harness.c:210:19: warning: implicit declaration of function 'xStreamBufferCreateStatic'; did you mean 'xTimerCreateStatic'? [-Wimplicit-function-declaration]
  210 |             xSB = xStreamBufferCreateStatic(sizeof(ucSBStorage), 1, ucSBStorage, &xSBStruct);
      |                   ^~~~~~~~~~~~~~~~~~~~~~~~~
      |                   xTimerCreateStatic
In file included from ./../../../../Source/include/FreeRTOS.h:58,
                 from ./../../../../Demo/CORTEX_MPS2_QEMU_IAR_GCC/fuzz_harness.c:36:
./../../../../Demo/CORTEX_MPS2_QEMU_IAR_GCC/fuzz_harness.c:211:30: warning: comparison between pointer and integer
  211 |             configASSERT(xSB != NULL);
      |                              ^~
./../../../../Demo/CORTEX_MPS2_QEMU_IAR_GCC/FreeRTOSConfig.h:129:40: note: in definition of macro 'configASSERT'
  129 |     #define configASSERT( x )    if( ( x ) == 0 ) vAssertCalled( __FILE__, __LINE__ );
      |                                        ^
./../../../../Demo/CORTEX_MPS2_QEMU_IAR_GCC/fuzz_harness.c:214:28: error: 'true' undeclared (first use in this function)
  214 |             bInitialized = true;
      |                            ^~~~
./../../../../Demo/CORTEX_MPS2_QEMU_IAR_GCC/fuzz_harness.c:214:28: note: 'true' is defined in header '<stdbool.h>'; did you forget to '#include <stdbool.h>'?
./../../../../Demo/CORTEX_MPS2_QEMU_IAR_GCC/fuzz_harness.c:225:23: warning: implicit declaration of function 'xStreamBufferReset' [-Wimplicit-function-declaration]
  225 |             xResult = xStreamBufferReset(xSB);
      |                       ^~~~~~~~~~~~~~~~~~
./../../../../Demo/CORTEX_MPS2_QEMU_IAR_GCC/fuzz_harness.c:227:26: warning: implicit declaration of function 'xStreamBufferIsEmpty'; did you mean 'traceENTER_xStreamBufferIsEmpty'? [-Wimplicit-function-declaration]
  227 |             configASSERT(xStreamBufferIsEmpty(xSB) == pdTRUE);
      |                          ^~~~~~~~~~~~~~~~~~~~
./../../../../Demo/CORTEX_MPS2_QEMU_IAR_GCC/FreeRTOSConfig.h:129:40: note: in definition of macro 'configASSERT'
  129 |     #define configASSERT( x )    if( ( x ) == 0 ) vAssertCalled( __FILE__, __LINE__ );
      |                                        ^
./../../../../Demo/CORTEX_MPS2_QEMU_IAR_GCC/fuzz_harness.c:231:13: warning: implicit declaration of function 'xStreamBufferSend' [-Wimplicit-function-declaration]
  231 |             xStreamBufferSend(xSB, ucData, ucDataSize, 0);
      |             ^~~~~~~~~~~~~~~~~
./../../../../Demo/CORTEX_MPS2_QEMU_IAR_GCC/fuzz_harness.c: In function 'fuzz_task':
./../../../../Demo/CORTEX_MPS2_QEMU_IAR_GCC/fuzz_harness.c:271:9: warning: passing argument 1 of 'xTaskCreateStatic' from incompatible pointer type [-Wincompatible-pointer-types]
  271 |         test_task,
      |         ^~~~~~~~~
      |         |
      |         void (*)(void)
In file included from ./../../../../Demo/CORTEX_MPS2_QEMU_IAR_GCC/fuzz_harness.c:38:
./../../../../Source/include/task.h:512:52: note: expected 'TaskFunction_t' {aka 'void (*)(void *)'} but argument is of type 'void (*)(void)'
  512 |     TaskHandle_t xTaskCreateStatic( TaskFunction_t pxTaskCode,
      |                                     ~~~~~~~~~~~~~~~^~~~~~~~~~
./../../../../Demo/CORTEX_MPS2_QEMU_IAR_GCC/fuzz_harness.c: At top level:
./../../../../Demo/CORTEX_MPS2_QEMU_IAR_GCC/fuzz_harness.c:160:20: warning: 'fr' defined but not used [-Wunused-variable]
  160 | static FR_Reader_t fr;
      |                    ^~
make: *** [Makefile:149: output/fuzz_harness.o] Error 1
