FUZZ_INPUT @ 0x20000064
main address = 0x33b8
Breakpoint address = 0x34aa
[2025-12-22T12:42:55Z INFO  libafl::events::launcher] spawning on cores: Cores { cmdline: "1", ids: [CoreId(1)] }
[2025-12-22T12:42:55Z INFO  libafl::events::launcher] child spawned with id 1 and bound to core CoreId(1)
[2025-12-22T12:42:55Z INFO  libafl::events::launcher] I am broker!!.
[2025-12-22T12:42:55Z INFO  libafl_bolts::llmp] Successfully setup signal handlers
[2025-12-22T12:42:55Z INFO  libafl::events::launcher] 1499374 PostFork
[2025-12-22T12:42:55Z INFO  libafl_bolts::llmp] Connected to port 1337
[2025-12-22T12:42:55Z INFO  libafl_bolts::llmp] New connection: 127.0.0.1:60684/127.0.0.1:60684
[2025-12-22T12:42:55Z INFO  libafl::events::llmp::restarting] Setting core affinity to CoreId(1)
[2025-12-22T12:42:55Z INFO  libafl::events::llmp::restarting] Spawning next client (id 0)
[2025-12-22T12:42:55Z INFO  libafl::events::llmp::restarting] First run. Let's set it all up
qemu_baremetal: warning: nic lan9118.0 has no peer
Devices = ["timer", "cpu_common", "cpu", "armv7m_nvic", "armv7m_systick", "armv7m", "or-irq", "cmsdk-apb-uart", "cmsdk-apb-uart", "cmsdk-apb-uart", "cmsdk-apb-uart", "cmsdk-apb-uart", "cmsdk-apb-timer", "cmsdk-apb-timer", "cmsdk-apb-dualtimer", "cmsdk-apb-watchdog", "led", "led", "led", "led", "led", "led", "led", "led", "mps2-scc", "led", "led", "mps2-fpgaio", "pl022_ssp", "or-irq", "pl022_ssp", "pl022_ssp", "or-irq", "pl022_ssp", "pl022_ssp", "i2c_bus", "i2c_bus", "i2c_bus", "i2c_bus", "lan9118-phy", "lan9118"]
qemu_baremetal: warning: icount sleep disabled and no active timers
[2025-12-22T12:42:55Z INFO  libafl_qemu::command::lqemu] Fuzzing starts @ PC 33b8
[2025-12-22T12:42:55Z INFO  libafl::state] Loading file /home/zwz/Libafl/fuzzers/full_system/qemu_baremetal/corpus/golden_seed ...
Hello from FreeRTOS fuzz demo!
[TEST_CASE_COMPLETED]
[UserStats   #1]  (GLOBAL) run time: 0s, clients: 1, corpus: 0, objectives: 0, executions: 1, exec/sec: 0.000, edges: 100.000%
                  (CLIENT) corpus: 0, objectives: 0, executions: 1, exec/sec: 0.000, edges: 372/372 (100%)
[Testcase    #1]  (GLOBAL) run time: 0s, clients: 1, corpus: 1, objectives: 0, executions: 1, exec/sec: 0.000, edges: 100.000%
                  (CLIENT) corpus: 1, objectives: 0, executions: 1, exec/sec: 0.000, edges: 372/372 (100%)
We imported 1 inputs from disk.
Hello from FreeRTOS fuzz demo!
[TEST_CASE_COMPLETED]
Hello from FreeRTOS fuzz demo!
[TEST_CASE_COMPLETED]
Hello from FreeRTOS fuzz demo!
[TEST_CASE_COMPLETED]
Hello from FreeRTOS fuzz demo!
[TEST_CASE_COMPLETED]
[UserStats   #1]  (GLOBAL) run time: 0s, clients: 1, corpus: 1, objectives: 0, executions: 4, exec/sec: 0.000, edges: 100.000%
                  (CLIENT) corpus: 1, objectives: 0, executions: 4, exec/sec: 0.000, edges: 372/372 (100%)
[Testcase    #1]  (GLOBAL) run time: 0s, clients: 1, corpus: 2, objectives: 0, executions: 4, exec/sec: 0.000, edges: 100.000%
                  (CLIENT) corpus: 2, objectives: 0, executions: 4, exec/sec: 0.000, edges: 372/372 (100%)
Hello from FreeRTOS fuzz demo!
[TEST_CASE_COMPLETED]
Hello from FreeRTOS fuzz demo!
[TEST_CASE_COMPLETED]
Hello from FreeRTOS fuzz demo!
[TEST_CASE_COMPLETED]
Hello from FreeRTOS fuzz demo!
[TEST_CASE_COMPLETED]
[UserStats   #1]  (GLOBAL) run time: 0s, clients: 1, corpus: 2, objectives: 0, executions: 7, exec/sec: 0.000, edges: 100.000%
                  (CLIENT) corpus: 2, objectives: 0, executions: 7, exec/sec: 0.000, edges: 372/372 (100%)
[Testcase    #1]  (GLOBAL) run time: 0s, clients: 1, corpus: 3, objectives: 0, executions: 7, exec/sec: 0.000, edges: 100.000%
                  (CLIENT) corpus: 3, objectives: 0, executions: 7, exec/sec: 0.000, edges: 372/372 (100%)
[UserStats   #1]  (GLOBAL) run time: 0s, clients: 1, corpus: 3, objectives: 0, executions: 8, exec/sec: 0.000, edges: 100.000%
                  (CLIENT) corpus: 3, objectives: 0, executions: 8, exec/sec: 0.000, edges: 373/373 (100%)
Hello from FreeRTOS fuzz demo!
[TEST_CASE_COMPLET[Testcase    #1]  (GLOBAL) run time: 0s, clients: 1, corpus: 4, objectives: 0, executions: 8, exec/sec: 0.000, edges: 100.000%
ED                  (CLIENT) corpus: 4, objectives: 0, executions: 8, exec/sec: 0.000, edges: 373/373 (100%)
]
[UserStats   #1]  (GLOBAL) run time: 0s, clients: 1, corpus: 4, objectives: 0, executions: 9, exec/sec: 0.000, edges: 100.000%
                  (CLIENT) corpus: 4, objectives: 0, executions: 9, exec/sec: 0.000, edges: 373/373 (100%)
[Testcase    #1]  (GLOBAL) run time: 0s, clients: 1, corpus: 5, objectives: 0, executions: 9, exec/sec: 0.000, edges: 100.000%
                  (CLIENT) corpus: 5, objectives: 0, executions: 9, exec/sec: 0.000, edges: 373/373 (100%)
Hello from FreeRTOS fuzz demo!
[TEST_CASE_COMPLETED]
Hello from FreeRTOS fuzz demo!
[TEST_CASE_COMPLETED]
Hello from FreeRTOS fuzz demo!
[TEST_CASE_COMPLETED]
Hello from FreeRTOS fuzz demo!
[TEST_CASE_COMPLETED]
[UserStats   #1]  (GLOBAL) run time: 0s, clients: 1, corpus: 5, objectives: 0, executions: 10, exec/sec: 0.000, edges: 100.000%
                  (CLIENT) corpus: 5, objectives: 0, executions: 10, exec/sec: 0.000, edges: 373/373 (100%)
[Testcase    #1]  (GLOBAL) run time: 0s, clients: 1, corpus: 6, objectives: 0, executions: 10, exec/sec: 0.000, edges: 100.000%
                  (CLIENT) corpus: 6, objectives: 0, executions: 10, exec/sec: 0.000, edges: 373/373 (100%)
[UserStats   #1]  (GLOBAL) run time: 0s, clients: 1, corpus: 6, objectives: 0, executions: 11, exec/sec: 0.000, edges: 100.000%
                  (CLIENT) corpus: 6, objectives: 0, executions: 11, exec/sec: 0.000, edges: 374/374 (100%)
[Testcase    #1]  (GLOBAL) run time: 0s, clients: 1, corpus: 7, objectives: 0, executions: 11, exec/sec: 0.000, edges: 100.000%
                  (CLIENT) corpus: 7, objectives: 0, executions: 11, exec/sec: 0.000, edges: 374/374 (100%)
[UserStats   #1]  (GLOBAL) run time: 0s, clients: 1, corpus: 7, objectives: 0, executions: 13, exec/sec: 0.000, edges: 100.000%
                  (CLIENT) corpus: 7, objectives: 0, executions: 13, exec/sec: 0.000, edges: 374/374 (100%)
[Testcase    #1]  (GLOBAL) run time: 0s, clients: 1, corpus: 8, objectives: 0, executions: 13, exec/sec: 0.000, edges: 100.000%
                  (CLIENT) corpus: 8, objectives: 0, executions: 13, exec/sec: 0.000, edges: 374/374 (100%)
[UserStats   #1]  (GLOBAL) run time: 0s, clients: 1, corpus: 8, objectives: 0, executions: 14, exec/sec: 0.000, edges: 100.000%
                  (CLIENT) corpus: 8, objectives: 0, executions: 14, exec/sec: 0.000, edges: 378/378 (100%)
[Testcase    #1]  (GLOBAL) run time: 0s, clients: 1, corpus: 9, objectives: 0, executions: 14, exec/sec: 0.000, edges: 100.000%
                  (CLIENT) corpus: 9, objectives: 0, executions: 14, exec/sec: 0.000, edges: 378/378 (100%)
Hello from FreeRTOS fuzz demo!
[TEST_CASE_COMPLETED]
Hello from FreeRTOS fuzz demo!
[TEST_CASE_COMPLETED]
Hello from FreeRTOS fuzz demo!
[TEST_CASE_COMPLETED]
Hello from FreeRTOS fuzz demo!
[TEST_CASE_COMPLETED]
Hello from FreeRTOS fuzz demo!
[UserStats   #1]  (GLOBAL) run time: 0s, clients: 1, corpus: 9, objectives: 0, executions: 15, exec/sec: 0.000, edges: 100.000%
                  (CLIENT) corpus: 9, objectives: 0, executions: 15, exec/sec: 0.000, edges: 378/378 (100%)
[TEST_CASE_COMPLETED]
[Testcase    #1]  (GLOBAL) run time: 0s, clients: 1, corpus: 10, objectives: 0, executions: 15, exec/sec: 0.000, edges: 100.000%
                  (CLIENT) corpus: 10, objectives: 0, executions: 15, exec/sec: 0.000, edges: 378/378 (100%)
[UserStats   #1]  (GLOBAL) run time: 0s, clients: 1, corpus: 10, objectives: 0, executions: 17, exec/sec: 0.000, edges: 100.000%
                  (CLIENT) corpus: 10, objectives: 0, executions: 17, exec/sec: 0.000, edges: 378/378 (100%)
[Testcase    #1]  (GLOBAL) run time: 0s, clients: 1, corpus: 11, objectives: 0, executions: 17, exec/sec: 0.000, edges: 100.000%
                  (CLIENT) corpus: 11, objectives: 0, executions: 17, exec/sec: 0.000, edges: 378/378 (100%)
[UserStats   #1]  (GLOBAL) run time: 0s, clients: 1, corpus: 11, objectives: 0, executions: 18, exec/sec: 0.000, edges: 100.000%
                  (CLIENT) corpus: 11, objectives: 0, executions: 18, exec/sec: 0.000, edges: 378/378 (100%)
[Testcase    #1]  (GLOBAL) run time: 0s, clients: 1, corpus: 12, objectives: 0, executions: 18, exec/sec: 0.000, edges: 100.000%
                  (CLIENT) corpus: 12, objectives: 0, executions: 18, exec/sec: 0.000, edges: 378/378 (100%)
Hello from FreeRTOS fuzz demo!
[TEST_CASE_COMPLETED]
Hello from FreeRTOS fuzz demo!
[TEST_CASE_COMPLETED]
Hello from FreeRTOS fuzz demo!
[TEST_CASE_COMPLETED]
Hello from FreeRTOS fuzz demo!
[TEST_CASE_COMPLETED]
[UserStats   #1]  (GLOBAL) run time: 0s, clients: 1, corpus: 12, objectives: 0, executions: 20, exec/sec: 0.000, edges: 100.000%
                  (CLIENT) corpus: 12, objectives: 0, executions: 20, exec/sec: 0.000, edges: 379/379 (100%)
[Testcase    #1]  (GLOBAL) run time: 0s, clients: 1, corpus: 13, objectives: 0, executions: 20, exec/sec: 0.000, edges: 100.000%
                  (CLIENT) corpus: 13, objectives: 0, executions: 20, exec/sec: 0.000, edges: 379/379 (100%)
[UserStats   #1]  (GLOBAL) run time: 0s, clients: 1, corpus: 13, objectives: 0, executions: 23, exec/sec: 0.000, edges: 100.000%
                  (CLIENT) corpus: 13, objectives: 0, executions: 23, exec/sec: 0.000, edges: 379/379 (100%)
Hello from FreeRTOS fuzz demo!
[Testcase    #1]  (GLOBAL) run time: 0s, clients: 1, corpus: 14, objectives: 0, executions: 23, exec/sec: 0.000, edges: 100.000%
                  (CLIENT) corpus: 14, objectives: 0, executions: 23, exec/sec: 0.000, edges: 379/379 (100%)
[TEST_CASE_COMPLETED]
Hello from FreeRTOS fuzz demo!
[TEST_CASE_COMPLETED]
Hello from FreeRTOS fuzz demo!
[TEST_CASE_COMPLETED]
Hello from FreeRTOS fuzz demo!
[TEST_CASE_COMPLETED]
Hello from FreeRTOS fuzz demo!
[TEST_CASE_COMPLETED]
Hello from FreeRTOS fuzz demo!
[TEST_CASE[UserStats   #1]  (GLOBAL) run time: 0s, clients: 1, corpus: 14, objectives: 0, executions: 27, exec/sec: 0.000, edges: 100.000%
_C                  (CLIENT) corpus: 14, objectives: 0, executions: 27, exec/sec: 0.000, edges: 380/380 (100%)
OMPLETED]
[Testcase    #1]  (GLOBAL) run time: 0s, clients: 1, corpus: 15, objectives: 0, executions: 27, exec/sec: 0.000, edges: 100.000%
                  (CLIENT) corpus: 15, objectives: 0, executions: 27, exec/sec: 0.000, edges: 380/380 (100%)
[UserStats   #1]  (GLOBAL) run time: 0s, clients: 1, corpus: 15, objectives: 0, executions: 28, exec/sec: 0.000, edges: 100.000%
                  (CLIENT) corpus: 15, objectives: 0, executions: 28, exec/sec: 0.000, edges: 380/380 (100%)
[Testcase    #1]  (GLOBAL) run time: 0s, clients: 1, corpus: 16, objectives: 0, executions: 28, exec/sec: 0.000, edges: 100.000%
                  (CLIENT) corpus: 16, objectives: 0, executions: 28, exec/sec: 0.000, edges: 380/380 (100%)
Hello from FreeRTOS fuzz demo!
[TEST_CASE_COMPLETED]
Hello from FreeRTOS fuzz demo!
[TEST_CASE_COMPLETED]
Hello from FreeRTOS fuzz demo!
[UserStats   #1]  (GLOBAL) run time: 0s, clients: 1, corpus: 16, objectives: 0, executions: 29, exec/sec: 0.000, edges: 100.000%
                  (CLIENT) corpus: 16, objectives: 0, executions: 29, exec/sec: 0.000, edges: 381/381 (100%)
[TEST_CASE_COMPLETED]
[Testcase    #1]  (GLOBAL) run time: 0s, clients: 1, corpus: 17, objectives: 0, executions: 29, exec/sec: 0.000, edges: 100.000%
                  (CLIENT) corpus: 17, objectives: 0, executions: 29, exec/sec: 0.000, edges: 381/381 (100%)
Hello from FreeRTOS fuzz demo!
[TEST_CASE_COMPLETED]
Hello from FreeRTOS fuzz demo!
[TEST_CASE_COMPLETED]
Hello from FreeRTOS fuzz demo!
[TEST_CASE_COMPLETED]
Hello from FreeRTOS fuzz demo!
[TEST_CASE_COMPLETED]
Hello from FreeRTOS fuzz demo!
[TEST_CASE_COMPLETED]
Hello from FreeRTOS fuzz demo!
[TEST_CASE_COMPLETED]
[UserStats   #1]  (GLOBAL) run time: 0s, clients: 1, corpus: 17, objectives: 0, executions: 32, exec/sec: 0.000, edges: 100.000%
                  (CLIENT) corpus: 17, objectives: 0, executions: 32, exec/sec: 0.000, edges: 382/382 (100%)
[Testcase    #1]  (GLOBAL) run time: 0s, clients: 1, corpus: 18, objectives: 0, executions: 32, exec/sec: 0.000, edges: 100.000%
                  (CLIENT) corpus: 18, objectives: 0, executions: 32, exec/sec: 0.000, edges: 382/382 (100%)
[UserStats   #1]  (GLOBAL) run time: 0s, clients: 1, corpus: 18, objectives: 0, executions: 33, exec/sec: 0.000, edges: 100.000%
                  (CLIENT) corpus: 18, objectives: 0, executions: 33, exec/sec: 0.000, edges: 383/383 (100%)
Hello from FreeRTOS fuzz demo!
[Testcase    #1]  (GLOBAL) run time: 0s, clients: 1, corpus: 19, objectives: 0, executions: 33, exec/sec: 0.000, edges: 100.000%
                  (CLIENT) corpus: 19, objectives: 0, executions: 33, exec/sec: 0.000, edges: 383/383 (100%)
[TEST_CASE_COMPLETED]
Hello from FreeRTOS fuzz demo!
[TEST_CASE_COMPLETED]
Hello from FreeRTOS fuzz demo!
[TEST_CASE_COMPLETED]
Hello from FreeRTOS fuzz demo!
[TEST_CASE_COMPLETED]
Hello from FreeRTOS fuzz demo!
[TEST_CASE_COMPLETED]
Hello from FreeRTOS fuzz demo!
[TEST_CASE_COMPLETED]
Hello from FreeRTOS fuzz demo!
[TEST_CASE_COMPLETED]
Hello from FreeRTOS fuzz demo!
[TEST_CASE_COMPLETED]
[UserStats   #1]  (GLOBAL) run time: 0s, clients: 1, corpus: 19, objectives: 0, executions: 43, exec/sec: 0.000, edges: 100.000%, stability: 100.000%
                  (CLIENT) corpus: 19, objectives: 0, executions: 43, exec/sec: 0.000, edges: 383/383 (100%), stability: 383/383 (100%)
Hello from FreeRTOS fuzz demo!
[TEST_CASE_COMPLETED]
Hello from FreeRTOS fuzz demo!
[TEST_CASE_COMPLETED]
Hello from FreeRTOS fuzz demo!
[TEST_CASE_COMPLETED]
Hello from FreeRTOS fuzz demo!
[TEST_CASE_COMPLETED]
Hello from FreeRTOS fuzz demo!
[TEST_CASE_COMPLETED]
Hello from FreeRTOS fuzz demo!
[TEST_CASE_COMPLETED]
[UserStats   #1]  (GLOBAL) run time: 0s, clients: 1, corpus: 19, objectives: 0, executions: 47, exec/sec: 0.000, edges: 100.000%, stability: 100.000%
                  (CLIENT) corpus: 19, objectives: 0, executions: 47, exec/sec: 0.000, edges: 383/383 (100%), stability: 383/383 (100%)
[Testcase    #1]  (GLOBAL) run time: 0s, clients: 1, corpus: 20, objectives: 0, executions: 47, exec/sec: 0.000, edges: 100.000%, stability: 100.000%
                  (CLIENT) corpus: 20, objectives: 0, executions: 47, exec/sec: 0.000, edges: 383/383 (100%), stability: 383/383 (100%)
[UserStats   #1]  (GLOBAL) run time: 0s, clients: 1, corpus: 20, objectives: 0, executions: 48, exec/sec: 0.000, edges: 100.000%, stability: 100.000%
                  (CLIENT) corpus: 20, objectives: 0, executions: 48, exec/sec: 0.000, edges: 384/384 (100%), stability: 383/383 (100%)
[Testcase    #1]  (GLOBAL) run time: 0s, clients: 1, corpus: 21, objectives: 0, executions: 48, exec/sec: 0.000, edges: 100.000%, stability: 100.000%
                  (CLIENT) corpus: 21, objectives: 0, executions: 48, exec/sec: 0.000, edges: 384/384 (100%), stability: 383/383 (100%)
[UserStats   #1]  (GLOBAL) run time: 0s, clients: 1, corpus: 21, objectives: 0, executions: 50, exec/sec: 0.000, edges: 100.000%, stability: 100.000%
                  (CLIENT) corpus: 21, objectives: 0, executions: 50, exec/sec: 0.000, edges: 385/385 (100%), stability: 383/383 (100%)
Hello from FreeRTOS fuzz demo!
[TE[Testcase    #1]  (GLOBAL) run time: 0s, clients: 1, corpus: 22, objectives: 0, executions: 50, exec/sec: 0.000, edges: 100.000%, stability: 100.000%
ST                  (CLIENT) corpus: 22, objectives: 0, executions: 50, exec/sec: 0.000, edges: 385/385 (100%), stability: 383/383 (100%)
_CASE_COMPLETED]
[UserStats   #1]  (GLOBAL) run time: 0s, clients: 1, corpus: 22, objectives: 0, executions: 52, exec/sec: 0.000, edges: 100.000%, stability: 100.000%
                  (CLIENT) corpus: 22, objectives: 0, executions: 52, exec/sec: 0.000, edges: 386/386 (100%), stability: 383/383 (100%)
[Testcase    #1]  (GLOBAL) run time: 0s, clients: 1, corpus: 23, objectives: 0, executions: 52, exec/sec: 0.000, edges: 100.000%, stability: 100.000%
                  (CLIENT) corpus: 23, objectives: 0, executions: 52, exec/sec: 0.000, edges: 386/386 (100%), stability: 383/383 (100%)
Hello from FreeRTOS fuzz demo!
[TEST_CASE_COMPLETED]
Hello from FreeRTOS fuzz demo!
[TEST_CASE_COMPLETED]
Hello from FreeRTOS fuzz demo!
[TEST_CASE_COMPLETED]
Hello from FreeRTOS fuzz demo!
[TEST_CASE_COMPLETED]
Hello from FreeRTOS fuzz demo!
[TEST_CASE_COMPLETED]
Hello from FreeRTOS fuzz demo!
[TEST_CASE_COMPLETED]
Hello from FreeRTOS fuzz demo!
[TEST_CASE_COMPLETED]
Hello from FreeRTOS fuzz demo!
[TEST_CASE_COMPLETED]
Hello from FreeRTOS fuzz demo!
[UserStats   #1]  (GLOBAL) run time: 0s, clients: 1, corpus: 23, objectives: 0, executions: 59, exec/sec: 0.000, edges: 100.000%, stability: 100.000%
                  (CLIENT) corpus: 23, objectives: 0, executions: 59, exec/sec: 0.000, edges: 387/387 (100%), stability: 383/383 (100%)
[TEST_CASE_COMPLETED]
[Testcase    #1]  (GLOBAL) run time: 0s, clients: 1, corpus: 24, objectives: 0, executions: 59, exec/sec: 0.000, edges: 100.000%, stability: 100.000%
                  (CLIENT) corpus: 24, objectives: 0, executions: 59, exec/sec: 0.000, edges: 387/387 (100%), stability: 383/383 (100%)
Hello from FreeRTOS fuzz demo!
[TEST_CASE_COMPLETED]
Hello from FreeRTOS fuzz demo!
[TEST_CASE_COMPLETED]
Hello from FreeRTOS fuzz demo!
[TEST_CASE_COMPLETED]
Hello from FreeRTOS fuzz demo!
[TEST_CASE_COMPLETED]
Hello from FreeRTOS fuzz demo!
[TEST_CASE_COMPLETED]
[UserStats   #1]  (GLOBAL) run time: 0s, clients: 1, corpus: 24, objectives: 0, executions: 62, exec/sec: 0.000, edges: 100.000%, stability: 100.000%
                  (CLIENT) corpus: 24, objectives: 0, executions: 62, exec/sec: 0.000, edges: 388/388 (100%), stability: 383/383 (100%)
[Testcase    #1]  (GLOBAL) run time: 0s, clients: 1, corpus: 25, objectives: 0, executions: 62, exec/sec: 0.000, edges: 100.000%, stability: 100.000%
                  (CLIENT) corpus: 25, objectives: 0, executions: 62, exec/sec: 0.000, edges: 388/388 (100%), stability: 383/383 (100%)
[UserStats   #1]  (GLOBAL) run time: 0s, clients: 1, corpus: 25, objectives: 0, executions: 63, exec/sec: 0.000, edges: 100.000%, stability: 100.000%
                  (CLIENT) corpus: 25, objectives: 0, executions: 63, exec/sec: 0.000, edges: 388/388 (100%), stability: 383/383 (100%)
[Testcase    #1]  (GLOBAL) run time: 0s, clients: 1, corpus: 26, objectives: 0, executions: 63, exec/sec: 0.000, edges: 100.000%, stability: 100.000%
                  (CLIENT) corpus: 26, objectives: 0, executions: 63, exec/sec: 0.000, edges: 388/388 (100%), stability: 383/383 (100%)
[UserStats   #1]  (GLOBAL) run time: 0s, clients: 1, corpus: 26, objectives: 0, executions: 65, exec/sec: 0.000, edges: 100.000%, stability: 100.000%
                  (CLIENT) corpus: 26, objectives: 0, executions: 65, exec/sec: 0.000, edges: 388/388 (100%), stability: 383/383 (100%)
Hello from FreeRTOS fuzz demo!
[Testcase    #1]  (GLOBAL) run time: 0s, clients: 1, corpus: 27, objectives: 0, executions: 65, exec/sec: 0.000, edges: 100.000%, stability: 100.000%
                  (CLIENT) corpus: 27, objectives: 0, executions: 65, exec/sec: 0.000, edges: 388/388 (100%), stability: 383/383 (100%)
[TEST_CASE_COMPLETED]
Hello from FreeRTOS fuzz demo!
[TEST_CASE_COMPLETED]
Hello from FreeRTOS fuzz demo!
[TEST_CASE_COMPLETED]
Hello from FreeRTOS fuzz demo!
[TEST_CASE_COMPLETED]
Hello from FreeRTOS fuzz demo!
[TEST_CASE_COMPLETED]
Hello from FreeRTOS fuzz demo!
[TEST_CASE_COMPLETED]
Hello from FreeRTOS fuzz demo!
[TEST_CASE_COMPLETED]
Hello from FreeRTOS fuzz demo!
[TEST_CASE_COMPLETED]
Hello from FreeRTOS fuzz demo!
[TEST_CASE_COMPLETED]
[UserStats   #1]  (GLOBAL) run time: 0s, clients: 1, corpus: 27, objectives: 0, executions: 74, exec/sec: 0.000, edges: 100.000%, stability: 100.000%
                  (CLIENT) corpus: 27, objectives: 0, executions: 74, exec/sec: 0.000, edges: 389/389 (100%), stability: 383/383 (100%)
[Testcase    #1]  (GLOBAL) run time: 0s, clients: 1, corpus: 28, objectives: 0, executions: 74, exec/sec: 0.000, edges: 100.000%, stability: 100.000%
                  (CLIENT) corpus: 28, objectives: 0, executions: 74, exec/sec: 0.000, edges: 389/389 (100%), stability: 383/383 (100%)
Hello from FreeRTOS fuzz demo!
[TEST_CASE_COMPLETED]
Hello from FreeRTOS fuzz demo!
[TEST_CASE_COMPLETED]
Hello from FreeRTOS fuzz demo!
[TEST_CASE_COMPLETED]
Hello from FreeRTOS fuzz demo!
[TEST_CASE_COMPLETED]
Hello from FreeRTOS fuzz demo!
[TEST_CASE_COMPLETED]
Hello from FreeRTOS fuzz demo!
[TEST_CASE_COMPLET[UserStats   #1]  (GLOBAL) run time: 0s, clients: 1, corpus: 28, objectives: 0, executions: 76, exec/sec: 0.000, edges: 100.000%, stability: 100.000%
ED                  (CLIENT) corpus: 28, objectives: 0, executions: 76, exec/sec: 0.000, edges: 390/390 (100%), stability: 383/383 (100%)
]
[Testcase    #1]  (GLOBAL) run time: 0s, clients: 1, corpus: 29, objectives: 0, executions: 76, exec/sec: 0.000, edges: 100.000%, stability: 100.000%
                  (CLIENT) corpus: 29, objectives: 0, executions: 76, exec/sec: 0.000, edges: 390/390 (100%), stability: 383/383 (100%)
[UserStats   #1]  (GLOBAL) run time: 0s, clients: 1, corpus: 29, objectives: 0, executions: 78, exec/sec: 0.000, edges: 100.000%, stability: 100.000%
                  (CLIENT) corpus: 29, objectives: 0, executions: 78, exec/sec: 0.000, edges: 391/391 (100%), stability: 383/383 (100%)
[Testcase    #1]  (GLOBAL) run time: 0s, clients: 1, corpus: 30, objectives: 0, executions: 78, exec/sec: 0.000, edges: 100.000%, stability: 100.000%
                  (CLIENT) corpus: 30, objectives: 0, executions: 78, exec/sec: 0.000, edges: 391/391 (100%), stability: 383/383 (100%)
[UserStats   #1]  (GLOBAL) run time: 0s, clients: 1, corpus: 30, objectives: 0, executions: 79, exec/sec: 0.000, edges: 100.000%, stability: 100.000%
                  (CLIENT) corpus: 30, objectives: 0, executions: 79, exec/sec: 0.000, edges: 392/392 (100%), stability: 383/383 (100%)
[Testcase    #1]  (GLOBAL) run time: 0s, clients: 1, corpus: 31, objectives: 0, executions: 79, exec/sec: 0.000, edges: 100.000%, stability: 100.000%
                  (CLIENT) corpus: 31, objectives: 0, executions: 79, exec/sec: 0.000, edges: 392/392 (100%), stability: 383/383 (100%)
Hello from FreeRTOS fuzz demo!
[TEST_CASE_COMPLETED]
Hello from FreeRTOS fuzz demo!
[TEST_CASE_COMPLETED]
Hello from FreeRTOS fuzz demo!
[TEST_CASE_COMPLETED]
Hello from FreeRTOS fuzz demo!
[TEST_CASE_COMPLETED]
Hello from FreeRTOS fuzz demo!
[TEST_CASE_COMPLETED]
Hello from FreeRTOS fuzz demo!
[TEST_CASE_COMPLETED]
Hello from FreeRTOS fuzz demo!
[TEST_CASE_COMPLETED]
[UserStats   #1]  (GLOBAL) run time: 0s, clients: 1, corpus: 31, objectives: 0, executions: 88, exec/sec: 0.000, edges: 100.000%, stability: 100.000%
                  (CLIENT) corpus: 31, objectives: 0, executions: 88, exec/sec: 0.000, edges: 393/393 (100%), stability: 383/383 (100%)
[Testcase    #1]  (GLOBAL) run time: 0s, clients: 1, corpus: 32, objectives: 0, executions: 88, exec/sec: 0.000, edges: 100.000%, stability: 100.000%
                  (CLIENT) corpus: 32, objectives: 0, executions: 88, exec/sec: 0.000, edges: 393/393 (100%), stability: 383/383 (100%)
[UserStats   #1]  (GLOBAL) run time: 0s, clients: 1, corpus: 32, objectives: 0, executions: 89, exec/sec: 0.000, edges: 100.000%, stability: 100.000%
                  (CLIENT) corpus: 32, objectives: 0, executions: 89, exec/sec: 0.000, edges: 437/437 (100%), stability: 383/383 (100%)
[Testcase    #1]  (GLOBAL) run time: 0s, clients: 1, corpus: 33, objectives: 0, executions: 89, exec/sec: 0.000, edges: 100.000%, stability: 100.000%
                  (CLIENT) corpus: 33, objectives: 0, executions: 89, exec/sec: 0.000, edges: 437/437 (100%), stability: 383/383 (100%)
Hello from FreeRTOS fuzz demo!
[TEST_CASE_COMPLETED]
Hello from FreeRTOS fuzz demo!
[TEST_CASE_COMPLETED]
Hello from FreeRTOS fuzz demo!
[TEST_CASE_COMPLETED]
Hello from FreeRTOS fuzz demo!
[TEST_CASE_COMPLETED]
[UserStats   #1]  (GLOBAL) run time: 0s, clients: 1, corpus: 33, objectives: 0, executions: 90, exec/sec: 0.000, edges: 100.000%, stability: 100.000%
                  (CLIENT) corpus: 33, objectives: 0, executions: 90, exec/sec: 0.000, edges: 438/438 (100%), stability: 383/383 (100%)
[Testcase    #1]  (GLOBAL) run time: 0s, clients: 1, corpus: 34, objectives: 0, executions: 90, exec/sec: 0.000, edges: 100.000%, stability: 100.000%
                  (CLIENT) corpus: 34, objectives: 0, executions: 90, exec/sec: 0.000, edges: 438/438 (100%), stability: 383/383 (100%)
Hello from FreeR[UserStats   #1]  (GLOBAL) run time: 0s, clients: 1, corpus: 34, objectives: 0, executions: 93, exec/sec: 0.000, edges: 100.000%, stability: 100.000%
T                  (CLIENT) corpus: 34, objectives: 0, executions: 93, exec/sec: 0.000, edges: 439/439 (100%), stability: 383/383 (100%)
OS fuzz demo!
[Testcase    #1]  (GLOBAL) run time: 0s, clients: 1, corpus: 35, objectives: 0, executions: 93, exec/sec: 0.000, edges: 100.000%, stability: 100.000%
                  (CLIENT) corpus: 35, objectives: 0, executions: 93, exec/sec: 0.000, edges: 439/439 (100%), stability: 383/383 (100%)
[TEST_CASE_COMPLETED]
Hello from FreeRTOS fuzz demo!
[TEST_CASE_COMPLETED]
Hello from FreeRTOS fuzz demo!
[TEST_CASE_COMPLETED]
Hello from FreeRTOS fuzz demo!
[TEST_CASE_COMPLETED]
[UserStats   #1]  (GLOBAL) run time: 0s, clients: 1, corpus: 35, objectives: 0, executions: 94, exec/sec: 0.000, edges: 100.000%, stability: 100.000%
                  (CLIENT) corpus: 35, objectives: 0, executions: 94, exec/sec: 0.000, edges: 441/441 (100%), stability: 383/383 (100%)
Hello from FreeRTOS fuzz demo!
[Testcase    #1]  (GLOBAL) run time: 0s, clients: 1, corpus: 36, objectives: 0, executions: 94, exec/sec: 0.000, edges: 100.000%, stability: 100.000%
                  (CLIENT) corpus: 36, objectives: 0, executions: 94, exec/sec: 0.000, edges: 441/441 (100%), stability: 383/383 (100%)
[UserStats   #1]  (GLOBAL) run time: 0s, clients: 1, corpus: 36, objectives: 0, executions: 95, exec/sec: 0.000, edges: 100.000%, stability: 100.000%
                  (CLIENT) corpus: 36, objectives: 0, executions: 95, exec/sec: 0.000, edges: 442/442 (100%), stability: 383/383 (100%)
[TEST_CASE_COMPLETED]
[Testcase    #1]  (GLOBAL) run time: 0s, clients: 1, corpus: 37, objectives: 0, executions: 95, exec/sec: 0.000, edges: 100.000%, stability: 100.000%
                  (CLIENT) corpus: 37, objectives: 0, executions: 95, exec/sec: 0.000, edges: 442/442 (100%), stability: 383/383 (100%)
[UserStats   #1]  (GLOBAL) run time: 0s, clients: 1, corpus: 37, objectives: 0, executions: 97, exec/sec: 0.000, edges: 100.000%, stability: 100.000%
                  (CLIENT) corpus: 37, objectives: 0, executions: 97, exec/sec: 0.000, edges: 443/443 (100%), stability: 383/383 (100%)
[Testcase    #1]  (GLOBAL) run time: 0s, clients: 1, corpus: 38, objectives: 0, executions: 97, exec/sec: 0.000, edges: 100.000%, stability: 100.000%
                  (CLIENT) corpus: 38, objectives: 0, executions: 97, exec/sec: 0.000, edges: 443/443 (100%), stability: 383/383 (100%)
[UserStats   #1]  (GLOBAL) run time: 0s, clients: 1, corpus: 38, objectives: 0, executions: 98, exec/sec: 0.000, edges: 100.000%, stability: 100.000%
                  (CLIENT) corpus: 38, objectives: 0, executions: 98, exec/sec: 0.000, edges: 443/443 (100%), stability: 383/383 (100%)
Hello from FreeRTOS fuzz demo!
[Testcase    #1]  (GLOBAL) run time: 0s, clients: 1, corpus: 39, objectives: 0, executions: 98, exec/sec: 0.000, edges: 100.000%, stability: 100.000%
                  (CLIENT) corpus: 39, objectives: 0, executions: 98, exec/sec: 0.000, edges: 443/443 (100%), stability: 383/383 (100%)
[TEST_CASE_COMPLETED]
Hello from FreeRTOS fuzz demo!
[TEST_CASE_COMPLETED]
Hello from FreeRTOS fuzz demo!
[TEST_CASE_COMPLETED]
Hello from FreeRTOS fuzz demo!
[TEST_CASE_COMPLETED]
Hello from FreeRTOS fuzz demo!
[TEST_CASE_COMPLETED]
Hello from FreeRTOS fuzz demo!
[TEST_CASE_COMPLETED]
Hello from FreeRTOS fuzz demo!
[TEST_CASE_COMPLETED]
Hello from FreeRTOS fuzz demo!
[TEST_CASE_COMPLETED]
Hello from FreeRTOS fuzz demo!
[TEST_CASE_COMPLETED]
Hello from[UserStats   #1]  (GLOBAL) run time: 0s, clients: 1, corpus: 39, objectives: 0, executions: 107, exec/sec: 0.000, edges: 100.000%, stability: 100.000%
 Fr                  (CLIENT) corpus: 39, objectives: 0, executions: 107, exec/sec: 0.000, edges: 443/443 (100%), stability: 383/383 (100%)
eeRTOS fuzz demo!
[TEST_CASE_COMPLETED]
[Testcase    #1]  (GLOBAL) run time: 0s, clients: 1, corpus: 40, objectives: 0, executions: 107, exec/sec: 0.000, edges: 100.000%, stability: 100.000%
                  (CLIENT) corpus: 40, objectives: 0, executions: 107, exec/sec: 0.000, edges: 443/443 (100%), stability: 383/383 (100%)
Hello from FreeRTOS fuzz demo!
[TEST_CASE_COMPLETED]
Hello from FreeRTOS fuzz demo!
[TEST_CASE_COMPLETED]
Hello from FreeRTOS fuzz demo!
[TEST_CASE_COMPLETED]
Hello from FreeRTOS fuzz demo!
[TEST_CASE_COMPLETED]
Hello from FreeRTOS fuzz demo!
[TEST_CASE_COMPLETED]
[UserStats   #1]  (GLOBAL) run time: 0s, clients: 1, corpus: 40, objectives: 0, executions: 111, exec/sec: 0.000, edges: 100.000%, stability: 100.000%
                  (CLIENT) corpus: 40, objectives: 0, executions: 111, exec/sec: 0.000, edges: 444/444 (100%), stability: 383/383 (100%)
[Testcase    #1]  (GLOBAL) run time: 0s, clients: 1, corpus: 41, objectives: 0, executions: 111, exec/sec: 0.000, edges: 100.000%, stability: 100.000%
                  (CLIENT) corpus: 41, objectives: 0, executions: 111, exec/sec: 0.000, edges: 444/444 (100%), stability: 383/383 (100%)
Hello from FreeRTOS fuzz demo!
[TEST_CASE_COMPLETED]
Hello from FreeRTOS fuzz demo!
[TEST_CASE_COMPLETED]
Hello from FreeRTOS fuzz demo!
[TEST_CASE_COMPLETED]
Hello from FreeRTOS fuzz demo!
[TEST_CASE_COMPLETED]
Hello from FreeRTOS fuzz demo!
[TEST_CASE_COMPLETED]
[UserStats   #1]  (GLOBAL) run time: 0s, clients: 1, corpus: 41, objectives: 0, executions: 116, exec/sec: 0.000, edges: 100.000%, stability: 100.000%
                  (CLIENT) corpus: 41, objectives: 0, executions: 116, exec/sec: 0.000, edges: 445/445 (100%), stability: 383/383 (100%)
[Testcase    #1]  (GLOBAL) run time: 0s, clients: 1, corpus: 42, objectives: 0, executions: 116, exec/sec: 0.000, edges: 100.000%, stability: 100.000%
                  (CLIENT) corpus: 42, objectives: 0, executions: 116, exec/sec: 0.000, edges: 445/445 (100%), stability: 383/383 (100%)
Hello from FreeRTOS fuzz demo!
[TEST_CASE_COMPLETED]
Hello from FreeRTOS fuzz demo!
[TEST_CASE_COMPLETED]
Hello from FreeRTOS fuzz demo!
[TEST_CASE_COMPLETED]
Hello from FreeRTOS fuzz demo!
[TEST_CASE_COMPLETED]
Hello from FreeRTOS fuzz demo!
[UserStats   #1]  (GLOBAL) run time: 0s, clients: 1, corpus: 42, objectives: 0, executions: 119, exec/sec: 0.000, edges: 100.000%, stability: 100.000%
                  (CLIENT) corpus: 42, objectives: 0, executions: 119, exec/sec: 0.000, edges: 446/446 (100%), stability: 383/383 (100%)
[TEST_CASE_COMPLETED]
[Testcase    #1]  (GLOBAL) run time: 0s, clients: 1, corpus: 43, objectives: 0, executions: 119, exec/sec: 0.000, edges: 100.000%, stability: 100.000%
                  (CLIENT) corpus: 43, objectives: 0, executions: 119, exec/sec: 0.000, edges: 446/446 (100%), stability: 383/383 (100%)
[UserStats   #1]  (GLOBAL) run time: 0s, clients: 1, corpus: 43, objectives: 0, executions: 120, exec/sec: 0.000, edges: 100.000%, stability: 100.000%
                  (CLIENT) corpus: 43, objectives: 0, executions: 120, exec/sec: 0.000, edges: 447/447 (100%), stability: 383/383 (100%)
[Testcase    #1]  (GLOBAL) run time: 0s, clients: 1, corpus: 44, objectives: 0, executions: 120, exec/sec: 0.000, edges: 100.000%, stability: 100.000%
                  (CLIENT) corpus: 44, objectives: 0, executions: 120, exec/sec: 0.000, edges: 447/447 (100%), stability: 383/383 (100%)
Hello from FreeRTOS fuzz demo!
[TEST_CASE_COMPLETED]
Hello from FreeRTOS fuzz demo!
[TEST_CASE_COMPLETED]
Hello from FreeRTOS fuzz demo!
[TEST_CASE_COMPLETED]
Hello from FreeRTOS fuzz demo!
[TEST_CASE_COMPLETED]
Hello from FreeRTOS fuzz demo!
[TEST_CASE_COMPLETED]
Hello from FreeRTOS fuzz demo!
[TEST_CASE_COMPLETED]
Hello from FreeRTOS fuzz demo!
[TEST_CASE_COMPLETED]
Hello from FreeRTOS fuzz demo!
[TEST_CASE_COMPLETED]
Hello from FreeRTOS fuzz demo!
[TEST_CASE_COMPLETED]
Hello from FreeRTOS fuzz demo!
[TEST_CASE_COMPLETED]
Hello from FreeRTOS fuzz demo!
[TEST_CASE_COMPLETED]
Hello from FreeRTOS fuzz demo!
[TEST_CASE_COMPLETED]
Hello from FreeRTOS fuzz demo!
[TEST_CASE_COMPLETED]
Hello from FreeRTOS fuzz demo!
[TEST_CASE_COMPLETED]
Hello from FreeRTOS fuzz demo!
[TEST_CASE_COMPLETED]
Hello from FreeRTOS fuzz demo!
[TEST_CASE_COMPLETED]
Hello from FreeRTOS fuzz demo!
[TEST_CASE_COMPLETED]
Hello from FreeRTOS fuzz demo!
[TEST_CASE_COMPLETED]
Hello from FreeRTOS fuzz demo!
[TEST_CASE_COMPLETED]
Hello from FreeRTOS fuzz demo!
[TEST_CASE_COMPLETED]
Hello from FreeRTOS fuzz demo!
[Objective   #1]  (GLOBAL) run time: 3s, clients: 1, corpus: 44, objectives: 1, executions: 144, exec/sec: 42.04, edges: 100.000%, stability: 100.000%
                  (CLIENT) corpus: 44, objectives: 1, executions: 144, exec/sec: 42.04, edges: 447/447 (100%), stability: 383/383 (100%)
[Objective   #1]  (GLOBAL) run time: 6s, clients: 1, corpus: 44, objectives: 2, executions: 145, exec/sec: 22.56, edges: 100.000%, stability: 100.000%
                  (CLIENT) corpus: 44, objectives: 2, executions: 145, exec/sec: 22.56, edges: 447/447 (100%), stability: 383/383 (100%)
[Objective   #1]  (GLOBAL) run time: 9s, clients: 1, corpus: 44, objectives: 3, executions: 146, exec/sec: 15.49, edges: 100.000%, stability: 100.000%
                  (CLIENT) corpus: 44, objectives: 3, executions: 146, exec/sec: 15.49, edges: 447/447 (100%), stability: 383/383 (100%)
[Objective   #1]  (GLOBAL) run time: 12s, clients: 1, corpus: 44, objectives: 4, executions: 147, exec/sec: 11.82, edges: 100.000%, stability: 100.000%
                  (CLIENT) corpus: 44, objectives: 4, executions: 147, exec/sec: 11.82, edges: 447/447 (100%), stability: 383/383 (100%)
[Objective   #1]  (GLOBAL) run time: 15s, clients: 1, corpus: 44, objectives: 5, executions: 148, exec/sec: 9.587, edges: 100.000%, stability: 100.000%
                  (CLIENT) corpus: 44, objectives: 5, executions: 148, exec/sec: 9.587, edges: 447/447 (100%), stability: 383/383 (100%)
[Objective   #1]  (GLOBAL) run time: 18s, clients: 1, corpus: 44, objectives: 6, executions: 149, exec/sec: 8.080, edges: 100.000%, stability: 100.000%
                  (CLIENT) corpus: 44, objectives: 6, executions: 149, exec/sec: 8.080, edges: 447/447 (100%), stability: 383/383 (100%)
[Objective   #1]  (GLOBAL) run time: 21s, clients: 1, corpus: 44, objectives: 7, executions: 150, exec/sec: 6.997, edges: 100.000%, stability: 100.000%
                  (CLIENT) corpus: 44, objectives: 7, executions: 150, exec/sec: 6.997, edges: 447/447 (100%), stability: 383/383 (100%)
[Objective   #1]  (GLOBAL) run time: 24s, clients: 1, corpus: 44, objectives: 8, executions: 151, exec/sec: 6.178, edges: 100.000%, stability: 100.000%
                  (CLIENT) corpus: 44, objectives: 8, executions: 151, exec/sec: 6.178, edges: 447/447 (100%), stability: 383/383 (100%)
[Objective   #1]  (GLOBAL) run time: 27s, clients: 1, corpus: 44, objectives: 9, executions: 152, exec/sec: 5.539, edges: 100.000%, stability: 100.000%
                  (CLIENT) corpus: 44, objectives: 9, executions: 152, exec/sec: 5.539, edges: 447/447 (100%), stability: 383/383 (100%)
[Objective   #1]  (GLOBAL) run time: 30s, clients: 1, corpus: 44, objectives: 10, executions: 153, exec/sec: 5.025, edges: 100.000%, stability: 100.000%
                  (CLIENT) corpus: 44, objectives: 10, executions: 153, exec/sec: 5.025, edges: 447/447 (100%), stability: 383/383 (100%)
[Objective   #1]  (GLOBAL) run time: 33s, clients: 1, corpus: 44, objectives: 11, executions: 154, exec/sec: 4.605, edges: 100.000%, stability: 100.000%
                  (CLIENT) corpus: 44, objectives: 11, executions: 154, exec/sec: 4.605, edges: 447/447 (100%), stability: 383/383 (100%)
[Objective   #1]  (GLOBAL) run time: 36s, clients: 1, corpus: 44, objectives: 12, executions: 155, exec/sec: 4.253, edges: 100.000%, stability: 100.000%
                  (CLIENT) corpus: 44, objectives: 12, executions: 155, exec/sec: 4.253, edges: 447/447 (100%), stability: 383/383 (100%)
[Objective   #1]  (GLOBAL) run time: 39s, clients: 1, corpus: 44, objectives: 13, executions: 156, exec/sec: 3.955, edges: 100.000%, stability: 100.000%
                  (CLIENT) corpus: 44, objectives: 13, executions: 156, exec/sec: 3.955, edges: 447/447 (100%), stability: 383/383 (100%)
[Objective   #1]  (GLOBAL) run time: 42s, clients: 1, corpus: 44, objectives: 14, executions: 157, exec/sec: 3.698, edges: 100.000%, stability: 100.000%
                  (CLIENT) corpus: 44, objectives: 14, executions: 157, exec/sec: 3.698, edges: 447/447 (100%), stability: 383/383 (100%)
[Objective   #1]  (GLOBAL) run time: 45s, clients: 1, corpus: 44, objectives: 15, executions: 158, exec/sec: 3.477, edges: 100.000%, stability: 100.000%
                  (CLIENT) corpus: 44, objectives: 15, executions: 158, exec/sec: 3.477, edges: 447/447 (100%), stability: 383/383 (100%)
[Objective   #1]  (GLOBAL) run time: 48s, clients: 1, corpus: 44, objectives: 16, executions: 159, exec/sec: 3.282, edges: 100.000%, stability: 100.000%
                  (CLIENT) corpus: 44, objectives: 16, executions: 159, exec/sec: 3.282, edges: 447/447 (100%), stability: 383/383 (100%)
[Objective   #1]  (GLOBAL) run time: 51s, clients: 1, corpus: 44, objectives: 17, executions: 160, exec/sec: 3.110, edges: 100.000%, stability: 100.000%
                  (CLIENT) corpus: 44, objectives: 17, executions: 160, exec/sec: 3.110, edges: 447/447 (100%), stability: 383/383 (100%)
[Objective   #1]  (GLOBAL) run time: 54s, clients: 1, corpus: 44, objectives: 18, executions: 161, exec/sec: 2.957, edges: 100.000%, stability: 100.000%
                  (CLIENT) corpus: 44, objectives: 18, executions: 161, exec/sec: 2.957, edges: 447/447 (100%), stability: 383/383 (100%)
[Objective   #1]  (GLOBAL) run time: 57s, clients: 1, corpus: 44, objectives: 19, executions: 162, exec/sec: 2.820, edges: 100.000%, stability: 100.000%
                  (CLIENT) corpus: 44, objectives: 19, executions: 162, exec/sec: 2.820, edges: 447/447 (100%), stability: 383/383 (100%)
[Objective   #1]  (GLOBAL) run time: 1m-0s, clients: 1, corpus: 44, objectives: 20, executions: 163, exec/sec: 2.697, edges: 100.000%, stability: 100.000%
                  (CLIENT) corpus: 44, objectives: 20, executions: 163, exec/sec: 2.697, edges: 447/447 (100%), stability: 383/383 (100%)
[Objective   #1]  (GLOBAL) run time: 1m-3s, clients: 1, corpus: 44, objectives: 21, executions: 164, exec/sec: 2.585, edges: 100.000%, stability: 100.000%
                  (CLIENT) corpus: 44, objectives: 21, executions: 164, exec/sec: 2.585, edges: 447/447 (100%), stability: 383/383 (100%)
[Objective   #1]  (GLOBAL) run time: 1m-6s, clients: 1, corpus: 44, objectives: 22, executions: 165, exec/sec: 2.483, edges: 100.000%, stability: 100.000%
                  (CLIENT) corpus: 44, objectives: 22, executions: 165, exec/sec: 2.483, edges: 447/447 (100%), stability: 383/383 (100%)
[Objective   #1]  (GLOBAL) run time: 1m-9s, clients: 1, corpus: 44, objectives: 23, executions: 166, exec/sec: 2.390, edges: 100.000%, stability: 100.000%
                  (CLIENT) corpus: 44, objectives: 23, executions: 166, exec/sec: 2.390, edges: 447/447 (100%), stability: 383/383 (100%)
[Objective   #1]  (GLOBAL) run time: 1m-12s, clients: 1, corpus: 44, objectives: 24, executions: 167, exec/sec: 2.305, edges: 100.000%, stability: 100.000%
                  (CLIENT) corpus: 44, objectives: 24, executions: 167, exec/sec: 2.305, edges: 447/447 (100%), stability: 383/383 (100%)
[Objective   #1]  (GLOBAL) run time: 1m-15s, clients: 1, corpus: 44, objectives: 25, executions: 168, exec/sec: 2.226, edges: 100.000%, stability: 100.000%
                  (CLIENT) corpus: 44, objectives: 25, executions: 168, exec/sec: 2.226, edges: 447/447 (100%), stability: 383/383 (100%)
[Objective   #1]  (GLOBAL) run time: 1m-18s, clients: 1, corpus: 44, objectives: 26, executions: 169, exec/sec: 2.154, edges: 100.000%, stability: 100.000%
                  (CLIENT) corpus: 44, objectives: 26, executions: 169, exec/sec: 2.154, edges: 447/447 (100%), stability: 383/383 (100%)
[Objective   #1]  (GLOBAL) run time: 1m-21s, clients: 1, corpus: 44, objectives: 27, executions: 170, exec/sec: 2.087, edges: 100.000%, stability: 100.000%
                  (CLIENT) corpus: 44, objectives: 27, executions: 170, exec/sec: 2.087, edges: 447/447 (100%), stability: 383/383 (100%)
[Objective   #1]  (GLOBAL) run time: 1m-24s, clients: 1, corpus: 44, objectives: 28, executions: 171, exec/sec: 2.025, edges: 100.000%, stability: 100.000%
                  (CLIENT) corpus: 44, objectives: 28, executions: 171, exec/sec: 2.025, edges: 447/447 (100%), stability: 383/383 (100%)
[Objective   #1]  (GLOBAL) run time: 1m-27s, clients: 1, corpus: 44, objectives: 29, executions: 172, exec/sec: 1.967, edges: 100.000%, stability: 100.000%
                  (CLIENT) corpus: 44, objectives: 29, executions: 172, exec/sec: 1.967, edges: 447/447 (100%), stability: 383/383 (100%)
[Objective   #1]  (GLOBAL) run time: 1m-30s, clients: 1, corpus: 44, objectives: 30, executions: 173, exec/sec: 1.912, edges: 100.000%, stability: 100.000%
                  (CLIENT) corpus: 44, objectives: 30, executions: 173, exec/sec: 1.912, edges: 447/447 (100%), stability: 383/383 (100%)
[Objective   #1]  (GLOBAL) run time: 1m-33s, clients: 1, corpus: 44, objectives: 31, executions: 174, exec/sec: 1.862, edges: 100.000%, stability: 100.000%
                  (CLIENT) corpus: 44, objectives: 31, executions: 174, exec/sec: 1.862, edges: 447/447 (100%), stability: 383/383 (100%)
[Objective   #1]  (GLOBAL) run time: 1m-36s, clients: 1, corpus: 44, objectives: 32, executions: 175, exec/sec: 1.814, edges: 100.000%, stability: 100.000%
                  (CLIENT) corpus: 44, objectives: 32, executions: 175, exec/sec: 1.814, edges: 447/447 (100%), stability: 383/383 (100%)
[Objective   #1]  (GLOBAL) run time: 1m-39s, clients: 1, corpus: 44, objectives: 33, executions: 176, exec/sec: 1.769, edges: 100.000%, stability: 100.000%
                  (CLIENT) corpus: 44, objectives: 33, executions: 176, exec/sec: 1.769, edges: 447/447 (100%), stability: 383/383 (100%)
[Objective   #1]  (GLOBAL) run time: 1m-42s, clients: 1, corpus: 44, objectives: 34, executions: 177, exec/sec: 1.727, edges: 100.000%, stability: 100.000%
                  (CLIENT) corpus: 44, objectives: 34, executions: 177, exec/sec: 1.727, edges: 447/447 (100%), stability: 383/383 (100%)
[Objective   #1]  (GLOBAL) run time: 1m-45s, clients: 1, corpus: 44, objectives: 35, executions: 178, exec/sec: 1.688, edges: 100.000%, stability: 100.000%
                  (CLIENT) corpus: 44, objectives: 35, executions: 178, exec/sec: 1.688, edges: 447/447 (100%), stability: 383/383 (100%)
[Objective   #1]  (GLOBAL) run time: 1m-48s, clients: 1, corpus: 44, objectives: 36, executions: 179, exec/sec: 1.650, edges: 100.000%, stability: 100.000%
                  (CLIENT) corpus: 44, objectives: 36, executions: 179, exec/sec: 1.650, edges: 447/447 (100%), stability: 383/383 (100%)
[Objective   #1]  (GLOBAL) run time: 1m-51s, clients: 1, corpus: 44, objectives: 37, executions: 180, exec/sec: 1.615, edges: 100.000%, stability: 100.000%
                  (CLIENT) corpus: 44, objectives: 37, executions: 180, exec/sec: 1.615, edges: 447/447 (100%), stability: 383/383 (100%)
[Objective   #1]  (GLOBAL) run time: 1m-54s, clients: 1, corpus: 44, objectives: 38, executions: 181, exec/sec: 1.581, edges: 100.000%, stability: 100.000%
                  (CLIENT) corpus: 44, objectives: 38, executions: 181, exec/sec: 1.581, edges: 447/447 (100%), stability: 383/383 (100%)
[Client Heartbeat #1]  (GLOBAL) run time: 2m-12s, clients: 1, corpus: 44, objectives: 38, executions: 187, exec/sec: 1.412, edges: 100.000%, stability: 100.000%
                       (CLIENT) corpus: 44, objectives: 38, executions: 187, exec/sec: 1.412, edges: 447/447 (100%), stability: 383/383 (100%)
[Objective   #1]  (GLOBAL) run time: 2m-15s, clients: 1, corpus: 44, objectives: 39, executions: 188, exec/sec: 1.388, edges: 100.000%, stability: 100.000%
                  (CLIENT) corpus: 44, objectives: 39, executions: 188, exec/sec: 1.388, edges: 447/447 (100%), stability: 383/383 (100%)
[Objective   #1]  (GLOBAL) run time: 2m-18s, clients: 1, corpus: 44, objectives: 40, executions: 189, exec/sec: 1.365, edges: 100.000%, stability: 100.000%
                  (CLIENT) corpus: 44, objectives: 40, executions: 189, exec/sec: 1.365, edges: 447/447 (100%), stability: 383/383 (100%)
[Objective   #1]  (GLOBAL) run time: 2m-21s, clients: 1, corpus: 44, objectives: 41, executions: 190, exec/sec: 1.343, edges: 100.000%, stability: 100.000%
                  (CLIENT) corpus: 44, objectives: 41, executions: 190, exec/sec: 1.343, edges: 447/447 (100%), stability: 383/383 (100%)
[Objective   #1]  (GLOBAL) run time: 2m-24s, clients: 1, corpus: 44, objectives: 42, executions: 191, exec/sec: 1.322, edges: 100.000%, stability: 100.000%
                  (CLIENT) corpus: 44, objectives: 42, executions: 191, exec/sec: 1.322, edges: 447/447 (100%), stability: 383/383 (100%)
[Objective   #1]  (GLOBAL) run time: 2m-27s, clients: 1, corpus: 44, objectives: 43, executions: 192, exec/sec: 1.302, edges: 100.000%, stability: 100.000%
                  (CLIENT) corpus: 44, objectives: 43, executions: 192, exec/sec: 1.302, edges: 447/447 (100%), stability: 383/383 (100%)
[Objective   #1]  (GLOBAL) run time: 2m-30s, clients: 1, corpus: 44, objectives: 44, executions: 193, exec/sec: 1.283, edges: 100.000%, stability: 100.000%
                  (CLIENT) corpus: 44, objectives: 44, executions: 193, exec/sec: 1.283, edges: 447/447 (100%), stability: 383/383 (100%)
[Objective   #1]  (GLOBAL) run time: 2m-33s, clients: 1, corpus: 44, objectives: 45, executions: 194, exec/sec: 1.264, edges: 100.000%, stability: 100.000%
                  (CLIENT) corpus: 44, objectives: 45, executions: 194, exec/sec: 1.264, edges: 447/447 (100%), stability: 383/383 (100%)
[Objective   #1]  (GLOBAL) run time: 2m-36s, clients: 1, corpus: 44, objectives: 46, executions: 195, exec/sec: 1.246, edges: 100.000%, stability: 100.000%
                  (CLIENT) corpus: 44, objectives: 46, executions: 195, exec/sec: 1.246, edges: 447/447 (100%), stability: 383/383 (100%)
[Objective   #1]  (GLOBAL) run time: 2m-39s, clients: 1, corpus: 44, objectives: 47, executions: 196, exec/sec: 1.229, edges: 100.000%, stability: 100.000%
                  (CLIENT) corpus: 44, objectives: 47, executions: 196, exec/sec: 1.229, edges: 447/447 (100%), stability: 383/383 (100%)
[Objective   #1]  (GLOBAL) run time: 2m-42s, clients: 1, corpus: 44, objectives: 48, executions: 197, exec/sec: 1.212, edges: 100.000%, stability: 100.000%
                  (CLIENT) corpus: 44, objectives: 48, executions: 197, exec/sec: 1.212, edges: 447/447 (100%), stability: 383/383 (100%)
[Objective   #1]  (GLOBAL) run time: 2m-45s, clients: 1, corpus: 44, objectives: 49, executions: 198, exec/sec: 1.196, edges: 100.000%, stability: 100.000%
                  (CLIENT) corpus: 44, objectives: 49, executions: 198, exec/sec: 1.196, edges: 447/447 (100%), stability: 383/383 (100%)
[Objective   #1]  (GLOBAL) run time: 2m-48s, clients: 1, corpus: 44, objectives: 50, executions: 199, exec/sec: 1.181, edges: 100.000%, stability: 100.000%
                  (CLIENT) corpus: 44, objectives: 50, executions: 199, exec/sec: 1.181, edges: 447/447 (100%), stability: 383/383 (100%)
[Objective   #1]  (GLOBAL) run time: 2m-51s, clients: 1, corpus: 44, objectives: 51, executions: 200, exec/sec: 1.166, edges: 100.000%, stability: 100.000%
                  (CLIENT) corpus: 44, objectives: 51, executions: 200, exec/sec: 1.166, edges: 447/447 (100%), stability: 383/383 (100%)
[Objective   #1]  (GLOBAL) run time: 2m-54s, clients: 1, corpus: 44, objectives: 52, executions: 201, exec/sec: 1.152, edges: 100.000%, stability: 100.000%
                  (CLIENT) corpus: 44, objectives: 52, executions: 201, exec/sec: 1.152, edges: 447/447 (100%), stability: 383/383 (100%)
[Objective   #1]  (GLOBAL) run time: 2m-57s, clients: 1, corpus: 44, objectives: 53, executions: 202, exec/sec: 1.138, edges: 100.000%, stability: 100.000%
                  (CLIENT) corpus: 44, objectives: 53, executions: 202, exec/sec: 1.138, edges: 447/447 (100%), stability: 383/383 (100%)
[Objective   #1]  (GLOBAL) run time: 3m-0s, clients: 1, corpus: 44, objectives: 54, executions: 203, exec/sec: 1.125, edges: 100.000%, stability: 100.000%
                  (CLIENT) corpus: 44, objectives: 54, executions: 203, exec/sec: 1.125, edges: 447/447 (100%), stability: 383/383 (100%)
[Objective   #1]  (GLOBAL) run time: 3m-3s, clients: 1, corpus: 44, objectives: 55, executions: 204, exec/sec: 1.112, edges: 100.000%, stability: 100.000%
                  (CLIENT) corpus: 44, objectives: 55, executions: 204, exec/sec: 1.112, edges: 447/447 (100%), stability: 383/383 (100%)
[Objective   #1]  (GLOBAL) run time: 3m-6s, clients: 1, corpus: 44, objectives: 56, executions: 205, exec/sec: 1.099, edges: 100.000%, stability: 100.000%
                  (CLIENT) corpus: 44, objectives: 56, executions: 205, exec/sec: 1.099, edges: 447/447 (100%), stability: 383/383 (100%)
[Objective   #1]  (GLOBAL) run time: 3m-9s, clients: 1, corpus: 44, objectives: 57, executions: 206, exec/sec: 1.087, edges: 100.000%, stability: 100.000%
                  (CLIENT) corpus: 44, objectives: 57, executions: 206, exec/sec: 1.087, edges: 447/447 (100%), stability: 383/383 (100%)
[Objective   #1]  (GLOBAL) run time: 3m-12s, clients: 1, corpus: 44, objectives: 58, executions: 207, exec/sec: 1.075, edges: 100.000%, stability: 100.000%
                  (CLIENT) corpus: 44, objectives: 58, executions: 207, exec/sec: 1.075, edges: 447/447 (100%), stability: 383/383 (100%)
[Objective   #1]  (GLOBAL) run time: 3m-15s, clients: 1, corpus: 44, objectives: 59, executions: 208, exec/sec: 1.064, edges: 100.000%, stability: 100.000%
                  (CLIENT) corpus: 44, objectives: 59, executions: 208, exec/sec: 1.064, edges: 447/447 (100%), stability: 383/383 (100%)
[Objective   #1]  (GLOBAL) run time: 3m-18s, clients: 1, corpus: 44, objectives: 60, executions: 209, exec/sec: 1.053, edges: 100.000%, stability: 100.000%
                  (CLIENT) corpus: 44, objectives: 60, executions: 209, exec/sec: 1.053, edges: 447/447 (100%), stability: 383/383 (100%)
[Objective   #1]  (GLOBAL) run time: 3m-21s, clients: 1, corpus: 44, objectives: 61, executions: 210, exec/sec: 1.042, edges: 100.000%, stability: 100.000%
                  (CLIENT) corpus: 44, objectives: 61, executions: 210, exec/sec: 1.042, edges: 447/447 (100%), stability: 383/383 (100%)
[Objective   #1]  (GLOBAL) run time: 3m-24s, clients: 1, corpus: 44, objectives: 62, executions: 211, exec/sec: 1.032, edges: 100.000%, stability: 100.000%
                  (CLIENT) corpus: 44, objectives: 62, executions: 211, exec/sec: 1.032, edges: 447/447 (100%), stability: 383/383 (100%)
[Objective   #1]  (GLOBAL) run time: 3m-27s, clients: 1, corpus: 44, objectives: 63, executions: 212, exec/sec: 1.022, edges: 100.000%, stability: 100.000%
                  (CLIENT) corpus: 44, objectives: 63, executions: 212, exec/sec: 1.022, edges: 447/447 (100%), stability: 383/383 (100%)
[Objective   #1]  (GLOBAL) run time: 3m-30s, clients: 1, corpus: 44, objectives: 64, executions: 213, exec/sec: 1.012, edges: 100.000%, stability: 100.000%
                  (CLIENT) corpus: 44, objectives: 64, executions: 213, exec/sec: 1.012, edges: 447/447 (100%), stability: 383/383 (100%)
[Objective   #1]  (GLOBAL) run time: 3m-33s, clients: 1, corpus: 44, objectives: 65, executions: 214, exec/sec: 1.002, edges: 100.000%, stability: 100.000%
                  (CLIENT) corpus: 44, objectives: 65, executions: 214, exec/sec: 1.002, edges: 447/447 (100%), stability: 383/383 (100%)
[Objective   #1]  (GLOBAL) run time: 3m-36s, clients: 1, corpus: 44, objectives: 66, executions: 215, exec/sec: 0.993, edges: 100.000%, stability: 100.000%
                  (CLIENT) corpus: 44, objectives: 66, executions: 215, exec/sec: 0.993, edges: 447/447 (100%), stability: 383/383 (100%)
[Objective   #1]  (GLOBAL) run time: 3m-39s, clients: 1, corpus: 44, objectives: 67, executions: 216, exec/sec: 0.984, edges: 100.000%, stability: 100.000%
                  (CLIENT) corpus: 44, objectives: 67, executions: 216, exec/sec: 0.984, edges: 447/447 (100%), stability: 383/383 (100%)
[Objective   #1]  (GLOBAL) run time: 3m-42s, clients: 1, corpus: 44, objectives: 68, executions: 217, exec/sec: 0.975, edges: 100.000%, stability: 100.000%
                  (CLIENT) corpus: 44, objectives: 68, executions: 217, exec/sec: 0.975, edges: 447/447 (100%), stability: 383/383 (100%)
[Objective   #1]  (GLOBAL) run time: 3m-45s, clients: 1, corpus: 44, objectives: 69, executions: 218, exec/sec: 0.967, edges: 100.000%, stability: 100.000%
                  (CLIENT) corpus: 44, objectives: 69, executions: 218, exec/sec: 0.967, edges: 447/447 (100%), stability: 383/383 (100%)
[Objective   #1]  (GLOBAL) run time: 3m-48s, clients: 1, corpus: 44, objectives: 70, executions: 219, exec/sec: 0.958, edges: 100.000%, stability: 100.000%
                  (CLIENT) corpus: 44, objectives: 70, executions: 219, exec/sec: 0.958, edges: 447/447 (100%), stability: 383/383 (100%)
[Objective   #1]  (GLOBAL) run time: 3m-51s, clients: 1, corpus: 44, objectives: 71, executions: 220, exec/sec: 0.950, edges: 100.000%, stability: 100.000%
                  (CLIENT) corpus: 44, objectives: 71, executions: 220, exec/sec: 0.950, edges: 447/447 (100%), stability: 383/383 (100%)
[Objective   #1]  (GLOBAL) run time: 3m-54s, clients: 1, corpus: 44, objectives: 72, executions: 221, exec/sec: 0.942, edges: 100.000%, stability: 100.000%
                  (CLIENT) corpus: 44, objectives: 72, executions: 221, exec/sec: 0.942, edges: 447/447 (100%), stability: 383/383 (100%)
[Objective   #1]  (GLOBAL) run time: 3m-57s, clients: 1, corpus: 44, objectives: 73, executions: 222, exec/sec: 0.935, edges: 100.000%, stability: 100.000%
                  (CLIENT) corpus: 44, objectives: 73, executions: 222, exec/sec: 0.935, edges: 447/447 (100%), stability: 383/383 (100%)
[Objective   #1]  (GLOBAL) run time: 4m-0s, clients: 1, corpus: 44, objectives: 74, executions: 223, exec/sec: 0.927, edges: 100.000%, stability: 100.000%
                  (CLIENT) corpus: 44, objectives: 74, executions: 223, exec/sec: 0.927, edges: 447/447 (100%), stability: 383/383 (100%)
[Objective   #1]  (GLOBAL) run time: 4m-3s, clients: 1, corpus: 44, objectives: 75, executions: 224, exec/sec: 0.920, edges: 100.000%, stability: 100.000%
                  (CLIENT) corpus: 44, objectives: 75, executions: 224, exec/sec: 0.920, edges: 447/447 (100%), stability: 383/383 (100%)
[Objective   #1]  (GLOBAL) run time: 4m-6s, clients: 1, corpus: 44, objectives: 76, executions: 225, exec/sec: 0.913, edges: 100.000%, stability: 100.000%
                  (CLIENT) corpus: 44, objectives: 76, executions: 225, exec/sec: 0.913, edges: 447/447 (100%), stability: 383/383 (100%)
[Objective   #1]  (GLOBAL) run time: 4m-9s, clients: 1, corpus: 44, objectives: 77, executions: 226, exec/sec: 0.906, edges: 100.000%, stability: 100.000%
                  (CLIENT) corpus: 44, objectives: 77, executions: 226, exec/sec: 0.906, edges: 447/447 (100%), stability: 383/383 (100%)
[Objective   #1]  (GLOBAL) run time: 4m-12s, clients: 1, corpus: 44, objectives: 78, executions: 227, exec/sec: 0.899, edges: 100.000%, stability: 100.000%
                  (CLIENT) corpus: 44, objectives: 78, executions: 227, exec/sec: 0.899, edges: 447/447 (100%), stability: 383/383 (100%)
[Objective   #1]  (GLOBAL) run time: 4m-15s, clients: 1, corpus: 44, objectives: 79, executions: 228, exec/sec: 0.892, edges: 100.000%, stability: 100.000%
                  (CLIENT) corpus: 44, objectives: 79, executions: 228, exec/sec: 0.892, edges: 447/447 (100%), stability: 383/383 (100%)
[Objective   #1]  (GLOBAL) run time: 4m-18s, clients: 1, corpus: 44, objectives: 80, executions: 229, exec/sec: 0.886, edges: 100.000%, stability: 100.000%
                  (CLIENT) corpus: 44, objectives: 80, executions: 229, exec/sec: 0.886, edges: 447/447 (100%), stability: 383/383 (100%)
[Objective   #1]  (GLOBAL) run time: 4m-21s, clients: 1, corpus: 44, objectives: 81, executions: 230, exec/sec: 0.879, edges: 100.000%, stability: 100.000%
                  (CLIENT) corpus: 44, objectives: 81, executions: 230, exec/sec: 0.879, edges: 447/447 (100%), stability: 383/383 (100%)
[Objective   #1]  (GLOBAL) run time: 4m-24s, clients: 1, corpus: 44, objectives: 82, executions: 231, exec/sec: 0.873, edges: 100.000%, stability: 100.000%
                  (CLIENT) corpus: 44, objectives: 82, executions: 231, exec/sec: 0.873, edges: 447/447 (100%), stability: 383/383 (100%)
[Objective   #1]  (GLOBAL) run time: 4m-27s, clients: 1, corpus: 44, objectives: 83, executions: 232, exec/sec: 0.867, edges: 100.000%, stability: 100.000%
                  (CLIENT) corpus: 44, objectives: 83, executions: 232, exec/sec: 0.867, edges: 447/447 (100%), stability: 383/383 (100%)
[Objective   #1]  (GLOBAL) run time: 4m-30s, clients: 1, corpus: 44, objectives: 84, executions: 233, exec/sec: 0.861, edges: 100.000%, stability: 100.000%
                  (CLIENT) corpus: 44, objectives: 84, executions: 233, exec/sec: 0.861, edges: 447/447 (100%), stability: 383/383 (100%)
[Objective   #1]  (GLOBAL) run time: 4m-33s, clients: 1, corpus: 44, objectives: 85, executions: 234, exec/sec: 0.855, edges: 100.000%, stability: 100.000%
                  (CLIENT) corpus: 44, objectives: 85, executions: 234, exec/sec: 0.855, edges: 447/447 (100%), stability: 383/383 (100%)
[Objective   #1]  (GLOBAL) run time: 4m-36s, clients: 1, corpus: 44, objectives: 86, executions: 235, exec/sec: 0.850, edges: 100.000%, stability: 100.000%
                  (CLIENT) corpus: 44, objectives: 86, executions: 235, exec/sec: 0.850, edges: 447/447 (100%), stability: 383/383 (100%)
[Objective   #1]  (GLOBAL) run time: 4m-39s, clients: 1, corpus: 44, objectives: 87, executions: 236, exec/sec: 0.844, edges: 100.000%, stability: 100.000%
                  (CLIENT) corpus: 44, objectives: 87, executions: 236, exec/sec: 0.844, edges: 447/447 (100%), stability: 383/383 (100%)
[Objective   #1]  (GLOBAL) run time: 4m-42s, clients: 1, corpus: 44, objectives: 88, executions: 237, exec/sec: 0.839, edges: 100.000%, stability: 100.000%
                  (CLIENT) corpus: 44, objectives: 88, executions: 237, exec/sec: 0.839, edges: 447/447 (100%), stability: 383/383 (100%)
[Objective   #1]  (GLOBAL) run time: 4m-45s, clients: 1, corpus: 44, objectives: 89, executions: 238, exec/sec: 0.834, edges: 100.000%, stability: 100.000%
                  (CLIENT) corpus: 44, objectives: 89, executions: 238, exec/sec: 0.834, edges: 447/447 (100%), stability: 383/383 (100%)
[Objective   #1]  (GLOBAL) run time: 4m-48s, clients: 1, corpus: 44, objectives: 90, executions: 239, exec/sec: 0.828, edges: 100.000%, stability: 100.000%
                  (CLIENT) corpus: 44, objectives: 90, executions: 239, exec/sec: 0.828, edges: 447/447 (100%), stability: 383/383 (100%)
[Objective   #1]  (GLOBAL) run time: 4m-51s, clients: 1, corpus: 44, objectives: 91, executions: 240, exec/sec: 0.823, edges: 100.000%, stability: 100.000%
                  (CLIENT) corpus: 44, objectives: 91, executions: 240, exec/sec: 0.823, edges: 447/447 (100%), stability: 383/383 (100%)
[Objective   #1]  (GLOBAL) run time: 4m-54s, clients: 1, corpus: 44, objectives: 92, executions: 241, exec/sec: 0.818, edges: 100.000%, stability: 100.000%
                  (CLIENT) corpus: 44, objectives: 92, executions: 241, exec/sec: 0.818, edges: 447/447 (100%), stability: 383/383 (100%)
[Objective   #1]  (GLOBAL) run time: 4m-57s, clients: 1, corpus: 44, objectives: 93, executions: 242, exec/sec: 0.813, edges: 100.000%, stability: 100.000%
                  (CLIENT) corpus: 44, objectives: 93, executions: 242, exec/sec: 0.813, edges: 447/447 (100%), stability: 383/383 (100%)
[Objective   #1]  (GLOBAL) run time: 5m-0s, clients: 1, corpus: 44, objectives: 94, executions: 243, exec/sec: 0.808, edges: 100.000%, stability: 100.000%
                  (CLIENT) corpus: 44, objectives: 94, executions: 243, exec/sec: 0.808, edges: 447/447 (100%), stability: 383/383 (100%)
[Objective   #1]  (GLOBAL) run time: 5m-3s, clients: 1, corpus: 44, objectives: 95, executions: 244, exec/sec: 0.804, edges: 100.000%, stability: 100.000%
                  (CLIENT) corpus: 44, objectives: 95, executions: 244, exec/sec: 0.804, edges: 447/447 (100%), stability: 383/383 (100%)
