[RETURN_CODE]
2

[STDOUT]
rm -f ./output/RTOSDemo.out ./output/RTOSDemo.map ./output/*.o ./output/*.d
arm-none-eabi-gcc -ffreestanding -mthumb -mcpu=cortex-m3 -Wall -Wextra -Wshadow -Wno-unused-value -g3 -Os -ffunction-sections -fdata-sections -MMD -MP -MF"output/tasks.d" -MT output/tasks.o -I./../../../../Source/include -I./../../../../Source/portable/GCC/ARM_CM3 -I./../../../../Demo/Common/include -I./../../../../Demo/CORTEX_MPS2_QEMU_IAR_GCC -I./../../../../Demo/CORTEX_MPS2_QEMU_IAR_GCC/CMSIS -I./../../../../Demo/CORTEX_MPS2_QEMU_IAR_GCC/TraceRecorderConfig -I./../../../../Demo/../../FreeRTOS-Plus/Source/FreeRTOS-Plus-Trace/include  -I./../../../../Demo/../../FreeRTOS-Plus/Source/FreeRTOS-Plus-Trace/kernelports/FreeRTOS/include -I./../../../../Demo/../../FreeRTOS-Plus/Source/FreeRTOS-Plus-Trace/streamports/RingBuffer/include -c ./../../../../Source/tasks.c -o output/tasks.o
arm-none-eabi-gcc -ffreestanding -mthumb -mcpu=cortex-m3 -Wall -Wextra -Wshadow -Wno-unused-value -g3 -Os -ffunction-sections -fdata-sections -MMD -MP -MF"output/list.d" -MT output/list.o -I./../../../../Source/include -I./../../../../Source/portable/GCC/ARM_CM3 -I./../../../../Demo/Common/include -I./../../../../Demo/CORTEX_MPS2_QEMU_IAR_GCC -I./../../../../Demo/CORTEX_MPS2_QEMU_IAR_GCC/CMSIS -I./../../../../Demo/CORTEX_MPS2_QEMU_IAR_GCC/TraceRecorderConfig -I./../../../../Demo/../../FreeRTOS-Plus/Source/FreeRTOS-Plus-Trace/include  -I./../../../../Demo/../../FreeRTOS-Plus/Source/FreeRTOS-Plus-Trace/kernelports/FreeRTOS/include -I./../../../../Demo/../../FreeRTOS-Plus/Source/FreeRTOS-Plus-Trace/streamports/RingBuffer/include -c ./../../../../Source/list.c -o output/list.o
arm-none-eabi-gcc -ffreestanding -mthumb -mcpu=cortex-m3 -Wall -Wextra -Wshadow -Wno-unused-value -g3 -Os -ffunction-sections -fdata-sections -MMD -MP -MF"output/queue.d" -MT output/queue.o -I./../../../../Source/include -I./../../../../Source/portable/GCC/ARM_CM3 -I./../../../../Demo/Common/include -I./../../../../Demo/CORTEX_MPS2_QEMU_IAR_GCC -I./../../../../Demo/CORTEX_MPS2_QEMU_IAR_GCC/CMSIS -I./../../../../Demo/CORTEX_MPS2_QEMU_IAR_GCC/TraceRecorderConfig -I./../../../../Demo/../../FreeRTOS-Plus/Source/FreeRTOS-Plus-Trace/include  -I./../../../../Demo/../../FreeRTOS-Plus/Source/FreeRTOS-Plus-Trace/kernelports/FreeRTOS/include -I./../../../../Demo/../../FreeRTOS-Plus/Source/FreeRTOS-Plus-Trace/streamports/RingBuffer/include -c ./../../../../Source/queue.c -o output/queue.o
arm-none-eabi-gcc -ffreestanding -mthumb -mcpu=cortex-m3 -Wall -Wextra -Wshadow -Wno-unused-value -g3 -Os -ffunction-sections -fdata-sections -MMD -MP -MF"output/timers.d" -MT output/timers.o -I./../../../../Source/include -I./../../../../Source/portable/GCC/ARM_CM3 -I./../../../../Demo/Common/include -I./../../../../Demo/CORTEX_MPS2_QEMU_IAR_GCC -I./../../../../Demo/CORTEX_MPS2_QEMU_IAR_GCC/CMSIS -I./../../../../Demo/CORTEX_MPS2_QEMU_IAR_GCC/TraceRecorderConfig -I./../../../../Demo/../../FreeRTOS-Plus/Source/FreeRTOS-Plus-Trace/include  -I./../../../../Demo/../../FreeRTOS-Plus/Source/FreeRTOS-Plus-Trace/kernelports/FreeRTOS/include -I./../../../../Demo/../../FreeRTOS-Plus/Source/FreeRTOS-Plus-Trace/streamports/RingBuffer/include -c ./../../../../Source/timers.c -o output/timers.o
arm-none-eabi-gcc -ffreestanding -mthumb -mcpu=cortex-m3 -Wall -Wextra -Wshadow -Wno-unused-value -g3 -Os -ffunction-sections -fdata-sections -MMD -MP -MF"output/event_groups.d" -MT output/event_groups.o -I./../../../../Source/include -I./../../../../Source/portable/GCC/ARM_CM3 -I./../../../../Demo/Common/include -I./../../../../Demo/CORTEX_MPS2_QEMU_IAR_GCC -I./../../../../Demo/CORTEX_MPS2_QEMU_IAR_GCC/CMSIS -I./../../../../Demo/CORTEX_MPS2_QEMU_IAR_GCC/TraceRecorderConfig -I./../../../../Demo/../../FreeRTOS-Plus/Source/FreeRTOS-Plus-Trace/include  -I./../../../../Demo/../../FreeRTOS-Plus/Source/FreeRTOS-Plus-Trace/kernelports/FreeRTOS/include -I./../../../../Demo/../../FreeRTOS-Plus/Source/FreeRTOS-Plus-Trace/streamports/RingBuffer/include -c ./../../../../Source/event_groups.c -o output/event_groups.o
arm-none-eabi-gcc -ffreestanding -mthumb -mcpu=cortex-m3 -Wall -Wextra -Wshadow -Wno-unused-value -g3 -Os -ffunction-sections -fdata-sections -MMD -MP -MF"output/stream_buffer.d" -MT output/stream_buffer.o -I./../../../../Source/include -I./../../../../Source/portable/GCC/ARM_CM3 -I./../../../../Demo/Common/include -I./../../../../Demo/CORTEX_MPS2_QEMU_IAR_GCC -I./../../../../Demo/CORTEX_MPS2_QEMU_IAR_GCC/CMSIS -I./../../../../Demo/CORTEX_MPS2_QEMU_IAR_GCC/TraceRecorderConfig -I./../../../../Demo/../../FreeRTOS-Plus/Source/FreeRTOS-Plus-Trace/include  -I./../../../../Demo/../../FreeRTOS-Plus/Source/FreeRTOS-Plus-Trace/kernelports/FreeRTOS/include -I./../../../../Demo/../../FreeRTOS-Plus/Source/FreeRTOS-Plus-Trace/streamports/RingBuffer/include -c ./../../../../Source/stream_buffer.c -o output/stream_buffer.o
arm-none-eabi-gcc -ffreestanding -mthumb -mcpu=cortex-m3 -Wall -Wextra -Wshadow -Wno-unused-value -g3 -Os -ffunction-sections -fdata-sections -MMD -MP -MF"output/heap_4.d" -MT output/heap_4.o -I./../../../../Source/include -I./../../../../Source/portable/GCC/ARM_CM3 -I./../../../../Demo/Common/include -I./../../../../Demo/CORTEX_MPS2_QEMU_IAR_GCC -I./../../../../Demo/CORTEX_MPS2_QEMU_IAR_GCC/CMSIS -I./../../../../Demo/CORTEX_MPS2_QEMU_IAR_GCC/TraceRecorderConfig -I./../../../../Demo/../../FreeRTOS-Plus/Source/FreeRTOS-Plus-Trace/include  -I./../../../../Demo/../../FreeRTOS-Plus/Source/FreeRTOS-Plus-Trace/kernelports/FreeRTOS/include -I./../../../../Demo/../../FreeRTOS-Plus/Source/FreeRTOS-Plus-Trace/streamports/RingBuffer/include -c ./../../../../Source/portable/MemMang/heap_4.c -o output/heap_4.o
arm-none-eabi-gcc -ffreestanding -mthumb -mcpu=cortex-m3 -Wall -Wextra -Wshadow -Wno-unused-value -g3 -Os -ffunction-sections -fdata-sections -MMD -MP -MF"output/port.d" -MT output/port.o -I./../../../../Source/include -I./../../../../Source/portable/GCC/ARM_CM3 -I./../../../../Demo/Common/include -I./../../../../Demo/CORTEX_MPS2_QEMU_IAR_GCC -I./../../../../Demo/CORTEX_MPS2_QEMU_IAR_GCC/CMSIS -I./../../../../Demo/CORTEX_MPS2_QEMU_IAR_GCC/TraceRecorderConfig -I./../../../../Demo/../../FreeRTOS-Plus/Source/FreeRTOS-Plus-Trace/include  -I./../../../../Demo/../../FreeRTOS-Plus/Source/FreeRTOS-Plus-Trace/kernelports/FreeRTOS/include -I./../../../../Demo/../../FreeRTOS-Plus/Source/FreeRTOS-Plus-Trace/streamports/RingBuffer/include -c ./../../../../Source/portable/GCC/ARM_CM3/port.c -o output/port.o
arm-none-eabi-gcc -ffreestanding -mthumb -mcpu=cortex-m3 -Wall -Wextra -Wshadow -Wno-unused-value -g3 -Os -ffunction-sections -fdata-sections -MMD -MP -MF"output/AbortDelay.d" -MT output/AbortDelay.o -I./../../../../Source/include -I./../../../../Source/portable/GCC/ARM_CM3 -I./../../../../Demo/Common/include -I./../../../../Demo/CORTEX_MPS2_QEMU_IAR_GCC -I./../../../../Demo/CORTEX_MPS2_QEMU_IAR_GCC/CMSIS -I./../../../../Demo/CORTEX_MPS2_QEMU_IAR_GCC/TraceRecorderConfig -I./../../../../Demo/../../FreeRTOS-Plus/Source/FreeRTOS-Plus-Trace/include  -I./../../../../Demo/../../FreeRTOS-Plus/Source/FreeRTOS-Plus-Trace/kernelports/FreeRTOS/include -I./../../../../Demo/../../FreeRTOS-Plus/Source/FreeRTOS-Plus-Trace/streamports/RingBuffer/include -c ./../../../../Demo/Common/Minimal/AbortDelay.c -o output/AbortDelay.o
arm-none-eabi-gcc -ffreestanding -mthumb -mcpu=cortex-m3 -Wall -Wextra -Wshadow -Wno-unused-value -g3 -Os -ffunction-sections -fdata-sections -MMD -MP -MF"output/BlockQ.d" -MT output/BlockQ.o -I./../../../../Source/include -I./../../../../Source/portable/GCC/ARM_CM3 -I./../../../../Demo/Common/include -I./../../../../Demo/CORTEX_MPS2_QEMU_IAR_GCC -I./../../../../Demo/CORTEX_MPS2_QEMU_IAR_GCC/CMSIS -I./../../../../Demo/CORTEX_MPS2_QEMU_IAR_GCC/TraceRecorderConfig -I./../../../../Demo/../../FreeRTOS-Plus/Source/FreeRTOS-Plus-Trace/include  -I./../../../../Demo/../../FreeRTOS-Plus/Source/FreeRTOS-Plus-Trace/kernelports/FreeRTOS/include -I./../../../../Demo/../../FreeRTOS-Plus/Source/FreeRTOS-Plus-Trace/streamports/RingBuffer/include -c ./../../../../Demo/Common/Minimal/BlockQ.c -o output/BlockQ.o
arm-none-eabi-gcc -ffreestanding -mthumb -mcpu=cortex-m3 -Wall -Wextra -Wshadow -Wno-unused-value -g3 -Os -ffunction-sections -fdata-sections -MMD -MP -MF"output/blocktim.d" -MT output/blocktim.o -I./../../../../Source/include -I./../../../../Source/portable/GCC/ARM_CM3 -I./../../../../Demo/Common/include -I./../../../../Demo/CORTEX_MPS2_QEMU_IAR_GCC -I./../../../../Demo/CORTEX_MPS2_QEMU_IAR_GCC/CMSIS -I./../../../../Demo/CORTEX_MPS2_QEMU_IAR_GCC/TraceRecorderConfig -I./../../../../Demo/../../FreeRTOS-Plus/Source/FreeRTOS-Plus-Trace/include  -I./../../../../Demo/../../FreeRTOS-Plus/Source/FreeRTOS-Plus-Trace/kernelports/FreeRTOS/include -I./../../../../Demo/../../FreeRTOS-Plus/Source/FreeRTOS-Plus-Trace/streamports/RingBuffer/include -c ./../../../../Demo/Common/Minimal/blocktim.c -o output/blocktim.o
arm-none-eabi-gcc -ffreestanding -mthumb -mcpu=cortex-m3 -Wall -Wextra -Wshadow -Wno-unused-value -g3 -Os -ffunction-sections -fdata-sections -MMD -MP -MF"output/countsem.d" -MT output/countsem.o -I./../../../../Source/include -I./../../../../Source/portable/GCC/ARM_CM3 -I./../../../../Demo/Common/include -I./../../../../Demo/CORTEX_MPS2_QEMU_IAR_GCC -I./../../../../Demo/CORTEX_MPS2_QEMU_IAR_GCC/CMSIS -I./../../../../Demo/CORTEX_MPS2_QEMU_IAR_GCC/TraceRecorderConfig -I./../../../../Demo/../../FreeRTOS-Plus/Source/FreeRTOS-Plus-Trace/include  -I./../../../../Demo/../../FreeRTOS-Plus/Source/FreeRTOS-Plus-Trace/kernelports/FreeRTOS/include -I./../../../../Demo/../../FreeRTOS-Plus/Source/FreeRTOS-Plus-Trace/streamports/RingBuffer/include -c ./../../../../Demo/Common/Minimal/countsem.c -o output/countsem.o
arm-none-eabi-gcc -ffreestanding -mthumb -mcpu=cortex-m3 -Wall -Wextra -Wshadow -Wno-unused-value -g3 -Os -ffunction-sections -fdata-sections -MMD -MP -MF"output/death.d" -MT output/death.o -I./../../../../Source/include -I./../../../../Source/portable/GCC/ARM_CM3 -I./../../../../Demo/Common/include -I./../../../../Demo/CORTEX_MPS2_QEMU_IAR_GCC -I./../../../../Demo/CORTEX_MPS2_QEMU_IAR_GCC/CMSIS -I./../../../../Demo/CORTEX_MPS2_QEMU_IAR_GCC/TraceRecorderConfig -I./../../../../Demo/../../FreeRTOS-Plus/Source/FreeRTOS-Plus-Trace/include  -I./../../../../Demo/../../FreeRTOS-Plus/Source/FreeRTOS-Plus-Trace/kernelports/FreeRTOS/include -I./../../../../Demo/../../FreeRTOS-Plus/Source/FreeRTOS-Plus-Trace/streamports/RingBuffer/include -c ./../../../../Demo/Common/Minimal/death.c -o output/death.o
arm-none-eabi-gcc -ffreestanding -mthumb -mcpu=cortex-m3 -Wall -Wextra -Wshadow -Wno-unused-value -g3 -Os -ffunction-sections -fdata-sections -MMD -MP -MF"output/dynamic.d" -MT output/dynamic.o -I./../../../../Source/include -I./../../../../Source/portable/GCC/ARM_CM3 -I./../../../../Demo/Common/include -I./../../../../Demo/CORTEX_MPS2_QEMU_IAR_GCC -I./../../../../Demo/CORTEX_MPS2_QEMU_IAR_GCC/CMSIS -I./../../../../Demo/CORTEX_MPS2_QEMU_IAR_GCC/TraceRecorderConfig -I./../../../../Demo/../../FreeRTOS-Plus/Source/FreeRTOS-Plus-Trace/include  -I./../../../../Demo/../../FreeRTOS-Plus/Source/FreeRTOS-Plus-Trace/kernelports/FreeRTOS/include -I./../../../../Demo/../../FreeRTOS-Plus/Source/FreeRTOS-Plus-Trace/streamports/RingBuffer/include -c ./../../../../Demo/Common/Minimal/dynamic.c -o output/dynamic.o
arm-none-eabi-gcc -ffreestanding -mthumb -mcpu=cortex-m3 -Wall -Wextra -Wshadow -Wno-unused-value -g3 -Os -ffunction-sections -fdata-sections -MMD -MP -MF"output/EventGroupsDemo.d" -MT output/EventGroupsDemo.o -I./../../../../Source/include -I./../../../../Source/portable/GCC/ARM_CM3 -I./../../../../Demo/Common/include -I./../../../../Demo/CORTEX_MPS2_QEMU_IAR_GCC -I./../../../../Demo/CORTEX_MPS2_QEMU_IAR_GCC/CMSIS -I./../../../../Demo/CORTEX_MPS2_QEMU_IAR_GCC/TraceRecorderConfig -I./../../../../Demo/../../FreeRTOS-Plus/Source/FreeRTOS-Plus-Trace/include  -I./../../../../Demo/../../FreeRTOS-Plus/Source/FreeRTOS-Plus-Trace/kernelports/FreeRTOS/include -I./../../../../Demo/../../FreeRTOS-Plus/Source/FreeRTOS-Plus-Trace/streamports/RingBuffer/include -c ./../../../../Demo/Common/Minimal/EventGroupsDemo.c -o output/EventGroupsDemo.o
arm-none-eabi-gcc -ffreestanding -mthumb -mcpu=cortex-m3 -Wall -Wextra -Wshadow -Wno-unused-value -g3 -Os -ffunction-sections -fdata-sections -MMD -MP -MF"output/GenQTest.d" -MT output/GenQTest.o -I./../../../../Source/include -I./../../../../Source/portable/GCC/ARM_CM3 -I./../../../../Demo/Common/include -I./../../../../Demo/CORTEX_MPS2_QEMU_IAR_GCC -I./../../../../Demo/CORTEX_MPS2_QEMU_IAR_GCC/CMSIS -I./../../../../Demo/CORTEX_MPS2_QEMU_IAR_GCC/TraceRecorderConfig -I./../../../../Demo/../../FreeRTOS-Plus/Source/FreeRTOS-Plus-Trace/include  -I./../../../../Demo/../../FreeRTOS-Plus/Source/FreeRTOS-Plus-Trace/kernelports/FreeRTOS/include -I./../../../../Demo/../../FreeRTOS-Plus/Source/FreeRTOS-Plus-Trace/streamports/RingBuffer/include -c ./../../../../Demo/Common/Minimal/GenQTest.c -o output/GenQTest.o
arm-none-eabi-gcc -ffreestanding -mthumb -mcpu=cortex-m3 -Wall -Wextra -Wshadow -Wno-unused-value -g3 -Os -ffunction-sections -fdata-sections -MMD -MP -MF"output/integer.d" -MT output/integer.o -I./../../../../Source/include -I./../../../../Source/portable/GCC/ARM_CM3 -I./../../../../Demo/Common/include -I./../../../../Demo/CORTEX_MPS2_QEMU_IAR_GCC -I./../../../../Demo/CORTEX_MPS2_QEMU_IAR_GCC/CMSIS -I./../../../../Demo/CORTEX_MPS2_QEMU_IAR_GCC/TraceRecorderConfig -I./../../../../Demo/../../FreeRTOS-Plus/Source/FreeRTOS-Plus-Trace/include  -I./../../../../Demo/../../FreeRTOS-Plus/Source/FreeRTOS-Plus-Trace/kernelports/FreeRTOS/include -I./../../../../Demo/../../FreeRTOS-Plus/Source/FreeRTOS-Plus-Trace/streamports/RingBuffer/include -c ./../../../../Demo/Common/Minimal/integer.c -o output/integer.o
arm-none-eabi-gcc -ffreestanding -mthumb -mcpu=cortex-m3 -Wall -Wextra -Wshadow -Wno-unused-value -g3 -Os -ffunction-sections -fdata-sections -MMD -MP -MF"output/IntQueue.d" -MT output/IntQueue.o -I./../../../../Source/include -I./../../../../Source/portable/GCC/ARM_CM3 -I./../../../../Demo/Common/include -I./../../../../Demo/CORTEX_MPS2_QEMU_IAR_GCC -I./../../../../Demo/CORTEX_MPS2_QEMU_IAR_GCC/CMSIS -I./../../../../Demo/CORTEX_MPS2_QEMU_IAR_GCC/TraceRecorderConfig -I./../../../../Demo/../../FreeRTOS-Plus/Source/FreeRTOS-Plus-Trace/include  -I./../../../../Demo/../../FreeRTOS-Plus/Source/FreeRTOS-Plus-Trace/kernelports/FreeRTOS/include -I./../../../../Demo/../../FreeRTOS-Plus/Source/FreeRTOS-Plus-Trace/streamports/RingBuffer/include -c ./../../../../Demo/Common/Minimal/IntQueue.c -o output/IntQueue.o
arm-none-eabi-gcc -ffreestanding -mthumb -mcpu=cortex-m3 -Wall -Wextra -Wshadow -Wno-unused-value -g3 -Os -ffunction-sections -fdata-sections -MMD -MP -MF"output/IntQueueTimer.d" -MT output/IntQueueTimer.o -I./../../../../Source/include -I./../../../../Source/portable/GCC/ARM_CM3 -I./../../../../Demo/Common/include -I./../../../../Demo/CORTEX_MPS2_QEMU_IAR_GCC -I./../../../../Demo/CORTEX_MPS2_QEMU_IAR_GCC/CMSIS -I./../../../../Demo/CORTEX_MPS2_QEMU_IAR_GCC/TraceRecorderConfig -I./../../../../Demo/../../FreeRTOS-Plus/Source/FreeRTOS-Plus-Trace/include  -I./../../../../Demo/../../FreeRTOS-Plus/Source/FreeRTOS-Plus-Trace/kernelports/FreeRTOS/include -I./../../../../Demo/../../FreeRTOS-Plus/Source/FreeRTOS-Plus-Trace/streamports/RingBuffer/include -c ./../../../../Demo/CORTEX_MPS2_QEMU_IAR_GCC/IntQueueTimer.c -o output/IntQueueTimer.o
arm-none-eabi-gcc -ffreestanding -mthumb -mcpu=cortex-m3 -Wall -Wextra -Wshadow -Wno-unused-value -g3 -Os -ffunction-sections -fdata-sections -MMD -MP -MF"output/IntSemTest.d" -MT output/IntSemTest.o -I./../../../../Source/include -I./../../../../Source/portable/GCC/ARM_CM3 -I./../../../../Demo/Common/include -I./../../../../Demo/CORTEX_MPS2_QEMU_IAR_GCC -I./../../../../Demo/CORTEX_MPS2_QEMU_IAR_GCC/CMSIS -I./../../../../Demo/CORTEX_MPS2_QEMU_IAR_GCC/TraceRecorderConfig -I./../../../../Demo/../../FreeRTOS-Plus/Source/FreeRTOS-Plus-Trace/include  -I./../../../../Demo/../../FreeRTOS-Plus/Source/FreeRTOS-Plus-Trace/kernelports/FreeRTOS/include -I./../../../../Demo/../../FreeRTOS-Plus/Source/FreeRTOS-Plus-Trace/streamports/RingBuffer/include -c ./../../../../Demo/Common/Minimal/IntSemTest.c -o output/IntSemTest.o
arm-none-eabi-gcc -ffreestanding -mthumb -mcpu=cortex-m3 -Wall -Wextra -Wshadow -Wno-unused-value -g3 -Os -ffunction-sections -fdata-sections -MMD -MP -MF"output/MessageBufferAMP.d" -MT output/MessageBufferAMP.o -I./../../../../Source/include -I./../../../../Source/portable/GCC/ARM_CM3 -I./../../../../Demo/Common/include -I./../../../../Demo/CORTEX_MPS2_QEMU_IAR_GCC -I./../../../../Demo/CORTEX_MPS2_QEMU_IAR_GCC/CMSIS -I./../../../../Demo/CORTEX_MPS2_QEMU_IAR_GCC/TraceRecorderConfig -I./../../../../Demo/../../FreeRTOS-Plus/Source/FreeRTOS-Plus-Trace/include  -I./../../../../Demo/../../FreeRTOS-Plus/Source/FreeRTOS-Plus-Trace/kernelports/FreeRTOS/include -I./../../../../Demo/../../FreeRTOS-Plus/Source/FreeRTOS-Plus-Trace/streamports/RingBuffer/include -c ./../../../../Demo/Common/Minimal/MessageBufferAMP.c -o output/MessageBufferAMP.o
arm-none-eabi-gcc -ffreestanding -mthumb -mcpu=cortex-m3 -Wall -Wextra -Wshadow -Wno-unused-value -g3 -Os -ffunction-sections -fdata-sections -MMD -MP -MF"output/MessageBufferDemo.d" -MT output/MessageBufferDemo.o -I./../../../../Source/include -I./../../../../Source/portable/GCC/ARM_CM3 -I./../../../../Demo/Common/include -I./../../../../Demo/CORTEX_MPS2_QEMU_IAR_GCC -I./../../../../Demo/CORTEX_MPS2_QEMU_IAR_GCC/CMSIS -I./../../../../Demo/CORTEX_MPS2_QEMU_IAR_GCC/TraceRecorderConfig -I./../../../../Demo/../../FreeRTOS-Plus/Source/FreeRTOS-Plus-Trace/include  -I./../../../../Demo/../../FreeRTOS-Plus/Source/FreeRTOS-Plus-Trace/kernelports/FreeRTOS/include -I./../../../../Demo/../../FreeRTOS-Plus/Source/FreeRTOS-Plus-Trace/streamports/RingBuffer/include -c ./../../../../Demo/Common/Minimal/MessageBufferDemo.c -o output/MessageBufferDemo.o
arm-none-eabi-gcc -ffreestanding -mthumb -mcpu=cortex-m3 -Wall -Wextra -Wshadow -Wno-unused-value -g3 -Os -ffunction-sections -fdata-sections -MMD -MP -MF"output/PollQ.d" -MT output/PollQ.o -I./../../../../Source/include -I./../../../../Source/portable/GCC/ARM_CM3 -I./../../../../Demo/Common/include -I./../../../../Demo/CORTEX_MPS2_QEMU_IAR_GCC -I./../../../../Demo/CORTEX_MPS2_QEMU_IAR_GCC/CMSIS -I./../../../../Demo/CORTEX_MPS2_QEMU_IAR_GCC/TraceRecorderConfig -I./../../../../Demo/../../FreeRTOS-Plus/Source/FreeRTOS-Plus-Trace/include  -I./../../../../Demo/../../FreeRTOS-Plus/Source/FreeRTOS-Plus-Trace/kernelports/FreeRTOS/include -I./../../../../Demo/../../FreeRTOS-Plus/Source/FreeRTOS-Plus-Trace/streamports/RingBuffer/include -c ./../../../../Demo/Common/Minimal/PollQ.c -o output/PollQ.o
arm-none-eabi-gcc -ffreestanding -mthumb -mcpu=cortex-m3 -Wall -Wextra -Wshadow -Wno-unused-value -g3 -Os -ffunction-sections -fdata-sections -MMD -MP -MF"output/QPeek.d" -MT output/QPeek.o -I./../../../../Source/include -I./../../../../Source/portable/GCC/ARM_CM3 -I./../../../../Demo/Common/include -I./../../../../Demo/CORTEX_MPS2_QEMU_IAR_GCC -I./../../../../Demo/CORTEX_MPS2_QEMU_IAR_GCC/CMSIS -I./../../../../Demo/CORTEX_MPS2_QEMU_IAR_GCC/TraceRecorderConfig -I./../../../../Demo/../../FreeRTOS-Plus/Source/FreeRTOS-Plus-Trace/include  -I./../../../../Demo/../../FreeRTOS-Plus/Source/FreeRTOS-Plus-Trace/kernelports/FreeRTOS/include -I./../../../../Demo/../../FreeRTOS-Plus/Source/FreeRTOS-Plus-Trace/streamports/RingBuffer/include -c ./../../../../Demo/Common/Minimal/QPeek.c -o output/QPeek.o
arm-none-eabi-gcc -ffreestanding -mthumb -mcpu=cortex-m3 -Wall -Wextra -Wshadow -Wno-unused-value -g3 -Os -ffunction-sections -fdata-sections -MMD -MP -MF"output/QueueOverwrite.d" -MT output/QueueOverwrite.o -I./../../../../Source/include -I./../../../../Source/portable/GCC/ARM_CM3 -I./../../../../Demo/Common/include -I./../../../../Demo/CORTEX_MPS2_QEMU_IAR_GCC -I./../../../../Demo/CORTEX_MPS2_QEMU_IAR_GCC/CMSIS -I./../../../../Demo/CORTEX_MPS2_QEMU_IAR_GCC/TraceRecorderConfig -I./../../../../Demo/../../FreeRTOS-Plus/Source/FreeRTOS-Plus-Trace/include  -I./../../../../Demo/../../FreeRTOS-Plus/Source/FreeRTOS-Plus-Trace/kernelports/FreeRTOS/include -I./../../../../Demo/../../FreeRTOS-Plus/Source/FreeRTOS-Plus-Trace/streamports/RingBuffer/include -c ./../../../../Demo/Common/Minimal/QueueOverwrite.c -o output/QueueOverwrite.o
arm-none-eabi-gcc -ffreestanding -mthumb -mcpu=cortex-m3 -Wall -Wextra -Wshadow -Wno-unused-value -g3 -Os -ffunction-sections -fdata-sections -MMD -MP -MF"output/QueueSet.d" -MT output/QueueSet.o -I./../../../../Source/include -I./../../../../Source/portable/GCC/ARM_CM3 -I./../../../../Demo/Common/include -I./../../../../Demo/CORTEX_MPS2_QEMU_IAR_GCC -I./../../../../Demo/CORTEX_MPS2_QEMU_IAR_GCC/CMSIS -I./../../../../Demo/CORTEX_MPS2_QEMU_IAR_GCC/TraceRecorderConfig -I./../../../../Demo/../../FreeRTOS-Plus/Source/FreeRTOS-Plus-Trace/include  -I./../../../../Demo/../../FreeRTOS-Plus/Source/FreeRTOS-Plus-Trace/kernelports/FreeRTOS/include -I./../../../../Demo/../../FreeRTOS-Plus/Source/FreeRTOS-Plus-Trace/streamports/RingBuffer/include -c ./../../../../Demo/Common/Minimal/QueueSet.c -o output/QueueSet.o
arm-none-eabi-gcc -ffreestanding -mthumb -mcpu=cortex-m3 -Wall -Wextra -Wshadow -Wno-unused-value -g3 -Os -ffunction-sections -fdata-sections -MMD -MP -MF"output/QueueSetPolling.d" -MT output/QueueSetPolling.o -I./../../../../Source/include -I./../../../../Source/portable/GCC/ARM_CM3 -I./../../../../Demo/Common/include -I./../../../../Demo/CORTEX_MPS2_QEMU_IAR_GCC -I./../../../../Demo/CORTEX_MPS2_QEMU_IAR_GCC/CMSIS -I./../../../../Demo/CORTEX_MPS2_QEMU_IAR_GCC/TraceRecorderConfig -I./../../../../Demo/../../FreeRTOS-Plus/Source/FreeRTOS-Plus-Trace/include  -I./../../../../Demo/../../FreeRTOS-Plus/Source/FreeRTOS-Plus-Trace/kernelports/FreeRTOS/include -I./../../../../Demo/../../FreeRTOS-Plus/Source/FreeRTOS-Plus-Trace/streamports/RingBuffer/include -c ./../../../../Demo/Common/Minimal/QueueSetPolling.c -o output/QueueSetPolling.o
arm-none-eabi-gcc -ffreestanding -mthumb -mcpu=cortex-m3 -Wall -Wextra -Wshadow -Wno-unused-value -g3 -Os -ffunction-sections -fdata-sections -MMD -MP -MF"output/recmutex.d" -MT output/recmutex.o -I./../../../../Source/include -I./../../../../Source/portable/GCC/ARM_CM3 -I./../../../../Demo/Common/include -I./../../../../Demo/CORTEX_MPS2_QEMU_IAR_GCC -I./../../../../Demo/CORTEX_MPS2_QEMU_IAR_GCC/CMSIS -I./../../../../Demo/CORTEX_MPS2_QEMU_IAR_GCC/TraceRecorderConfig -I./../../../../Demo/../../FreeRTOS-Plus/Source/FreeRTOS-Plus-Trace/include  -I./../../../../Demo/../../FreeRTOS-Plus/Source/FreeRTOS-Plus-Trace/kernelports/FreeRTOS/include -I./../../../../Demo/../../FreeRTOS-Plus/Source/FreeRTOS-Plus-Trace/streamports/RingBuffer/include -c ./../../../../Demo/Common/Minimal/recmutex.c -o output/recmutex.o
arm-none-eabi-gcc -ffreestanding -mthumb -mcpu=cortex-m3 -Wall -Wextra -Wshadow -Wno-unused-value -g3 -Os -ffunction-sections -fdata-sections -MMD -MP -MF"output/semtest.d" -MT output/semtest.o -I./../../../../Source/include -I./../../../../Source/portable/GCC/ARM_CM3 -I./../../../../Demo/Common/include -I./../../../../Demo/CORTEX_MPS2_QEMU_IAR_GCC -I./../../../../Demo/CORTEX_MPS2_QEMU_IAR_GCC/CMSIS -I./../../../../Demo/CORTEX_MPS2_QEMU_IAR_GCC/TraceRecorderConfig -I./../../../../Demo/../../FreeRTOS-Plus/Source/FreeRTOS-Plus-Trace/include  -I./../../../../Demo/../../FreeRTOS-Plus/Source/FreeRTOS-Plus-Trace/kernelports/FreeRTOS/include -I./../../../../Demo/../../FreeRTOS-Plus/Source/FreeRTOS-Plus-Trace/streamports/RingBuffer/include -c ./../../../../Demo/Common/Minimal/semtest.c -o output/semtest.o
arm-none-eabi-gcc -ffreestanding -mthumb -mcpu=cortex-m3 -Wall -Wextra -Wshadow -Wno-unused-value -g3 -Os -ffunction-sections -fdata-sections -MMD -MP -MF"output/StaticAllocation.d" -MT output/StaticAllocation.o -I./../../../../Source/include -I./../../../../Source/portable/GCC/ARM_CM3 -I./../../../../Demo/Common/include -I./../../../../Demo/CORTEX_MPS2_QEMU_IAR_GCC -I./../../../../Demo/CORTEX_MPS2_QEMU_IAR_GCC/CMSIS -I./../../../../Demo/CORTEX_MPS2_QEMU_IAR_GCC/TraceRecorderConfig -I./../../../../Demo/../../FreeRTOS-Plus/Source/FreeRTOS-Plus-Trace/include  -I./../../../../Demo/../../FreeRTOS-Plus/Source/FreeRTOS-Plus-Trace/kernelports/FreeRTOS/include -I./../../../../Demo/../../FreeRTOS-Plus/Source/FreeRTOS-Plus-Trace/streamports/RingBuffer/include -c ./../../../../Demo/Common/Minimal/StaticAllocation.c -o output/StaticAllocation.o
arm-none-eabi-gcc -ffreestanding -mthumb -mcpu=cortex-m3 -Wall -Wextra -Wshadow -Wno-unused-value -g3 -Os -ffunction-sections -fdata-sections -MMD -MP -MF"output/StreamBufferDemo.d" -MT output/StreamBufferDemo.o -I./../../../../Source/include -I./../../../../Source/portable/GCC/ARM_CM3 -I./../../../../Demo/Common/include -I./../../../../Demo/CORTEX_MPS2_QEMU_IAR_GCC -I./../../../../Demo/CORTEX_MPS2_QEMU_IAR_GCC/CMSIS -I./../../../../Demo/CORTEX_MPS2_QEMU_IAR_GCC/TraceRecorderConfig -I./../../../../Demo/../../FreeRTOS-Plus/Source/FreeRTOS-Plus-Trace/include  -I./../../../../Demo/../../FreeRTOS-Plus/Source/FreeRTOS-Plus-Trace/kernelports/FreeRTOS/include -I./../../../../Demo/../../FreeRTOS-Plus/Source/FreeRTOS-Plus-Trace/streamports/RingBuffer/include -c ./../../../../Demo/Common/Minimal/StreamBufferDemo.c -o output/StreamBufferDemo.o
arm-none-eabi-gcc -ffreestanding -mthumb -mcpu=cortex-m3 -Wall -Wextra -Wshadow -Wno-unused-value -g3 -Os -ffunction-sections -fdata-sections -MMD -MP -MF"output/StreamBufferInterrupt.d" -MT output/StreamBufferInterrupt.o -I./../../../../Source/include -I./../../../../Source/portable/GCC/ARM_CM3 -I./../../../../Demo/Common/include -I./../../../../Demo/CORTEX_MPS2_QEMU_IAR_GCC -I./../../../../Demo/CORTEX_MPS2_QEMU_IAR_GCC/CMSIS -I./../../../../Demo/CORTEX_MPS2_QEMU_IAR_GCC/TraceRecorderConfig -I./../../../../Demo/../../FreeRTOS-Plus/Source/FreeRTOS-Plus-Trace/include  -I./../../../../Demo/../../FreeRTOS-Plus/Source/FreeRTOS-Plus-Trace/kernelports/FreeRTOS/include -I./../../../../Demo/../../FreeRTOS-Plus/Source/FreeRTOS-Plus-Trace/streamports/RingBuffer/include -c ./../../../../Demo/Common/Minimal/StreamBufferInterrupt.c -o output/StreamBufferInterrupt.o
arm-none-eabi-gcc -ffreestanding -mthumb -mcpu=cortex-m3 -Wall -Wextra -Wshadow -Wno-unused-value -g3 -Os -ffunction-sections -fdata-sections -MMD -MP -MF"output/TaskNotify.d" -MT output/TaskNotify.o -I./../../../../Source/include -I./../../../../Source/portable/GCC/ARM_CM3 -I./../../../../Demo/Common/include -I./../../../../Demo/CORTEX_MPS2_QEMU_IAR_GCC -I./../../../../Demo/CORTEX_MPS2_QEMU_IAR_GCC/CMSIS -I./../../../../Demo/CORTEX_MPS2_QEMU_IAR_GCC/TraceRecorderConfig -I./../../../../Demo/../../FreeRTOS-Plus/Source/FreeRTOS-Plus-Trace/include  -I./../../../../Demo/../../FreeRTOS-Plus/Source/FreeRTOS-Plus-Trace/kernelports/FreeRTOS/include -I./../../../../Demo/../../FreeRTOS-Plus/Source/FreeRTOS-Plus-Trace/streamports/RingBuffer/include -c ./../../../../Demo/Common/Minimal/TaskNotify.c -o output/TaskNotify.o
arm-none-eabi-gcc -ffreestanding -mthumb -mcpu=cortex-m3 -Wall -Wextra -Wshadow -Wno-unused-value -g3 -Os -ffunction-sections -fdata-sections -MMD -MP -MF"output/TaskNotifyArray.d" -MT output/TaskNotifyArray.o -I./../../../../Source/include -I./../../../../Source/portable/GCC/ARM_CM3 -I./../../../../Demo/Common/include -I./../../../../Demo/CORTEX_MPS2_QEMU_IAR_GCC -I./../../../../Demo/CORTEX_MPS2_QEMU_IAR_GCC/CMSIS -I./../../../../Demo/CORTEX_MPS2_QEMU_IAR_GCC/TraceRecorderConfig -I./../../../../Demo/../../FreeRTOS-Plus/Source/FreeRTOS-Plus-Trace/include  -I./../../../../Demo/../../FreeRTOS-Plus/Source/FreeRTOS-Plus-Trace/kernelports/FreeRTOS/include -I./../../../../Demo/../../FreeRTOS-Plus/Source/FreeRTOS-Plus-Trace/streamports/RingBuffer/include -c ./../../../../Demo/Common/Minimal/TaskNotifyArray.c -o output/TaskNotifyArray.o
arm-none-eabi-gcc -ffreestanding -mthumb -mcpu=cortex-m3 -Wall -Wextra -Wshadow -Wno-unused-value -g3 -Os -ffunction-sections -fdata-sections -MMD -MP -MF"output/TimerDemo.d" -MT output/TimerDemo.o -I./../../../../Source/include -I./../../../../Source/portable/GCC/ARM_CM3 -I./../../../../Demo/Common/include -I./../../../../Demo/CORTEX_MPS2_QEMU_IAR_GCC -I./../../../../Demo/CORTEX_MPS2_QEMU_IAR_GCC/CMSIS -I./../../../../Demo/CORTEX_MPS2_QEMU_IAR_GCC/TraceRecorderConfig -I./../../../../Demo/../../FreeRTOS-Plus/Source/FreeRTOS-Plus-Trace/include  -I./../../../../Demo/../../FreeRTOS-Plus/Source/FreeRTOS-Plus-Trace/kernelports/FreeRTOS/include -I./../../../../Demo/../../FreeRTOS-Plus/Source/FreeRTOS-Plus-Trace/streamports/RingBuffer/include -c ./../../../../Demo/Common/Minimal/TimerDemo.c -o output/TimerDemo.o
arm-none-eabi-gcc -ffreestanding -mthumb -mcpu=cortex-m3 -Wall -Wextra -Wshadow -Wno-unused-value -g3 -Os -ffunction-sections -fdata-sections -MMD -MP -MF"output/main.d" -MT output/main.o -I./../../../../Source/include -I./../../../../Source/portable/GCC/ARM_CM3 -I./../../../../Demo/Common/include -I./../../../../Demo/CORTEX_MPS2_QEMU_IAR_GCC -I./../../../../Demo/CORTEX_MPS2_QEMU_IAR_GCC/CMSIS -I./../../../../Demo/CORTEX_MPS2_QEMU_IAR_GCC/TraceRecorderConfig -I./../../../../Demo/../../FreeRTOS-Plus/Source/FreeRTOS-Plus-Trace/include  -I./../../../../Demo/../../FreeRTOS-Plus/Source/FreeRTOS-Plus-Trace/kernelports/FreeRTOS/include -I./../../../../Demo/../../FreeRTOS-Plus/Source/FreeRTOS-Plus-Trace/streamports/RingBuffer/include -c ./../../../../Demo/CORTEX_MPS2_QEMU_IAR_GCC/main.c -o output/main.o
arm-none-eabi-gcc -ffreestanding -mthumb -mcpu=cortex-m3 -Wall -Wextra -Wshadow -Wno-unused-value -g3 -Os -ffunction-sections -fdata-sections -MMD -MP -MF"output/fuzz_harness.d" -MT output/fuzz_harness.o -I./../../../../Source/include -I./../../../../Source/portable/GCC/ARM_CM3 -I./../../../../Demo/Common/include -I./../../../../Demo/CORTEX_MPS2_QEMU_IAR_GCC -I./../../../../Demo/CORTEX_MPS2_QEMU_IAR_GCC/CMSIS -I./../../../../Demo/CORTEX_MPS2_QEMU_IAR_GCC/TraceRecorderConfig -I./../../../../Demo/../../FreeRTOS-Plus/Source/FreeRTOS-Plus-Trace/include  -I./../../../../Demo/../../FreeRTOS-Plus/Source/FreeRTOS-Plus-Trace/kernelports/FreeRTOS/include -I./../../../../Demo/../../FreeRTOS-Plus/Source/FreeRTOS-Plus-Trace/streamports/RingBuffer/include -c ./../../../../Demo/CORTEX_MPS2_QEMU_IAR_GCC/fuzz_harness.c -o output/fuzz_harness.o


[STDERR]
./../../../../Demo/CORTEX_MPS2_QEMU_IAR_GCC/fuzz_harness.c:146:8: error: unknown type name 'EventGroupHandle_t'
  146 | static EventGroupHandle_t g_event_group = NULL;
      |        ^~~~~~~~~~~~~~~~~~
./../../../../Demo/CORTEX_MPS2_QEMU_IAR_GCC/fuzz_harness.c:146:43: warning: initialization of 'int' from 'void *' makes integer from pointer without a cast [-Wint-conversion]
  146 | static EventGroupHandle_t g_event_group = NULL;
      |                                           ^~~~
./../../../../Demo/CORTEX_MPS2_QEMU_IAR_GCC/fuzz_harness.c:158:5: error: unknown type name 'EventBits_t'
  158 |     EventBits_t bits_to_wait_for;
      |     ^~~~~~~~~~~
./../../../../Demo/CORTEX_MPS2_QEMU_IAR_GCC/fuzz_harness.c: In function 'helper_task':
./../../../../Demo/CORTEX_MPS2_QEMU_IAR_GCC/fuzz_harness.c:171:23: warning: comparison between pointer and integer
  171 |     if (g_event_group == NULL)
      |                       ^~
./../../../../Demo/CORTEX_MPS2_QEMU_IAR_GCC/fuzz_harness.c:177:5: error: unknown type name 'EventBits_t'
  177 |     EventBits_t uxBitsToWaitFor = cfg->bits_to_wait_for & 0x00FFFFFFu; /* keep in user range */
      |     ^~~~~~~~~~~
./../../../../Demo/CORTEX_MPS2_QEMU_IAR_GCC/fuzz_harness.c:188:12: warning: implicit declaration of function 'xEventGroupWaitBits' [-Wimplicit-function-declaration]
  188 |     (void) xEventGroupWaitBits(
      |            ^~~~~~~~~~~~~~~~~~~
./../../../../Demo/CORTEX_MPS2_QEMU_IAR_GCC/fuzz_harness.c: In function 'ensure_event_group_created':
./../../../../Demo/CORTEX_MPS2_QEMU_IAR_GCC/fuzz_harness.c:200:23: warning: comparison between pointer and integer
  200 |     if (g_event_group == NULL)
      |                       ^~
./../../../../Demo/CORTEX_MPS2_QEMU_IAR_GCC/fuzz_harness.c:202:25: warning: implicit declaration of function 'xEventGroupCreateStatic'; did you mean 'xQueueCreateStatic'? [-Wimplicit-function-declaration]
  202 |         g_event_group = xEventGroupCreateStatic(&g_event_group_buf);
      |                         ^~~~~~~~~~~~~~~~~~~~~~~
      |                         xQueueCreateStatic
In file included from ./../../../../Source/include/FreeRTOS.h:58,
                 from ./../../../../Demo/CORTEX_MPS2_QEMU_IAR_GCC/fuzz_harness.c:36:
./../../../../Demo/CORTEX_MPS2_QEMU_IAR_GCC/fuzz_harness.c:203:36: warning: comparison between pointer and integer
  203 |         configASSERT(g_event_group != NULL);
      |                                    ^~
./../../../../Demo/CORTEX_MPS2_QEMU_IAR_GCC/FreeRTOSConfig.h:129:40: note: in definition of macro 'configASSERT'
  129 |     #define configASSERT( x )    if( ( x ) == 0 ) vAssertCalled( __FILE__, __LINE__ );
      |                                        ^
./../../../../Demo/CORTEX_MPS2_QEMU_IAR_GCC/fuzz_harness.c: In function 'create_or_update_helper_tasks':
./../../../../Demo/CORTEX_MPS2_QEMU_IAR_GCC/fuzz_harness.c:241:45: error: 'EventBits_t' undeclared (first use in this function)
  241 |         g_helper_cfg[i].bits_to_wait_for = (EventBits_t)(bits_raw & 0x00FFFFFFu);
      |                                             ^~~~~~~~~~~
./../../../../Demo/CORTEX_MPS2_QEMU_IAR_GCC/fuzz_harness.c:241:45: note: each undeclared identifier is reported only once for each function it appears in
./../../../../Demo/CORTEX_MPS2_QEMU_IAR_GCC/fuzz_harness.c: In function 'test_task':
./../../../../Demo/CORTEX_MPS2_QEMU_IAR_GCC/fuzz_harness.c:302:30: warning: declaration of 'fr' shadows a previous local [-Wshadow]
  302 |             static FR_Reader fr;
      |                              ^~
./../../../../Demo/CORTEX_MPS2_QEMU_IAR_GCC/fuzz_harness.c:277:15: note: shadowed declaration is here
  277 |     FR_Reader fr = FR_init(FUZZ_INPUT, MAX_FUZZ_INPUT_SIZE);
      |               ^~
./../../../../Demo/CORTEX_MPS2_QEMU_IAR_GCC/fuzz_harness.c:306:42: warning: implicit declaration of function 'FUZZ_INPUT_LEN' [-Wimplicit-function-declaration]
  306 |                 FR_init(&fr, FUZZ_INPUT, FUZZ_INPUT_LEN);
      |                                          ^~~~~~~~~~~~~~
./../../../../Demo/CORTEX_MPS2_QEMU_IAR_GCC/fuzz_harness.c:93:40: note: in definition of macro 'FR_init_SELECT'
   93 | #define FR_init_SELECT(_1,_2,NAME,...) NAME
      |                                        ^~~~
./../../../../Demo/CORTEX_MPS2_QEMU_IAR_GCC/fuzz_harness.c:306:17: note: in expansion of macro 'FR_init'
  306 |                 FR_init(&fr, FUZZ_INPUT, FUZZ_INPUT_LEN);
      |                 ^~~~~~~
./../../../../Demo/CORTEX_MPS2_QEMU_IAR_GCC/fuzz_harness.c:327:13: error: unknown type name 'EventBits_t'
  327 |             EventBits_t uxBitsToSet = (EventBits_t)(raw_bits & ~eventEVENT_BITS_CONTROL_BYTES);
      |             ^~~~~~~~~~~
./../../../../Demo/CORTEX_MPS2_QEMU_IAR_GCC/fuzz_harness.c:327:40: error: 'EventBits_t' undeclared (first use in this function)
  327 |             EventBits_t uxBitsToSet = (EventBits_t)(raw_bits & ~eventEVENT_BITS_CONTROL_BYTES);
      |                                        ^~~~~~~~~~~
./../../../../Demo/CORTEX_MPS2_QEMU_IAR_GCC/fuzz_harness.c:327:65: error: 'eventEVENT_BITS_CONTROL_BYTES' undeclared (first use in this function)
  327 |             EventBits_t uxBitsToSet = (EventBits_t)(raw_bits & ~eventEVENT_BITS_CONTROL_BYTES);
      |                                                                 ^~~~~~~~~~~~~~~~~~~~~~~~~~~~~
./../../../../Demo/CORTEX_MPS2_QEMU_IAR_GCC/fuzz_harness.c:330:24: error: expected ';' before 'before'
  330 |             EventBits_t before = xEventGroupGetBits(g_event_group);
      |                        ^~~~~~~
      |                        ;
./../../../../Demo/CORTEX_MPS2_QEMU_IAR_GCC/fuzz_harness.c:331:20: error: 'before' undeclared (first use in this function)
  331 |             (void) before; /* value kept for potential debug; avoid unused warning */
      |                    ^~~~~~
./../../../../Demo/CORTEX_MPS2_QEMU_IAR_GCC/fuzz_harness.c:333:24: error: expected ';' before 'ret'
  333 |             EventBits_t ret = xEventGroupSetBits(g_event_group, uxBitsToSet);
      |                        ^~~~
      |                        ;
./../../../../Demo/CORTEX_MPS2_QEMU_IAR_GCC/fuzz_harness.c:336:27: error: 'ret' undeclared (first use in this function)
  336 |             configASSERT((ret & eventEVENT_BITS_CONTROL_BYTES) == 0);
      |                           ^~~
./../../../../Demo/CORTEX_MPS2_QEMU_IAR_GCC/FreeRTOSConfig.h:129:40: note: in definition of macro 'configASSERT'
  129 |     #define configASSERT( x )    if( ( x ) == 0 ) vAssertCalled( __FILE__, __LINE__ );
      |                                        ^
./../../../../Demo/CORTEX_MPS2_QEMU_IAR_GCC/fuzz_harness.c:342:24: error: expected ';' before 'after'
  342 |             EventBits_t after = xEventGroupGetBits(g_event_group);
      |                        ^~~~~~
      |                        ;
./../../../../Demo/CORTEX_MPS2_QEMU_IAR_GCC/fuzz_harness.c:343:27: error: 'after' undeclared (first use in this function)
  343 |             configASSERT((after & eventEVENT_BITS_CONTROL_BYTES) == 0);
      |                           ^~~~~
./../../../../Demo/CORTEX_MPS2_QEMU_IAR_GCC/FreeRTOSConfig.h:129:40: note: in definition of macro 'configASSERT'
  129 |     #define configASSERT( x )    if( ( x ) == 0 ) vAssertCalled( __FILE__, __LINE__ );
      |                                        ^
./../../../../Demo/CORTEX_MPS2_QEMU_IAR_GCC/fuzz_harness.c:327:25: warning: unused variable 'uxBitsToSet' [-Wunused-variable]
  327 |             EventBits_t uxBitsToSet = (EventBits_t)(raw_bits & ~eventEVENT_BITS_CONTROL_BYTES);
      |                         ^~~~~~~~~~~
./../../../../Demo/CORTEX_MPS2_QEMU_IAR_GCC/fuzz_harness.c: In function 'fuzz_task':
./../../../../Demo/CORTEX_MPS2_QEMU_IAR_GCC/fuzz_harness.c:367:9: warning: passing argument 1 of 'xTaskCreateStatic' from incompatible pointer type [-Wincompatible-pointer-types]
  367 |         test_task,
      |         ^~~~~~~~~
      |         |
      |         void (*)(void)
In file included from ./../../../../Demo/CORTEX_MPS2_QEMU_IAR_GCC/fuzz_harness.c:38:
./../../../../Source/include/task.h:512:52: note: expected 'TaskFunction_t' {aka 'void (*)(void *)'} but argument is of type 'void (*)(void)'
  512 |     TaskHandle_t xTaskCreateStatic( TaskFunction_t pxTaskCode,
      |                                     ~~~~~~~~~~~~~~~^~~~~~~~~~
make: *** [Makefile:149: output/fuzz_harness.o] Error 1
