[COMMAND]
qemu-system-arm -machine mps2-an385 -monitor null -semihosting --semihosting-config enable=on,target=native -kernel /home/zwz/FreeRTOS/FreeRTOS/Demo/CORTEX_MPS2_QEMU_IAR_GCC/build/gcc/output/RTOSDemo.out -serial stdio -nographic
[CWD]
/home/zwz/FreeRTOS/FreeRTOS/Demo/CORTEX_MPS2_QEMU_IAR_GCC
[TIMEOUT]
False
[RETURN_CODE]
-6

[STDOUT]
Hello from FreeRTOS fuzz demo!
[TEST_CASE_COMPLETED]
Calling prvGetRegistersFromStack() from fault handler

[STDERR]
qemu: fatal: Lockup: can't escalate 3 to HardFault (current priority -1)

R00=00000000 R01=00000072 R02=deadbeef R03=20000000
R04=20000004 R05=00000000 R06=20000468 R07=200004d0
R08=20000538 R09=00000000 R10=00000000 R11=00000000
R12=00000000 R13=203fffd8 R14=0000385f R15=00003866
XPSR=61000003 -ZC- T handler
FPSCR: 00000000

