[RETURN_CODE]
2

[STDOUT]
rm -f ./output/RTOSDemo.out ./output/RTOSDemo.map ./output/*.o ./output/*.d
arm-none-eabi-gcc -ffreestanding -mthumb -mcpu=cortex-m3 -Wall -Wextra -Wshadow -Wno-unused-value -g3 -Os -ffunction-sections -fdata-sections -MMD -MP -MF"output/tasks.d" -MT output/tasks.o -I./../../../../Source/include -I./../../../../Source/portable/GCC/ARM_CM3 -I./../../../../Demo/Common/include -I./../../../../Demo/CORTEX_MPS2_QEMU_IAR_GCC -I./../../../../Demo/CORTEX_MPS2_QEMU_IAR_GCC/CMSIS -I./../../../../Demo/CORTEX_MPS2_QEMU_IAR_GCC/TraceRecorderConfig -I./../../../../Demo/../../FreeRTOS-Plus/Source/FreeRTOS-Plus-Trace/include  -I./../../../../Demo/../../FreeRTOS-Plus/Source/FreeRTOS-Plus-Trace/kernelports/FreeRTOS/include -I./../../../../Demo/../../FreeRTOS-Plus/Source/FreeRTOS-Plus-Trace/streamports/RingBuffer/include -c ./../../../../Source/tasks.c -o output/tasks.o
arm-none-eabi-gcc -ffreestanding -mthumb -mcpu=cortex-m3 -Wall -Wextra -Wshadow -Wno-unused-value -g3 -Os -ffunction-sections -fdata-sections -MMD -MP -MF"output/list.d" -MT output/list.o -I./../../../../Source/include -I./../../../../Source/portable/GCC/ARM_CM3 -I./../../../../Demo/Common/include -I./../../../../Demo/CORTEX_MPS2_QEMU_IAR_GCC -I./../../../../Demo/CORTEX_MPS2_QEMU_IAR_GCC/CMSIS -I./../../../../Demo/CORTEX_MPS2_QEMU_IAR_GCC/TraceRecorderConfig -I./../../../../Demo/../../FreeRTOS-Plus/Source/FreeRTOS-Plus-Trace/include  -I./../../../../Demo/../../FreeRTOS-Plus/Source/FreeRTOS-Plus-Trace/kernelports/FreeRTOS/include -I./../../../../Demo/../../FreeRTOS-Plus/Source/FreeRTOS-Plus-Trace/streamports/RingBuffer/include -c ./../../../../Source/list.c -o output/list.o
arm-none-eabi-gcc -ffreestanding -mthumb -mcpu=cortex-m3 -Wall -Wextra -Wshadow -Wno-unused-value -g3 -Os -ffunction-sections -fdata-sections -MMD -MP -MF"output/queue.d" -MT output/queue.o -I./../../../../Source/include -I./../../../../Source/portable/GCC/ARM_CM3 -I./../../../../Demo/Common/include -I./../../../../Demo/CORTEX_MPS2_QEMU_IAR_GCC -I./../../../../Demo/CORTEX_MPS2_QEMU_IAR_GCC/CMSIS -I./../../../../Demo/CORTEX_MPS2_QEMU_IAR_GCC/TraceRecorderConfig -I./../../../../Demo/../../FreeRTOS-Plus/Source/FreeRTOS-Plus-Trace/include  -I./../../../../Demo/../../FreeRTOS-Plus/Source/FreeRTOS-Plus-Trace/kernelports/FreeRTOS/include -I./../../../../Demo/../../FreeRTOS-Plus/Source/FreeRTOS-Plus-Trace/streamports/RingBuffer/include -c ./../../../../Source/queue.c -o output/queue.o
arm-none-eabi-gcc -ffreestanding -mthumb -mcpu=cortex-m3 -Wall -Wextra -Wshadow -Wno-unused-value -g3 -Os -ffunction-sections -fdata-sections -MMD -MP -MF"output/timers.d" -MT output/timers.o -I./../../../../Source/include -I./../../../../Source/portable/GCC/ARM_CM3 -I./../../../../Demo/Common/include -I./../../../../Demo/CORTEX_MPS2_QEMU_IAR_GCC -I./../../../../Demo/CORTEX_MPS2_QEMU_IAR_GCC/CMSIS -I./../../../../Demo/CORTEX_MPS2_QEMU_IAR_GCC/TraceRecorderConfig -I./../../../../Demo/../../FreeRTOS-Plus/Source/FreeRTOS-Plus-Trace/include  -I./../../../../Demo/../../FreeRTOS-Plus/Source/FreeRTOS-Plus-Trace/kernelports/FreeRTOS/include -I./../../../../Demo/../../FreeRTOS-Plus/Source/FreeRTOS-Plus-Trace/streamports/RingBuffer/include -c ./../../../../Source/timers.c -o output/timers.o
arm-none-eabi-gcc -ffreestanding -mthumb -mcpu=cortex-m3 -Wall -Wextra -Wshadow -Wno-unused-value -g3 -Os -ffunction-sections -fdata-sections -MMD -MP -MF"output/event_groups.d" -MT output/event_groups.o -I./../../../../Source/include -I./../../../../Source/portable/GCC/ARM_CM3 -I./../../../../Demo/Common/include -I./../../../../Demo/CORTEX_MPS2_QEMU_IAR_GCC -I./../../../../Demo/CORTEX_MPS2_QEMU_IAR_GCC/CMSIS -I./../../../../Demo/CORTEX_MPS2_QEMU_IAR_GCC/TraceRecorderConfig -I./../../../../Demo/../../FreeRTOS-Plus/Source/FreeRTOS-Plus-Trace/include  -I./../../../../Demo/../../FreeRTOS-Plus/Source/FreeRTOS-Plus-Trace/kernelports/FreeRTOS/include -I./../../../../Demo/../../FreeRTOS-Plus/Source/FreeRTOS-Plus-Trace/streamports/RingBuffer/include -c ./../../../../Source/event_groups.c -o output/event_groups.o
arm-none-eabi-gcc -ffreestanding -mthumb -mcpu=cortex-m3 -Wall -Wextra -Wshadow -Wno-unused-value -g3 -Os -ffunction-sections -fdata-sections -MMD -MP -MF"output/stream_buffer.d" -MT output/stream_buffer.o -I./../../../../Source/include -I./../../../../Source/portable/GCC/ARM_CM3 -I./../../../../Demo/Common/include -I./../../../../Demo/CORTEX_MPS2_QEMU_IAR_GCC -I./../../../../Demo/CORTEX_MPS2_QEMU_IAR_GCC/CMSIS -I./../../../../Demo/CORTEX_MPS2_QEMU_IAR_GCC/TraceRecorderConfig -I./../../../../Demo/../../FreeRTOS-Plus/Source/FreeRTOS-Plus-Trace/include  -I./../../../../Demo/../../FreeRTOS-Plus/Source/FreeRTOS-Plus-Trace/kernelports/FreeRTOS/include -I./../../../../Demo/../../FreeRTOS-Plus/Source/FreeRTOS-Plus-Trace/streamports/RingBuffer/include -c ./../../../../Source/stream_buffer.c -o output/stream_buffer.o
arm-none-eabi-gcc -ffreestanding -mthumb -mcpu=cortex-m3 -Wall -Wextra -Wshadow -Wno-unused-value -g3 -Os -ffunction-sections -fdata-sections -MMD -MP -MF"output/heap_4.d" -MT output/heap_4.o -I./../../../../Source/include -I./../../../../Source/portable/GCC/ARM_CM3 -I./../../../../Demo/Common/include -I./../../../../Demo/CORTEX_MPS2_QEMU_IAR_GCC -I./../../../../Demo/CORTEX_MPS2_QEMU_IAR_GCC/CMSIS -I./../../../../Demo/CORTEX_MPS2_QEMU_IAR_GCC/TraceRecorderConfig -I./../../../../Demo/../../FreeRTOS-Plus/Source/FreeRTOS-Plus-Trace/include  -I./../../../../Demo/../../FreeRTOS-Plus/Source/FreeRTOS-Plus-Trace/kernelports/FreeRTOS/include -I./../../../../Demo/../../FreeRTOS-Plus/Source/FreeRTOS-Plus-Trace/streamports/RingBuffer/include -c ./../../../../Source/portable/MemMang/heap_4.c -o output/heap_4.o
arm-none-eabi-gcc -ffreestanding -mthumb -mcpu=cortex-m3 -Wall -Wextra -Wshadow -Wno-unused-value -g3 -Os -ffunction-sections -fdata-sections -MMD -MP -MF"output/port.d" -MT output/port.o -I./../../../../Source/include -I./../../../../Source/portable/GCC/ARM_CM3 -I./../../../../Demo/Common/include -I./../../../../Demo/CORTEX_MPS2_QEMU_IAR_GCC -I./../../../../Demo/CORTEX_MPS2_QEMU_IAR_GCC/CMSIS -I./../../../../Demo/CORTEX_MPS2_QEMU_IAR_GCC/TraceRecorderConfig -I./../../../../Demo/../../FreeRTOS-Plus/Source/FreeRTOS-Plus-Trace/include  -I./../../../../Demo/../../FreeRTOS-Plus/Source/FreeRTOS-Plus-Trace/kernelports/FreeRTOS/include -I./../../../../Demo/../../FreeRTOS-Plus/Source/FreeRTOS-Plus-Trace/streamports/RingBuffer/include -c ./../../../../Source/portable/GCC/ARM_CM3/port.c -o output/port.o
arm-none-eabi-gcc -ffreestanding -mthumb -mcpu=cortex-m3 -Wall -Wextra -Wshadow -Wno-unused-value -g3 -Os -ffunction-sections -fdata-sections -MMD -MP -MF"output/AbortDelay.d" -MT output/AbortDelay.o -I./../../../../Source/include -I./../../../../Source/portable/GCC/ARM_CM3 -I./../../../../Demo/Common/include -I./../../../../Demo/CORTEX_MPS2_QEMU_IAR_GCC -I./../../../../Demo/CORTEX_MPS2_QEMU_IAR_GCC/CMSIS -I./../../../../Demo/CORTEX_MPS2_QEMU_IAR_GCC/TraceRecorderConfig -I./../../../../Demo/../../FreeRTOS-Plus/Source/FreeRTOS-Plus-Trace/include  -I./../../../../Demo/../../FreeRTOS-Plus/Source/FreeRTOS-Plus-Trace/kernelports/FreeRTOS/include -I./../../../../Demo/../../FreeRTOS-Plus/Source/FreeRTOS-Plus-Trace/streamports/RingBuffer/include -c ./../../../../Demo/Common/Minimal/AbortDelay.c -o output/AbortDelay.o
arm-none-eabi-gcc -ffreestanding -mthumb -mcpu=cortex-m3 -Wall -Wextra -Wshadow -Wno-unused-value -g3 -Os -ffunction-sections -fdata-sections -MMD -MP -MF"output/BlockQ.d" -MT output/BlockQ.o -I./../../../../Source/include -I./../../../../Source/portable/GCC/ARM_CM3 -I./../../../../Demo/Common/include -I./../../../../Demo/CORTEX_MPS2_QEMU_IAR_GCC -I./../../../../Demo/CORTEX_MPS2_QEMU_IAR_GCC/CMSIS -I./../../../../Demo/CORTEX_MPS2_QEMU_IAR_GCC/TraceRecorderConfig -I./../../../../Demo/../../FreeRTOS-Plus/Source/FreeRTOS-Plus-Trace/include  -I./../../../../Demo/../../FreeRTOS-Plus/Source/FreeRTOS-Plus-Trace/kernelports/FreeRTOS/include -I./../../../../Demo/../../FreeRTOS-Plus/Source/FreeRTOS-Plus-Trace/streamports/RingBuffer/include -c ./../../../../Demo/Common/Minimal/BlockQ.c -o output/BlockQ.o
arm-none-eabi-gcc -ffreestanding -mthumb -mcpu=cortex-m3 -Wall -Wextra -Wshadow -Wno-unused-value -g3 -Os -ffunction-sections -fdata-sections -MMD -MP -MF"output/blocktim.d" -MT output/blocktim.o -I./../../../../Source/include -I./../../../../Source/portable/GCC/ARM_CM3 -I./../../../../Demo/Common/include -I./../../../../Demo/CORTEX_MPS2_QEMU_IAR_GCC -I./../../../../Demo/CORTEX_MPS2_QEMU_IAR_GCC/CMSIS -I./../../../../Demo/CORTEX_MPS2_QEMU_IAR_GCC/TraceRecorderConfig -I./../../../../Demo/../../FreeRTOS-Plus/Source/FreeRTOS-Plus-Trace/include  -I./../../../../Demo/../../FreeRTOS-Plus/Source/FreeRTOS-Plus-Trace/kernelports/FreeRTOS/include -I./../../../../Demo/../../FreeRTOS-Plus/Source/FreeRTOS-Plus-Trace/streamports/RingBuffer/include -c ./../../../../Demo/Common/Minimal/blocktim.c -o output/blocktim.o
arm-none-eabi-gcc -ffreestanding -mthumb -mcpu=cortex-m3 -Wall -Wextra -Wshadow -Wno-unused-value -g3 -Os -ffunction-sections -fdata-sections -MMD -MP -MF"output/countsem.d" -MT output/countsem.o -I./../../../../Source/include -I./../../../../Source/portable/GCC/ARM_CM3 -I./../../../../Demo/Common/include -I./../../../../Demo/CORTEX_MPS2_QEMU_IAR_GCC -I./../../../../Demo/CORTEX_MPS2_QEMU_IAR_GCC/CMSIS -I./../../../../Demo/CORTEX_MPS2_QEMU_IAR_GCC/TraceRecorderConfig -I./../../../../Demo/../../FreeRTOS-Plus/Source/FreeRTOS-Plus-Trace/include  -I./../../../../Demo/../../FreeRTOS-Plus/Source/FreeRTOS-Plus-Trace/kernelports/FreeRTOS/include -I./../../../../Demo/../../FreeRTOS-Plus/Source/FreeRTOS-Plus-Trace/streamports/RingBuffer/include -c ./../../../../Demo/Common/Minimal/countsem.c -o output/countsem.o
arm-none-eabi-gcc -ffreestanding -mthumb -mcpu=cortex-m3 -Wall -Wextra -Wshadow -Wno-unused-value -g3 -Os -ffunction-sections -fdata-sections -MMD -MP -MF"output/death.d" -MT output/death.o -I./../../../../Source/include -I./../../../../Source/portable/GCC/ARM_CM3 -I./../../../../Demo/Common/include -I./../../../../Demo/CORTEX_MPS2_QEMU_IAR_GCC -I./../../../../Demo/CORTEX_MPS2_QEMU_IAR_GCC/CMSIS -I./../../../../Demo/CORTEX_MPS2_QEMU_IAR_GCC/TraceRecorderConfig -I./../../../../Demo/../../FreeRTOS-Plus/Source/FreeRTOS-Plus-Trace/include  -I./../../../../Demo/../../FreeRTOS-Plus/Source/FreeRTOS-Plus-Trace/kernelports/FreeRTOS/include -I./../../../../Demo/../../FreeRTOS-Plus/Source/FreeRTOS-Plus-Trace/streamports/RingBuffer/include -c ./../../../../Demo/Common/Minimal/death.c -o output/death.o
arm-none-eabi-gcc -ffreestanding -mthumb -mcpu=cortex-m3 -Wall -Wextra -Wshadow -Wno-unused-value -g3 -Os -ffunction-sections -fdata-sections -MMD -MP -MF"output/dynamic.d" -MT output/dynamic.o -I./../../../../Source/include -I./../../../../Source/portable/GCC/ARM_CM3 -I./../../../../Demo/Common/include -I./../../../../Demo/CORTEX_MPS2_QEMU_IAR_GCC -I./../../../../Demo/CORTEX_MPS2_QEMU_IAR_GCC/CMSIS -I./../../../../Demo/CORTEX_MPS2_QEMU_IAR_GCC/TraceRecorderConfig -I./../../../../Demo/../../FreeRTOS-Plus/Source/FreeRTOS-Plus-Trace/include  -I./../../../../Demo/../../FreeRTOS-Plus/Source/FreeRTOS-Plus-Trace/kernelports/FreeRTOS/include -I./../../../../Demo/../../FreeRTOS-Plus/Source/FreeRTOS-Plus-Trace/streamports/RingBuffer/include -c ./../../../../Demo/Common/Minimal/dynamic.c -o output/dynamic.o
arm-none-eabi-gcc -ffreestanding -mthumb -mcpu=cortex-m3 -Wall -Wextra -Wshadow -Wno-unused-value -g3 -Os -ffunction-sections -fdata-sections -MMD -MP -MF"output/EventGroupsDemo.d" -MT output/EventGroupsDemo.o -I./../../../../Source/include -I./../../../../Source/portable/GCC/ARM_CM3 -I./../../../../Demo/Common/include -I./../../../../Demo/CORTEX_MPS2_QEMU_IAR_GCC -I./../../../../Demo/CORTEX_MPS2_QEMU_IAR_GCC/CMSIS -I./../../../../Demo/CORTEX_MPS2_QEMU_IAR_GCC/TraceRecorderConfig -I./../../../../Demo/../../FreeRTOS-Plus/Source/FreeRTOS-Plus-Trace/include  -I./../../../../Demo/../../FreeRTOS-Plus/Source/FreeRTOS-Plus-Trace/kernelports/FreeRTOS/include -I./../../../../Demo/../../FreeRTOS-Plus/Source/FreeRTOS-Plus-Trace/streamports/RingBuffer/include -c ./../../../../Demo/Common/Minimal/EventGroupsDemo.c -o output/EventGroupsDemo.o
arm-none-eabi-gcc -ffreestanding -mthumb -mcpu=cortex-m3 -Wall -Wextra -Wshadow -Wno-unused-value -g3 -Os -ffunction-sections -fdata-sections -MMD -MP -MF"output/GenQTest.d" -MT output/GenQTest.o -I./../../../../Source/include -I./../../../../Source/portable/GCC/ARM_CM3 -I./../../../../Demo/Common/include -I./../../../../Demo/CORTEX_MPS2_QEMU_IAR_GCC -I./../../../../Demo/CORTEX_MPS2_QEMU_IAR_GCC/CMSIS -I./../../../../Demo/CORTEX_MPS2_QEMU_IAR_GCC/TraceRecorderConfig -I./../../../../Demo/../../FreeRTOS-Plus/Source/FreeRTOS-Plus-Trace/include  -I./../../../../Demo/../../FreeRTOS-Plus/Source/FreeRTOS-Plus-Trace/kernelports/FreeRTOS/include -I./../../../../Demo/../../FreeRTOS-Plus/Source/FreeRTOS-Plus-Trace/streamports/RingBuffer/include -c ./../../../../Demo/Common/Minimal/GenQTest.c -o output/GenQTest.o
arm-none-eabi-gcc -ffreestanding -mthumb -mcpu=cortex-m3 -Wall -Wextra -Wshadow -Wno-unused-value -g3 -Os -ffunction-sections -fdata-sections -MMD -MP -MF"output/integer.d" -MT output/integer.o -I./../../../../Source/include -I./../../../../Source/portable/GCC/ARM_CM3 -I./../../../../Demo/Common/include -I./../../../../Demo/CORTEX_MPS2_QEMU_IAR_GCC -I./../../../../Demo/CORTEX_MPS2_QEMU_IAR_GCC/CMSIS -I./../../../../Demo/CORTEX_MPS2_QEMU_IAR_GCC/TraceRecorderConfig -I./../../../../Demo/../../FreeRTOS-Plus/Source/FreeRTOS-Plus-Trace/include  -I./../../../../Demo/../../FreeRTOS-Plus/Source/FreeRTOS-Plus-Trace/kernelports/FreeRTOS/include -I./../../../../Demo/../../FreeRTOS-Plus/Source/FreeRTOS-Plus-Trace/streamports/RingBuffer/include -c ./../../../../Demo/Common/Minimal/integer.c -o output/integer.o
arm-none-eabi-gcc -ffreestanding -mthumb -mcpu=cortex-m3 -Wall -Wextra -Wshadow -Wno-unused-value -g3 -Os -ffunction-sections -fdata-sections -MMD -MP -MF"output/IntQueue.d" -MT output/IntQueue.o -I./../../../../Source/include -I./../../../../Source/portable/GCC/ARM_CM3 -I./../../../../Demo/Common/include -I./../../../../Demo/CORTEX_MPS2_QEMU_IAR_GCC -I./../../../../Demo/CORTEX_MPS2_QEMU_IAR_GCC/CMSIS -I./../../../../Demo/CORTEX_MPS2_QEMU_IAR_GCC/TraceRecorderConfig -I./../../../../Demo/../../FreeRTOS-Plus/Source/FreeRTOS-Plus-Trace/include  -I./../../../../Demo/../../FreeRTOS-Plus/Source/FreeRTOS-Plus-Trace/kernelports/FreeRTOS/include -I./../../../../Demo/../../FreeRTOS-Plus/Source/FreeRTOS-Plus-Trace/streamports/RingBuffer/include -c ./../../../../Demo/Common/Minimal/IntQueue.c -o output/IntQueue.o
arm-none-eabi-gcc -ffreestanding -mthumb -mcpu=cortex-m3 -Wall -Wextra -Wshadow -Wno-unused-value -g3 -Os -ffunction-sections -fdata-sections -MMD -MP -MF"output/IntQueueTimer.d" -MT output/IntQueueTimer.o -I./../../../../Source/include -I./../../../../Source/portable/GCC/ARM_CM3 -I./../../../../Demo/Common/include -I./../../../../Demo/CORTEX_MPS2_QEMU_IAR_GCC -I./../../../../Demo/CORTEX_MPS2_QEMU_IAR_GCC/CMSIS -I./../../../../Demo/CORTEX_MPS2_QEMU_IAR_GCC/TraceRecorderConfig -I./../../../../Demo/../../FreeRTOS-Plus/Source/FreeRTOS-Plus-Trace/include  -I./../../../../Demo/../../FreeRTOS-Plus/Source/FreeRTOS-Plus-Trace/kernelports/FreeRTOS/include -I./../../../../Demo/../../FreeRTOS-Plus/Source/FreeRTOS-Plus-Trace/streamports/RingBuffer/include -c ./../../../../Demo/CORTEX_MPS2_QEMU_IAR_GCC/IntQueueTimer.c -o output/IntQueueTimer.o
arm-none-eabi-gcc -ffreestanding -mthumb -mcpu=cortex-m3 -Wall -Wextra -Wshadow -Wno-unused-value -g3 -Os -ffunction-sections -fdata-sections -MMD -MP -MF"output/IntSemTest.d" -MT output/IntSemTest.o -I./../../../../Source/include -I./../../../../Source/portable/GCC/ARM_CM3 -I./../../../../Demo/Common/include -I./../../../../Demo/CORTEX_MPS2_QEMU_IAR_GCC -I./../../../../Demo/CORTEX_MPS2_QEMU_IAR_GCC/CMSIS -I./../../../../Demo/CORTEX_MPS2_QEMU_IAR_GCC/TraceRecorderConfig -I./../../../../Demo/../../FreeRTOS-Plus/Source/FreeRTOS-Plus-Trace/include  -I./../../../../Demo/../../FreeRTOS-Plus/Source/FreeRTOS-Plus-Trace/kernelports/FreeRTOS/include -I./../../../../Demo/../../FreeRTOS-Plus/Source/FreeRTOS-Plus-Trace/streamports/RingBuffer/include -c ./../../../../Demo/Common/Minimal/IntSemTest.c -o output/IntSemTest.o
arm-none-eabi-gcc -ffreestanding -mthumb -mcpu=cortex-m3 -Wall -Wextra -Wshadow -Wno-unused-value -g3 -Os -ffunction-sections -fdata-sections -MMD -MP -MF"output/MessageBufferAMP.d" -MT output/MessageBufferAMP.o -I./../../../../Source/include -I./../../../../Source/portable/GCC/ARM_CM3 -I./../../../../Demo/Common/include -I./../../../../Demo/CORTEX_MPS2_QEMU_IAR_GCC -I./../../../../Demo/CORTEX_MPS2_QEMU_IAR_GCC/CMSIS -I./../../../../Demo/CORTEX_MPS2_QEMU_IAR_GCC/TraceRecorderConfig -I./../../../../Demo/../../FreeRTOS-Plus/Source/FreeRTOS-Plus-Trace/include  -I./../../../../Demo/../../FreeRTOS-Plus/Source/FreeRTOS-Plus-Trace/kernelports/FreeRTOS/include -I./../../../../Demo/../../FreeRTOS-Plus/Source/FreeRTOS-Plus-Trace/streamports/RingBuffer/include -c ./../../../../Demo/Common/Minimal/MessageBufferAMP.c -o output/MessageBufferAMP.o
arm-none-eabi-gcc -ffreestanding -mthumb -mcpu=cortex-m3 -Wall -Wextra -Wshadow -Wno-unused-value -g3 -Os -ffunction-sections -fdata-sections -MMD -MP -MF"output/MessageBufferDemo.d" -MT output/MessageBufferDemo.o -I./../../../../Source/include -I./../../../../Source/portable/GCC/ARM_CM3 -I./../../../../Demo/Common/include -I./../../../../Demo/CORTEX_MPS2_QEMU_IAR_GCC -I./../../../../Demo/CORTEX_MPS2_QEMU_IAR_GCC/CMSIS -I./../../../../Demo/CORTEX_MPS2_QEMU_IAR_GCC/TraceRecorderConfig -I./../../../../Demo/../../FreeRTOS-Plus/Source/FreeRTOS-Plus-Trace/include  -I./../../../../Demo/../../FreeRTOS-Plus/Source/FreeRTOS-Plus-Trace/kernelports/FreeRTOS/include -I./../../../../Demo/../../FreeRTOS-Plus/Source/FreeRTOS-Plus-Trace/streamports/RingBuffer/include -c ./../../../../Demo/Common/Minimal/MessageBufferDemo.c -o output/MessageBufferDemo.o
arm-none-eabi-gcc -ffreestanding -mthumb -mcpu=cortex-m3 -Wall -Wextra -Wshadow -Wno-unused-value -g3 -Os -ffunction-sections -fdata-sections -MMD -MP -MF"output/PollQ.d" -MT output/PollQ.o -I./../../../../Source/include -I./../../../../Source/portable/GCC/ARM_CM3 -I./../../../../Demo/Common/include -I./../../../../Demo/CORTEX_MPS2_QEMU_IAR_GCC -I./../../../../Demo/CORTEX_MPS2_QEMU_IAR_GCC/CMSIS -I./../../../../Demo/CORTEX_MPS2_QEMU_IAR_GCC/TraceRecorderConfig -I./../../../../Demo/../../FreeRTOS-Plus/Source/FreeRTOS-Plus-Trace/include  -I./../../../../Demo/../../FreeRTOS-Plus/Source/FreeRTOS-Plus-Trace/kernelports/FreeRTOS/include -I./../../../../Demo/../../FreeRTOS-Plus/Source/FreeRTOS-Plus-Trace/streamports/RingBuffer/include -c ./../../../../Demo/Common/Minimal/PollQ.c -o output/PollQ.o
arm-none-eabi-gcc -ffreestanding -mthumb -mcpu=cortex-m3 -Wall -Wextra -Wshadow -Wno-unused-value -g3 -Os -ffunction-sections -fdata-sections -MMD -MP -MF"output/QPeek.d" -MT output/QPeek.o -I./../../../../Source/include -I./../../../../Source/portable/GCC/ARM_CM3 -I./../../../../Demo/Common/include -I./../../../../Demo/CORTEX_MPS2_QEMU_IAR_GCC -I./../../../../Demo/CORTEX_MPS2_QEMU_IAR_GCC/CMSIS -I./../../../../Demo/CORTEX_MPS2_QEMU_IAR_GCC/TraceRecorderConfig -I./../../../../Demo/../../FreeRTOS-Plus/Source/FreeRTOS-Plus-Trace/include  -I./../../../../Demo/../../FreeRTOS-Plus/Source/FreeRTOS-Plus-Trace/kernelports/FreeRTOS/include -I./../../../../Demo/../../FreeRTOS-Plus/Source/FreeRTOS-Plus-Trace/streamports/RingBuffer/include -c ./../../../../Demo/Common/Minimal/QPeek.c -o output/QPeek.o
arm-none-eabi-gcc -ffreestanding -mthumb -mcpu=cortex-m3 -Wall -Wextra -Wshadow -Wno-unused-value -g3 -Os -ffunction-sections -fdata-sections -MMD -MP -MF"output/QueueOverwrite.d" -MT output/QueueOverwrite.o -I./../../../../Source/include -I./../../../../Source/portable/GCC/ARM_CM3 -I./../../../../Demo/Common/include -I./../../../../Demo/CORTEX_MPS2_QEMU_IAR_GCC -I./../../../../Demo/CORTEX_MPS2_QEMU_IAR_GCC/CMSIS -I./../../../../Demo/CORTEX_MPS2_QEMU_IAR_GCC/TraceRecorderConfig -I./../../../../Demo/../../FreeRTOS-Plus/Source/FreeRTOS-Plus-Trace/include  -I./../../../../Demo/../../FreeRTOS-Plus/Source/FreeRTOS-Plus-Trace/kernelports/FreeRTOS/include -I./../../../../Demo/../../FreeRTOS-Plus/Source/FreeRTOS-Plus-Trace/streamports/RingBuffer/include -c ./../../../../Demo/Common/Minimal/QueueOverwrite.c -o output/QueueOverwrite.o
arm-none-eabi-gcc -ffreestanding -mthumb -mcpu=cortex-m3 -Wall -Wextra -Wshadow -Wno-unused-value -g3 -Os -ffunction-sections -fdata-sections -MMD -MP -MF"output/QueueSet.d" -MT output/QueueSet.o -I./../../../../Source/include -I./../../../../Source/portable/GCC/ARM_CM3 -I./../../../../Demo/Common/include -I./../../../../Demo/CORTEX_MPS2_QEMU_IAR_GCC -I./../../../../Demo/CORTEX_MPS2_QEMU_IAR_GCC/CMSIS -I./../../../../Demo/CORTEX_MPS2_QEMU_IAR_GCC/TraceRecorderConfig -I./../../../../Demo/../../FreeRTOS-Plus/Source/FreeRTOS-Plus-Trace/include  -I./../../../../Demo/../../FreeRTOS-Plus/Source/FreeRTOS-Plus-Trace/kernelports/FreeRTOS/include -I./../../../../Demo/../../FreeRTOS-Plus/Source/FreeRTOS-Plus-Trace/streamports/RingBuffer/include -c ./../../../../Demo/Common/Minimal/QueueSet.c -o output/QueueSet.o
arm-none-eabi-gcc -ffreestanding -mthumb -mcpu=cortex-m3 -Wall -Wextra -Wshadow -Wno-unused-value -g3 -Os -ffunction-sections -fdata-sections -MMD -MP -MF"output/QueueSetPolling.d" -MT output/QueueSetPolling.o -I./../../../../Source/include -I./../../../../Source/portable/GCC/ARM_CM3 -I./../../../../Demo/Common/include -I./../../../../Demo/CORTEX_MPS2_QEMU_IAR_GCC -I./../../../../Demo/CORTEX_MPS2_QEMU_IAR_GCC/CMSIS -I./../../../../Demo/CORTEX_MPS2_QEMU_IAR_GCC/TraceRecorderConfig -I./../../../../Demo/../../FreeRTOS-Plus/Source/FreeRTOS-Plus-Trace/include  -I./../../../../Demo/../../FreeRTOS-Plus/Source/FreeRTOS-Plus-Trace/kernelports/FreeRTOS/include -I./../../../../Demo/../../FreeRTOS-Plus/Source/FreeRTOS-Plus-Trace/streamports/RingBuffer/include -c ./../../../../Demo/Common/Minimal/QueueSetPolling.c -o output/QueueSetPolling.o
arm-none-eabi-gcc -ffreestanding -mthumb -mcpu=cortex-m3 -Wall -Wextra -Wshadow -Wno-unused-value -g3 -Os -ffunction-sections -fdata-sections -MMD -MP -MF"output/recmutex.d" -MT output/recmutex.o -I./../../../../Source/include -I./../../../../Source/portable/GCC/ARM_CM3 -I./../../../../Demo/Common/include -I./../../../../Demo/CORTEX_MPS2_QEMU_IAR_GCC -I./../../../../Demo/CORTEX_MPS2_QEMU_IAR_GCC/CMSIS -I./../../../../Demo/CORTEX_MPS2_QEMU_IAR_GCC/TraceRecorderConfig -I./../../../../Demo/../../FreeRTOS-Plus/Source/FreeRTOS-Plus-Trace/include  -I./../../../../Demo/../../FreeRTOS-Plus/Source/FreeRTOS-Plus-Trace/kernelports/FreeRTOS/include -I./../../../../Demo/../../FreeRTOS-Plus/Source/FreeRTOS-Plus-Trace/streamports/RingBuffer/include -c ./../../../../Demo/Common/Minimal/recmutex.c -o output/recmutex.o
arm-none-eabi-gcc -ffreestanding -mthumb -mcpu=cortex-m3 -Wall -Wextra -Wshadow -Wno-unused-value -g3 -Os -ffunction-sections -fdata-sections -MMD -MP -MF"output/semtest.d" -MT output/semtest.o -I./../../../../Source/include -I./../../../../Source/portable/GCC/ARM_CM3 -I./../../../../Demo/Common/include -I./../../../../Demo/CORTEX_MPS2_QEMU_IAR_GCC -I./../../../../Demo/CORTEX_MPS2_QEMU_IAR_GCC/CMSIS -I./../../../../Demo/CORTEX_MPS2_QEMU_IAR_GCC/TraceRecorderConfig -I./../../../../Demo/../../FreeRTOS-Plus/Source/FreeRTOS-Plus-Trace/include  -I./../../../../Demo/../../FreeRTOS-Plus/Source/FreeRTOS-Plus-Trace/kernelports/FreeRTOS/include -I./../../../../Demo/../../FreeRTOS-Plus/Source/FreeRTOS-Plus-Trace/streamports/RingBuffer/include -c ./../../../../Demo/Common/Minimal/semtest.c -o output/semtest.o
arm-none-eabi-gcc -ffreestanding -mthumb -mcpu=cortex-m3 -Wall -Wextra -Wshadow -Wno-unused-value -g3 -Os -ffunction-sections -fdata-sections -MMD -MP -MF"output/StaticAllocation.d" -MT output/StaticAllocation.o -I./../../../../Source/include -I./../../../../Source/portable/GCC/ARM_CM3 -I./../../../../Demo/Common/include -I./../../../../Demo/CORTEX_MPS2_QEMU_IAR_GCC -I./../../../../Demo/CORTEX_MPS2_QEMU_IAR_GCC/CMSIS -I./../../../../Demo/CORTEX_MPS2_QEMU_IAR_GCC/TraceRecorderConfig -I./../../../../Demo/../../FreeRTOS-Plus/Source/FreeRTOS-Plus-Trace/include  -I./../../../../Demo/../../FreeRTOS-Plus/Source/FreeRTOS-Plus-Trace/kernelports/FreeRTOS/include -I./../../../../Demo/../../FreeRTOS-Plus/Source/FreeRTOS-Plus-Trace/streamports/RingBuffer/include -c ./../../../../Demo/Common/Minimal/StaticAllocation.c -o output/StaticAllocation.o
arm-none-eabi-gcc -ffreestanding -mthumb -mcpu=cortex-m3 -Wall -Wextra -Wshadow -Wno-unused-value -g3 -Os -ffunction-sections -fdata-sections -MMD -MP -MF"output/StreamBufferDemo.d" -MT output/StreamBufferDemo.o -I./../../../../Source/include -I./../../../../Source/portable/GCC/ARM_CM3 -I./../../../../Demo/Common/include -I./../../../../Demo/CORTEX_MPS2_QEMU_IAR_GCC -I./../../../../Demo/CORTEX_MPS2_QEMU_IAR_GCC/CMSIS -I./../../../../Demo/CORTEX_MPS2_QEMU_IAR_GCC/TraceRecorderConfig -I./../../../../Demo/../../FreeRTOS-Plus/Source/FreeRTOS-Plus-Trace/include  -I./../../../../Demo/../../FreeRTOS-Plus/Source/FreeRTOS-Plus-Trace/kernelports/FreeRTOS/include -I./../../../../Demo/../../FreeRTOS-Plus/Source/FreeRTOS-Plus-Trace/streamports/RingBuffer/include -c ./../../../../Demo/Common/Minimal/StreamBufferDemo.c -o output/StreamBufferDemo.o
arm-none-eabi-gcc -ffreestanding -mthumb -mcpu=cortex-m3 -Wall -Wextra -Wshadow -Wno-unused-value -g3 -Os -ffunction-sections -fdata-sections -MMD -MP -MF"output/StreamBufferInterrupt.d" -MT output/StreamBufferInterrupt.o -I./../../../../Source/include -I./../../../../Source/portable/GCC/ARM_CM3 -I./../../../../Demo/Common/include -I./../../../../Demo/CORTEX_MPS2_QEMU_IAR_GCC -I./../../../../Demo/CORTEX_MPS2_QEMU_IAR_GCC/CMSIS -I./../../../../Demo/CORTEX_MPS2_QEMU_IAR_GCC/TraceRecorderConfig -I./../../../../Demo/../../FreeRTOS-Plus/Source/FreeRTOS-Plus-Trace/include  -I./../../../../Demo/../../FreeRTOS-Plus/Source/FreeRTOS-Plus-Trace/kernelports/FreeRTOS/include -I./../../../../Demo/../../FreeRTOS-Plus/Source/FreeRTOS-Plus-Trace/streamports/RingBuffer/include -c ./../../../../Demo/Common/Minimal/StreamBufferInterrupt.c -o output/StreamBufferInterrupt.o
arm-none-eabi-gcc -ffreestanding -mthumb -mcpu=cortex-m3 -Wall -Wextra -Wshadow -Wno-unused-value -g3 -Os -ffunction-sections -fdata-sections -MMD -MP -MF"output/TaskNotify.d" -MT output/TaskNotify.o -I./../../../../Source/include -I./../../../../Source/portable/GCC/ARM_CM3 -I./../../../../Demo/Common/include -I./../../../../Demo/CORTEX_MPS2_QEMU_IAR_GCC -I./../../../../Demo/CORTEX_MPS2_QEMU_IAR_GCC/CMSIS -I./../../../../Demo/CORTEX_MPS2_QEMU_IAR_GCC/TraceRecorderConfig -I./../../../../Demo/../../FreeRTOS-Plus/Source/FreeRTOS-Plus-Trace/include  -I./../../../../Demo/../../FreeRTOS-Plus/Source/FreeRTOS-Plus-Trace/kernelports/FreeRTOS/include -I./../../../../Demo/../../FreeRTOS-Plus/Source/FreeRTOS-Plus-Trace/streamports/RingBuffer/include -c ./../../../../Demo/Common/Minimal/TaskNotify.c -o output/TaskNotify.o
arm-none-eabi-gcc -ffreestanding -mthumb -mcpu=cortex-m3 -Wall -Wextra -Wshadow -Wno-unused-value -g3 -Os -ffunction-sections -fdata-sections -MMD -MP -MF"output/TaskNotifyArray.d" -MT output/TaskNotifyArray.o -I./../../../../Source/include -I./../../../../Source/portable/GCC/ARM_CM3 -I./../../../../Demo/Common/include -I./../../../../Demo/CORTEX_MPS2_QEMU_IAR_GCC -I./../../../../Demo/CORTEX_MPS2_QEMU_IAR_GCC/CMSIS -I./../../../../Demo/CORTEX_MPS2_QEMU_IAR_GCC/TraceRecorderConfig -I./../../../../Demo/../../FreeRTOS-Plus/Source/FreeRTOS-Plus-Trace/include  -I./../../../../Demo/../../FreeRTOS-Plus/Source/FreeRTOS-Plus-Trace/kernelports/FreeRTOS/include -I./../../../../Demo/../../FreeRTOS-Plus/Source/FreeRTOS-Plus-Trace/streamports/RingBuffer/include -c ./../../../../Demo/Common/Minimal/TaskNotifyArray.c -o output/TaskNotifyArray.o
arm-none-eabi-gcc -ffreestanding -mthumb -mcpu=cortex-m3 -Wall -Wextra -Wshadow -Wno-unused-value -g3 -Os -ffunction-sections -fdata-sections -MMD -MP -MF"output/TimerDemo.d" -MT output/TimerDemo.o -I./../../../../Source/include -I./../../../../Source/portable/GCC/ARM_CM3 -I./../../../../Demo/Common/include -I./../../../../Demo/CORTEX_MPS2_QEMU_IAR_GCC -I./../../../../Demo/CORTEX_MPS2_QEMU_IAR_GCC/CMSIS -I./../../../../Demo/CORTEX_MPS2_QEMU_IAR_GCC/TraceRecorderConfig -I./../../../../Demo/../../FreeRTOS-Plus/Source/FreeRTOS-Plus-Trace/include  -I./../../../../Demo/../../FreeRTOS-Plus/Source/FreeRTOS-Plus-Trace/kernelports/FreeRTOS/include -I./../../../../Demo/../../FreeRTOS-Plus/Source/FreeRTOS-Plus-Trace/streamports/RingBuffer/include -c ./../../../../Demo/Common/Minimal/TimerDemo.c -o output/TimerDemo.o
arm-none-eabi-gcc -ffreestanding -mthumb -mcpu=cortex-m3 -Wall -Wextra -Wshadow -Wno-unused-value -g3 -Os -ffunction-sections -fdata-sections -MMD -MP -MF"output/main.d" -MT output/main.o -I./../../../../Source/include -I./../../../../Source/portable/GCC/ARM_CM3 -I./../../../../Demo/Common/include -I./../../../../Demo/CORTEX_MPS2_QEMU_IAR_GCC -I./../../../../Demo/CORTEX_MPS2_QEMU_IAR_GCC/CMSIS -I./../../../../Demo/CORTEX_MPS2_QEMU_IAR_GCC/TraceRecorderConfig -I./../../../../Demo/../../FreeRTOS-Plus/Source/FreeRTOS-Plus-Trace/include  -I./../../../../Demo/../../FreeRTOS-Plus/Source/FreeRTOS-Plus-Trace/kernelports/FreeRTOS/include -I./../../../../Demo/../../FreeRTOS-Plus/Source/FreeRTOS-Plus-Trace/streamports/RingBuffer/include -c ./../../../../Demo/CORTEX_MPS2_QEMU_IAR_GCC/main.c -o output/main.o
arm-none-eabi-gcc -ffreestanding -mthumb -mcpu=cortex-m3 -Wall -Wextra -Wshadow -Wno-unused-value -g3 -Os -ffunction-sections -fdata-sections -MMD -MP -MF"output/fuzz_harness.d" -MT output/fuzz_harness.o -I./../../../../Source/include -I./../../../../Source/portable/GCC/ARM_CM3 -I./../../../../Demo/Common/include -I./../../../../Demo/CORTEX_MPS2_QEMU_IAR_GCC -I./../../../../Demo/CORTEX_MPS2_QEMU_IAR_GCC/CMSIS -I./../../../../Demo/CORTEX_MPS2_QEMU_IAR_GCC/TraceRecorderConfig -I./../../../../Demo/../../FreeRTOS-Plus/Source/FreeRTOS-Plus-Trace/include  -I./../../../../Demo/../../FreeRTOS-Plus/Source/FreeRTOS-Plus-Trace/kernelports/FreeRTOS/include -I./../../../../Demo/../../FreeRTOS-Plus/Source/FreeRTOS-Plus-Trace/streamports/RingBuffer/include -c ./../../../../Demo/CORTEX_MPS2_QEMU_IAR_GCC/fuzz_harness.c -o output/fuzz_harness.o


[STDERR]
./../../../../Demo/CORTEX_MPS2_QEMU_IAR_GCC/fuzz_harness.c:160:8: error: unknown type name 'bool'
  160 | static bool fr_initialized = false;
      |        ^~~~
./../../../../Demo/CORTEX_MPS2_QEMU_IAR_GCC/fuzz_harness.c:160:30: error: 'false' undeclared here (not in a function)
  160 | static bool fr_initialized = false;
      |                              ^~~~~
./../../../../Demo/CORTEX_MPS2_QEMU_IAR_GCC/fuzz_harness.c:94:1: note: 'false' is defined in header '<stdbool.h>'; did you forget to '#include <stdbool.h>'?
   93 | #include <string.h>
  +++ |+#include <stdbool.h>
   94 | typedef struct {
./../../../../Demo/CORTEX_MPS2_QEMU_IAR_GCC/fuzz_harness.c: In function 'test_task':
./../../../../Demo/CORTEX_MPS2_QEMU_IAR_GCC/fuzz_harness.c:209:34: error: 'FUZZ_INPUT_SIZE' undeclared (first use in this function); did you mean 'MAX_FUZZ_INPUT_SIZE'?
  209 |             FR_init( FUZZ_INPUT, FUZZ_INPUT_SIZE );
      |                                  ^~~~~~~~~~~~~~~
./../../../../Demo/CORTEX_MPS2_QEMU_IAR_GCC/fuzz_harness.c:103:72: note: in definition of macro 'FR_init'
  103 | #define FR_init(...) FR_init_SELECT(__VA_ARGS__, FR_init_2, FR_init_1)(__VA_ARGS__)
      |                                                                        ^~~~~~~~~~~
./../../../../Demo/CORTEX_MPS2_QEMU_IAR_GCC/fuzz_harness.c:209:34: note: each undeclared identifier is reported only once for each function it appears in
  209 |             FR_init( FUZZ_INPUT, FUZZ_INPUT_SIZE );
      |                                  ^~~~~~~~~~~~~~~
./../../../../Demo/CORTEX_MPS2_QEMU_IAR_GCC/fuzz_harness.c:103:72: note: in definition of macro 'FR_init'
  103 | #define FR_init(...) FR_init_SELECT(__VA_ARGS__, FR_init_2, FR_init_1)(__VA_ARGS__)
      |                                                                        ^~~~~~~~~~~
./../../../../Demo/CORTEX_MPS2_QEMU_IAR_GCC/fuzz_harness.c:210:30: error: 'true' undeclared (first use in this function)
  210 |             fr_initialized = true;
      |                              ^~~~
./../../../../Demo/CORTEX_MPS2_QEMU_IAR_GCC/fuzz_harness.c:210:30: note: 'true' is defined in header '<stdbool.h>'; did you forget to '#include <stdbool.h>'?
./../../../../Demo/CORTEX_MPS2_QEMU_IAR_GCC/fuzz_harness.c:213:13: error: too few arguments to function 'FR_remaining'
  213 |         if( FR_remaining() < 16 ) {
      |             ^~~~~~~~~~~~
./../../../../Demo/CORTEX_MPS2_QEMU_IAR_GCC/fuzz_harness.c:106:22: note: declared here
  106 | static inline size_t FR_remaining(FR_Reader* r) { return (r->off < r->size) ? (r->size - r->off) : 0; }
      |                      ^~~~~~~~~~~~
./../../../../Demo/CORTEX_MPS2_QEMU_IAR_GCC/fuzz_harness.c:218:52: warning: passing argument 1 of 'FR_next_range' makes pointer from integer without a cast [-Wint-conversion]
  218 |         uint8_t uxLen = ( uint8_t ) FR_next_range( 1, MAX_QUEUE_LEN );
      |                                                    ^
      |                                                    |
      |                                                    int
./../../../../Demo/CORTEX_MPS2_QEMU_IAR_GCC/fuzz_harness.c:122:49: note: expected 'FR_Reader *' but argument is of type 'int'
  122 | static inline uint32_t FR_next_range(FR_Reader* r, uint32_t min_v, uint32_t max_v) {
      |                                      ~~~~~~~~~~~^
./../../../../Demo/CORTEX_MPS2_QEMU_IAR_GCC/fuzz_harness.c:218:37: error: too few arguments to function 'FR_next_range'
  218 |         uint8_t uxLen = ( uint8_t ) FR_next_range( 1, MAX_QUEUE_LEN );
      |                                     ^~~~~~~~~~~~~
./../../../../Demo/CORTEX_MPS2_QEMU_IAR_GCC/fuzz_harness.c:122:24: note: declared here
  122 | static inline uint32_t FR_next_range(FR_Reader* r, uint32_t min_v, uint32_t max_v) {
      |                        ^~~~~~~~~~~~~
./../../../../Demo/CORTEX_MPS2_QEMU_IAR_GCC/fuzz_harness.c:219:53: warning: passing argument 1 of 'FR_next_range' makes pointer from integer without a cast [-Wint-conversion]
  219 |         uint8_t uxSize = ( uint8_t ) FR_next_range( 1, MAX_ITEM_SIZE );
      |                                                     ^
      |                                                     |
      |                                                     int
./../../../../Demo/CORTEX_MPS2_QEMU_IAR_GCC/fuzz_harness.c:122:49: note: expected 'FR_Reader *' but argument is of type 'int'
  122 | static inline uint32_t FR_next_range(FR_Reader* r, uint32_t min_v, uint32_t max_v) {
      |                                      ~~~~~~~~~~~^
./../../../../Demo/CORTEX_MPS2_QEMU_IAR_GCC/fuzz_harness.c:219:38: error: too few arguments to function 'FR_next_range'
  219 |         uint8_t uxSize = ( uint8_t ) FR_next_range( 1, MAX_ITEM_SIZE );
      |                                      ^~~~~~~~~~~~~
./../../../../Demo/CORTEX_MPS2_QEMU_IAR_GCC/fuzz_harness.c:122:24: note: declared here
  122 | static inline uint32_t FR_next_range(FR_Reader* r, uint32_t min_v, uint32_t max_v) {
      |                        ^~~~~~~~~~~~~
./../../../../Demo/CORTEX_MPS2_QEMU_IAR_GCC/fuzz_harness.c:220:38: error: too few arguments to function 'FR_next_range'
  220 |         uint8_t ucFill = ( uint8_t ) FR_next_range( 0, uxLen );
      |                                      ^~~~~~~~~~~~~
./../../../../Demo/CORTEX_MPS2_QEMU_IAR_GCC/fuzz_harness.c:122:24: note: declared here
  122 | static inline uint32_t FR_next_range(FR_Reader* r, uint32_t min_v, uint32_t max_v) {
      |                        ^~~~~~~~~~~~~
./../../../../Demo/CORTEX_MPS2_QEMU_IAR_GCC/fuzz_harness.c:221:9: error: unknown type name 'bool'
  221 |         bool bUseSender = ( FR_next_u8() % 2 == 0 );
      |         ^~~~
./../../../../Demo/CORTEX_MPS2_QEMU_IAR_GCC/fuzz_harness.c:221:9: note: 'bool' is defined in header '<stdbool.h>'; did you forget to '#include <stdbool.h>'?
./../../../../Demo/CORTEX_MPS2_QEMU_IAR_GCC/fuzz_harness.c:221:29: error: too few arguments to function 'FR_next_u8'
  221 |         bool bUseSender = ( FR_next_u8() % 2 == 0 );
      |                             ^~~~~~~~~~
./../../../../Demo/CORTEX_MPS2_QEMU_IAR_GCC/fuzz_harness.c:107:23: note: declared here
  107 | static inline uint8_t FR_next_u8(FR_Reader* r) {
      |                       ^~~~~~~~~~
./../../../../Demo/CORTEX_MPS2_QEMU_IAR_GCC/fuzz_harness.c:227:26: warning: declaration of 'i' shadows a previous local [-Wshadow]
  227 |             for( uint8_t i = 0; i < ucFill; i++ ) {
      |                          ^
./../../../../Demo/CORTEX_MPS2_QEMU_IAR_GCC/fuzz_harness.c:207:23: note: shadowed declaration is here
  207 |     for (unsigned int i = 0; i < iterations; ++i) {
      |                       ^
./../../../../Demo/CORTEX_MPS2_QEMU_IAR_GCC/fuzz_harness.c: In function 'fuzz_task':
./../../../../Demo/CORTEX_MPS2_QEMU_IAR_GCC/fuzz_harness.c:283:9: warning: passing argument 1 of 'xTaskCreateStatic' from incompatible pointer type [-Wincompatible-pointer-types]
  283 |         test_task,
      |         ^~~~~~~~~
      |         |
      |         void (*)(void)
In file included from ./../../../../Demo/CORTEX_MPS2_QEMU_IAR_GCC/fuzz_harness.c:38:
./../../../../Source/include/task.h:512:52: note: expected 'TaskFunction_t' {aka 'void (*)(void *)'} but argument is of type 'void (*)(void)'
  512 |     TaskHandle_t xTaskCreateStatic( TaskFunction_t pxTaskCode,
      |                                     ~~~~~~~~~~~~~~~^~~~~~~~~~
make: *** [Makefile:149: output/fuzz_harness.o] Error 1
