FUZZ_INPUT @ 0x20000064
main address = 0x3514
Breakpoint address = 0x3634
[2025-12-26T06:43:52Z INFO  libafl::events::launcher] spawning on cores: Cores { cmdline: "1", ids: [CoreId(1)] }
[2025-12-26T06:43:52Z INFO  libafl::events::launcher] child spawned with id 1 and bound to core CoreId(1)
[2025-12-26T06:43:52Z INFO  libafl::events::launcher] I am broker!!.
[2025-12-26T06:43:52Z INFO  libafl_bolts::llmp] Successfully setup signal handlers
[2025-12-26T06:43:52Z INFO  libafl::events::launcher] 3221541 PostFork
[2025-12-26T06:43:52Z INFO  libafl_bolts::llmp] Connected to port 1337
[2025-12-26T06:43:52Z INFO  libafl_bolts::llmp] New connection: 127.0.0.1:48280/127.0.0.1:48280
[2025-12-26T06:43:52Z INFO  libafl::events::llmp::restarting] Setting core affinity to CoreId(1)
[2025-12-26T06:43:52Z INFO  libafl::events::llmp::restarting] Spawning next client (id 0)
[2025-12-26T06:43:52Z INFO  libafl::events::llmp::restarting] First run. Let's set it all up
qemu_baremetal: warning: nic lan9118.0 has no peer
Devices = ["timer", "cpu_common", "cpu", "armv7m_nvic", "armv7m_systick", "armv7m", "or-irq", "cmsdk-apb-uart", "cmsdk-apb-uart", "cmsdk-apb-uart", "cmsdk-apb-uart", "cmsdk-apb-uart", "cmsdk-apb-timer", "cmsdk-apb-timer", "cmsdk-apb-dualtimer", "cmsdk-apb-watchdog", "led", "led", "led", "led", "led", "led", "led", "led", "mps2-scc", "led", "led", "mps2-fpgaio", "pl022_ssp", "or-irq", "pl022_ssp", "pl022_ssp", "or-irq", "pl022_ssp", "pl022_ssp", "i2c_bus", "i2c_bus", "i2c_bus", "i2c_bus", "lan9118-phy", "lan9118"]
qemu_baremetal: warning: icount sleep disabled and no active timers
[2025-12-26T06:43:52Z INFO  libafl_qemu::command::lqemu] Fuzzing starts @ PC 3514
[2025-12-26T06:43:52Z INFO  libafl::state] Loading file /home/zwz/Libafl/fuzzers/full_system/qemu_baremetal/corpus/golden_seed ...
Hello from FreeRTOS fuzz demo!
[TEST_CASE_COMPLETED]
[UserStats   #1]  (GLOBAL) run time: 0s, clients: 1, corpus: 0, objectives: 0, executions: 1, exec/sec: 0.000, edges: 100.000%
                  (CLIENT) corpus: 0, objectives: 0, executions: 1, exec/sec: 0.000, edges: 424/424 (100%)
[Testcase    #1]  (GLOBAL) run time: 0s, clients: 1, corpus: 1, objectives: 0, executions: 1, exec/sec: 0.000, edges: 100.000%
                  (CLIENT) corpus: 1, objectives: 0, executions: 1, exec/sec: 0.000, edges: 424/424 (100%)
We imported 1 inputs from disk.
Hello from FreeRTOS fuzz demo!
[TEST_CASE_COMPLETED]
Hello from FreeRTOS fuzz demo!
[TEST_CASE_COMPLETED]
Hello from FreeRTOS fuzz demo!
[TEST_CASE_COMPLETED]
Hello from FreeRTOS fuzz demo!
[TEST_CASE_COMPLETED]
Hello from FreeRTOS fuzz demo!
[TEST_CASE_COMPLETED]
Hello from FreeRTOS fuzz demo!
[TEST_CASE_COMPLETED]
[UserStats   #1]  (GLOBAL) run time: 0s, clients: 1, corpus: 1, objectives: 0, executions: 4, exec/sec: 0.000, edges: 100.000%
                  (CLIENT) corpus: 1, objectives: 0, executions: 4, exec/sec: 0.000, edges: 425/425 (100%)
[Testcase    #1]  (GLOBAL) run time: 0s, clients: 1, corpus: 2, objectives: 0, executions: 4, exec/sec: 0.000, edges: 100.000%
                  (CLIENT) corpus: 2, objectives: 0, executions: 4, exec/sec: 0.000, edges: 425/425 (100%)
H[UserStats   #1]  (GLOBAL) run time: 0s, clients: 1, corpus: 2, objectives: 0, executions: 5, exec/sec: 0.000, edges: 100.000%
e                  (CLIENT) corpus: 2, objectives: 0, executions: 5, exec/sec: 0.000, edges: 425/425 (100%)
llo from FreeRTOS fuzz demo!
[Testcase    #1]  (GLOBAL) run time: 0s, clients: 1, corpus: 3, objectives: 0, executions: 5, exec/sec: 0.000, edges: 100.000%
                  (CLIENT) corpus: 3, objectives: 0, executions: 5, exec/sec: 0.000, edges: 425/425 (100%)
[UserStats   #1]  (GLOBAL) run time: 0s, clients: 1, corpus: 3, objectives: 0, executions: 6, exec/sec: 0.000, edges: 100.000%
                  (CLIENT) corpus: 3, objectives: 0, executions: 6, exec/sec: 0.000, edges: 426/426 (100%)
[TEST_CASE_COMPLETED]
[Testcase    #1]  (GLOBAL) run time: 0s, clients: 1, corpus: 4, objectives: 0, executions: 6, exec/sec: 0.000, edges: 100.000%
                  (CLIENT) corpus: 4, objectives: 0, executions: 6, exec/sec: 0.000, edges: 426/426 (100%)
[UserStats   #1]  (GLOBAL) run time: 0s, clients: 1, corpus: 4, objectives: 0, executions: 7, exec/sec: 0.000, edges: 100.000%
                  (CLIENT) corpus: 4, objectives: 0, executions: 7, exec/sec: 0.000, edges: 426/426 (100%)
[Testcase    #1]  (GLOBAL) run time: 0s, clients: 1, corpus: 5, objectives: 0, executions: 7, exec/sec: 0.000, edges: 100.000%
                  (CLIENT) corpus: 5, objectives: 0, executions: 7, exec/sec: 0.000, edges: 426/426 (100%)
Hell[UserStats   #1]  (GLOBAL) run time: 0s, clients: 1, corpus: 5, objectives: 0, executions: 8, exec/sec: 0.000, edges: 100.000%
o                   (CLIENT) corpus: 5, objectives: 0, executions: 8, exec/sec: 0.000, edges: 427/427 (100%)
from FreeRTOS fuzz demo!
[Testcase    #1]  (GLOBAL) run time: 0s, clients: 1, corpus: 6, objectives: 0, executions: 8, exec/sec: 0.000, edges: 100.000%
                  (CLIENT) corpus: 6, objectives: 0, executions: 8, exec/sec: 0.000, edges: 427/427 (100%)
[TEST_CASE_COMPLETED]
Hello from FreeRTOS fuzz demo!
[TEST_CASE_COMPLETED]
Hello from FreeRTOS fuzz demo!
[TEST_CASE_COMPLETED]
Hello from FreeRTOS fuzz demo!
[TEST_CASE_COMPLETED]
Hello from FreeRTOS fuzz demo!
[TEST_CASE_COMPLETED]
Hello from FreeRTOS fuzz demo!
[TEST_CASE_COMPLETED]
Hello from FreeRTOS fuzz demo!
[TEST_CASE_COMPLETED]
Hello from FreeRTOS fuzz demo!
[TEST_CASE_COMPLETED]
[UserStats   #1]  (GLOBAL) run time: 0s, clients: 1, corpus: 6, objectives: 0, executions: 9, exec/sec: 0.000, edges: 100.000%
                  (CLIENT) corpus: 6, objectives: 0, executions: 9, exec/sec: 0.000, edges: 427/427 (100%)
[Testcase    #1]  (GLOBAL) run time: 0s, clients: 1, corpus: 7, objectives: 0, executions: 9, exec/sec: 0.000, edges: 100.000%
                  (CLIENT) corpus: 7, objectives: 0, executions: 9, exec/sec: 0.000, edges: 427/427 (100%)
[UserStats   #1]  (GLOBAL) run time: 0s, clients: 1, corpus: 7, objectives: 0, executions: 10, exec/sec: 0.000, edges: 100.000%
                  (CLIENT) corpus: 7, objectives: 0, executions: 10, exec/sec: 0.000, edges: 428/428 (100%)
Hello from FreeRTOS fuz[Testcase    #1]  (GLOBAL) run time: 0s, clients: 1, corpus: 8, objectives: 0, executions: 10, exec/sec: 0.000, edges: 100.000%
z                   (CLIENT) corpus: 8, objectives: 0, executions: 10, exec/sec: 0.000, edges: 428/428 (100%)
demo!
[UserStats   #1]  (GLOBAL) run time: 0s, clients: 1, corpus: 8, objectives: 0, executions: 12, exec/sec: 0.000, edges: 100.000%
                  (CLIENT) corpus: 8, objectives: 0, executions: 12, exec/sec: 0.000, edges: 428/428 (100%)
[TEST_CASE[Testcase    #1]  (GLOBAL) run time: 0s, clients: 1, corpus: 9, objectives: 0, executions: 12, exec/sec: 0.000, edges: 100.000%
_                  (CLIENT) corpus: 9, objectives: 0, executions: 12, exec/sec: 0.000, edges: 428/428 (100%)
COMPLETED]
[UserStats   #1]  (GLOBAL) run time: 0s, clients: 1, corpus: 9, objectives: 0, executions: 16, exec/sec: 0.000, edges: 100.000%
                  (CLIENT) corpus: 9, objectives: 0, executions: 16, exec/sec: 0.000, edges: 428/428 (100%)
[Testcase    #1]  (GLOBAL) run time: 0s, clients: 1, corpus: 10, objectives: 0, executions: 16, exec/sec: 0.000, edges: 100.000%
                  (CLIENT) corpus: 10, objectives: 0, executions: 16, exec/sec: 0.000, edges: 428/428 (100%)
Hello from FreeRTOS fuzz demo!
[TEST_CASE_COMPLETED]
Hello from FreeRTOS fuzz demo!
[TEST_CASE_COMPLETED]
Hello from FreeRTOS fuzz demo!
[TEST_CASE_COMPLETED]
Hello from FreeRTOS fuzz demo!
[TEST_CASE_COMPLETED]
Hello from FreeRTOS fuzz demo!
[TEST_CASE_COMPLETED]
Hello from FreeRTOS fuzz demo!
[TEST_CASE_COMPLETED]
Hello from FreeRTOS fuzz demo!
[TEST_CASE_COMPLETED]
Hello from FreeRTOS fuzz demo!
[UserStats   #1]  (GLOBAL) run time: 0s, clients: 1, corpus: 10, objectives: 0, executions: 18, exec/sec: 0.000, edges: 100.000%
                  (CLIENT) corpus: 10, objectives: 0, executions: 18, exec/sec: 0.000, edges: 428/428 (100%)
[TEST_CASE_COMPLETED]
[Testcase    #1]  (GLOBAL) run time: 0s, clients: 1, corpus: 11, objectives: 0, executions: 18, exec/sec: 0.000, edges: 100.000%
                  (CLIENT) corpus: 11, objectives: 0, executions: 18, exec/sec: 0.000, edges: 428/428 (100%)
[UserStats   #1]  (GLOBAL) run time: 0s, clients: 1, corpus: 11, objectives: 0, executions: 21, exec/sec: 0.000, edges: 100.000%
                  (CLIENT) corpus: 11, objectives: 0, executions: 21, exec/sec: 0.000, edges: 428/428 (100%)
He[Testcase    #1]  (GLOBAL) run time: 0s, clients: 1, corpus: 12, objectives: 0, executions: 21, exec/sec: 0.000, edges: 100.000%
l                  (CLIENT) corpus: 12, objectives: 0, executions: 21, exec/sec: 0.000, edges: 428/428 (100%)
lo from FreeRTOS fuzz demo!
[TEST_CASE_COMPLETED]
Hello from FreeRTOS fuzz demo!
[TEST_CASE_COMPLETED]
Hello from FreeRTOS fuzz demo!
[TEST_CASE_COMPLETED]
Hello from FreeRTOS fuzz demo!
[TEST_CASE_COMPLETED]
Hello from FreeRTOS fuzz demo!
[TEST_CASE_COMPLETED]
Hello from FreeRTOS fuzz demo!
[TEST_CASE_COMPLETED]
Hello from FreeRTOS fuzz demo!
[TEST_CASE_COMPLETED]
[UserStats   #1]  (GLOBAL) run time: 0s, clients: 1, corpus: 12, objectives: 0, executions: 27, exec/sec: 0.000, edges: 100.000%
                  (CLIENT) corpus: 12, objectives: 0, executions: 27, exec/sec: 0.000, edges: 429/429 (100%)
Hello from FreeRTOS fuzz demo!
[Testcase    #1]  (GLOBAL) run time: 0s, clients: 1, corpus: 13, objectives: 0, executions: 27, exec/sec: 0.000, edges: 100.000%
                  (CLIENT) corpus: 13, objectives: 0, executions: 27, exec/sec: 0.000, edges: 429/429 (100%)
[UserStats   #1]  (GLOBAL) run time: 0s, clients: 1, corpus: 13, objectives: 0, executions: 28, exec/sec: 0.000, edges: 100.000%
                  (CLIENT) corpus: 13, objectives: 0, executions: 28, exec/sec: 0.000, edges: 431/431 (100%)
[TEST_CASE_COMPLETED]
[Testcase    #1]  (GLOBAL) run time: 0s, clients: 1, corpus: 14, objectives: 0, executions: 28, exec/sec: 0.000, edges: 100.000%
                  (CLIENT) corpus: 14, objectives: 0, executions: 28, exec/sec: 0.000, edges: 431/431 (100%)
[UserStats   #1]  (GLOBAL) run time: 0s, clients: 1, corpus: 14, objectives: 0, executions: 31, exec/sec: 0.000, edges: 100.000%
                  (CLIENT) corpus: 14, objectives: 0, executions: 31, exec/sec: 0.000, edges: 432/432 (100%)
[Testcase    #1]  (GLOBAL) run time: 0s, clients: 1, corpus: 15, objectives: 0, executions: 31, exec/sec: 0.000, edges: 100.000%
                  (CLIENT) corpus: 15, objectives: 0, executions: 31, exec/sec: 0.000, edges: 432/432 (100%)
[UserStats   #1]  (GLOBAL) run time: 0s, clients: 1, corpus: 15, objectives: 0, executions: 32, exec/sec: 0.000, edges: 100.000%
                  (CLIENT) corpus: 15, objectives: 0, executions: 32, exec/sec: 0.000, edges: 433/433 (100%)
Hello from FreeRTOS fuzz demo!
[TEST_CASE_COMPLETED]
[Testcase    #1]  (GLOBAL) run time: 0s, clients: 1, corpus: 16, objectives: 0, executions: 32, exec/sec: 0.000, edges: 100.000%
                  (CLIENT) corpus: 16, objectives: 0, executions: 32, exec/sec: 0.000, edges: 433/433 (100%)
[UserStats   #1]  (GLOBAL) run time: 0s, clients: 1, corpus: 16, objectives: 0, executions: 33, exec/sec: 0.000, edges: 100.000%
                  (CLIENT) corpus: 16, objectives: 0, executions: 33, exec/sec: 0.000, edges: 434/434 (100%)
[Testcase    #1]  (GLOBAL) run time: 0s, clients: 1, corpus: 17, objectives: 0, executions: 33, exec/sec: 0.000, edges: 100.000%
                  (CLIENT) corpus: 17, objectives: 0, executions: 33, exec/sec: 0.000, edges: 434/434 (100%)
Hello from FreeRTOS fuzz demo!
[TEST_CASE_COMPLETED]
Hello from FreeRTOS fuzz demo!
[TEST_CASE_COMPLETED]
Hello from FreeRTOS fuzz demo!
[TEST_CASE_COMPLETED]
Hello from FreeRTOS fuzz demo!
[TEST_CASE_COMPLETED]
Hello from FreeRTOS fuzz demo!
[TEST_CASE_COMPLETED]
Hello from FreeRTOS fuzz demo!
[TEST_CASE_COMPLETED]
Hello from FreeRTOS fuzz demo!
[TEST_CASE_COMPLETED]
Hello from FreeRTO[UserStats   #1]  (GLOBAL) run time: 0s, clients: 1, corpus: 17, objectives: 0, executions: 35, exec/sec: 0.000, edges: 100.000%
S                   (CLIENT) corpus: 17, objectives: 0, executions: 35, exec/sec: 0.000, edges: 435/435 (100%)
fuzz demo!
[TEST_CASE_COMPLETED]
[Testcase    #1]  (GLOBAL) run time: 0s, clients: 1, corpus: 18, objectives: 0, executions: 35, exec/sec: 0.000, edges: 100.000%
                  (CLIENT) corpus: 18, objectives: 0, executions: 35, exec/sec: 0.000, edges: 435/435 (100%)
[UserStats   #1]  (GLOBAL) run time: 0s, clients: 1, corpus: 18, objectives: 0, executions: 39, exec/sec: 0.000, edges: 100.000%
                  (CLIENT) corpus: 18, objectives: 0, executions: 39, exec/sec: 0.000, edges: 439/439 (100%)
[Testcase    #1]  (GLOBAL) run time: 0s, clients: 1, corpus: 19, objectives: 0, executions: 39, exec/sec: 0.000, edges: 100.000%
                  (CLIENT) corpus: 19, objectives: 0, executions: 39, exec/sec: 0.000, edges: 439/439 (100%)
[UserStats   #1]  (GLOBAL) run time: 0s, clients: 1, corpus: 19, objectives: 0, executions: 40, exec/sec: 0.000, edges: 100.000%
                  (CLIENT) corpus: 19, objectives: 0, executions: 40, exec/sec: 0.000, edges: 440/440 (100%)
Hello from FreeRTOS fuzz demo!
[Testcase    #1]  (GLOBAL) run time: 0s, clients: 1, corpus: 20, objectives: 0, executions: 40, exec/sec: 0.000, edges: 100.000%
                  (CLIENT) corpus: 20, objectives: 0, executions: 40, exec/sec: 0.000, edges: 440/440 (100%)
[TEST_CASE_COMPLETED]
Hello from FreeRTOS fuzz demo!
[TEST_CASE_COMPLETED]
Hello from FreeRTOS fuzz demo!
[TEST_CASE_COMPLETED]
Hello from FreeRTOS fuzz demo!
[TEST_CASE_COMPLETED]
Hello from FreeRTOS fuzz demo!
[TEST_CASE_COMPLETED]
Hello from FreeRTOS fuzz demo!
[TEST_CASE_COMPLETED]
Hello from FreeRTOS fuzz demo!
[TEST_CASE_COMPLETED]
Hello from FreeRTOS fuzz demo!
[TEST_CASE_COMPLETED]
Hello from FreeRTOS fuzz demo!
[TEST_CASE_COMPLETED]
[UserStats   #1]  (GLOBAL) run time: 0s, clients: 1, corpus: 20, objectives: 0, executions: 45, exec/sec: 0.000, edges: 100.000%
                  (CLIENT) corpus: 20, objectives: 0, executions: 45, exec/sec: 0.000, edges: 441/441 (100%)
[Testcase    #1]  (GLOBAL) run time: 0s, clients: 1, corpus: 21, objectives: 0, executions: 45, exec/sec: 0.000, edges: 100.000%
                  (CLIENT) corpus: 21, objectives: 0, executions: 45, exec/sec: 0.000, edges: 441/441 (100%)
Hello from FreeRTOS fuzz demo!
[TEST_CASE_COMPLETED]
Hello from FreeRTOS fuzz demo!
[TEST_CASE_COMPLETED]
Hello from FreeRTOS fuzz demo!
[TEST_CASE_COMPLETED]
Hello from FreeRTOS fuzz demo!
[TEST_CASE_COMPLETED]
Hello from FreeRTOS fuzz demo!
[TEST_CASE_COMPLETED]
Hello from FreeRTOS fuzz demo!
[TEST_CASE_COMPLETED]
Hello from FreeRTOS fuzz demo!
[TEST_CASE_COMPLETED]
Hello from FreeRTOS fuzz demo!
[TEST_CASE_COMPLETED]
Hello from FreeRTOS fuzz demo!
[TEST_CASE_COMPLETED]
Hello from FreeRTOS fuzz demo!
[TEST_CASE_COMPLETED]
Hello from FreeRTOS fuzz demo!
[TEST_CASE_COMPLETED]
Hello from FreeRTOS fuzz demo!
[TEST_CASE_COMPLETED]
Hello from FreeRTOS fuzz demo!
[TEST_CASE_COMPLETED]
Hello from FreeRTOS fuzz demo!
[TEST_CASE_COMPLETED]
Hello from FreeRTOS fuzz demo!
[TEST_CASE_COMPLETED]
Hello from FreeRTOS fuzz demo!
[UserStats   #1]  (GLOBAL) run time: 0s, clients: 1, corpus: 21, objectives: 0, executions: 61, exec/sec: 0.000, edges: 100.000%
                  (CLIENT) corpus: 21, objectives: 0, executions: 61, exec/sec: 0.000, edges: 442/442 (100%)
[TEST_CASE_COMPL[Testcase    #1]  (GLOBAL) run time: 0s, clients: 1, corpus: 22, objectives: 0, executions: 61, exec/sec: 0.000, edges: 100.000%
ET                  (CLIENT) corpus: 22, objectives: 0, executions: 61, exec/sec: 0.000, edges: 442/442 (100%)
ED]
[UserStats   #1]  (GLOBAL) run time: 0s, clients: 1, corpus: 22, objectives: 0, executions: 64, exec/sec: 0.000, edges: 100.000%
                  (CLIENT) corpus: 22, objectives: 0, executions: 64, exec/sec: 0.000, edges: 443/443 (100%)
[Testcase    #1]  (GLOBAL) run time: 0s, clients: 1, corpus: 23, objectives: 0, executions: 64, exec/sec: 0.000, edges: 100.000%
                  (CLIENT) corpus: 23, objectives: 0, executions: 64, exec/sec: 0.000, edges: 443/443 (100%)
[UserStats   #1]  (GLOBAL) run time: 0s, clients: 1, corpus: 23, objectives: 0, executions: 66, exec/sec: 0.000, edges: 100.000%
                  (CLIENT) corpus: 23, objectives: 0, executions: 66, exec/sec: 0.000, edges: 444/444 (100%)
Hello from FreeRTOS fuzz demo!
[Testcase    #1]  (GLOBAL) run time: 0s, clients: 1, corpus: 24, objectives: 0, executions: 66, exec/sec: 0.000, edges: 100.000%
                  (CLIENT) corpus: 24, objectives: 0, executions: 66, exec/sec: 0.000, edges: 444/444 (100%)
[TEST_CASE_COMPLETED]
Hello from FreeRTOS fuzz demo!
[TEST_CASE_COMPLETED]
Hello from FreeRTOS fuzz demo!
[TEST_CASE_COMPLETED]
Hello from FreeRTOS fuzz demo!
[TEST_CASE_COMPLETED]
Hello from FreeRTOS fuzz demo!
[TEST_CASE_COMPLETED]
Hello from FreeRTOS fuzz demo!
[TEST_CASE_COMPLETED]
Hello from FreeRTOS fuzz demo!
[TEST_CASE_COMPLETED]
Hello from FreeRTOS fuzz demo!
[TEST_CASE_COMPLETED]
[UserStats   #1]  (GLOBAL) run time: 0s, clients: 1, corpus: 24, objectives: 0, executions: 72, exec/sec: 0.000, edges: 100.000%, stability: 100.000%
                  (CLIENT) corpus: 24, objectives: 0, executions: 72, exec/sec: 0.000, edges: 444/444 (100%), stability: 444/444 (100%)
Hello from FreeRTOS fuzz demo!
[TEST_CASE_COMPLETED]
Hello from FreeRTOS fuzz demo!
[TEST_CASE_COMPLETED]
Hello from FreeRTOS fuzz demo!
[TEST_CASE_COMPLETED]
Hello from FreeRTOS fuzz demo!
[TEST_CASE_COMPLETED]
Hello from FreeRTOS fuzz demo!
[TEST_CASE_COMPLETED]
Hello from FreeRTOS fuzz demo!
[TEST_CASE_COMPLETED]
Hello from FreeRTOS fuzz demo!
[TEST_CASE_COMPLETED]
Hello from FreeRTOS fuzz demo!
[TEST_CASE_COMPLETED]
[UserStats   #1]  (GLOBAL) run time: 0s, clients: 1, corpus: 24, objectives: 0, executions: 77, exec/sec: 0.000, edges: 100.000%, stability: 100.000%
                  (CLIENT) corpus: 24, objectives: 0, executions: 77, exec/sec: 0.000, edges: 445/445 (100%), stability: 444/444 (100%)
Hello from FreeRTOS fuzz demo!
[Testcase    #1]  (GLOBAL) run time: 0s, clients: 1, corpus: 25, objectives: 0, executions: 77, exec/sec: 0.000, edges: 100.000%, stability: 100.000%
                  (CLIENT) corpus: 25, objectives: 0, executions: 77, exec/sec: 0.000, edges: 445/445 (100%), stability: 444/444 (100%)
[TEST_CASE_COMPLETED]
Hello from FreeRTOS fuzz demo!
[TEST_CASE_COMPLETED]
Hello from FreeRTOS fuzz demo!
[TEST_CASE_COMPLETED]
Hello from FreeRTOS fuzz demo!
[TEST_CASE_COMPLETED]
Hello from FreeRTOS fuzz demo!
[TEST_CASE_COMPLETED]
Hello from FreeRTOS fuzz demo!
[TEST_CASE_COMPLETED]
Hello from FreeRTOS fuzz demo!
[TEST_CASE_COMPLETED]
Hello from FreeRTOS fuzz demo!
[TEST_CASE_COMPLETED]
Hello from FreeRTOS fuzz demo!
[TEST_CASE_COMPLETED]
Hello from FreeRTOS fuzz demo!
[TEST_CASE_COMPLETED]
Hello from FreeRTOS fuzz demo!
[TEST_CASE_COMPLETED]
Hello from FreeRTOS fuzz demo!
[TEST_CASE_COMPLETED]
Hello from FreeRTOS fuzz demo!
[TEST_CASE_COMPLETED]
Hello from FreeRTOS fuzz demo!
[TEST_CASE_COMPLETED]
Hello from FreeRTOS fuzz demo!
[TEST_CASE_COMPLETED]
Hello from FreeRTOS fuzz demo!
[TEST_CASE_COMPLETED]
Hello from FreeRTOS fuzz demo!
[TEST_CASE_COMPLETED]
Hello from FreeRTOS fuzz demo!
[TEST_CASE_COMPLETED]
Hello from FreeRTOS fuzz demo!
[TEST_CASE_COMPLETED]
Hello from FreeRTOS fuzz demo!
[TEST_CASE_COMPLETED]
Hello from FreeRTOS fuzz demo!
[TEST_CASE_COMPLETED]
Hello from FreeRTOS fuzz demo!
[TEST_CASE_COMPLETED]
Hello from FreeRTOS fuzz demo!
[TEST_CASE_COMPLETED]
Hello from FreeRTOS fuzz demo!
[TEST_CASE_COMPLETED]
Hello from FreeRTOS fuzz demo!
[TEST_CASE_COMPLETED]
Hello from FreeRTOS fuzz demo!
[TEST_CASE_COMPLETED]
Hello from FreeRTOS fuzz demo!
[TEST_CASE_COMPLETED]
Hello from FreeRTOS fuzz demo!
[TEST_CASE_COMPLETED]
Hello from FreeRTOS fuzz demo!
[TEST_CASE_COMPLETED]
Hello from FreeRTOS fuzz demo!
[TEST_CASE_COMPLETED]
Hello from FreeRTOS fuzz demo!
[TEST_CASE_COMPLETED]
Hello from FreeRTOS fuzz demo!
[TEST_CASE_COMPLETED]
Hello from FreeRTOS fuzz demo!
[TEST_CASE_COMPLETED]
Hello from FreeRTOS fuzz demo!
[TEST_CASE_COMPLETED]
Hello from FreeRTOS fuzz demo!
[TEST_CASE_COMPLETED]
Hello from FreeRTOS fuzz demo!
[TEST_CASE_COMPLETED]
Hello from FreeRTOS fuzz demo!
[TEST_CASE_COMPLETED]
Hello from FreeRTOS fuzz demo!
[TEST_CASE_COMPLETED]
Hello from FreeRTOS fuzz demo!
[TEST_CASE_COMPLETED]
Hello from FreeRTOS fuzz demo!
[TEST_CASE_COMPLETED]
Hello from FreeRTOS fuzz demo!
[TEST_CASE_COMPLETED]
Hello from FreeRTOS fuzz demo!
[TEST_CASE_COMPLETED]
Hello from FreeRTOS fuzz demo!
[TEST_CASE_COMPLETED]
Hello from FreeRTOS fuzz demo!
[TEST_CASE_COMPLETED]
Hello from FreeRTOS fuzz demo!
[TEST_CASE_COMPLETED]
Hello from FreeRTOS fuzz demo!
[TEST_CASE_COMPLETED]
Hello from FreeRTOS fuzz demo!
[TEST_CASE_COMPLETED]
Hello from FreeRTOS fuzz demo!
[TEST_CASE_COMPLETED]
Hello from FreeRTOS fuzz demo!
[TEST_CASE_COMPLETED]
Hello from FreeRTOS fuzz demo!
[TEST_CASE_COMPLETED]
Hello fro[UserStats   #1]  (GLOBAL) run time: 0s, clients: 1, corpus: 25, objectives: 0, executions: 127, exec/sec: 0.000, edges: 100.000%, stability: 100.000%
m F                  (CLIENT) corpus: 25, objectives: 0, executions: 127, exec/sec: 0.000, edges: 445/445 (100%), stability: 444/444 (100%)
reeRTOS fuzz demo!
[Testcase    #1]  (GLOBAL) run time: 0s, clients: 1, corpus: 26, objectives: 0, executions: 127, exec/sec: 0.000, edges: 100.000%, stability: 100.000%
                  (CLIENT) corpus: 26, objectives: 0, executions: 127, exec/sec: 0.000, edges: 445/445 (100%), stability: 444/444 (100%)
[UserStats   #1]  (GLOBAL) run time: 0s, clients: 1, corpus: 26, objectives: 0, executions: 132, exec/sec: 0.000, edges: 100.000%, stability: 100.000%
                  (CLIENT) corpus: 26, objectives: 0, executions: 132, exec/sec: 0.000, edges: 446/446 (100%), stability: 444/444 (100%)
[TEST_CASE_COMPLETED]
[Testcase    #1]  (GLOBAL) run time: 0s, clients: 1, corpus: 27, objectives: 0, executions: 132, exec/sec: 0.000, edges: 100.000%, stability: 100.000%
                  (CLIENT) corpus: 27, objectives: 0, executions: 132, exec/sec: 0.000, edges: 446/446 (100%), stability: 444/444 (100%)
Hello from FreeRTOS fuzz demo!
[TEST_CASE_COMPLETED]
Hello from FreeRTOS fuzz demo!
[TEST_CASE_COMPLETED]
Hello from FreeRTOS fuzz demo!
[TEST_CASE_COMPLETED]
Hello from FreeRTOS fuzz demo!
[TEST_CASE_COMPLETED]
Hello from FreeRTOS fuzz demo!
[TEST_CASE_COMPLETED]
Hello from FreeRTOS fuzz demo!
[TEST_CASE_COMPLETED]
Hello from FreeRTOS fuzz demo!
[TEST_CASE_COMPLETED]
Hello from FreeRTOS fuzz demo!
[TEST_CASE_COMPLETED]
[UserStats   #1]  (GLOBAL) run time: 0s, clients: 1, corpus: 27, objectives: 0, executions: 134, exec/sec: 0.000, edges: 100.000%, stability: 100.000%
                  (CLIENT) corpus: 27, objectives: 0, executions: 134, exec/sec: 0.000, edges: 447/447 (100%), stability: 444/444 (100%)
[Testcase    #1]  (GLOBAL) run time: 0s, clients: 1, corpus: 28, objectives: 0, executions: 134, exec/sec: 0.000, edges: 100.000%, stability: 100.000%
                  (CLIENT) corpus: 28, objectives: 0, executions: 134, exec/sec: 0.000, edges: 447/447 (100%), stability: 444/444 (100%)
Hello from FreeRTOS fuzz demo!
[TEST_CASE_COMPLETED]
Hello from FreeRTOS fuzz demo!
[TEST_CASE_COMPLETED]
Hello from FreeRTOS fuzz demo!
[TEST_CASE_COMPLETED]
Hello from FreeRTOS fuzz demo!
[TEST_CASE_COMPLETED]
Hello from FreeRTOS fuzz demo!
[TEST_CASE_COMPLETED]
Hello from FreeRTOS fuzz demo!
[TEST_CASE_COMPLETED]
Hello from FreeRTOS fuzz demo!
[TEST_CASE_COMPLETED]
Hello from FreeRTOS fuzz demo!
[TEST_CASE_COMPLETED]
[UserStats   #1]  (GLOBAL) run time: 0s, clients: 1, corpus: 28, objectives: 0, executions: 144, exec/sec: 0.000, edges: 100.000%, stability: 100.000%
                  (CLIENT) corpus: 28, objectives: 0, executions: 144, exec/sec: 0.000, edges: 448/448 (100%), stability: 444/444 (100%)
[Testcase    #1]  (GLOBAL) run time: 0s, clients: 1, corpus: 29, objectives: 0, executions: 144, exec/sec: 0.000, edges: 100.000%, stability: 100.000%
                  (CLIENT) corpus: 29, objectives: 0, executions: 144, exec/sec: 0.000, edges: 448/448 (100%), stability: 444/444 (100%)
Hello from FreeRTOS fuzz demo!
[TEST_CASE_COMPLETED]
Hello from FreeRTOS fuzz demo!
[TEST_CASE_COMPLETED]
Hello from FreeRTOS fuzz demo!
[TEST_CASE_COMPLETED]
Hello from FreeRTOS fuzz demo!
[TEST_CASE_COMPLETED]
Hello from FreeRTOS fuzz demo!
[TEST_CASE_COMPLETED]
Hello from FreeRTOS fuzz demo!
[TEST_CASE_COMPLETED]
Hello from FreeRTOS fuzz demo!
[TEST_CASE_COMPLETED]
[UserStats   #1]  (GLOBAL) run time: 0s, clients: 1, corpus: 29, objectives: 0, executions: 152, exec/sec: 0.000, edges: 100.000%, stability: 100.000%
                  (CLIENT) corpus: 29, objectives: 0, executions: 152, exec/sec: 0.000, edges: 449/449 (100%), stability: 444/444 (100%)
[Testcase    #1]  (GLOBAL) run time: 0s, clients: 1, corpus: 30, objectives: 0, executions: 152, exec/sec: 0.000, edges: 100.000%, stability: 100.000%
He                  (CLIENT) corpus: 30, objectives: 0, executions: 152, exec/sec: 0.000, edges: 449/449 (100%), stability: 444/444 (100%)
llo from FreeRTOS fuzz[UserStats   #1]  (GLOBAL) run time: 0s, clients: 1, corpus: 30, objectives: 0, executions: 154, exec/sec: 0.000, edges: 100.000%, stability: 100.000%
 d                  (CLIENT) corpus: 30, objectives: 0, executions: 154, exec/sec: 0.000, edges: 449/449 (100%), stability: 444/444 (100%)
emo!
[Testcase    #1]  (GLOBAL) run time: 0s, clients: 1, corpus: 31, objectives: 0, executions: 154, exec/sec: 0.000, edges: 100.000%, stability: 100.000%
[                  (CLIENT) corpus: 31, objectives: 0, executions: 154, exec/sec: 0.000, edges: 449/449 (100%), stability: 444/444 (100%)
TEST_CASE_COMPLETED[UserStats   #1]  (GLOBAL) run time: 0s, clients: 1, corpus: 31, objectives: 0, executions: 157, exec/sec: 0.000, edges: 100.000%, stability: 100.000%
]
                  (CLIENT) corpus: 31, objectives: 0, executions: 157, exec/sec: 0.000, edges: 450/450 (100%), stability: 444/444 (100%)
[Testcase    #1]  (GLOBAL) run time: 0s, clients: 1, corpus: 32, objectives: 0, executions: 157, exec/sec: 0.000, edges: 100.000%, stability: 100.000%
                  (CLIENT) corpus: 32, objectives: 0, executions: 157, exec/sec: 0.000, edges: 450/450 (100%), stability: 444/444 (100%)
Hello from FreeRTOS fuzz demo!
[TEST_CASE_COMPLETED]
Hello from FreeRTOS fuzz demo!
[TEST_CASE_COMPLETED]
Hello from FreeRTOS fuzz demo!
[TEST_CASE_COMPLETED]
Hello from FreeRTOS fuzz demo!
[TEST_CASE_COMPLETED]
Hello from FreeRTOS fuzz demo!
[TEST_CASE_COMPLETED]
Hello from FreeRTOS fuzz demo!
[TEST_CASE_COMPLETED]
Hello from FreeRTOS fuzz demo!
[TEST_CASE_COMPLETED]
Hello from FreeRTOS fuzz demo!
[UserStats   #1]  (GLOBAL) run time: 0s, clients: 1, corpus: 32, objectives: 0, executions: 162, exec/sec: 0.000, edges: 100.000%, stability: 100.000%
                  (CLIENT) corpus: 32, objectives: 0, executions: 162, exec/sec: 0.000, edges: 451/451 (100%), stability: 444/444 (100%)
[TEST_CASE_COMPLETED]
[Testcase    #1]  (GLOBAL) run time: 0s, clients: 1, corpus: 33, objectives: 0, executions: 162, exec/sec: 0.000, edges: 100.000%, stability: 100.000%
                  (CLIENT) corpus: 33, objectives: 0, executions: 162, exec/sec: 0.000, edges: 451/451 (100%), stability: 444/444 (100%)
[UserStats   #1]  (GLOBAL) run time: 0s, clients: 1, corpus: 33, objectives: 0, executions: 163, exec/sec: 0.000, edges: 100.000%, stability: 100.000%
                  (CLIENT) corpus: 33, objectives: 0, executions: 163, exec/sec: 0.000, edges: 459/459 (100%), stability: 444/444 (100%)
Hello from FreeRTOS fuzz demo!
[Testcase    #1]  (GLOBAL) run time: 0s, clients: 1, corpus: 34, objectives: 0, executions: 163, exec/sec: 0.000, edges: 100.000%, stability: 100.000%
                  (CLIENT) corpus: 34, objectives: 0, executions: 163, exec/sec: 0.000, edges: 459/459 (100%), stability: 444/444 (100%)
[TEST_CASE_COMPLETED]
Hello from FreeRTOS fuzz demo!
[TEST_CASE_COMPLETED]
Hello from FreeRTOS fuzz demo!
[TEST_CASE_COMPLETED]
Hello from FreeRTOS fuzz demo!
[TEST_CASE_COMPLETED]
Hello from FreeRTOS fuzz demo!
[TEST_CASE_COMPLETED]
Hello from FreeRTOS fuzz demo!
[TEST_CASE_COMPLETED]
Hello from FreeRTOS fuzz demo!
[TEST_CASE_COMPLETED]
Hello from FreeRTOS fuzz demo!
[TEST_CASE_COMPLETED]
[UserStats   #1]  (GLOBAL) run time: 0s, clients: 1, corpus: 34, objectives: 0, executions: 169, exec/sec: 0.000, edges: 100.000%, stability: 100.000%
                  (CLIENT) corpus: 34, objectives: 0, executions: 169, exec/sec: 0.000, edges: 460/460 (100%), stability: 444/444 (100%)
Hello from FreeRTO[Testcase    #1]  (GLOBAL) run time: 0s, clients: 1, corpus: 35, objectives: 0, executions: 169, exec/sec: 0.000, edges: 100.000%, stability: 100.000%
S                   (CLIENT) corpus: 35, objectives: 0, executions: 169, exec/sec: 0.000, edges: 460/460 (100%), stability: 444/444 (100%)
fuzz demo!
[UserStats   #1]  (GLOBAL) run time: 0s, clients: 1, corpus: 35, objectives: 0, executions: 173, exec/sec: 0.000, edges: 100.000%, stability: 100.000%
                  (CLIENT) corpus: 35, objectives: 0, executions: 173, exec/sec: 0.000, edges: 461/461 (100%), stability: 444/444 (100%)
[Testcase    #1]  (GLOBAL) run time: 0s, clients: 1, corpus: 36, objectives: 0, executions: 173, exec/sec: 0.000, edges: 100.000%, stability: 100.000%
                  (CLIENT) corpus: 36, objectives: 0, executions: 173, exec/sec: 0.000, edges: 461/461 (100%), stability: 444/444 (100%)
[TEST_CASE_COMPLETED]
Hello from FreeRTOS fuzz demo!
[TEST_CASE_COMPLETED]
Hello from FreeRTOS fuzz demo!
[TEST_CASE_COMPLETED]
Hello from FreeRTOS fuzz demo!
[TEST_CASE_COMPLETED]
Hello from FreeRTOS fuzz demo!
[TEST_CASE_COMPLETED]
Hello from FreeRTOS fuzz demo!
[TEST_CASE_COMPLETED]
Hello from FreeRTOS fuzz demo!
[TEST_CASE_COMPLETED]
Hello from FreeRTOS fuzz demo!
[TEST_CASE_COMPLETED]
[UserStats   #1]  (GLOBAL) run time: 0s, clients: 1, corpus: 36, objectives: 0, executions: 176, exec/sec: 0.000, edges: 100.000%, stability: 100.000%
                  (CLIENT) corpus: 36, objectives: 0, executions: 176, exec/sec: 0.000, edges: 462/462 (100%), stability: 444/444 (100%)
[Testcase    #1]  (GLOBAL) run time: 0s, clients: 1, corpus: 37, objectives: 0, executions: 176, exec/sec: 0.000, edges: 100.000%, stability: 100.000%
                  (CLIENT) corpus: 37, objectives: 0, executions: 176, exec/sec: 0.000, edges: 462/462 (100%), stability: 444/444 (100%)
[UserStats   #1]  (GLOBAL) run time: 0s, clients: 1, corpus: 37, objectives: 0, executions: 182, exec/sec: 0.000, edges: 100.000%, stability: 100.000%
                  (CLIENT) corpus: 37, objectives: 0, executions: 182, exec/sec: 0.000, edges: 463/463 (100%), stability: 444/444 (100%)
Hello from FreeRTOS fuzz demo!
[Testcase    #1]  (GLOBAL) run time: 0s, clients: 1, corpus: 38, objectives: 0, executions: 182, exec/sec: 0.000, edges: 100.000%, stability: 100.000%
                  (CLIENT) corpus: 38, objectives: 0, executions: 182, exec/sec: 0.000, edges: 463/463 (100%), stability: 444/444 (100%)
[TEST_CASE_COMPLETED]
Hello from FreeRTOS fuzz demo!
[TEST_CASE_COMPLETED]
Hello from FreeRTOS fuzz demo!
[TEST_CASE_COMPLETED]
Hello from FreeRTOS fuzz demo!
[TEST_CASE_COMPLETED]
Hello from FreeRTOS fuzz demo!
[TEST_CASE_COMPLETED]
Hello from FreeRTOS fuzz demo!
[TEST_CASE_COMPLETED]
Hello from FreeRTOS fuzz demo!
[TEST_CASE_COMPLETED]
Hello from FreeRTOS fuzz demo!
[TEST_CASE_COMPLETED]
[UserStats   #1]  (GLOBAL) run time: 0s, clients: 1, corpus: 38, objectives: 0, executions: 184, exec/sec: 0.000, edges: 100.000%, stability: 100.000%
                  (CLIENT) corpus: 38, objectives: 0, executions: 184, exec/sec: 0.000, edges: 463/463 (100%), stability: 444/444 (100%)
Hello from FreeRTOS fuzz demo!
[Testcase    #1]  (GLOBAL) run time: 0s, clients: 1, corpus: 39, objectives: 0, executions: 184, exec/sec: 0.000, edges: 100.000%, stability: 100.000%
                  (CLIENT) corpus: 39, objectives: 0, executions: 184, exec/sec: 0.000, edges: 463/463 (100%), stability: 444/444 (100%)
[UserStats   #1]  (GLOBAL) run time: 0s, clients: 1, corpus: 39, objectives: 0, executions: 188, exec/sec: 0.000, edges: 100.000%, stability: 100.000%
                  (CLIENT) corpus: 39, objectives: 0, executions: 188, exec/sec: 0.000, edges: 464/464 (100%), stability: 444/444 (100%)
[TEST_CASE_COMPLETED]
[Testcase    #1]  (GLOBAL) run time: 0s, clients: 1, corpus: 40, objectives: 0, executions: 188, exec/sec: 0.000, edges: 100.000%, stability: 100.000%
                  (CLIENT) corpus: 40, objectives: 0, executions: 188, exec/sec: 0.000, edges: 464/464 (100%), stability: 444/444 (100%)
Hello from FreeRTOS fuzz demo!
[TEST_CASE_COMPLETED]
Hello from FreeRTOS fuzz demo!
[TEST_CASE_COMPLETED]
Hello from FreeRTOS fuzz demo!
[TEST_CASE_COMPLETED]
Hello from FreeRTOS fuzz demo!
[TEST_CASE_COMPLETED]
Hello from FreeRTOS fuzz demo!
[TEST_CASE_COMPLETED]
Hello from FreeRTOS fuzz demo!
[TEST_CASE_COMPLETED]
Hello from FreeRTOS fuzz demo!
[TEST_CASE_COMPLETED]
Hello from FreeRTOS fuzz demo!
[UserStats   #1]  (GLOBAL) run time: 0s, clients: 1, corpus: 40, objectives: 0, executions: 197, exec/sec: 0.000, edges: 100.000%, stability: 100.000%
                  (CLIENT) corpus: 40, objectives: 0, executions: 197, exec/sec: 0.000, edges: 465/465 (100%), stability: 444/444 (100%)
[TEST_CASE_COMPLETED]
[Testcase    #1]  (GLOBAL) run time: 0s, clients: 1, corpus: 41, objectives: 0, executions: 197, exec/sec: 0.000, edges: 100.000%, stability: 100.000%
                  (CLIENT) corpus: 41, objectives: 0, executions: 197, exec/sec: 0.000, edges: 465/465 (100%), stability: 444/444 (100%)
Hello from FreeRTOS fuzz demo!
[TEST_CASE_COMPLETED]
Hello from FreeRTOS fuzz demo!
[TEST_CASE_COMPLETED]
Hello from FreeRTOS fuzz demo!
[TEST_CASE_COMPLETED]
Hello from FreeRTOS fuzz demo!
[TEST_CASE_COMPLETED]
Hello from FreeRTOS fuzz demo!
[TEST_CASE_COMPLETED]
Hello from FreeRTOS fuzz demo!
[UserStats   #1]  (GLOBAL) run time: 0s, clients: 1, corpus: 41, objectives: 0, executions: 202, exec/sec: 0.000, edges: 100.000%, stability: 100.000%
                  (CLIENT) corpus: 41, objectives: 0, executions: 202, exec/sec: 0.000, edges: 467/467 (100%), stability: 444/444 (100%)
[Testcase    #1]  (GLOBAL) run time: 0s, clients: 1, corpus: 42, objectives: 0, executions: 202, exec/sec: 0.000, edges: 100.000%, stability: 100.000%
                  (CLIENT) corpus: 42, objectives: 0, executions: 202, exec/sec: 0.000, edges: 467/467 (100%), stability: 444/444 (100%)
[Objective   #1]  (GLOBAL) run time: 3s, clients: 1, corpus: 42, objectives: 1, executions: 205, exec/sec: 63.00, edges: 100.000%, stability: 100.000%
                  (CLIENT) corpus: 42, objectives: 1, executions: 205, exec/sec: 63.00, edges: 467/467 (100%), stability: 444/444 (100%)
[Objective   #1]  (GLOBAL) run time: 6s, clients: 1, corpus: 42, objectives: 2, executions: 206, exec/sec: 32.95, edges: 100.000%, stability: 100.000%
                  (CLIENT) corpus: 42, objectives: 2, executions: 206, exec/sec: 32.95, edges: 467/467 (100%), stability: 444/444 (100%)
[Objective   #1]  (GLOBAL) run time: 9s, clients: 1, corpus: 42, objectives: 3, executions: 207, exec/sec: 22.37, edges: 100.000%, stability: 100.000%
                  (CLIENT) corpus: 42, objectives: 3, executions: 207, exec/sec: 22.37, edges: 467/467 (100%), stability: 444/444 (100%)
[Objective   #1]  (GLOBAL) run time: 12s, clients: 1, corpus: 42, objectives: 4, executions: 208, exec/sec: 16.98, edges: 100.000%, stability: 100.000%
                  (CLIENT) corpus: 42, objectives: 4, executions: 208, exec/sec: 16.98, edges: 467/467 (100%), stability: 444/444 (100%)
[Objective   #1]  (GLOBAL) run time: 15s, clients: 1, corpus: 42, objectives: 5, executions: 209, exec/sec: 13.70, edges: 100.000%, stability: 100.000%
                  (CLIENT) corpus: 42, objectives: 5, executions: 209, exec/sec: 13.70, edges: 467/467 (100%), stability: 444/444 (100%)
[Objective   #1]  (GLOBAL) run time: 18s, clients: 1, corpus: 42, objectives: 6, executions: 210, exec/sec: 11.50, edges: 100.000%, stability: 100.000%
                  (CLIENT) corpus: 42, objectives: 6, executions: 210, exec/sec: 11.50, edges: 467/467 (100%), stability: 444/444 (100%)
[Objective   #1]  (GLOBAL) run time: 21s, clients: 1, corpus: 42, objectives: 7, executions: 211, exec/sec: 9.926, edges: 100.000%, stability: 100.000%
                  (CLIENT) corpus: 42, objectives: 7, executions: 211, exec/sec: 9.926, edges: 467/467 (100%), stability: 444/444 (100%)
[Objective   #1]  (GLOBAL) run time: 24s, clients: 1, corpus: 42, objectives: 8, executions: 212, exec/sec: 8.739, edges: 100.000%, stability: 100.000%
                  (CLIENT) corpus: 42, objectives: 8, executions: 212, exec/sec: 8.738, edges: 467/467 (100%), stability: 444/444 (100%)
[Objective   #1]  (GLOBAL) run time: 27s, clients: 1, corpus: 42, objectives: 9, executions: 213, exec/sec: 7.814, edges: 100.000%, stability: 100.000%
                  (CLIENT) corpus: 42, objectives: 9, executions: 213, exec/sec: 7.814, edges: 467/467 (100%), stability: 444/444 (100%)
[Objective   #1]  (GLOBAL) run time: 30s, clients: 1, corpus: 42, objectives: 10, executions: 214, exec/sec: 7.072, edges: 100.000%, stability: 100.000%
                  (CLIENT) corpus: 42, objectives: 10, executions: 214, exec/sec: 7.072, edges: 467/467 (100%), stability: 444/444 (100%)
[Objective   #1]  (GLOBAL) run time: 33s, clients: 1, corpus: 42, objectives: 11, executions: 215, exec/sec: 6.464, edges: 100.000%, stability: 100.000%
                  (CLIENT) corpus: 42, objectives: 11, executions: 215, exec/sec: 6.464, edges: 467/467 (100%), stability: 444/444 (100%)
[Objective   #1]  (GLOBAL) run time: 36s, clients: 1, corpus: 42, objectives: 12, executions: 216, exec/sec: 5.957, edges: 100.000%, stability: 100.000%
                  (CLIENT) corpus: 42, objectives: 12, executions: 216, exec/sec: 5.957, edges: 467/467 (100%), stability: 444/444 (100%)
[Objective   #1]  (GLOBAL) run time: 39s, clients: 1, corpus: 42, objectives: 13, executions: 217, exec/sec: 5.527, edges: 100.000%, stability: 100.000%
                  (CLIENT) corpus: 42, objectives: 13, executions: 217, exec/sec: 5.527, edges: 467/467 (100%), stability: 444/444 (100%)
[Objective   #1]  (GLOBAL) run time: 42s, clients: 1, corpus: 42, objectives: 14, executions: 218, exec/sec: 5.158, edges: 100.000%, stability: 100.000%
                  (CLIENT) corpus: 42, objectives: 14, executions: 218, exec/sec: 5.158, edges: 467/467 (100%), stability: 444/444 (100%)
[Objective   #1]  (GLOBAL) run time: 45s, clients: 1, corpus: 42, objectives: 15, executions: 219, exec/sec: 4.839, edges: 100.000%, stability: 100.000%
                  (CLIENT) corpus: 42, objectives: 15, executions: 219, exec/sec: 4.839, edges: 467/467 (100%), stability: 444/444 (100%)
[Objective   #1]  (GLOBAL) run time: 48s, clients: 1, corpus: 42, objectives: 16, executions: 220, exec/sec: 4.558, edges: 100.000%, stability: 100.000%
                  (CLIENT) corpus: 42, objectives: 16, executions: 220, exec/sec: 4.558, edges: 467/467 (100%), stability: 444/444 (100%)
[Objective   #1]  (GLOBAL) run time: 51s, clients: 1, corpus: 42, objectives: 17, executions: 221, exec/sec: 4.311, edges: 100.000%, stability: 100.000%
                  (CLIENT) corpus: 42, objectives: 17, executions: 221, exec/sec: 4.311, edges: 467/467 (100%), stability: 444/444 (100%)
[Objective   #1]  (GLOBAL) run time: 54s, clients: 1, corpus: 42, objectives: 18, executions: 222, exec/sec: 4.091, edges: 100.000%, stability: 100.000%
                  (CLIENT) corpus: 42, objectives: 18, executions: 222, exec/sec: 4.091, edges: 467/467 (100%), stability: 444/444 (100%)
[Objective   #1]  (GLOBAL) run time: 57s, clients: 1, corpus: 42, objectives: 19, executions: 223, exec/sec: 3.894, edges: 100.000%, stability: 100.000%
                  (CLIENT) corpus: 42, objectives: 19, executions: 223, exec/sec: 3.894, edges: 467/467 (100%), stability: 444/444 (100%)
[Objective   #1]  (GLOBAL) run time: 1m-0s, clients: 1, corpus: 42, objectives: 20, executions: 224, exec/sec: 3.717, edges: 100.000%, stability: 100.000%
                  (CLIENT) corpus: 42, objectives: 20, executions: 224, exec/sec: 3.717, edges: 467/467 (100%), stability: 444/444 (100%)
[Objective   #1]  (GLOBAL) run time: 1m-3s, clients: 1, corpus: 42, objectives: 21, executions: 225, exec/sec: 3.557, edges: 100.000%, stability: 100.000%
                  (CLIENT) corpus: 42, objectives: 21, executions: 225, exec/sec: 3.557, edges: 467/467 (100%), stability: 444/444 (100%)
[Objective   #1]  (GLOBAL) run time: 1m-6s, clients: 1, corpus: 42, objectives: 22, executions: 226, exec/sec: 3.411, edges: 100.000%, stability: 100.000%
                  (CLIENT) corpus: 42, objectives: 22, executions: 226, exec/sec: 3.411, edges: 467/467 (100%), stability: 444/444 (100%)
[Objective   #1]  (GLOBAL) run time: 1m-9s, clients: 1, corpus: 42, objectives: 23, executions: 227, exec/sec: 3.277, edges: 100.000%, stability: 100.000%
                  (CLIENT) corpus: 42, objectives: 23, executions: 227, exec/sec: 3.277, edges: 467/467 (100%), stability: 444/444 (100%)
[Objective   #1]  (GLOBAL) run time: 1m-12s, clients: 1, corpus: 42, objectives: 24, executions: 228, exec/sec: 3.155, edges: 100.000%, stability: 100.000%
                  (CLIENT) corpus: 42, objectives: 24, executions: 228, exec/sec: 3.155, edges: 467/467 (100%), stability: 444/444 (100%)
[Objective   #1]  (GLOBAL) run time: 1m-15s, clients: 1, corpus: 42, objectives: 25, executions: 229, exec/sec: 3.043, edges: 100.000%, stability: 100.000%
                  (CLIENT) corpus: 42, objectives: 25, executions: 229, exec/sec: 3.043, edges: 467/467 (100%), stability: 444/444 (100%)
[Objective   #1]  (GLOBAL) run time: 1m-18s, clients: 1, corpus: 42, objectives: 26, executions: 230, exec/sec: 2.939, edges: 100.000%, stability: 100.000%
                  (CLIENT) corpus: 42, objectives: 26, executions: 230, exec/sec: 2.939, edges: 467/467 (100%), stability: 444/444 (100%)
[Objective   #1]  (GLOBAL) run time: 1m-21s, clients: 1, corpus: 42, objectives: 27, executions: 231, exec/sec: 2.843, edges: 100.000%, stability: 100.000%
                  (CLIENT) corpus: 42, objectives: 27, executions: 231, exec/sec: 2.843, edges: 467/467 (100%), stability: 444/444 (100%)
[Objective   #1]  (GLOBAL) run time: 1m-24s, clients: 1, corpus: 42, objectives: 28, executions: 232, exec/sec: 2.753, edges: 100.000%, stability: 100.000%
                  (CLIENT) corpus: 42, objectives: 28, executions: 232, exec/sec: 2.753, edges: 467/467 (100%), stability: 444/444 (100%)
[Objective   #1]  (GLOBAL) run time: 1m-27s, clients: 1, corpus: 42, objectives: 29, executions: 233, exec/sec: 2.670, edges: 100.000%, stability: 100.000%
                  (CLIENT) corpus: 42, objectives: 29, executions: 233, exec/sec: 2.670, edges: 467/467 (100%), stability: 444/444 (100%)
[Objective   #1]  (GLOBAL) run time: 1m-30s, clients: 1, corpus: 42, objectives: 30, executions: 234, exec/sec: 2.592, edges: 100.000%, stability: 100.000%
                  (CLIENT) corpus: 42, objectives: 30, executions: 234, exec/sec: 2.592, edges: 467/467 (100%), stability: 444/444 (100%)
[Objective   #1]  (GLOBAL) run time: 1m-33s, clients: 1, corpus: 42, objectives: 31, executions: 235, exec/sec: 2.520, edges: 100.000%, stability: 100.000%
                  (CLIENT) corpus: 42, objectives: 31, executions: 235, exec/sec: 2.520, edges: 467/467 (100%), stability: 444/444 (100%)
[Objective   #1]  (GLOBAL) run time: 1m-36s, clients: 1, corpus: 42, objectives: 32, executions: 236, exec/sec: 2.451, edges: 100.000%, stability: 100.000%
                  (CLIENT) corpus: 42, objectives: 32, executions: 236, exec/sec: 2.451, edges: 467/467 (100%), stability: 444/444 (100%)
[Objective   #1]  (GLOBAL) run time: 1m-39s, clients: 1, corpus: 42, objectives: 33, executions: 237, exec/sec: 2.387, edges: 100.000%, stability: 100.000%
                  (CLIENT) corpus: 42, objectives: 33, executions: 237, exec/sec: 2.387, edges: 467/467 (100%), stability: 444/444 (100%)
[Objective   #1]  (GLOBAL) run time: 1m-42s, clients: 1, corpus: 42, objectives: 34, executions: 238, exec/sec: 2.327, edges: 100.000%, stability: 100.000%
                  (CLIENT) corpus: 42, objectives: 34, executions: 238, exec/sec: 2.327, edges: 467/467 (100%), stability: 444/444 (100%)
[Objective   #1]  (GLOBAL) run time: 1m-45s, clients: 1, corpus: 42, objectives: 35, executions: 239, exec/sec: 2.270, edges: 100.000%, stability: 100.000%
                  (CLIENT) corpus: 42, objectives: 35, executions: 239, exec/sec: 2.270, edges: 467/467 (100%), stability: 444/444 (100%)
[Objective   #1]  (GLOBAL) run time: 1m-48s, clients: 1, corpus: 42, objectives: 36, executions: 240, exec/sec: 2.217, edges: 100.000%, stability: 100.000%
                  (CLIENT) corpus: 42, objectives: 36, executions: 240, exec/sec: 2.217, edges: 467/467 (100%), stability: 444/444 (100%)
[Objective   #1]  (GLOBAL) run time: 1m-51s, clients: 1, corpus: 42, objectives: 37, executions: 241, exec/sec: 2.166, edges: 100.000%, stability: 100.000%
                  (CLIENT) corpus: 42, objectives: 37, executions: 241, exec/sec: 2.166, edges: 467/467 (100%), stability: 444/444 (100%)
[Objective   #1]  (GLOBAL) run time: 1m-54s, clients: 1, corpus: 42, objectives: 38, executions: 242, exec/sec: 2.118, edges: 100.000%, stability: 100.000%
                  (CLIENT) corpus: 42, objectives: 38, executions: 242, exec/sec: 2.118, edges: 467/467 (100%), stability: 444/444 (100%)
[Objective   #1]  (GLOBAL) run time: 1m-57s, clients: 1, corpus: 42, objectives: 39, executions: 243, exec/sec: 2.072, edges: 100.000%, stability: 100.000%
                  (CLIENT) corpus: 42, objectives: 39, executions: 243, exec/sec: 2.072, edges: 467/467 (100%), stability: 444/444 (100%)
[Objective   #1]  (GLOBAL) run time: 2m-0s, clients: 1, corpus: 42, objectives: 40, executions: 244, exec/sec: 2.029, edges: 100.000%, stability: 100.000%
                  (CLIENT) corpus: 42, objectives: 40, executions: 244, exec/sec: 2.029, edges: 467/467 (100%), stability: 444/444 (100%)
[Objective   #1]  (GLOBAL) run time: 2m-3s, clients: 1, corpus: 42, objectives: 41, executions: 245, exec/sec: 1.987, edges: 100.000%, stability: 100.000%
                  (CLIENT) corpus: 42, objectives: 41, executions: 245, exec/sec: 1.987, edges: 467/467 (100%), stability: 444/444 (100%)
[Objective   #1]  (GLOBAL) run time: 2m-6s, clients: 1, corpus: 42, objectives: 42, executions: 246, exec/sec: 1.948, edges: 100.000%, stability: 100.000%
                  (CLIENT) corpus: 42, objectives: 42, executions: 246, exec/sec: 1.948, edges: 467/467 (100%), stability: 444/444 (100%)
[Objective   #1]  (GLOBAL) run time: 2m-9s, clients: 1, corpus: 42, objectives: 43, executions: 247, exec/sec: 1.911, edges: 100.000%, stability: 100.000%
                  (CLIENT) corpus: 42, objectives: 43, executions: 247, exec/sec: 1.911, edges: 467/467 (100%), stability: 444/444 (100%)
[Objective   #1]  (GLOBAL) run time: 2m-12s, clients: 1, corpus: 42, objectives: 44, executions: 248, exec/sec: 1.875, edges: 100.000%, stability: 100.000%
                  (CLIENT) corpus: 42, objectives: 44, executions: 248, exec/sec: 1.875, edges: 467/467 (100%), stability: 444/444 (100%)
[Objective   #1]  (GLOBAL) run time: 2m-15s, clients: 1, corpus: 42, objectives: 45, executions: 249, exec/sec: 1.841, edges: 100.000%, stability: 100.000%
                  (CLIENT) corpus: 42, objectives: 45, executions: 249, exec/sec: 1.841, edges: 467/467 (100%), stability: 444/444 (100%)
[Objective   #1]  (GLOBAL) run time: 2m-18s, clients: 1, corpus: 42, objectives: 46, executions: 250, exec/sec: 1.808, edges: 100.000%, stability: 100.000%
                  (CLIENT) corpus: 42, objectives: 46, executions: 250, exec/sec: 1.808, edges: 467/467 (100%), stability: 444/444 (100%)
[Objective   #1]  (GLOBAL) run time: 2m-21s, clients: 1, corpus: 42, objectives: 47, executions: 251, exec/sec: 1.777, edges: 100.000%, stability: 100.000%
                  (CLIENT) corpus: 42, objectives: 47, executions: 251, exec/sec: 1.777, edges: 467/467 (100%), stability: 444/444 (100%)
[Objective   #1]  (GLOBAL) run time: 2m-24s, clients: 1, corpus: 42, objectives: 48, executions: 252, exec/sec: 1.747, edges: 100.000%, stability: 100.000%
                  (CLIENT) corpus: 42, objectives: 48, executions: 252, exec/sec: 1.747, edges: 467/467 (100%), stability: 444/444 (100%)
[Objective   #1]  (GLOBAL) run time: 2m-27s, clients: 1, corpus: 42, objectives: 49, executions: 253, exec/sec: 1.718, edges: 100.000%, stability: 100.000%
                  (CLIENT) corpus: 42, objectives: 49, executions: 253, exec/sec: 1.718, edges: 467/467 (100%), stability: 444/444 (100%)
[Objective   #1]  (GLOBAL) run time: 2m-30s, clients: 1, corpus: 42, objectives: 50, executions: 254, exec/sec: 1.690, edges: 100.000%, stability: 100.000%
                  (CLIENT) corpus: 42, objectives: 50, executions: 254, exec/sec: 1.690, edges: 467/467 (100%), stability: 444/444 (100%)
[Objective   #1]  (GLOBAL) run time: 2m-33s, clients: 1, corpus: 42, objectives: 51, executions: 255, exec/sec: 1.664, edges: 100.000%, stability: 100.000%
                  (CLIENT) corpus: 42, objectives: 51, executions: 255, exec/sec: 1.664, edges: 467/467 (100%), stability: 444/444 (100%)
[Objective   #1]  (GLOBAL) run time: 2m-36s, clients: 1, corpus: 42, objectives: 52, executions: 256, exec/sec: 1.638, edges: 100.000%, stability: 100.000%
                  (CLIENT) corpus: 42, objectives: 52, executions: 256, exec/sec: 1.638, edges: 467/467 (100%), stability: 444/444 (100%)
[Objective   #1]  (GLOBAL) run time: 2m-39s, clients: 1, corpus: 42, objectives: 53, executions: 257, exec/sec: 1.613, edges: 100.000%, stability: 100.000%
                  (CLIENT) corpus: 42, objectives: 53, executions: 257, exec/sec: 1.613, edges: 467/467 (100%), stability: 444/444 (100%)
[Objective   #1]  (GLOBAL) run time: 2m-42s, clients: 1, corpus: 42, objectives: 54, executions: 258, exec/sec: 1.590, edges: 100.000%, stability: 100.000%
                  (CLIENT) corpus: 42, objectives: 54, executions: 258, exec/sec: 1.590, edges: 467/467 (100%), stability: 444/444 (100%)
[Objective   #1]  (GLOBAL) run time: 2m-45s, clients: 1, corpus: 42, objectives: 55, executions: 259, exec/sec: 1.567, edges: 100.000%, stability: 100.000%
                  (CLIENT) corpus: 42, objectives: 55, executions: 259, exec/sec: 1.567, edges: 467/467 (100%), stability: 444/444 (100%)
[Objective   #1]  (GLOBAL) run time: 2m-48s, clients: 1, corpus: 42, objectives: 56, executions: 260, exec/sec: 1.545, edges: 100.000%, stability: 100.000%
                  (CLIENT) corpus: 42, objectives: 56, executions: 260, exec/sec: 1.545, edges: 467/467 (100%), stability: 444/444 (100%)
[Objective   #1]  (GLOBAL) run time: 2m-51s, clients: 1, corpus: 42, objectives: 57, executions: 261, exec/sec: 1.524, edges: 100.000%, stability: 100.000%
                  (CLIENT) corpus: 42, objectives: 57, executions: 261, exec/sec: 1.524, edges: 467/467 (100%), stability: 444/444 (100%)
[Objective   #1]  (GLOBAL) run time: 2m-54s, clients: 1, corpus: 42, objectives: 58, executions: 262, exec/sec: 1.503, edges: 100.000%, stability: 100.000%
                  (CLIENT) corpus: 42, objectives: 58, executions: 262, exec/sec: 1.503, edges: 467/467 (100%), stability: 444/444 (100%)
[Objective   #1]  (GLOBAL) run time: 2m-57s, clients: 1, corpus: 42, objectives: 59, executions: 263, exec/sec: 1.483, edges: 100.000%, stability: 100.000%
                  (CLIENT) corpus: 42, objectives: 59, executions: 263, exec/sec: 1.483, edges: 467/467 (100%), stability: 444/444 (100%)
[Objective   #1]  (GLOBAL) run time: 3m-0s, clients: 1, corpus: 42, objectives: 60, executions: 264, exec/sec: 1.464, edges: 100.000%, stability: 100.000%
                  (CLIENT) corpus: 42, objectives: 60, executions: 264, exec/sec: 1.464, edges: 467/467 (100%), stability: 444/444 (100%)
[Objective   #1]  (GLOBAL) run time: 3m-3s, clients: 1, corpus: 42, objectives: 61, executions: 265, exec/sec: 1.446, edges: 100.000%, stability: 100.000%
                  (CLIENT) corpus: 42, objectives: 61, executions: 265, exec/sec: 1.446, edges: 467/467 (100%), stability: 444/444 (100%)
[Objective   #1]  (GLOBAL) run time: 3m-6s, clients: 1, corpus: 42, objectives: 62, executions: 266, exec/sec: 1.428, edges: 100.000%, stability: 100.000%
                  (CLIENT) corpus: 42, objectives: 62, executions: 266, exec/sec: 1.428, edges: 467/467 (100%), stability: 444/444 (100%)
[Objective   #1]  (GLOBAL) run time: 3m-9s, clients: 1, corpus: 42, objectives: 63, executions: 267, exec/sec: 1.411, edges: 100.000%, stability: 100.000%
                  (CLIENT) corpus: 42, objectives: 63, executions: 267, exec/sec: 1.411, edges: 467/467 (100%), stability: 444/444 (100%)
[Objective   #1]  (GLOBAL) run time: 3m-12s, clients: 1, corpus: 42, objectives: 64, executions: 268, exec/sec: 1.394, edges: 100.000%, stability: 100.000%
                  (CLIENT) corpus: 42, objectives: 64, executions: 268, exec/sec: 1.394, edges: 467/467 (100%), stability: 444/444 (100%)
[Objective   #1]  (GLOBAL) run time: 3m-15s, clients: 1, corpus: 42, objectives: 65, executions: 269, exec/sec: 1.377, edges: 100.000%, stability: 100.000%
                  (CLIENT) corpus: 42, objectives: 65, executions: 269, exec/sec: 1.377, edges: 467/467 (100%), stability: 444/444 (100%)
[Objective   #1]  (GLOBAL) run time: 3m-18s, clients: 1, corpus: 42, objectives: 66, executions: 270, exec/sec: 1.362, edges: 100.000%, stability: 100.000%
                  (CLIENT) corpus: 42, objectives: 66, executions: 270, exec/sec: 1.362, edges: 467/467 (100%), stability: 444/444 (100%)
[Objective   #1]  (GLOBAL) run time: 3m-21s, clients: 1, corpus: 42, objectives: 67, executions: 271, exec/sec: 1.346, edges: 100.000%, stability: 100.000%
                  (CLIENT) corpus: 42, objectives: 67, executions: 271, exec/sec: 1.346, edges: 467/467 (100%), stability: 444/444 (100%)
[Objective   #1]  (GLOBAL) run time: 3m-24s, clients: 1, corpus: 42, objectives: 68, executions: 272, exec/sec: 1.331, edges: 100.000%, stability: 100.000%
                  (CLIENT) corpus: 42, objectives: 68, executions: 272, exec/sec: 1.331, edges: 467/467 (100%), stability: 444/444 (100%)
[Objective   #1]  (GLOBAL) run time: 3m-27s, clients: 1, corpus: 42, objectives: 69, executions: 273, exec/sec: 1.317, edges: 100.000%, stability: 100.000%
                  (CLIENT) corpus: 42, objectives: 69, executions: 273, exec/sec: 1.317, edges: 467/467 (100%), stability: 444/444 (100%)
[Objective   #1]  (GLOBAL) run time: 3m-30s, clients: 1, corpus: 42, objectives: 70, executions: 274, exec/sec: 1.303, edges: 100.000%, stability: 100.000%
                  (CLIENT) corpus: 42, objectives: 70, executions: 274, exec/sec: 1.303, edges: 467/467 (100%), stability: 444/444 (100%)
[Objective   #1]  (GLOBAL) run time: 3m-33s, clients: 1, corpus: 42, objectives: 71, executions: 275, exec/sec: 1.289, edges: 100.000%, stability: 100.000%
                  (CLIENT) corpus: 42, objectives: 71, executions: 275, exec/sec: 1.289, edges: 467/467 (100%), stability: 444/444 (100%)
[Objective   #1]  (GLOBAL) run time: 3m-36s, clients: 1, corpus: 42, objectives: 72, executions: 276, exec/sec: 1.276, edges: 100.000%, stability: 100.000%
                  (CLIENT) corpus: 42, objectives: 72, executions: 276, exec/sec: 1.276, edges: 467/467 (100%), stability: 444/444 (100%)
[Objective   #1]  (GLOBAL) run time: 3m-39s, clients: 1, corpus: 42, objectives: 73, executions: 277, exec/sec: 1.263, edges: 100.000%, stability: 100.000%
                  (CLIENT) corpus: 42, objectives: 73, executions: 277, exec/sec: 1.263, edges: 467/467 (100%), stability: 444/444 (100%)
[Objective   #1]  (GLOBAL) run time: 3m-42s, clients: 1, corpus: 42, objectives: 74, executions: 278, exec/sec: 1.251, edges: 100.000%, stability: 100.000%
                  (CLIENT) corpus: 42, objectives: 74, executions: 278, exec/sec: 1.251, edges: 467/467 (100%), stability: 444/444 (100%)
[Objective   #1]  (GLOBAL) run time: 3m-45s, clients: 1, corpus: 42, objectives: 75, executions: 279, exec/sec: 1.238, edges: 100.000%, stability: 100.000%
                  (CLIENT) corpus: 42, objectives: 75, executions: 279, exec/sec: 1.238, edges: 467/467 (100%), stability: 444/444 (100%)
[Objective   #1]  (GLOBAL) run time: 3m-48s, clients: 1, corpus: 42, objectives: 76, executions: 280, exec/sec: 1.226, edges: 100.000%, stability: 100.000%
                  (CLIENT) corpus: 42, objectives: 76, executions: 280, exec/sec: 1.226, edges: 467/467 (100%), stability: 444/444 (100%)
[Objective   #1]  (GLOBAL) run time: 3m-51s, clients: 1, corpus: 42, objectives: 77, executions: 281, exec/sec: 1.215, edges: 100.000%, stability: 100.000%
                  (CLIENT) corpus: 42, objectives: 77, executions: 281, exec/sec: 1.215, edges: 467/467 (100%), stability: 444/444 (100%)
[Objective   #1]  (GLOBAL) run time: 3m-54s, clients: 1, corpus: 42, objectives: 78, executions: 282, exec/sec: 1.204, edges: 100.000%, stability: 100.000%
                  (CLIENT) corpus: 42, objectives: 78, executions: 282, exec/sec: 1.204, edges: 467/467 (100%), stability: 444/444 (100%)
[Objective   #1]  (GLOBAL) run time: 3m-57s, clients: 1, corpus: 42, objectives: 79, executions: 283, exec/sec: 1.193, edges: 100.000%, stability: 100.000%
                  (CLIENT) corpus: 42, objectives: 79, executions: 283, exec/sec: 1.193, edges: 467/467 (100%), stability: 444/444 (100%)
[Objective   #1]  (GLOBAL) run time: 4m-0s, clients: 1, corpus: 42, objectives: 80, executions: 284, exec/sec: 1.182, edges: 100.000%, stability: 100.000%
                  (CLIENT) corpus: 42, objectives: 80, executions: 284, exec/sec: 1.182, edges: 467/467 (100%), stability: 444/444 (100%)
[Objective   #1]  (GLOBAL) run time: 4m-3s, clients: 1, corpus: 42, objectives: 81, executions: 285, exec/sec: 1.171, edges: 100.000%, stability: 100.000%
                  (CLIENT) corpus: 42, objectives: 81, executions: 285, exec/sec: 1.171, edges: 467/467 (100%), stability: 444/444 (100%)
[Objective   #1]  (GLOBAL) run time: 4m-6s, clients: 1, corpus: 42, objectives: 82, executions: 286, exec/sec: 1.161, edges: 100.000%, stability: 100.000%
                  (CLIENT) corpus: 42, objectives: 82, executions: 286, exec/sec: 1.161, edges: 467/467 (100%), stability: 444/444 (100%)
[Objective   #1]  (GLOBAL) run time: 4m-9s, clients: 1, corpus: 42, objectives: 83, executions: 287, exec/sec: 1.151, edges: 100.000%, stability: 100.000%
                  (CLIENT) corpus: 42, objectives: 83, executions: 287, exec/sec: 1.151, edges: 467/467 (100%), stability: 444/444 (100%)
[Objective   #1]  (GLOBAL) run time: 4m-12s, clients: 1, corpus: 42, objectives: 84, executions: 288, exec/sec: 1.141, edges: 100.000%, stability: 100.000%
                  (CLIENT) corpus: 42, objectives: 84, executions: 288, exec/sec: 1.141, edges: 467/467 (100%), stability: 444/444 (100%)
[Objective   #1]  (GLOBAL) run time: 4m-15s, clients: 1, corpus: 42, objectives: 85, executions: 289, exec/sec: 1.132, edges: 100.000%, stability: 100.000%
                  (CLIENT) corpus: 42, objectives: 85, executions: 289, exec/sec: 1.132, edges: 467/467 (100%), stability: 444/444 (100%)
[Objective   #1]  (GLOBAL) run time: 4m-18s, clients: 1, corpus: 42, objectives: 86, executions: 290, exec/sec: 1.123, edges: 100.000%, stability: 100.000%
                  (CLIENT) corpus: 42, objectives: 86, executions: 290, exec/sec: 1.123, edges: 467/467 (100%), stability: 444/444 (100%)
[Objective   #1]  (GLOBAL) run time: 4m-21s, clients: 1, corpus: 42, objectives: 87, executions: 291, exec/sec: 1.114, edges: 100.000%, stability: 100.000%
                  (CLIENT) corpus: 42, objectives: 87, executions: 291, exec/sec: 1.114, edges: 467/467 (100%), stability: 444/444 (100%)
[Objective   #1]  (GLOBAL) run time: 4m-24s, clients: 1, corpus: 42, objectives: 88, executions: 292, exec/sec: 1.105, edges: 100.000%, stability: 100.000%
                  (CLIENT) corpus: 42, objectives: 88, executions: 292, exec/sec: 1.105, edges: 467/467 (100%), stability: 444/444 (100%)
[Objective   #1]  (GLOBAL) run time: 4m-27s, clients: 1, corpus: 42, objectives: 89, executions: 293, exec/sec: 1.096, edges: 100.000%, stability: 100.000%
                  (CLIENT) corpus: 42, objectives: 89, executions: 293, exec/sec: 1.096, edges: 467/467 (100%), stability: 444/444 (100%)
[Objective   #1]  (GLOBAL) run time: 4m-30s, clients: 1, corpus: 42, objectives: 90, executions: 294, exec/sec: 1.088, edges: 100.000%, stability: 100.000%
                  (CLIENT) corpus: 42, objectives: 90, executions: 294, exec/sec: 1.088, edges: 467/467 (100%), stability: 444/444 (100%)
[Objective   #1]  (GLOBAL) run time: 4m-33s, clients: 1, corpus: 42, objectives: 91, executions: 295, exec/sec: 1.079, edges: 100.000%, stability: 100.000%
                  (CLIENT) corpus: 42, objectives: 91, executions: 295, exec/sec: 1.079, edges: 467/467 (100%), stability: 444/444 (100%)
[Objective   #1]  (GLOBAL) run time: 4m-36s, clients: 1, corpus: 42, objectives: 92, executions: 296, exec/sec: 1.071, edges: 100.000%, stability: 100.000%
                  (CLIENT) corpus: 42, objectives: 92, executions: 296, exec/sec: 1.071, edges: 467/467 (100%), stability: 444/444 (100%)
[Objective   #1]  (GLOBAL) run time: 4m-39s, clients: 1, corpus: 42, objectives: 93, executions: 297, exec/sec: 1.063, edges: 100.000%, stability: 100.000%
                  (CLIENT) corpus: 42, objectives: 93, executions: 297, exec/sec: 1.063, edges: 467/467 (100%), stability: 444/444 (100%)
[Objective   #1]  (GLOBAL) run time: 4m-42s, clients: 1, corpus: 42, objectives: 94, executions: 298, exec/sec: 1.056, edges: 100.000%, stability: 100.000%
                  (CLIENT) corpus: 42, objectives: 94, executions: 298, exec/sec: 1.056, edges: 467/467 (100%), stability: 444/444 (100%)
[Objective   #1]  (GLOBAL) run time: 4m-45s, clients: 1, corpus: 42, objectives: 95, executions: 299, exec/sec: 1.048, edges: 100.000%, stability: 100.000%
                  (CLIENT) corpus: 42, objectives: 95, executions: 299, exec/sec: 1.048, edges: 467/467 (100%), stability: 444/444 (100%)
[Objective   #1]  (GLOBAL) run time: 4m-48s, clients: 1, corpus: 42, objectives: 96, executions: 300, exec/sec: 1.041, edges: 100.000%, stability: 100.000%
                  (CLIENT) corpus: 42, objectives: 96, executions: 300, exec/sec: 1.041, edges: 467/467 (100%), stability: 444/444 (100%)
[Objective   #1]  (GLOBAL) run time: 4m-51s, clients: 1, corpus: 42, objectives: 97, executions: 301, exec/sec: 1.033, edges: 100.000%, stability: 100.000%
                  (CLIENT) corpus: 42, objectives: 97, executions: 301, exec/sec: 1.033, edges: 467/467 (100%), stability: 444/444 (100%)
[Objective   #1]  (GLOBAL) run time: 4m-54s, clients: 1, corpus: 42, objectives: 98, executions: 302, exec/sec: 1.026, edges: 100.000%, stability: 100.000%
                  (CLIENT) corpus: 42, objectives: 98, executions: 302, exec/sec: 1.026, edges: 467/467 (100%), stability: 444/444 (100%)
[Objective   #1]  (GLOBAL) run time: 4m-57s, clients: 1, corpus: 42, objectives: 99, executions: 303, exec/sec: 1.019, edges: 100.000%, stability: 100.000%
                  (CLIENT) corpus: 42, objectives: 99, executions: 303, exec/sec: 1.019, edges: 467/467 (100%), stability: 444/444 (100%)
[Objective   #1]  (GLOBAL) run time: 5m-0s, clients: 1, corpus: 42, objectives: 100, executions: 304, exec/sec: 1.012, edges: 100.000%, stability: 100.000%
                  (CLIENT) corpus: 42, objectives: 100, executions: 304, exec/sec: 1.012, edges: 467/467 (100%), stability: 444/444 (100%)
[Objective   #1]  (GLOBAL) run time: 5m-3s, clients: 1, corpus: 42, objectives: 101, executions: 305, exec/sec: 1.006, edges: 100.000%, stability: 100.000%
                  (CLIENT) corpus: 42, objectives: 101, executions: 305, exec/sec: 1.006, edges: 467/467 (100%), stability: 444/444 (100%)
